/home/arjaiswal/Polygeist/polybench_results/cholesky.mlir:3:3: warning: Distribute+Raising didn't converge, continuing anyway
  func.func @kernel_cholesky(%arg0: i32, %arg1: memref<?x40xf64>) attributes {llvm.linkage = #llvm.linkage<external>} {
  ^
/home/arjaiswal/Polygeist/polybench_results/cholesky.mlir:3:3: note: see current operation: 
func.func @kernel_cholesky(%arg0: i32, %arg1: memref<?x40xf64>) attributes {llvm.linkage = #llvm.linkage<external>} {
  %c1 = arith.constant 1 : index
  %0 = arith.index_cast %arg0 : i32 to index
  affine.for %arg2 = 0 to %0 {
    affine.for %arg3 = 0 to affine_map<(d0) -> (d0)>(%arg2) {
      %6 = arith.subi %arg2, %c1 : index
      %7 = polygeist.submap(%arg1, %arg2, %6) {map = affine_map<(d0)[s0] -> (s0, d0)>} : (memref<?x40xf64>, index, index) -> memref<?xf64>
      %8 = polygeist.submap(%arg1, %arg3, %6) {map = affine_map<(d0)[s0] -> (s0, d0)>} : (memref<?x40xf64>, index, index) -> memref<?xf64>
      %9 = polygeist.submap(%arg1, %arg2, %arg3, %6) {map = affine_map<(d0)[s0, s1] -> (s0, s1)>} : (memref<?x40xf64>, index, index, index) -> memref<?xf64>
      linalg.generic {indexing_maps = [affine_map<(d0) -> (d0)>, affine_map<(d0) -> (d0)>, affine_map<(d0) -> (d0)>], iterator_types = ["reduction"]} ins(%7, %8 : memref<?xf64>, memref<?xf64>) outs(%9 : memref<?xf64>) {
      ^bb0(%in: f64, %in_0: f64, %out: f64):
        %13 = arith.mulf %in, %in_0 : f64
        %14 = arith.subf %out, %13 : f64
        %15 = linalg.index 0 : index
        %16 = arith.cmpi slt, %15, %arg3 : index
        %17 = arith.select %16, %14, %out : f64
        linalg.yield %17 : f64
      }
      %10 = affine.load %arg1[%arg3, %arg3] : memref<?x40xf64>
      %11 = affine.load %arg1[%arg2, %arg3] : memref<?x40xf64>
      %12 = arith.divf %11, %10 : f64
      affine.store %12, %arg1[%arg2, %arg3] : memref<?x40xf64>
    }
    %1 = arith.subi %0, %c1 : index
    %2 = polygeist.submap(%arg1, %arg2, %1) {map = affine_map<(d0)[s0] -> (s0, d0)>} : (memref<?x40xf64>, index, index) -> memref<?xf64>
    %3 = polygeist.submap(%arg1, %arg2, %1) {map = affine_map<(d0)[s0] -> (s0, s0)>} : (memref<?x40xf64>, index, index) -> memref<?xf64>
    linalg.generic {indexing_maps = [affine_map<(d0) -> (d0)>, affine_map<(d0) -> (d0)>], iterator_types = ["reduction"]} ins(%2 : memref<?xf64>) outs(%3 : memref<?xf64>) {
    ^bb0(%in: f64, %out: f64):
      %6 = arith.mulf %in, %in : f64
      %7 = arith.subf %out, %6 : f64
      %8 = linalg.index 0 : index
      %9 = arith.cmpi slt, %8, %arg2 : index
      %10 = arith.select %9, %7, %out : f64
      linalg.yield %10 : f64
    }
    %4 = affine.load %arg1[%arg2, %arg2] : memref<?x40xf64>
    %5 = math.sqrt %4 : f64
    affine.store %5, %arg1[%arg2, %arg2] : memref<?x40xf64>
  }
  return
}
