/home/arjaiswal/Polygeist/polybench_results/doitgen.mlir:2:3: warning: Distribute+Raising didn't converge, continuing anyway
  func.func @kernel_doitgen(%arg0: i32, %arg1: i32, %arg2: i32, %arg3: memref<?x8x12xf64>, %arg4: memref<?x12xf64>, %arg5: memref<?xf64>) attributes {llvm.linkage = #llvm.linkage<external>} {
  ^
/home/arjaiswal/Polygeist/polybench_results/doitgen.mlir:2:3: note: see current operation: 
func.func @kernel_doitgen(%arg0: i32, %arg1: i32, %arg2: i32, %arg3: memref<?x8x12xf64>, %arg4: memref<?x12xf64>, %arg5: memref<?xf64>) attributes {llvm.linkage = #llvm.linkage<external>} {
  %cst = arith.constant 0.000000e+00 : f64
  %0 = arith.index_cast %arg1 : i32 to index
  %1 = arith.index_cast %arg2 : i32 to index
  %2 = arith.index_cast %arg0 : i32 to index
  affine.for %arg6 = 0 to %2 {
    affine.for %arg7 = 0 to %0 {
      %3 = polygeist.submap(%arg5, %1) {map = affine_map<(d0) -> (d0)>} : (memref<?xf64>, index) -> memref<?xf64>
      linalg.generic {indexing_maps = [affine_map<(d0) -> (d0)>], iterator_types = ["parallel"]} outs(%3 : memref<?xf64>) {
      ^bb0(%out: f64):
        linalg.yield %cst : f64
      }
      %4 = polygeist.submap(%arg3, %arg6, %arg7, %1, %1) {map = affine_map<(d0, d1)[s0, s1] -> (s0, s1, d0)>} : (memref<?x8x12xf64>, index, index, index, index) -> memref<?x?xf64>
      %5 = polygeist.submap(%arg4, %1, %1) {map = affine_map<(d0, d1) -> (d0, d1)>} : (memref<?x12xf64>, index, index) -> memref<?x?xf64>
      %6 = polygeist.submap(%arg5, %1, %1) {map = affine_map<(d0, d1) -> (d1)>} : (memref<?xf64>, index, index) -> memref<?x?xf64>
      linalg.generic {indexing_maps = [affine_map<(d0, d1) -> (d0, d1)>, affine_map<(d0, d1) -> (d0, d1)>, affine_map<(d0, d1) -> (d0, d1)>], iterator_types = ["parallel", "reduction"]} ins(%4, %5 : memref<?x?xf64>, memref<?x?xf64>) outs(%6 : memref<?x?xf64>) {
      ^bb0(%in: f64, %in_0: f64, %out: f64):
        %9 = arith.mulf %in, %in_0 : f64
        %10 = arith.addf %out, %9 : f64
        linalg.yield %10 : f64
      }
      %7 = polygeist.submap(%arg5, %1) {map = affine_map<(d0) -> (d0)>} : (memref<?xf64>, index) -> memref<?xf64>
      %8 = polygeist.submap(%arg3, %arg6, %arg7, %1) {map = affine_map<(d0)[s0, s1] -> (s0, s1, d0)>} : (memref<?x8x12xf64>, index, index, index) -> memref<?xf64>
      linalg.generic {indexing_maps = [affine_map<(d0) -> (d0)>, affine_map<(d0) -> (d0)>], iterator_types = ["parallel"]} ins(%7 : memref<?xf64>) outs(%8 : memref<?xf64>) {
      ^bb0(%in: f64, %out: f64):
        linalg.yield %in : f64
      }
    }
  }
  return
}
