/home/arjaiswal/Polygeist/polybench_results/jacobi-1d.mlir:3:3: warning: Distribute+Raising didn't converge, continuing anyway
  func.func @kernel_jacobi_1d(%arg0: i32, %arg1: i32, %arg2: memref<?xf64>, %arg3: memref<?xf64>) attributes {llvm.linkage = #llvm.linkage<external>} {
  ^
/home/arjaiswal/Polygeist/polybench_results/jacobi-1d.mlir:3:3: note: see current operation: 
func.func @kernel_jacobi_1d(%arg0: i32, %arg1: i32, %arg2: memref<?xf64>, %arg3: memref<?xf64>) attributes {llvm.linkage = #llvm.linkage<external>} {
  %c1 = arith.constant 1 : index
  %cst = arith.constant 3.333300e-01 : f64
  %0 = arith.index_cast %arg1 : i32 to index
  %1 = arith.index_cast %arg0 : i32 to index
  affine.for %arg4 = 0 to %1 {
    %2 = affine.apply affine_map<()[s0] -> (s0 - 1)>()[%0]
    %3 = arith.subi %2, %c1 : index
    %4 = polygeist.submap(%arg2, %3) {map = affine_map<(d0) -> (d0)>} : (memref<?xf64>, index) -> memref<?xf64>
    %5 = polygeist.submap(%arg2, %3) {map = affine_map<(d0) -> (d0 + 1)>} : (memref<?xf64>, index) -> memref<?xf64>
    %6 = polygeist.submap(%arg2, %3) {map = affine_map<(d0) -> (d0 + 2)>} : (memref<?xf64>, index) -> memref<?xf64>
    %7 = polygeist.submap(%arg3, %3) {map = affine_map<(d0) -> (d0 + 1)>} : (memref<?xf64>, index) -> memref<?xf64>
    linalg.generic {indexing_maps = [affine_map<(d0) -> (d0)>, affine_map<(d0) -> (d0)>, affine_map<(d0) -> (d0)>, affine_map<(d0) -> (d0)>], iterator_types = ["parallel"]} ins(%4, %5, %6 : memref<?xf64>, memref<?xf64>, memref<?xf64>) outs(%7 : memref<?xf64>) {
    ^bb0(%in: f64, %in_0: f64, %in_1: f64, %out: f64):
      %14 = arith.addf %in, %in_0 : f64
      %15 = arith.addf %14, %in_1 : f64
      %16 = arith.mulf %15, %cst : f64
      linalg.yield %16 : f64
    }
    %8 = affine.apply affine_map<()[s0] -> (s0 - 1)>()[%0]
    %9 = arith.subi %8, %c1 : index
    %10 = polygeist.submap(%arg3, %9) {map = affine_map<(d0) -> (d0)>} : (memref<?xf64>, index) -> memref<?xf64>
    %11 = polygeist.submap(%arg3, %9) {map = affine_map<(d0) -> (d0 + 1)>} : (memref<?xf64>, index) -> memref<?xf64>
    %12 = polygeist.submap(%arg3, %9) {map = affine_map<(d0) -> (d0 + 2)>} : (memref<?xf64>, index) -> memref<?xf64>
    %13 = polygeist.submap(%arg2, %9) {map = affine_map<(d0) -> (d0 + 1)>} : (memref<?xf64>, index) -> memref<?xf64>
    linalg.generic {indexing_maps = [affine_map<(d0) -> (d0)>, affine_map<(d0) -> (d0)>, affine_map<(d0) -> (d0)>, affine_map<(d0) -> (d0)>], iterator_types = ["parallel"]} ins(%10, %11, %12 : memref<?xf64>, memref<?xf64>, memref<?xf64>) outs(%13 : memref<?xf64>) {
    ^bb0(%in: f64, %in_0: f64, %in_1: f64, %out: f64):
      %14 = arith.addf %in, %in_0 : f64
      %15 = arith.addf %14, %in_1 : f64
      %16 = arith.mulf %15, %cst : f64
      linalg.yield %16 : f64
    }
  }
  return
}
