/home/arjaiswal/Polygeist/polybench_results/jacobi-2d.mlir:3:3: warning: Distribute+Raising didn't converge, continuing anyway
  func.func @kernel_jacobi_2d(%arg0: i32, %arg1: i32, %arg2: memref<?x30xf64>, %arg3: memref<?x30xf64>) attributes {llvm.linkage = #llvm.linkage<external>} {
  ^
/home/arjaiswal/Polygeist/polybench_results/jacobi-2d.mlir:3:3: note: see current operation: 
func.func @kernel_jacobi_2d(%arg0: i32, %arg1: i32, %arg2: memref<?x30xf64>, %arg3: memref<?x30xf64>) attributes {llvm.linkage = #llvm.linkage<external>} {
  %c1 = arith.constant 1 : index
  %cst = arith.constant 2.000000e-01 : f64
  %0 = arith.index_cast %arg1 : i32 to index
  %1 = arith.index_cast %arg0 : i32 to index
  affine.for %arg4 = 0 to %1 {
    %2 = affine.apply affine_map<()[s0] -> (s0 - 1)>()[%0]
    %3 = arith.subi %2, %c1 : index
    %4 = affine.apply affine_map<()[s0] -> (s0 - 1)>()[%0]
    %5 = arith.subi %4, %c1 : index
    %6 = polygeist.submap(%arg2, %5, %3) {map = affine_map<(d0, d1) -> (d1 + 1, d0 + 1)>} : (memref<?x30xf64>, index, index) -> memref<?x?xf64>
    %7 = affine.apply affine_map<()[s0] -> (s0 - 1)>()[%0]
    %8 = arith.subi %7, %c1 : index
    %9 = polygeist.submap(%arg2, %8, %3) {map = affine_map<(d0, d1) -> (d1 + 1, d0)>} : (memref<?x30xf64>, index, index) -> memref<?x?xf64>
    %10 = affine.apply affine_map<()[s0] -> (s0 - 1)>()[%0]
    %11 = arith.subi %10, %c1 : index
    %12 = polygeist.submap(%arg2, %11, %3) {map = affine_map<(d0, d1) -> (d1 + 1, d0 + 2)>} : (memref<?x30xf64>, index, index) -> memref<?x?xf64>
    %13 = affine.apply affine_map<()[s0] -> (s0 - 1)>()[%0]
    %14 = arith.subi %13, %c1 : index
    %15 = polygeist.submap(%arg2, %14, %3) {map = affine_map<(d0, d1) -> (d1 + 2, d0 + 1)>} : (memref<?x30xf64>, index, index) -> memref<?x?xf64>
    %16 = affine.apply affine_map<()[s0] -> (s0 - 1)>()[%0]
    %17 = arith.subi %16, %c1 : index
    %18 = polygeist.submap(%arg2, %17, %3) {map = affine_map<(d0, d1) -> (d1, d0 + 1)>} : (memref<?x30xf64>, index, index) -> memref<?x?xf64>
    %19 = affine.apply affine_map<()[s0] -> (s0 - 1)>()[%0]
    %20 = arith.subi %19, %c1 : index
    %21 = polygeist.submap(%arg3, %20, %3) {map = affine_map<(d0, d1) -> (d1 + 1, d0 + 1)>} : (memref<?x30xf64>, index, index) -> memref<?x?xf64>
    linalg.generic {indexing_maps = [affine_map<(d0, d1) -> (d0, d1)>, affine_map<(d0, d1) -> (d0, d1)>, affine_map<(d0, d1) -> (d0, d1)>, affine_map<(d0, d1) -> (d0, d1)>, affine_map<(d0, d1) -> (d0, d1)>, affine_map<(d0, d1) -> (d0, d1)>], iterator_types = ["parallel", "parallel"]} ins(%6, %9, %12, %15, %18 : memref<?x?xf64>, memref<?x?xf64>, memref<?x?xf64>, memref<?x?xf64>, memref<?x?xf64>) outs(%21 : memref<?x?xf64>) {
    ^bb0(%in: f64, %in_0: f64, %in_1: f64, %in_2: f64, %in_3: f64, %out: f64):
      %42 = arith.addf %in, %in_0 : f64
      %43 = arith.addf %42, %in_1 : f64
      %44 = arith.addf %43, %in_2 : f64
      %45 = arith.addf %44, %in_3 : f64
      %46 = arith.mulf %45, %cst : f64
      linalg.yield %46 : f64
    }
    %22 = affine.apply affine_map<()[s0] -> (s0 - 1)>()[%0]
    %23 = arith.subi %22, %c1 : index
    %24 = affine.apply affine_map<()[s0] -> (s0 - 1)>()[%0]
    %25 = arith.subi %24, %c1 : index
    %26 = polygeist.submap(%arg3, %25, %23) {map = affine_map<(d0, d1) -> (d1 + 1, d0 + 1)>} : (memref<?x30xf64>, index, index) -> memref<?x?xf64>
    %27 = affine.apply affine_map<()[s0] -> (s0 - 1)>()[%0]
    %28 = arith.subi %27, %c1 : index
    %29 = polygeist.submap(%arg3, %28, %23) {map = affine_map<(d0, d1) -> (d1 + 1, d0)>} : (memref<?x30xf64>, index, index) -> memref<?x?xf64>
    %30 = affine.apply affine_map<()[s0] -> (s0 - 1)>()[%0]
    %31 = arith.subi %30, %c1 : index
    %32 = polygeist.submap(%arg3, %31, %23) {map = affine_map<(d0, d1) -> (d1 + 1, d0 + 2)>} : (memref<?x30xf64>, index, index) -> memref<?x?xf64>
    %33 = affine.apply affine_map<()[s0] -> (s0 - 1)>()[%0]
    %34 = arith.subi %33, %c1 : index
    %35 = polygeist.submap(%arg3, %34, %23) {map = affine_map<(d0, d1) -> (d1 + 2, d0 + 1)>} : (memref<?x30xf64>, index, index) -> memref<?x?xf64>
    %36 = affine.apply affine_map<()[s0] -> (s0 - 1)>()[%0]
    %37 = arith.subi %36, %c1 : index
    %38 = polygeist.submap(%arg3, %37, %23) {map = affine_map<(d0, d1) -> (d1, d0 + 1)>} : (memref<?x30xf64>, index, index) -> memref<?x?xf64>
    %39 = affine.apply affine_map<()[s0] -> (s0 - 1)>()[%0]
    %40 = arith.subi %39, %c1 : index
    %41 = polygeist.submap(%arg2, %40, %23) {map = affine_map<(d0, d1) -> (d1 + 1, d0 + 1)>} : (memref<?x30xf64>, index, index) -> memref<?x?xf64>
    linalg.generic {indexing_maps = [affine_map<(d0, d1) -> (d0, d1)>, affine_map<(d0, d1) -> (d0, d1)>, affine_map<(d0, d1) -> (d0, d1)>, affine_map<(d0, d1) -> (d0, d1)>, affine_map<(d0, d1) -> (d0, d1)>, affine_map<(d0, d1) -> (d0, d1)>], iterator_types = ["parallel", "parallel"]} ins(%26, %29, %32, %35, %38 : memref<?x?xf64>, memref<?x?xf64>, memref<?x?xf64>, memref<?x?xf64>, memref<?x?xf64>) outs(%41 : memref<?x?xf64>) {
    ^bb0(%in: f64, %in_0: f64, %in_1: f64, %in_2: f64, %in_3: f64, %out: f64):
      %42 = arith.addf %in, %in_0 : f64
      %43 = arith.addf %42, %in_1 : f64
      %44 = arith.addf %43, %in_2 : f64
      %45 = arith.addf %44, %in_3 : f64
      %46 = arith.mulf %45, %cst : f64
      linalg.yield %46 : f64
    }
  }
  return
}
