/home/arjaiswal/Polygeist/polybench_results/lu.mlir:3:3: warning: Distribute+Raising didn't converge, continuing anyway
  func.func @kernel_lu(%arg0: i32, %arg1: memref<?x40xf64>) attributes {llvm.linkage = #llvm.linkage<external>} {
  ^
/home/arjaiswal/Polygeist/polybench_results/lu.mlir:3:3: note: see current operation: 
func.func @kernel_lu(%arg0: i32, %arg1: memref<?x40xf64>) attributes {llvm.linkage = #llvm.linkage<external>} {
  %c1 = arith.constant 1 : index
  %0 = arith.index_cast %arg0 : i32 to index
  affine.for %arg2 = 0 to %0 {
    affine.for %arg3 = 0 to affine_map<(d0) -> (d0)>(%arg2) {
      %7 = arith.subi %arg2, %c1 : index
      %8 = polygeist.submap(%arg1, %arg2, %7) {map = affine_map<(d0)[s0] -> (s0, d0)>} : (memref<?x40xf64>, index, index) -> memref<?xf64>
      %9 = polygeist.submap(%arg1, %arg3, %7) {map = affine_map<(d0)[s0] -> (d0, s0)>} : (memref<?x40xf64>, index, index) -> memref<?xf64>
      %10 = polygeist.submap(%arg1, %arg2, %arg3, %7) {map = affine_map<(d0)[s0, s1] -> (s0, s1)>} : (memref<?x40xf64>, index, index, index) -> memref<?xf64>
      linalg.generic {indexing_maps = [affine_map<(d0) -> (d0)>, affine_map<(d0) -> (d0)>, affine_map<(d0) -> (d0)>], iterator_types = ["reduction"]} ins(%8, %9 : memref<?xf64>, memref<?xf64>) outs(%10 : memref<?xf64>) {
      ^bb0(%in: f64, %in_0: f64, %out: f64):
        %14 = arith.mulf %in, %in_0 : f64
        %15 = arith.subf %out, %14 : f64
        %16 = linalg.index 0 : index
        %17 = arith.cmpi slt, %16, %arg3 : index
        %18 = arith.select %17, %15, %out : f64
        linalg.yield %18 : f64
      }
      %11 = affine.load %arg1[%arg3, %arg3] : memref<?x40xf64>
      %12 = affine.load %arg1[%arg2, %arg3] : memref<?x40xf64>
      %13 = arith.divf %12, %11 : f64
      affine.store %13, %arg1[%arg2, %arg3] : memref<?x40xf64>
    }
    %1 = arith.subi %0, %c1 : index
    %2 = polygeist.submap(%arg1, %arg2, %1, %0) {map = affine_map<(d0, d1)[s0] -> (s0, d0)>} : (memref<?x40xf64>, index, index, index) -> memref<?x?xf64>
    %3 = arith.subi %0, %c1 : index
    %4 = polygeist.submap(%arg1, %3, %0) {map = affine_map<(d0, d1) -> (d0, d1)>} : (memref<?x40xf64>, index, index) -> memref<?x?xf64>
    %5 = arith.subi %0, %c1 : index
    %6 = polygeist.submap(%arg1, %arg2, %5, %0) {map = affine_map<(d0, d1)[s0] -> (s0, d1)>} : (memref<?x40xf64>, index, index, index) -> memref<?x?xf64>
    linalg.generic {indexing_maps = [affine_map<(d0, d1) -> (d0, d1)>, affine_map<(d0, d1) -> (d0, d1)>, affine_map<(d0, d1) -> (d0, d1)>], iterator_types = ["parallel", "reduction"]} ins(%2, %4 : memref<?x?xf64>, memref<?x?xf64>) outs(%6 : memref<?x?xf64>) {
    ^bb0(%in: f64, %in_0: f64, %out: f64):
      %7 = arith.mulf %in, %in_0 : f64
      %8 = arith.subf %out, %7 : f64
      %9 = linalg.index 1 : index
      %10 = arith.cmpi slt, %9, %arg2 : index
      %11 = arith.select %10, %8, %out : f64
      linalg.yield %11 : f64
    }
  }
  return
}
