[jetson] uname -a: Linux pva-compiler-orin-1.nvidia.com 6.8.12-1021-tegra #1 SMP PREEMPT Tue Jun 9 09:16:45 PDT 2026 aarch64 aarch64 aarch64 GNU/Linux
[jetson] nvcc version:
  (nvcc not found)
[jetson] accelerator status:
[N/A]

[jetson] running /tmp/polygeist_jetson_runs/gemm-native-cpu-timing-corrected_20260908_115403/native-cpu-timing run 1 ...
POLYGEIST_BENCHMARK_ITERATION phase=warmup index=0 total=10
0.633333
POLYGEIST_BENCHMARK_ITERATION phase=warmup index=1 total=10
0.626170
POLYGEIST_BENCHMARK_ITERATION phase=warmup index=2 total=10
0.628103
POLYGEIST_BENCHMARK_ITERATION phase=warmup index=3 total=10
0.626032
POLYGEIST_BENCHMARK_ITERATION phase=warmup index=4 total=10
0.626521
POLYGEIST_BENCHMARK_ITERATION phase=sample index=0 total=10
0.625133
POLYGEIST_BENCHMARK_ITERATION phase=sample index=1 total=10
0.625646
POLYGEIST_BENCHMARK_ITERATION phase=sample index=2 total=10
0.626392
POLYGEIST_BENCHMARK_ITERATION phase=sample index=3 total=10
0.626538
POLYGEIST_BENCHMARK_ITERATION phase=sample index=4 total=10
0.624911

[jetson] exit code: 0
[jetson] elapsed_s 6.466
