[jetson] uname -a: Linux pva-compiler-orin-1.nvidia.com 6.8.12-1021-tegra #1 SMP PREEMPT Tue Jun 9 09:16:45 PDT 2026 aarch64 aarch64 aarch64 GNU/Linux
[jetson] nvcc version:
  (nvcc not found)
[jetson] accelerator status:
[N/A]

[jetson] running /tmp/polygeist_jetson_runs/gemm-raised-openblas-timing_20260908_115248/raised-openblas-timing run 1 ...
POLYGEIST_BENCHMARK_ITERATION phase=warmup index=0 total=10
POLYGEIST_RAISED_CPU_MS 162.668864012
POLYGEIST_BENCHMARK_ITERATION phase=warmup index=1 total=10
POLYGEIST_RAISED_CPU_MS 162.916160002
POLYGEIST_BENCHMARK_ITERATION phase=warmup index=2 total=10
POLYGEIST_RAISED_CPU_MS 162.825856000
POLYGEIST_BENCHMARK_ITERATION phase=warmup index=3 total=10
POLYGEIST_RAISED_CPU_MS 162.961344004
POLYGEIST_BENCHMARK_ITERATION phase=warmup index=4 total=10
POLYGEIST_RAISED_CPU_MS 162.940032005
POLYGEIST_BENCHMARK_ITERATION phase=sample index=0 total=10
POLYGEIST_RAISED_CPU_MS 162.902527988
POLYGEIST_BENCHMARK_ITERATION phase=sample index=1 total=10
POLYGEIST_RAISED_CPU_MS 162.884735987
POLYGEIST_BENCHMARK_ITERATION phase=sample index=2 total=10
POLYGEIST_RAISED_CPU_MS 162.920223996
POLYGEIST_BENCHMARK_ITERATION phase=sample index=3 total=10
POLYGEIST_RAISED_CPU_MS 162.981984004
POLYGEIST_BENCHMARK_ITERATION phase=sample index=4 total=10
POLYGEIST_RAISED_CPU_MS 162.972415999

[jetson] exit code: 0
[jetson] elapsed_s 1.759
