[polygeist] input=/home/arjaiswal/Polygeist/tools/cgeist/Test/polybench/datamining/correlation/correlation.c  function=kernel_correlation  target=jetson  output=/tmp/polybench-section42-correlation-jetson-correctness
[polygeist] harness=/tmp/correlation_section42_harness.c
[polygeist] gcc passthrough: -O3 -I/home/arjaiswal/Polygeist/tools/cgeist/Test/polybench/utilities -I/home/arjaiswal/Polygeist/tools/cgeist/Test/polybench/datamining/correlation -Dstatic=__attribute__((noipa)) -DLARGE_DATASET -DDATA_TYPE_IS_DOUBLE -DPOLYBENCH_USE_C99_PROTO -DPOLYBENCH_DUMP_ARRAYS
  [1-4/9] reuse stored semantic MLIR: /tmp/correlation_fresh_matched.mlir
  [5/9] polygeist-opt: lower-kernel-launch-to-cublas (kernel.launch → func.call)
         emitted 3 func.call to runtime shim
  [6/9] mlir-opt → LLVM dialect → llvm-translate → kernel.ll
  [7/9] prepare ABI bridge for kernel_correlation
  [8/9] compile kernel.ll + wrapper + harness + runtime shim (target=jetson)
         + minimal cuBLAS/CUDA runtime linkage
warning: overriding the module target triple with aarch64-unknown-linux-gnu [-Woverride-module]
1 warning generated.
In file included from /tmp/correlation_section42_harness.c:2:
/home/arjaiswal/Polygeist/tools/cgeist/Test/polybench/utilities/polybench.h:233:21: warning: inline function ‘polybench_alloc_data’ given attribute ‘noinline’ [-Wattributes]
  233 | static inline void* polybench_alloc_data(unsigned long long int n, int elt_size) {
      |                     ^~~~~~~~~~~~~~~~~~~~
/home/arjaiswal/Polygeist/tools/cgeist/Test/polybench/utilities/polybench.h:236:20: warning: inline function ‘polybench_free_data’ given attribute ‘noinline’ [-Wattributes]
  236 | static inline void polybench_free_data(void* ptr) {
      |                    ^~~~~~~~~~~~~~~~~~~
/home/arjaiswal/Polygeist/runtime/polygeist_cublas_rt_cuda.c: In function ‘polygeist_cudnn_batchnorm_inference’:
/home/arjaiswal/Polygeist/runtime/polygeist_cublas_rt_cuda.c:7257:34: warning: passing argument 1 of ‘pointer_is_device_resident’ discards ‘const’ qualifier from pointer target type [-Wdiscarded-qualifiers]
 7257 |   if (pointer_is_device_resident(inv_std, &inv_std_device)) {
      |                                  ^~~~~~~
/home/arjaiswal/Polygeist/runtime/polygeist_cublas_rt_cuda.c:851:45: note: expected ‘void *’ but argument is of type ‘const float *’
  851 | static int pointer_is_device_resident(void *ptr, void **device_ptr) {
      |                                       ~~~~~~^~~
         + polybench utility from /home/arjaiswal/Polygeist/tools/cgeist/Test/polybench/utilities/polybench.c
         exported link objects to /home/arjaiswal/Polygeist/issues/polybench_section42/ir/correlation/raised_gpu
  [9/9] link → /tmp/polybench-section42-correlation-jetson-correctness

═══ build complete ═══
/tmp/polybench-section42-correlation-jetson-correctness: ELF 64-bit LSB pie executable, ARM aarch64, version 1 (SYSV), dynamically linked, interpreter /lib/ld-linux-aarch64.so.1, BuildID[sha1]=b70d4717ad5a672fb012f88e175d8406eb02e120, for GNU/Linux 3.7.0, not stripped
