[jetson] uname -a: Linux pva-compiler-orin-1.nvidia.com 6.8.12-1021-tegra #1 SMP PREEMPT Tue Jun 9 09:16:45 PDT 2026 aarch64 aarch64 aarch64 GNU/Linux
[jetson] nvcc version:
  (nvcc not found)
[jetson] accelerator status:
[N/A]

[jetson] running /tmp/polygeist_jetson_runs/correlation-raised-openblas-timing_20260908_110200/raised-openblas-timing run 1 ...
POLYGEIST_BENCHMARK_ITERATION phase=warmup index=0 total=10
POLYGEIST_RAISED_GPU_E2E_MS 263.307264000
POLYGEIST_BENCHMARK_ITERATION phase=warmup index=1 total=10
POLYGEIST_RAISED_GPU_E2E_MS 264.092255995
POLYGEIST_BENCHMARK_ITERATION phase=warmup index=2 total=10
POLYGEIST_RAISED_GPU_E2E_MS 263.482464001
POLYGEIST_BENCHMARK_ITERATION phase=warmup index=3 total=10
POLYGEIST_RAISED_GPU_E2E_MS 263.519104004
POLYGEIST_BENCHMARK_ITERATION phase=warmup index=4 total=10
POLYGEIST_RAISED_GPU_E2E_MS 263.542463988
POLYGEIST_BENCHMARK_ITERATION phase=sample index=0 total=10
POLYGEIST_RAISED_GPU_E2E_MS 263.700383991
POLYGEIST_BENCHMARK_ITERATION phase=sample index=1 total=10
POLYGEIST_RAISED_GPU_E2E_MS 263.911264002
POLYGEIST_BENCHMARK_ITERATION phase=sample index=2 total=10
POLYGEIST_RAISED_GPU_E2E_MS 263.687840000
POLYGEIST_BENCHMARK_ITERATION phase=sample index=3 total=10
POLYGEIST_RAISED_GPU_E2E_MS 263.791680008
POLYGEIST_BENCHMARK_ITERATION phase=sample index=4 total=10
POLYGEIST_RAISED_GPU_E2E_MS 263.669088006

[jetson] exit code: 0
[jetson] elapsed_s 2.682
