[jetson] uname -a: Linux pva-compiler-orin-1.nvidia.com 6.8.12-1021-tegra #1 SMP PREEMPT Tue Jun 9 09:16:45 PDT 2026 aarch64 aarch64 aarch64 GNU/Linux
[jetson] nvcc version:
  (nvcc not found)
[jetson] accelerator status:
[N/A]

[jetson] running /tmp/polygeist_jetson_runs/correlation-native-cpu-timing_20260908_104914/native-cpu-timing run 1 ...
POLYGEIST_BENCHMARK_ITERATION phase=warmup index=0 total=10
6.358048
POLYGEIST_BENCHMARK_ITERATION phase=warmup index=1 total=10
6.187337
POLYGEIST_BENCHMARK_ITERATION phase=warmup index=2 total=10
6.174340
POLYGEIST_BENCHMARK_ITERATION phase=warmup index=3 total=10
6.178895
POLYGEIST_BENCHMARK_ITERATION phase=warmup index=4 total=10
6.191025
POLYGEIST_BENCHMARK_ITERATION phase=sample index=0 total=10
6.189693
POLYGEIST_BENCHMARK_ITERATION phase=sample index=1 total=10
6.190562
POLYGEIST_BENCHMARK_ITERATION phase=sample index=2 total=10
6.190619
POLYGEIST_BENCHMARK_ITERATION phase=sample index=3 total=10
6.190820
POLYGEIST_BENCHMARK_ITERATION phase=sample index=4 total=10
6.191020

[jetson] exit code: 0
[jetson] elapsed_s 62.128
