+ common=(-O3 -fno-inline -fno-inline-functions -fsemantic-interposition -fno-ipa-ra -fno-ipa-cp -fno-ipa-cp-clone -fno-ipa-sra -fgnu89-inline -Dstatic= -DLARGE_DATASET -DDATA_TYPE_IS_DOUBLE -I"$util")
+ aarch64-linux-gnu-gcc -O3 -fno-inline -fno-inline-functions -fsemantic-interposition -fno-ipa-ra -fno-ipa-cp -fno-ipa-cp-clone -fno-ipa-sra -fgnu89-inline -Dstatic= -DLARGE_DATASET -DDATA_TYPE_IS_DOUBLE -Itools/cgeist/Test/polybench/utilities -DPOLYBENCH_DUMP_ARRAYS -c tools/cgeist/Test/polybench/linear-algebra/blas/syrk/syrk.c -o /tmp/polybench-publication-orin/syrk/native-work/harness-full.o
+ aarch64-linux-gnu-objcopy --weaken-symbol=kernel_syrk /tmp/polybench-publication-orin/syrk/native-work/harness-full.o /tmp/polybench-publication-orin/syrk/native-work/harness.o
+ aarch64-linux-gnu-gcc -O3 -DLARGE_DATASET -DDATA_TYPE_IS_DOUBLE -DPOLYBENCH_DUMP_ARRAYS -Itools/cgeist/Test/polybench/utilities -c tools/cgeist/Test/polybench/utilities/polybench.c -o /tmp/polybench-publication-orin/syrk/native-work/polybench.o
+ /usr/local/cuda-12.6/bin/nvcc -O3 -std=c++17 -arch=sm_87 -ccbin aarch64-linux-gnu-g++ -I/home/arjaiswal/Polygeist-syrk/issues/polybench_section42/polybenchgpu_adapters -c /home/arjaiswal/Polygeist-syrk/issues/polybench_section42/polybenchgpu_adapters/syrk.cu -o /tmp/polybench-publication-orin/syrk/native-work/adapter.o
+ aarch64-linux-gnu-g++ -O3 /tmp/polybench-publication-orin/syrk/native-work/harness.o /tmp/polybench-publication-orin/syrk/native-work/polybench.o /tmp/polybench-publication-orin/syrk/native-work/adapter.o -L/usr/local/cuda-12.6/targets/sbsa-linux/lib -L/usr/local/cuda-12.6/targets/sbsa-linux/lib/stubs -lcudart -lm -o /tmp/polybench-publication-orin/syrk/native-correctness
+ aarch64-linux-gnu-gcc -O3 -fno-inline -fno-inline-functions -fsemantic-interposition -fno-ipa-ra -fno-ipa-cp -fno-ipa-cp-clone -fno-ipa-sra -fgnu89-inline -Dstatic= -DLARGE_DATASET -DDATA_TYPE_IS_DOUBLE -Itools/cgeist/Test/polybench/utilities -Dmain=polygeist_polybench_iteration -DPOLYBENCH_TIME -c tools/cgeist/Test/polybench/linear-algebra/blas/syrk/syrk.c -o /tmp/polybench-publication-orin/syrk/native-work/harness-timing-full.o
+ aarch64-linux-gnu-objcopy --weaken-symbol=kernel_syrk /tmp/polybench-publication-orin/syrk/native-work/harness-timing-full.o /tmp/polybench-publication-orin/syrk/native-work/harness-timing.o
+ aarch64-linux-gnu-gcc -O3 -DLARGE_DATASET -DDATA_TYPE_IS_DOUBLE -DPOLYBENCH_TIME -Itools/cgeist/Test/polybench/utilities -c tools/cgeist/Test/polybench/utilities/polybench.c -o /tmp/polybench-publication-orin/syrk/native-work/polybench-timing.o
+ aarch64-linux-gnu-gcc -O2 -DPOLYGEIST_WARMUP_RUNS=5 -DPOLYGEIST_TIMED_RUNS=5 -c runtime/polybench_repeat_driver.c -o /tmp/polybench-publication-orin/syrk/native-work/repeat-driver.o
+ aarch64-linux-gnu-g++ -O3 /tmp/polybench-publication-orin/syrk/native-work/harness-timing.o /tmp/polybench-publication-orin/syrk/native-work/polybench-timing.o /tmp/polybench-publication-orin/syrk/native-work/repeat-driver.o /tmp/polybench-publication-orin/syrk/native-work/adapter.o -L/usr/local/cuda-12.6/targets/sbsa-linux/lib -L/usr/local/cuda-12.6/targets/sbsa-linux/lib/stubs -lcudart -lm -o /tmp/polybench-publication-orin/syrk/native-timing
+ aarch64-linux-gnu-gcc -O3 -DCORRECTNESS_RUN -c /tmp/polybench-publication-orin/syrk/raised_harness.c -o /tmp/polybench-publication-orin/syrk/raised-harness-correctness.o
+ aarch64-linux-gnu-gcc -O3 -c /tmp/polybench-publication-orin/syrk/raised_harness.c -o /tmp/polybench-publication-orin/syrk/raised-harness-timing.o
+ wrapper=/home/arjaiswal/Polygeist-syrk/issues/polybench_section42/ir/syrk/raised_gpu/wrapper.o
+ for mode in correctness timing
+ aarch64-linux-gnu-gcc -O2 /tmp/polybench-gpu-region-sweep-20260907/syrk/work/kernel.o /tmp/polybench-gpu-region-sweep-20260907/syrk/work/rt.o /home/arjaiswal/Polygeist-syrk/issues/polybench_section42/ir/syrk/raised_gpu/wrapper.o /tmp/polybench-publication-orin/syrk/raised-harness-correctness.o -L/usr/local/cuda-12.6/targets/sbsa-linux/lib -L/usr/local/cuda-12.6/targets/sbsa-linux/lib/stubs -L/usr/lib/aarch64-linux-gnu -lcudnn -lcublasLt -lcublas -lcufft -lcusparse -lcusolver -lcudart -lm -lpthread -ldl '-Wl,-rpath,$ORIGIN:/usr/local/cuda/lib64:/usr/lib/aarch64-linux-gnu' -o /tmp/polybench-publication-orin/syrk/raised-correctness
/usr/lib/gcc-cross/aarch64-linux-gnu/11/../../../../aarch64-linux-gnu/bin/ld: warning: libnvJitLink.so.12, needed by /usr/local/cuda-12.6/targets/sbsa-linux/lib/stubs/libcusparse.so, not found (try using -rpath or -rpath-link)
+ for mode in correctness timing
+ aarch64-linux-gnu-gcc -O2 /tmp/polybench-gpu-region-sweep-20260907/syrk/work/kernel.o /tmp/polybench-gpu-region-sweep-20260907/syrk/work/rt.o /home/arjaiswal/Polygeist-syrk/issues/polybench_section42/ir/syrk/raised_gpu/wrapper.o /tmp/polybench-publication-orin/syrk/raised-harness-timing.o -L/usr/local/cuda-12.6/targets/sbsa-linux/lib -L/usr/local/cuda-12.6/targets/sbsa-linux/lib/stubs -L/usr/lib/aarch64-linux-gnu -lcudnn -lcublasLt -lcublas -lcufft -lcusparse -lcusolver -lcudart -lm -lpthread -ldl '-Wl,-rpath,$ORIGIN:/usr/local/cuda/lib64:/usr/lib/aarch64-linux-gnu' -o /tmp/polybench-publication-orin/syrk/raised-timing
/usr/lib/gcc-cross/aarch64-linux-gnu/11/../../../../aarch64-linux-gnu/bin/ld: warning: libnvJitLink.so.12, needed by /usr/local/cuda-12.6/targets/sbsa-linux/lib/stubs/libcusparse.so, not found (try using -rpath or -rpath-link)
+ file /tmp/polybench-publication-orin/syrk/native-correctness /tmp/polybench-publication-orin/syrk/native-timing /tmp/polybench-publication-orin/syrk/raised-correctness /tmp/polybench-publication-orin/syrk/raised-timing
/tmp/polybench-publication-orin/syrk/native-correctness: ELF 64-bit LSB pie executable, ARM aarch64, version 1 (SYSV), dynamically linked, interpreter /lib/ld-linux-aarch64.so.1, BuildID[sha1]=5e1244411ba030cd34f3d5f15f282a6ca9f64801, for GNU/Linux 3.7.0, not stripped
/tmp/polybench-publication-orin/syrk/native-timing:      ELF 64-bit LSB pie executable, ARM aarch64, version 1 (SYSV), dynamically linked, interpreter /lib/ld-linux-aarch64.so.1, BuildID[sha1]=6ddbbb4715ed650303d5feb97e79d9bd48d2edb1, for GNU/Linux 3.7.0, not stripped
/tmp/polybench-publication-orin/syrk/raised-correctness: ELF 64-bit LSB pie executable, ARM aarch64, version 1 (SYSV), dynamically linked, interpreter /lib/ld-linux-aarch64.so.1, BuildID[sha1]=a8084f1d13f40554665d69a4203611244b7def45, for GNU/Linux 3.7.0, not stripped
/tmp/polybench-publication-orin/syrk/raised-timing:      ELF 64-bit LSB pie executable, ARM aarch64, version 1 (SYSV), dynamically linked, interpreter /lib/ld-linux-aarch64.so.1, BuildID[sha1]=10dc749b265487cebc03847026facaf603617631, for GNU/Linux 3.7.0, not stripped
