[polygeist] keeping workdir: /tmp/polybench-static-fallback-fix-20260908/3mm-work-fixed
[polygeist] input=tools/cgeist/Test/polybench/linear-algebra/kernels/3mm/3mm.c  function=kernel_3mm  target=jetson  output=/tmp/polybench-static-fallback-fix-20260908/3mm-correctness-fixed
[polygeist] harness=issues/polybench_section42/logs/publication_orin/3mm/direct_dgemm_20260908/raised_harness.c
[polygeist] gcc passthrough: -O3 -DCORRECTNESS_RUN -Itools/cgeist/Test/polybench/utilities -Itools/cgeist/Test/polybench/linear-algebra/kernels/3mm -DLARGE_DATASET -DDATA_TYPE_IS_DOUBLE -DPOLYBENCH_USE_C99_PROTO
  [1/9] cgeist → affine MLIR
         selected symbol absent; retrying cgeist static-linkage exposure
  [2/9] polygeist-opt: raise + lower-submap + debufferize
         using joint multi-root debufferization
  [3/9] matcher: linalg.generic → kernel.launch
         matched 6 kernel.launch op(s)
  [4/9] inject canonical defns from kernel_library_phase2.mlir
  [5/9] polygeist-opt: lower-kernel-launch-to-cublas (kernel.launch → func.call)
         emitted 18 func.call to runtime shim
  [6/9] mlir-opt → LLVM dialect → llvm-translate → kernel.ll
  [7/9] prepare ABI bridge for kernel_3mm
  [8/9] compile kernel.ll + wrapper + harness + runtime shim (target=jetson)
         + minimal cuBLAS/CUDA runtime linkage
warning: overriding the module target triple with aarch64-unknown-linux-gnu [-Woverride-module]
1 warning generated.
/home/arjaiswal/Polygeist/runtime/polygeist_cublas_rt_cuda.c: In function ‘polygeist_cudnn_batchnorm_inference’:
/home/arjaiswal/Polygeist/runtime/polygeist_cublas_rt_cuda.c:7532:34: warning: passing argument 1 of ‘pointer_is_device_resident’ discards ‘const’ qualifier from pointer target type [-Wdiscarded-qualifiers]
 7532 |   if (pointer_is_device_resident(inv_std, &inv_std_device)) {
      |                                  ^~~~~~~
/home/arjaiswal/Polygeist/runtime/polygeist_cublas_rt_cuda.c:1077:45: note: expected ‘void *’ but argument is of type ‘const float *’
 1077 | static int pointer_is_device_resident(void *ptr, void **device_ptr) {
      |                                       ~~~~~~^~~
  [9/9] link → /tmp/polybench-static-fallback-fix-20260908/3mm-correctness-fixed

═══ build complete ═══
/tmp/polybench-static-fallback-fix-20260908/3mm-correctness-fixed: ELF 64-bit LSB pie executable, ARM aarch64, version 1 (SYSV), dynamically linked, interpreter /lib/ld-linux-aarch64.so.1, BuildID[sha1]=ca09635edd45dfb27b5af817a890201efd087627, for GNU/Linux 3.7.0, not stripped
