[jetson] uname -a: Linux pva-compiler-orin-1.nvidia.com 6.8.12-1021-tegra #1 SMP PREEMPT Tue Jun 9 09:16:45 PDT 2026 aarch64 aarch64 aarch64 GNU/Linux
[jetson] nvcc version:
  (nvcc not found)
[jetson] accelerator status:
[N/A]

[jetson] running /tmp/polygeist_jetson_runs/gesummv-native-cpu-correctness_20260908_103256/native-cpu-correctness run 1 ...
==BEGIN DUMP_ARRAYS==
begin dump: y
1.95 1166.70 1021.88 973.75 949.20 933.90 924.93 917.89 912.64 908.23 901.28 902.50 900.30 892.50 897.65 895.05 894.02 893.28 892.01 891.69 
879.91 891.32 888.17 888.44 887.52 873.61 872.48 886.40 886.72 886.56 881.63 887.90 885.39 884.69 884.51 882.80 882.80 882.92 883.43 877.36 
872.59 883.32 886.72 883.02 882.12 883.31 881.98 883.77 880.11 880.98 850.89 885.22 849.32 880.19 879.24 881.09 880.73 881.59 881.17 875.70 
870.31 881.01 886.71 880.76 881.08 839.42 880.57 879.74 879.12 880.91 876.02 880.66 876.75 880.26 880.18 865.66 878.44 881.66 865.14 880.75 
868.61 875.53 881.06 883.63 881.28 878.70 878.23 882.88 879.78 878.59 875.69 873.04 878.04 888.53 880.77 877.85 878.44 877.17 878.55 878.06 
814.23 880.76 881.15 879.50 846.51 878.03 878.36 877.46 873.38 881.40 875.32 879.67 878.08 868.57 877.39 878.02 877.40 871.12 866.69 880.87 
868.48 880.68 880.44 879.21 881.28 864.26 879.29 878.55 877.58 876.01 793.32 880.52 879.16 879.36 877.98 877.61 877.61 882.90 878.51 877.35 
867.19 878.36 877.26 870.23 870.69 883.31 879.88 878.53 878.66 878.35 847.15 877.83 877.95 892.74 878.92 877.36 845.43 878.40 877.80 877.27 
865.95 875.77 869.61 886.14 880.45 878.07 880.71 878.98 878.70 871.55 874.57 875.24 876.96 875.03 879.05 863.79 877.61 875.78 877.90 877.10 
866.53 875.78 861.90 876.25 875.05 869.35 897.50 881.84 879.99 878.57 874.24 877.12 877.62 878.17 876.71 836.59 877.82 884.04 877.65 877.02 
812.78 878.13 877.78 876.32 878.17 874.29 878.03 877.72 844.78 878.21 873.24 877.04 876.62 875.64 875.29 872.62 865.98 900.69 883.03 880.10 
868.48 872.63 880.93 879.19 876.09 863.64 872.76 880.12 876.75 875.52 874.57 876.87 875.42 876.91 862.11 875.74 871.38 880.27 877.38 877.51 
866.57 878.34 877.75 876.93 881.08 877.08 880.02 870.44 878.04 878.33 845.70 876.79 876.50 876.61 875.55 875.49 874.50 874.76 872.08 866.72 
704.49 888.78 882.44 880.81 879.00 878.28 879.81 878.95 878.08 885.61 873.74 879.88 876.54 870.90 879.53 863.38 877.82 875.94 875.57 879.87 
866.95 875.30 877.13 878.00 876.72 876.41 861.68 874.46 873.76 907.14 875.69 877.28 877.83 878.15 877.19 875.78 877.40 876.38 877.79 869.80 
812.16 878.10 876.88 876.48 876.72 875.75 884.26 877.23 877.95 875.76 873.24 877.30 843.92 877.85 877.32 874.07 875.33 873.85 875.53 874.68 
863.29 874.59 871.47 868.82 859.48 660.41 894.85 885.50 882.36 881.09 876.02 879.64 879.99 879.12 878.26 877.40 878.44 869.72 862.98 874.33 
866.99 879.91 871.22 877.09 875.88 877.08 876.31 880.54 877.62 877.57 846.11 870.88 875.88 876.59 873.45 881.09 878.44 877.53 878.31 877.04 
865.95 870.14 876.71 877.16 844.35 876.41 876.44 876.32 876.62 874.98 869.38 863.65 886.72 879.73 879.67 863.79 877.40 871.12 877.25 874.45 
866.32 875.46 874.80 878.07 875.88 874.54 877.37 876.21 875.42 874.99 791.70 879.50 877.00 872.82 880.26 875.99 877.61 876.36 878.27 874.83 
811.74 877.34 877.02 870.23 876.09 875.75 872.56 877.39 876.50 877.33 871.16 876.81 875.79 875.40 877.00 875.74 843.27 878.76 877.56 874.75 
864.33 874.75 874.77 874.20 875.05 859.48 873.39 872.44 871.14 863.99 863.77 863.42 853.20 782.09 924.53 895.05 888.41 885.44 883.06 882.68 
870.31 880.16 865.14 879.31 880.45 878.53 879.38 880.70 877.83 877.55 847.15 874.60 875.46 877.03 878.99 836.59 877.82 877.50 877.41 882.60 
866.99 877.11 877.54 875.18 872.77 878.07 876.11 878.08 844.78 877.19 872.70 874.52 874.46 885.30 878.77 863.38 876.78 877.95 877.39 889.88 
866.32 870.47 876.49 878.05 876.09 874.75 875.04 868.18 885.39 879.90 874.03 877.05 878.66 874.57 862.11 874.12 876.78 873.73 877.14 876.49 
811.95 877.32 877.51 875.79 875.68 874.92 878.10 870.44 875.88 877.31 872.20 876.97 874.34 875.47 877.83 873.87 874.50 873.62 871.84 865.70 
703.95 887.76 882.20 881.17 879.00 864.26 877.89 872.41 875.92 877.69 873.74 878.86 879.78 870.90 877.61 873.45 877.82 879.00 880.73 871.95 
865.33 874.28 882.29 876.86 876.72 874.79 861.68 874.82 877.00 877.62 845.28 876.26 875.67 875.81 875.27 873.62 872.00 837.44 882.95 873.04 
867.19 877.08 876.64 876.84 876.72 874.13 876.94 876.09 875.79 880.14 872.70 876.28 843.92 876.71 875.40 861.51 875.33 872.71 891.49 879.06 
866.53 877.47 876.63 877.28 875.68 835.10 876.73 873.56 874.80 874.67 870.08 900.22 877.83 879.48 876.34 875.78 878.44 875.48 860.82 874.51 
811.12 877.39 876.38 875.95 875.88 874.92 874.39 879.40 875.46 875.05 871.37 868.72 879.12 875.45 876.93 874.07 878.44 876.39 873.87 863.72 
864.33 874.52 876.47 876.02 842.19 860.31 878.72 873.98 874.46 867.06 869.38 873.43 873.76 873.19 872.35 872.62 872.00 865.72 871.61 873.43 
859.30 869.04 869.16 866.13 865.08 862.12 859.25 853.47 840.86 804.97 440.70 948.68 912.64 900.18 894.54 890.03 888.41 887.52 884.63 884.61 
872.59 880.22 882.18 875.63 881.49 879.53 881.44 880.45 879.74 880.21 876.02 886.59 879.03 879.66 875.08 864.83 846.51 877.62 877.32 879.13 
867.57 889.93 879.93 877.26 875.05 878.07 876.87 878.20 874.38 872.63 874.03 878.60 878.04 874.25 879.41 877.23 877.61 877.70 877.42 876.26 
812.78 879.14 862.98 878.17 875.05 876.37 877.46 874.16 875.67 853.43 875.32 878.98 878.70 880.09 877.07 836.05 877.82 876.36 877.17 876.18 
865.37 874.59 862.30 880.94 878.17 863.64 878.39 876.94 844.78 877.37 872.70 873.50 877.70 877.56 876.85 878.02 876.78 876.81 877.15 876.56 
864.70 868.31 870.85 916.21 881.49 878.53 878.52 877.84 877.83 877.38 846.11 876.03 876.50 878.83 862.11 877.36 876.78 876.79 871.50 879.37 
866.57 881.70 873.07 874.65 875.68 878.70 876.18 870.44 873.72 874.79 871.66 875.95 877.58 881.23 875.91 860.89 874.50 872.48 871.60 865.88 
703.95 887.94 881.96 880.03 879.00 878.28 875.97 878.17 879.16 876.67 873.20 876.34 877.62 870.90 875.69 877.23 877.82 877.86 876.29 876.33 
811.95 877.16 876.65 879.92 876.72 878.03 861.68 879.08 874.84 876.60 871.37 873.74 868.11 885.47 878.75 877.40 877.40 875.60 877.31 870.88 
865.57 863.76 876.40 875.70 876.72 861.77 875.02 868.35 879.03 879.12 872.70 876.46 843.92 875.57 877.68 874.07 880.73 878.47 876.25 876.54 
864.91 871.05 876.39 876.14 875.68 834.56 874.81 876.62 878.04 879.05 844.24 876.10 875.67 872.94 874.42 873.62 873.04 874.34 858.66 873.49 
861.59 870.97 870.74 868.21 865.08 857.10 829.27 971.56 900.30 890.23 881.63 877.36 882.36 881.21 880.41 865.66 878.44 879.45 879.03 878.90 
867.57 878.90 876.23 874.88 845.43 876.41 876.80 878.24 877.70 876.84 874.24 876.31 877.00 876.25 881.23 876.40 877.40 871.12 876.77 876.31 
812.16 878.82 875.52 877.29 875.88 876.16 873.53 880.83 876.50 874.15 791.70 878.66 878.08 877.44 876.42 877.61 877.61 875.58 878.99 878.19 
865.57 879.20 876.54 870.23 876.09 861.35 874.12 873.91 866.78 889.99 876.02 878.67 876.87 877.32 877.36 875.74 844.35 876.48 877.08 883.51 
865.95 876.61 875.49 876.12 875.05 871.05 880.35 877.06 877.62 870.47 845.28 876.08 875.88 873.11 877.49 875.07 877.61 876.56 882.58 873.74 
864.91 879.32 860.82 883.93 875.05 874.75 875.54 874.52 873.51 874.01 869.38 872.56 871.14 868.15 858.95 659.74 894.02 884.82 882.33 879.06 
868.61 878.97 878.26 879.80 878.17 878.07 876.47 875.80 844.78 876.35 872.16 877.88 875.54 876.42 869.53 876.40 876.78 877.17 876.91 875.54 
811.74 871.55 876.01 877.27 876.09 876.37 876.60 875.50 875.67 876.36 869.71 846.51 879.74 879.19 862.11 875.74 876.78 875.65 876.66 878.35 
864.95 873.78 878.23 877.71 875.68 861.77 874.26 870.44 876.96 873.77 871.66 868.03 875.42 874.69 873.99 873.87 874.50 872.84 871.36 864.86 
703.41 886.92 881.72 878.89 879.00 876.66 878.25 877.03 877.00 876.85 845.70 875.32 875.46 870.90 873.77 875.07 872.42 876.72 876.05 875.31 
865.33 876.14 876.41 873.38 882.12 876.41 861.68 876.74 878.08 876.78 870.83 878.12 876.75 873.53 881.03 861.51 877.40 874.46 872.87 868.72 
863.41 873.54 870.76 852.96 887.52 879.53 878.50 878.01 876.87 876.60 872.16 875.44 843.92 875.93 875.76 877.85 875.33 877.33 876.01 875.52 
811.12 876.63 876.15 869.60 875.68 834.56 877.09 875.48 875.88 876.53 871.16 875.08 873.51 871.80 856.30 882.80 878.44 877.40 861.90 877.87 
865.37 876.55 875.90 877.87 875.88 861.35 874.75 878.62 876.54 878.41 870.83 869.80 874.80 874.67 873.09 874.07 873.04 867.51 884.19 877.88 
865.95 876.38 875.99 875.24 843.27 874.79 874.88 860.90 875.54 875.82 844.24 875.29 874.84 875.11 873.91 868.84 882.80 871.12 876.53 875.29 
864.70 876.30 875.28 870.75 875.88 874.54 875.81 874.29 874.34 873.13 790.08 877.64 875.92 875.10 874.50 860.89 872.21 874.44 873.35 872.97 
863.41 872.78 887.10 870.23 876.09 874.13 876.40 885.07 875.42 873.97 870.08 872.25 880.11 876.18 875.44 874.12 842.19 874.14 872.64 872.89 
809.66 875.59 875.25 876.48 875.05 874.29 873.03 865.12 875.46 868.31 869.71 875.06 873.72 870.77 875.57 873.45 872.21 870.02 872.74 878.12 
863.29 872.90 858.66 871.99 875.05 859.48 873.62 873.38 876.75 872.99 869.38 872.74 874.38 873.91 873.23 831.73 872.42 872.88 867.09 872.64 
861.59 877.95 872.62 872.06 872.77 871.05 874.55 873.46 839.38 868.43 840.51 872.66 873.38 869.88 871.81 868.84 871.38 870.63 867.07 870.32 
859.30 863.99 870.37 870.73 870.69 869.35 869.28 868.96 868.11 865.74 863.77 867.09 866.78 867.25 851.31 851.54 865.98 865.21 865.62 862.33 
851.99 861.96 861.79 860.37 859.48 857.10 856.14 848.84 853.20 851.15 844.12 845.41 840.86 835.75 828.87 818.25 804.30 779.90 731.92 586.94 
end   dump: y
==END   DUMP_ARRAYS==

[jetson] exit code: 0
[jetson] elapsed_s 0.017
