[jetson] uname -a: Linux pva-compiler-orin-1.nvidia.com 6.8.12-1021-tegra #1 SMP PREEMPT Tue Jun 9 09:16:45 PDT 2026 aarch64 aarch64 aarch64 GNU/Linux
[jetson] nvcc version:
  (nvcc not found)
[jetson] accelerator status:
[N/A]

[jetson] running /tmp/polygeist_jetson_runs/gesummv-native-cpu-timing_20260908_103301/native-cpu-timing run 1 ...
POLYGEIST_BENCHMARK_ITERATION phase=warmup index=0 total=10
0.007702
POLYGEIST_BENCHMARK_ITERATION phase=warmup index=1 total=10
0.007710
POLYGEIST_BENCHMARK_ITERATION phase=warmup index=2 total=10
0.007697
POLYGEIST_BENCHMARK_ITERATION phase=warmup index=3 total=10
0.007733
POLYGEIST_BENCHMARK_ITERATION phase=warmup index=4 total=10
0.007706
POLYGEIST_BENCHMARK_ITERATION phase=sample index=0 total=10
0.007730
POLYGEIST_BENCHMARK_ITERATION phase=sample index=1 total=10
0.007697
POLYGEIST_BENCHMARK_ITERATION phase=sample index=2 total=10
0.007711
POLYGEIST_BENCHMARK_ITERATION phase=sample index=3 total=10
0.007779
POLYGEIST_BENCHMARK_ITERATION phase=sample index=4 total=10
0.007739

[jetson] exit code: 0
[jetson] elapsed_s 0.257
