[jetson] uname -a: Linux pva-compiler-orin-1.nvidia.com 6.8.12-1021-tegra #1 SMP PREEMPT Tue Jun 9 09:16:45 PDT 2026 aarch64 aarch64 aarch64 GNU/Linux
[jetson] nvcc version:
  (nvcc not found)
[jetson] accelerator status:
[N/A]

[jetson] running /tmp/polygeist_jetson_runs/bicg-raised-residual-correctness_20260908_102611/raised-residual-correctness run 1 ...
==BEGIN DUMP_ARRAYS==
begin dump: s
699.50 611.75 582.33 567.50 558.50 552.42 548.00 545.63 543.39 539.75 541.09 536.33 537.65 533.75 532.67 534.56 534.32 533.03 533.16 528.50 
527.84 532.43 532.13 529.04 525.50 531.06 530.63 524.00 530.54 523.09 530.68 529.28 529.44 529.40 521.00 526.56 528.83 528.57 528.80 524.13 
528.77 518.42 528.49 527.87 524.95 528.51 527.87 525.52 526.93 515.75 527.14 527.12 528.18 527.01 526.46 520.88 527.31 526.82 527.71 512.67 
527.93 527.61 522.23 526.64 526.27 526.13 526.38 526.80 526.56 509.76 526.81 523.91 526.97 526.40 508.34 526.13 525.14 526.34 527.02 521.82 
527.05 526.29 526.16 505.84 525.62 526.23 525.77 526.06 526.96 519.14 524.08 526.03 525.87 525.00 524.79 524.01 526.85 523.11 525.54 501.51 
526.48 525.03 526.52 525.44 500.17 526.11 525.33 523.52 526.27 523.16 526.31 519.44 525.50 524.87 524.66 524.64 526.88 526.68 524.77 511.21 
525.79 525.61 524.48 526.21 520.11 515.70 525.69 524.83 525.30 523.29 523.23 523.76 524.61 524.00 522.15 525.28 527.38 524.37 525.44 491.01 
525.79 525.86 525.47 522.96 525.68 525.69 520.62 524.80 524.82 488.43 526.54 525.20 525.44 522.53 524.39 523.19 524.17 525.28 524.71 520.41 
522.42 526.34 525.98 524.58 522.20 525.57 525.36 504.80 525.98 522.99 525.05 524.46 525.52 523.30 482.01 525.79 525.31 526.68 525.57 510.79 
524.21 521.91 525.62 524.64 524.13 523.99 525.72 524.00 519.91 521.84 541.09 523.76 526.03 525.46 521.98 518.72 526.70 523.83 525.16 500.63 
524.96 525.72 523.25 522.56 524.85 525.29 523.92 523.97 523.25 473.10 526.25 525.23 524.58 524.91 524.45 522.64 523.25 525.28 524.74 520.33 
516.34 524.37 524.00 518.48 506.73 524.74 520.67 522.24 524.41 522.56 519.58 523.20 518.98 527.01 525.37 525.36 524.88 522.29 525.29 510.61 
527.93 524.32 525.19 524.21 516.65 523.70 515.18 524.74 524.65 512.96 525.52 504.40 523.34 524.63 521.70 523.42 524.72 523.86 523.28 519.59 
522.99 519.72 530.53 524.01 524.91 522.47 525.06 524.00 524.96 518.06 530.68 524.40 520.08 528.51 519.28 522.24 525.23 525.14 523.91 490.39 
526.06 523.83 525.32 524.72 521.55 524.20 523.89 522.24 526.27 523.11 524.40 524.37 521.01 514.50 523.57 523.79 524.02 523.39 521.71 450.36 
526.93 526.32 525.62 525.36 524.64 524.13 525.20 518.56 525.39 523.04 523.23 522.48 525.37 524.09 499.12 524.56 528.18 523.17 527.02 520.22 
524.16 521.09 511.85 523.19 519.36 525.20 524.63 523.17 523.62 517.66 524.54 525.14 524.73 523.97 523.88 504.16 524.54 524.71 524.65 519.98 
524.48 523.86 523.36 523.87 520.80 523.80 523.73 520.09 520.69 437.78 529.14 526.40 526.32 524.87 525.03 525.36 520.48 525.39 525.57 510.53 
525.79 522.18 525.19 518.32 522.84 523.99 526.52 524.08 524.56 522.01 524.77 522.48 524.83 525.69 506.48 524.13 526.21 514.58 524.73 519.67 
522.90 532.43 525.87 522.64 516.70 524.80 525.06 523.92 526.82 517.71 524.96 518.00 523.87 527.14 524.08 522.16 524.57 524.57 519.66 500.08 
524.34 523.17 524.38 525.44 521.23 521.25 525.05 521.67 524.41 522.45 524.31 523.57 522.50 522.58 522.80 522.50 522.17 521.25 518.00 420.20 
531.50 527.75 526.33 525.50 520.11 524.42 524.00 524.83 524.59 523.15 525.09 522.33 526.85 521.75 521.87 524.56 525.52 524.23 525.16 520.30 
519.84 520.43 525.33 522.24 523.82 524.26 524.63 518.00 524.54 487.71 524.68 524.48 525.44 522.60 516.40 521.76 526.03 524.57 524.00 520.13 
528.77 514.42 525.69 523.87 520.35 521.71 531.07 523.52 524.13 522.99 524.34 524.32 525.38 523.01 518.97 518.08 523.31 524.82 525.71 510.07 
523.93 525.61 519.42 522.64 526.27 524.13 525.58 524.00 523.76 507.56 524.81 521.91 524.17 519.60 521.70 524.13 523.14 523.54 523.02 499.92 
524.25 524.29 525.36 503.84 523.42 523.43 525.77 523.26 522.96 517.14 523.28 523.23 523.87 524.20 522.59 521.21 524.05 520.31 522.74 518.18 
522.48 520.23 519.72 513.44 393.87 535.31 530.53 525.52 526.27 524.56 525.51 519.44 526.70 524.87 524.66 524.64 524.88 524.68 523.97 510.61 
525.79 527.61 524.48 524.21 524.33 514.90 524.89 526.03 524.50 512.82 525.23 521.76 524.61 525.20 521.55 525.28 524.58 523.57 525.44 490.21 
524.99 525.86 524.67 522.16 523.48 524.89 519.82 524.00 524.82 517.34 524.54 522.40 529.44 522.53 519.28 522.39 525.37 525.28 523.91 520.21 
523.62 523.54 523.18 524.58 521.40 522.77 524.56 504.00 523.98 522.39 524.25 523.66 524.72 523.30 515.85 523.79 523.31 522.68 521.57 450.07 
528.21 523.11 525.62 524.64 523.93 523.99 524.92 525.20 519.91 523.04 525.09 521.76 525.23 524.66 521.38 517.92 523.90 525.03 525.16 520.07 
524.16 523.72 523.25 521.76 518.64 524.49 523.92 523.17 523.25 472.50 526.25 524.43 524.58 526.11 524.45 521.84 523.25 525.28 521.94 520.13 
524.34 523.57 525.20 517.68 520.52 517.94 525.87 522.24 524.41 512.47 519.58 524.40 524.18 523.01 523.17 521.36 524.88 521.49 525.29 509.81 
523.93 524.32 521.19 524.21 516.05 523.70 524.38 521.94 523.85 522.01 523.52 503.60 524.54 523.83 505.77 523.42 523.92 523.06 522.48 519.39 
522.19 523.72 523.73 521.21 522.91 520.47 523.06 523.20 522.96 515.86 522.68 521.60 517.28 521.71 520.22 517.44 518.43 515.14 505.11 350.06 
544.06 533.03 530.52 528.72 524.95 527.40 525.89 524.24 526.27 524.31 525.60 525.57 526.21 515.70 525.37 525.79 524.02 525.39 525.71 510.79 
524.13 526.32 525.62 523.36 519.39 524.13 528.40 518.56 524.59 522.44 525.23 522.48 524.57 525.29 499.12 524.56 525.38 524.37 525.02 520.02 
521.36 522.29 525.05 522.39 523.11 524.40 524.63 524.37 522.82 487.71 526.54 524.34 524.73 525.17 523.68 504.16 525.74 524.71 523.85 519.98 
524.48 523.06 521.36 527.87 522.20 525.00 524.93 522.09 522.69 507.64 524.34 523.60 523.52 524.87 518.97 523.36 519.67 525.39 523.57 509.93 
525.79 524.18 523.19 517.52 522.84 521.99 519.72 529.28 525.76 523.41 523.97 522.48 524.03 524.89 521.55 524.13 525.41 514.58 524.73 500.06 
524.10 524.43 527.07 521.84 516.10 524.00 523.06 527.12 524.82 517.71 524.96 518.00 525.87 524.34 523.88 521.36 525.77 524.57 519.67 519.90 
524.34 524.37 525.58 523.44 506.02 521.25 524.25 521.67 526.41 521.85 523.51 522.77 522.50 522.58 522.80 522.50 522.17 521.25 518.00 420.00 
531.50 527.75 526.33 525.50 524.90 524.42 524.00 524.03 525.79 512.96 525.09 522.33 524.05 521.75 521.27 524.56 524.72 523.43 521.16 520.30 
519.83 524.43 522.53 521.44 525.62 525.46 524.63 518.00 530.54 517.49 524.68 523.68 523.44 523.80 481.24 522.96 525.23 524.57 523.20 519.93 
524.77 514.42 524.89 521.87 521.55 524.91 524.27 521.52 523.33 522.39 525.54 523.52 524.58 523.01 522.86 517.28 523.31 522.82 521.71 449.93 
527.93 525.61 520.63 524.64 524.07 524.13 524.78 523.20 524.96 507.56 524.81 521.91 517.37 524.80 521.10 524.13 523.14 522.74 527.02 520.22 
523.45 526.29 524.56 503.84 518.64 524.63 523.77 524.46 524.96 516.94 522.48 522.43 517.87 527.40 524.59 522.41 525.25 521.51 523.94 519.98 
524.48 523.43 524.92 523.44 498.57 524.51 523.73 521.52 524.27 512.18 524.71 517.44 523.90 520.87 526.46 524.64 524.88 524.68 523.17 509.81 
521.79 523.61 524.48 524.21 524.13 514.10 524.09 523.23 519.70 523.29 525.23 521.76 522.61 524.40 505.91 523.28 523.78 522.77 523.44 489.61 
524.19 523.86 527.87 521.36 523.48 524.09 519.02 521.20 524.82 517.14 522.54 523.60 523.44 520.53 524.79 521.59 524.57 523.28 523.11 499.37 
522.82 522.74 526.38 522.58 520.80 523.97 523.76 503.20 523.98 521.59 521.45 522.86 523.92 523.30 515.25 521.79 523.31 522.68 523.57 508.79 
524.21 520.31 521.62 522.64 517.25 521.99 522.12 522.40 517.91 520.44 523.09 519.76 522.43 521.86 518.58 515.12 521.10 520.23 521.16 515.87 
519.36 519.72 517.25 514.96 515.25 513.69 509.92 502.37 481.25 262.50 568.25 545.63 538.58 535.31 532.25 529.04 529.25 529.28 529.14 524.13 
528.34 526.77 528.40 520.88 523.92 527.14 527.07 524.24 526.41 524.56 521.58 525.60 527.38 525.01 520.25 525.36 526.88 522.69 525.29 511.21 
525.93 526.32 525.19 526.21 517.25 523.70 525.58 525.14 527.05 523.41 525.52 504.80 525.74 525.03 521.70 525.42 523.12 524.26 523.68 500.63 
525.39 525.72 524.93 522.41 522.71 522.47 525.06 524.40 526.96 517.86 524.68 526.80 520.48 524.91 524.02 522.64 521.63 525.14 524.31 490.39 
526.06 524.23 525.72 524.72 506.59 524.60 523.89 522.24 524.27 521.71 528.80 524.77 525.41 514.90 523.37 523.79 524.02 525.39 527.71 510.19 
523.33 524.32 523.62 523.36 521.04 526.13 525.60 518.56 523.79 512.82 525.23 522.48 525.77 524.49 498.92 524.56 524.58 523.57 525.02 520.02 
524.56 521.49 524.25 521.59 522.91 521.60 530.63 525.57 524.02 518.06 524.54 523.54 524.73 524.37 518.86 504.16 524.94 522.71 525.05 519.78 
522.48 524.26 523.36 523.87 521.40 524.20 532.13 522.09 524.69 507.44 523.54 524.80 524.72 522.87 523.43 523.36 518.87 523.39 521.57 450.07 
527.79 526.18 525.19 518.72 524.64 523.99 524.92 524.48 522.96 522.61 523.17 522.48 525.23 524.09 520.95 526.13 524.61 514.58 524.73 520.07 
525.30 524.43 524.27 521.04 481.26 525.20 525.06 524.32 524.82 517.51 518.96 518.00 523.87 523.54 521.88 522.56 526.97 524.57 519.67 519.70 
528.34 523.57 524.78 523.44 521.23 521.25 525.45 521.67 524.41 512.04 522.71 523.97 522.50 522.58 522.60 522.50 522.17 521.25 518.00 420.00 
531.50 527.75 526.33 525.50 524.70 524.42 524.00 525.23 524.99 523.15 523.09 522.33 525.25 521.75 506.48 524.56 523.92 522.63 525.16 520.10 
519.84 524.43 523.73 522.64 523.62 524.66 522.63 518.00 524.54 517.29 524.68 520.88 525.44 525.00 516.40 522.16 522.43 524.57 524.40 499.94 
524.77 514.42 524.09 523.87 520.95 524.11 525.47 521.52 522.53 521.59 522.74 518.72 529.78 525.01 524.66 518.48 525.31 524.82 523.71 510.07 
525.93 523.61 519.83 524.64 518.53 522.13 525.98 524.40 524.16 507.36 526.81 521.91 524.57 524.00 520.30 520.13 525.14 523.94 525.02 520.02 
524.65 524.29 523.76 503.84 523.82 523.83 523.77 523.66 522.96 487.29 523.68 523.63 523.87 524.60 524.39 521.61 524.45 520.71 527.14 519.98 
524.48 522.63 524.12 523.44 498.37 523.71 524.93 521.52 524.27 522.56 523.91 517.44 521.10 522.87 518.11 524.64 522.88 522.68 522.37 509.21 
523.79 523.61 524.48 522.21 522.13 513.30 523.29 522.43 522.90 520.69 523.23 519.76 520.61 521.60 517.55 519.28 518.98 513.97 505.44 349.94 
543.39 533.86 531.07 526.56 527.28 527.29 522.23 526.40 526.82 519.14 526.54 524.80 525.44 522.53 524.59 522.79 525.77 525.28 526.31 520.61 
524.02 523.94 525.58 524.58 506.73 525.17 524.96 504.40 525.98 522.99 524.65 526.06 525.12 523.30 516.45 523.79 527.31 524.68 525.57 510.19 
524.21 521.51 523.62 526.64 524.33 523.99 525.32 523.60 519.91 512.53 525.09 521.76 523.63 531.06 521.98 518.32 524.30 523.43 525.16 519.87 
526.56 523.72 523.25 522.16 523.05 522.89 523.92 523.57 523.25 472.50 526.25 524.83 524.58 524.51 518.86 522.24 523.25 525.28 524.34 519.93 
524.34 521.97 525.60 518.08 521.12 524.34 524.27 522.24 524.41 521.96 519.59 522.80 524.58 523.01 523.57 523.36 522.88 519.89 521.29 449.93 
527.93 526.32 525.19 524.21 516.65 523.70 524.78 524.34 524.25 522.61 525.52 504.00 524.94 526.23 521.10 523.42 526.32 523.46 522.88 519.79 
524.59 523.72 524.13 521.61 518.22 520.47 519.06 525.60 524.96 517.66 524.68 524.00 519.67 524.11 524.02 521.84 524.83 523.14 523.51 489.79 
524.06 523.43 524.92 522.72 520.95 523.80 521.89 522.24 524.27 512.18 524.00 521.97 524.61 514.10 523.17 523.79 524.02 521.39 523.71 509.39 
522.53 524.32 523.62 523.36 522.84 522.13 522.80 516.56 522.99 520.44 523.23 518.48 518.97 513.69 393.63 534.56 529.78 526.77 527.02 521.82 
525.76 522.69 525.45 522.79 524.91 524.80 524.63 524.77 523.22 517.86 526.54 524.74 522.73 525.57 524.08 504.16 524.14 524.71 524.25 500.08 
526.48 523.46 523.36 523.87 520.80 529.40 525.33 522.09 524.69 507.44 524.74 524.00 523.92 522.87 521.23 525.36 520.07 523.39 525.57 509.93 
523.79 524.18 525.19 517.92 518.53 523.99 524.12 523.68 524.16 522.01 522.37 520.48 518.43 527.29 522.15 524.13 523.81 514.58 520.73 519.87 
524.50 524.43 523.47 522.24 516.10 526.40 523.06 523.52 524.82 487.29 524.96 518.00 523.87 524.74 523.68 521.76 524.17 528.57 519.66 519.70 
524.34 522.77 523.98 523.44 520.63 521.25 522.65 521.67 524.41 521.85 523.91 523.17 522.50 522.58 517.39 522.50 522.17 521.25 518.00 419.80 
531.50 527.75 526.33 525.50 524.70 524.42 524.00 524.43 524.19 522.55 525.09 522.33 524.45 521.75 521.27 522.56 525.12 523.83 525.16 499.92 
519.84 524.43 524.93 521.84 523.42 521.86 524.63 518.00 524.54 517.29 522.68 524.08 523.44 524.20 515.80 521.36 523.63 516.57 525.60 520.33 
524.77 514.42 523.29 523.87 506.02 523.31 524.67 521.52 521.73 522.99 523.94 523.92 522.98 523.01 524.66 517.68 523.31 526.82 523.71 509.47 
523.93 523.61 519.02 522.64 522.47 522.13 523.18 521.60 519.36 437.22 528.81 523.91 525.77 525.20 521.70 524.13 523.14 523.14 525.02 520.02 
523.85 524.29 524.96 503.84 523.62 525.03 523.77 522.86 524.96 517.34 522.88 524.83 523.87 523.80 518.14 520.81 537.65 521.91 524.34 519.78 
522.48 523.83 521.32 523.44 498.38 524.91 524.13 521.52 526.27 521.96 523.11 517.44 524.30 522.87 522.86 522.64 522.88 522.68 519.57 449.64 
527.79 525.61 524.48 524.21 523.93 514.50 528.49 523.63 524.10 521.89 523.23 521.76 522.61 524.80 520.95 523.28 524.18 523.17 523.44 489.61 
524.59 523.86 524.27 521.76 518.22 520.49 519.42 523.60 518.82 516.94 524.54 524.00 523.44 520.53 522.59 519.99 518.97 529.28 525.51 520.41 
523.22 523.14 524.78 524.58 520.80 524.37 526.16 503.60 523.98 512.04 523.85 523.26 534.32 523.30 515.85 523.79 523.31 524.68 521.57 509.39 
524.21 520.71 523.62 522.64 522.13 519.99 530.52 524.80 519.91 522.44 525.09 521.76 528.83 524.26 505.77 517.52 525.50 522.63 533.16 519.67 
523.76 523.72 523.25 521.36 523.05 524.09 523.92 522.77 523.25 471.90 526.25 524.03 524.58 523.71 522.65 521.44 523.25 523.28 523.54 499.37 
end   dump: s
begin dump: q
0.00 573.02 485.83 463.13 456.54 456.40 459.48 464.40 471.58 478.92 484.70 486.97 476.39 473.43 467.67 466.00 468.60 469.84 470.92 474.60 
474.02 477.84 478.44 475.63 470.73 466.34 470.91 470.93 466.16 473.82 469.15 478.97 477.96 475.63 474.06 465.36 469.93 471.89 472.11 472.80 
470.19 476.81 468.93 476.43 474.26 470.54 472.93 472.73 470.60 471.60 462.88 474.87 476.31 477.95 474.10 473.05 467.39 472.89 472.89 473.33 
460.33 475.52 475.61 472.23 475.55 473.63 472.94 473.74 472.59 472.86 457.94 474.10 472.41 476.23 476.10 458.79 473.75 472.16 471.85 474.17 
468.94 473.06 474.81 475.13 457.36 474.50 474.65 473.66 473.39 473.88 466.79 472.77 473.26 474.60 475.16 474.43 472.96 474.57 470.96 473.14 
451.27 474.07 472.97 475.09 474.39 452.20 476.07 474.70 472.18 474.72 470.81 473.60 467.62 473.75 473.52 474.81 475.29 474.03 474.40 472.78 
460.45 473.92 474.19 473.50 473.67 469.54 466.21 475.69 474.19 474.18 471.47 475.06 471.85 472.28 474.19 471.59 474.47 476.22 473.46 475.15 
442.88 473.39 473.96 474.07 471.75 473.13 474.71 470.63 474.70 475.25 440.82 473.96 473.00 473.76 471.04 473.60 472.70 474.31 476.00 474.88 
469.64 473.45 471.84 474.08 474.09 470.93 474.07 475.39 456.32 474.97 472.21 473.93 473.79 474.42 472.51 434.72 474.03 474.04 474.99 475.30 
461.59 474.83 471.75 474.21 473.68 472.62 472.93 474.29 473.93 469.92 471.59 483.78 472.42 474.45 474.31 470.99 467.90 474.04 473.49 474.40 
453.02 475.13 474.40 473.27 471.92 472.87 473.86 473.91 473.44 473.22 427.65 476.16 474.59 474.43 474.26 473.23 471.72 472.94 474.57 474.46 
470.12 470.37 473.45 473.58 467.99 457.61 473.82 471.90 472.03 474.94 472.35 469.59 474.09 476.22 471.79 472.68 473.17 474.19 471.80 474.59 
460.99 476.41 475.03 474.37 473.84 467.00 473.22 468.50 473.25 473.67 463.33 475.59 455.92 474.16 475.06 471.28 473.73 474.62 473.08 472.96 
469.43 473.70 476.87 473.37 472.96 474.49 471.31 473.65 474.03 474.55 467.42 477.66 474.34 470.08 475.66 469.15 471.89 474.63 474.00 474.20 
442.92 474.40 473.49 474.59 474.37 471.41 474.89 472.90 471.60 475.51 472.47 473.41 473.85 472.72 465.01 474.44 474.17 472.92 474.76 475.63 
406.64 471.57 473.61 475.36 473.55 474.28 474.21 474.89 468.07 473.97 471.92 474.75 472.27 474.93 474.04 451.15 474.45 476.89 473.97 475.59 
469.63 474.46 471.59 467.11 472.70 469.04 474.92 474.80 474.77 472.63 467.59 473.67 473.64 473.74 474.48 473.80 455.68 475.50 474.14 474.52 
469.92 474.34 473.08 472.03 474.10 471.24 475.03 475.48 472.01 477.44 395.69 471.70 474.46 473.90 472.81 473.47 473.32 470.48 474.35 475.03 
461.04 474.21 473.87 473.52 468.50 474.04 473.64 475.91 474.73 474.72 471.47 472.76 471.84 474.93 474.32 457.79 473.61 474.29 465.09 474.71 
469.66 473.79 475.23 474.76 471.72 466.71 474.08 473.79 474.09 474.62 468.22 474.66 468.51 473.46 473.28 473.57 471.95 474.10 474.56 469.67 
452.70 474.73 473.97 474.77 473.27 471.24 471.75 474.37 472.17 474.67 472.95 474.47 474.19 473.51 473.10 473.81 473.02 475.17 471.77 477.98 
379.80 471.48 477.14 473.21 474.81 468.40 473.64 472.68 474.05 474.30 472.18 474.77 472.26 475.69 471.59 471.16 473.60 475.19 473.17 474.71 
469.86 469.84 474.14 474.77 471.89 474.12 474.07 473.94 468.18 474.86 440.96 473.86 474.14 474.64 474.14 466.75 472.11 475.22 474.14 474.00 
470.20 477.12 464.93 475.77 474.24 471.92 476.12 473.16 472.61 473.80 472.07 474.05 473.50 475.14 474.10 469.07 468.59 474.91 473.91 474.35 
460.73 474.40 474.68 469.43 474.56 472.63 472.93 475.00 473.80 474.04 458.74 474.10 472.41 474.41 474.04 471.56 473.75 473.15 473.06 473.00 
452.16 474.25 474.83 475.46 455.36 474.29 474.80 473.72 474.58 474.79 467.79 472.95 473.47 474.62 474.46 474.23 473.15 473.74 472.16 474.32 
468.84 476.09 472.14 475.34 478.20 356.00 470.44 474.96 473.20 472.57 473.20 473.80 467.61 476.08 472.52 473.81 474.31 474.05 475.31 472.98 
460.84 474.93 474.33 474.50 473.68 473.25 465.41 474.87 473.43 474.37 463.04 475.14 471.83 472.27 474.51 470.99 473.48 475.32 473.66 476.23 
443.08 473.58 475.02 474.25 471.95 472.93 473.89 469.83 473.90 475.28 467.57 474.98 474.22 472.92 471.04 469.01 471.89 474.66 475.03 474.07 
470.43 472.62 473.05 475.28 474.10 471.12 474.18 474.57 455.52 474.90 472.61 474.12 473.98 474.60 472.52 466.86 474.03 473.05 474.87 476.36 
407.21 473.87 470.96 475.23 473.69 473.42 473.93 474.45 473.16 469.92 472.78 474.52 472.41 474.63 474.51 471.39 468.10 474.18 472.67 474.42 
470.34 474.32 475.40 473.26 472.12 469.18 474.06 473.93 473.64 473.28 427.05 476.22 474.79 474.45 474.58 473.23 471.92 472.93 474.62 474.59 
469.92 475.06 473.66 474.93 468.19 471.81 473.68 475.50 472.03 474.96 463.31 469.59 474.29 474.59 473.81 473.47 475.12 474.20 471.00 475.65 
461.19 474.17 474.04 475.25 473.83 466.40 473.21 475.52 474.42 473.85 472.32 474.46 455.12 475.55 475.25 457.93 473.74 474.79 473.28 472.15 
470.23 474.87 473.96 474.45 473.15 474.49 470.31 474.66 474.25 474.56 467.23 475.20 474.52 467.28 475.70 475.56 471.05 472.88 479.05 477.78 
316.39 471.01 468.63 475.66 475.43 469.82 474.04 475.90 471.61 473.35 472.66 474.61 473.04 474.25 466.21 473.25 473.18 474.85 474.78 474.61 
460.73 473.80 473.63 473.38 474.52 469.54 473.21 475.27 469.07 474.17 471.32 474.81 472.27 474.07 474.33 451.15 474.47 474.84 473.16 474.39 
469.43 474.55 471.80 475.38 471.89 474.26 475.11 473.80 474.00 473.82 440.82 474.75 473.85 474.75 473.68 473.60 455.68 474.77 474.16 474.71 
469.92 474.35 473.29 474.06 472.16 470.64 474.23 474.65 472.03 473.20 459.16 473.92 473.63 474.03 472.80 468.93 474.29 469.68 474.34 474.95 
461.44 475.30 474.02 474.46 468.70 473.05 472.63 476.91 472.03 474.93 472.86 472.97 471.84 474.05 474.46 471.28 473.61 474.46 465.09 474.71 
452.16 474.96 474.79 475.09 471.92 467.11 474.28 473.81 472.36 474.52 468.22 475.68 468.51 473.52 474.42 473.37 472.14 473.28 474.56 469.67 
470.40 474.79 473.16 475.04 474.23 457.61 471.76 474.58 472.17 474.79 472.35 474.66 474.38 473.51 473.10 473.81 473.02 475.17 471.79 478.00 
379.60 471.50 477.16 473.21 474.82 472.68 473.64 472.68 474.24 473.57 463.04 474.83 472.27 475.74 471.59 471.56 473.61 475.33 473.37 474.49 
469.85 469.84 474.36 473.80 472.08 472.93 474.36 473.95 468.18 478.31 467.57 474.93 474.34 474.58 474.48 435.28 472.33 474.35 474.14 474.17 
470.00 474.77 464.93 474.88 475.20 471.13 474.30 474.11 471.60 473.01 472.47 473.33 473.70 475.34 473.10 474.44 468.79 472.91 474.90 476.39 
406.93 473.43 473.59 470.63 473.54 473.42 473.93 474.13 473.98 474.29 458.74 475.13 472.41 470.04 474.54 471.96 473.75 473.15 473.25 473.17 
470.34 474.43 474.92 474.60 455.36 469.03 475.09 474.63 473.80 474.89 467.60 472.15 473.64 475.39 472.62 473.23 472.35 474.95 472.35 474.52 
469.63 474.09 473.37 474.47 473.38 450.60 474.45 475.15 472.17 474.65 462.89 474.05 468.62 475.21 474.54 471.63 473.31 474.07 474.33 473.18 
461.04 472.68 474.15 474.51 473.69 473.05 464.61 475.07 474.60 475.43 473.46 474.14 471.84 473.29 474.69 457.93 473.45 474.45 473.86 475.09 
443.48 473.77 473.92 476.76 472.14 473.92 474.09 469.03 475.06 475.28 468.36 473.79 473.40 473.73 472.03 473.00 472.09 473.86 473.95 474.25 
452.70 473.83 473.25 475.70 474.11 471.53 474.51 474.77 454.72 474.97 472.81 475.26 474.18 473.80 472.52 467.26 474.99 474.05 473.91 474.32 
461.59 475.98 472.15 474.16 472.69 469.26 473.93 474.57 473.34 467.92 472.18 475.55 473.41 474.82 472.68 470.60 469.30 476.37 473.87 472.41 
468.16 475.53 477.42 475.22 470.26 467.30 475.38 481.02 482.49 468.94 237.25 480.56 465.36 467.38 473.57 479.99 474.18 470.97 471.53 472.86 
471.90 477.09 472.87 473.13 467.38 472.20 476.26 474.68 471.03 473.95 472.35 471.59 474.50 474.93 472.81 469.07 475.15 474.24 471.20 473.52 
460.59 475.18 475.04 474.35 472.85 466.60 474.22 475.70 473.67 473.14 471.72 474.53 456.32 474.73 474.43 471.27 473.73 473.80 473.49 472.36 
451.59 474.14 475.00 475.64 472.35 474.29 471.32 474.66 474.44 475.71 467.22 474.22 472.78 470.48 474.86 473.37 472.29 472.74 475.02 474.63 
442.92 474.41 472.88 475.05 474.39 458.04 474.26 472.89 472.60 475.36 471.07 472.96 473.24 474.43 465.41 474.24 474.15 473.89 474.80 476.82 
461.13 473.01 474.62 474.33 474.54 475.67 472.20 474.29 468.07 474.34 463.76 474.85 472.27 474.35 474.50 450.95 474.47 475.03 473.37 475.41 
470.43 473.88 471.00 474.55 472.09 474.06 476.33 473.01 474.20 474.03 467.99 474.61 474.04 473.76 473.86 469.29 455.68 474.90 474.02 473.96 
469.72 476.33 473.49 473.04 474.09 470.84 474.41 479.46 472.03 474.37 458.96 474.10 473.86 475.37 472.81 473.87 474.30 468.88 475.36 476.07 
406.93 473.11 474.05 475.48 467.90 472.85 473.64 474.16 474.15 475.06 472.06 473.18 472.84 475.39 474.65 471.67 472.64 474.62 465.09 474.73 
470.06 474.22 474.81 475.15 472.11 434.97 474.47 473.82 473.51 474.57 468.02 471.19 468.51 474.44 474.59 474.36 472.35 475.70 474.58 469.67 
470.21 475.01 473.37 474.17 474.23 471.24 471.76 473.76 472.17 474.67 463.60 474.83 473.60 473.50 473.10 474.61 473.03 475.18 471.79 478.00 
379.60 471.50 477.16 473.22 474.83 473.48 473.64 472.68 473.47 473.74 472.18 474.71 472.27 474.92 471.59 458.36 473.61 474.46 473.58 474.71 
469.66 469.84 474.38 476.22 472.30 473.92 474.52 474.87 468.18 473.82 467.37 474.98 475.49 474.58 474.67 466.75 472.52 474.41 474.16 473.44 
452.13 474.79 464.93 475.04 474.23 471.53 474.48 475.45 472.60 473.21 471.67 473.47 475.81 472.59 474.11 474.24 467.98 473.93 474.93 474.20 
460.73 474.55 474.61 469.83 473.56 469.40 473.94 475.47 474.21 474.48 458.54 476.30 472.41 474.85 474.71 472.16 475.68 472.12 473.45 475.15 
470.14 473.69 474.79 474.73 455.36 473.70 475.27 473.65 473.99 474.75 441.11 472.36 473.85 474.59 473.84 473.03 472.55 474.12 471.55 473.84 
470.63 475.11 473.57 474.66 473.38 450.40 474.62 475.43 472.17 474.69 473.21 474.23 467.62 474.23 473.53 468.78 473.33 475.01 475.32 472.38 
461.44 474.89 474.17 473.54 474.67 474.04 463.81 475.25 474.80 473.79 471.87 476.15 472.83 470.29 474.90 472.98 472.42 473.84 478.11 478.49 
316.61 470.62 469.89 476.62 473.39 471.73 473.25 472.23 473.32 474.30 468.36 474.94 473.59 473.74 473.03 472.80 471.29 475.05 474.98 473.53 
469.83 474.03 473.46 474.71 474.10 458.04 473.69 473.95 455.92 475.04 472.21 474.55 473.42 473.98 473.53 467.46 474.01 473.14 474.91 475.33 
460.99 473.85 472.35 474.19 472.73 473.82 472.93 474.91 473.55 469.92 463.33 474.54 472.41 474.00 475.27 470.99 468.50 474.57 473.08 474.44 
470.14 473.81 474.33 473.26 472.52 474.06 474.37 473.95 473.05 473.28 427.05 476.22 474.20 474.47 474.88 469.15 472.32 472.92 473.55 474.07 
469.72 475.08 474.07 475.32 468.59 471.41 474.44 474.87 472.03 474.98 471.75 469.59 474.68 475.05 472.81 473.87 474.16 473.17 472.38 475.63 
406.64 473.14 474.07 475.35 473.82 467.00 474.22 474.90 473.86 474.27 471.92 474.60 455.52 474.93 474.76 471.68 473.74 474.22 473.69 473.56 
469.63 474.32 473.91 474.84 472.55 469.32 472.30 475.48 473.62 474.52 468.02 474.22 473.95 469.68 475.06 474.37 472.49 475.25 473.93 474.82 
443.32 473.27 473.08 474.18 474.36 471.81 474.44 473.91 472.61 474.36 463.60 474.03 474.41 474.63 464.61 474.04 474.16 473.90 474.62 474.57 
461.33 473.21 473.64 474.34 473.53 473.48 474.22 473.42 469.07 474.59 471.33 476.93 471.24 474.54 478.51 355.75 469.64 474.16 474.60 473.41 
471.22 474.08 471.19 475.76 471.29 473.06 474.49 473.78 474.38 473.24 467.79 474.71 473.27 474.68 474.15 473.00 455.68 474.04 474.12 474.14 
452.13 476.50 473.68 473.04 474.09 471.24 474.91 475.09 472.03 475.40 458.96 474.35 474.05 474.50 473.81 474.66 473.28 470.08 474.27 475.10 
461.44 475.15 475.04 473.49 468.10 469.26 472.64 474.36 474.35 474.34 472.47 472.38 471.83 476.34 472.83 470.88 473.60 473.73 465.09 472.38 
469.86 474.39 474.81 474.28 472.32 467.11 474.81 473.76 473.71 475.64 440.96 474.64 468.51 474.46 474.87 473.17 472.55 474.73 474.81 469.67 
470.20 474.79 473.56 474.31 474.25 471.64 471.76 473.81 472.17 474.73 472.35 474.09 473.79 473.50 473.10 469.92 473.03 475.19 471.81 478.02 
379.40 471.52 477.18 473.23 474.83 473.48 473.64 472.68 473.66 473.93 471.58 474.83 472.27 475.13 471.59 471.56 474.58 474.73 472.77 474.77 
451.59 469.84 474.38 475.40 472.49 473.72 475.67 474.93 468.18 474.84 467.37 474.88 473.75 474.61 474.86 467.14 472.72 474.74 473.71 474.60 
470.40 474.79 464.93 475.21 474.24 458.18 474.63 474.57 472.60 473.42 473.06 473.68 473.11 473.59 473.10 473.25 468.19 474.88 475.07 475.29 
461.13 474.47 474.60 469.03 474.53 473.82 473.93 475.60 473.38 476.69 395.81 472.06 472.43 474.02 473.92 471.56 473.74 474.16 473.66 475.16 
470.14 473.88 474.81 474.00 455.36 473.49 474.47 474.65 474.20 475.83 467.99 473.56 473.08 473.60 474.03 469.29 471.74 482.39 471.76 473.94 
470.43 473.91 472.76 472.61 473.39 450.40 474.90 474.57 472.17 474.75 472.61 474.42 468.62 474.61 472.53 473.01 474.30 473.03 475.34 474.62 
407.21 473.87 474.19 475.48 473.68 472.85 465.01 476.78 473.99 474.98 472.07 473.99 472.84 473.28 474.06 471.39 473.47 474.91 473.25 475.10 
443.48 474.19 474.94 474.87 472.55 469.18 473.28 469.43 473.51 471.84 468.17 474.95 473.81 474.75 472.04 472.80 471.48 476.13 472.08 474.70 
470.63 473.23 473.66 474.88 474.11 471.52 473.89 475.34 455.12 473.91 463.31 474.73 474.59 481.00 473.52 466.86 474.01 474.03 473.92 473.09 
461.19 474.91 471.55 474.20 474.67 474.61 474.95 473.28 473.75 469.92 472.18 474.56 472.41 477.60 475.13 458.36 468.70 475.92 473.29 479.13 
469.94 473.93 474.37 473.25 472.72 474.06 474.69 473.96 473.25 473.34 426.45 476.28 474.40 474.48 475.09 474.42 472.52 472.92 474.55 473.27 
451.27 475.10 473.25 475.46 468.79 471.81 474.63 475.05 472.02 465.72 472.95 469.59 473.91 475.21 473.81 474.67 474.17 474.19 471.60 474.67 
460.59 474.20 473.96 474.35 473.81 435.53 474.23 475.08 474.05 474.47 472.32 474.53 454.72 474.11 474.88 471.87 473.76 475.42 474.90 472.74 
470.42 473.52 472.95 475.19 471.74 473.70 472.31 474.64 474.84 475.54 441.11 474.25 473.15 468.88 474.24 474.17 472.69 475.43 474.99 475.01 
443.52 474.35 473.28 473.28 473.38 471.21 474.76 473.90 472.59 474.44 473.06 474.22 473.65 473.81 463.81 468.78 474.18 474.89 474.75 475.58 
461.73 473.41 474.55 474.36 472.55 472.48 473.22 475.75 469.07 474.80 473.72 474.78 472.26 474.80 472.88 449.35 473.45 474.41 473.77 475.43 
453.02 475.26 472.39 474.93 471.48 472.86 473.78 473.79 474.58 473.42 468.79 475.62 474.45 474.74 474.30 472.79 453.68 474.37 474.14 475.34 
471.12 475.33 474.89 474.03 474.10 457.18 472.85 473.27 472.03 475.40 459.76 475.54 475.25 475.76 473.80 473.66 472.30 467.28 473.34 473.98 
461.85 476.17 476.06 475.50 469.29 474.24 472.64 471.55 471.54 473.53 463.76 474.59 473.84 476.77 476.02 472.26 473.59 473.07 461.09 472.69 
469.86 475.59 476.83 477.61 474.51 468.49 474.89 472.76 469.89 470.53 466.44 475.68 470.52 477.47 478.04 471.98 473.71 473.87 470.51 461.67 
466.04 474.90 475.82 479.66 479.24 476.80 475.67 476.07 468.05 462.53 459.83 469.48 476.26 481.78 487.26 490.90 491.31 485.27 463.11 376.48 
end   dump: q
==END   DUMP_ARRAYS==

[jetson] exit code: 0
[jetson] elapsed_s 0.030
