[jetson] uname -a: Linux pva-compiler-orin-1.nvidia.com 6.8.12-1021-tegra #1 SMP PREEMPT Tue Jun 9 09:16:45 PDT 2026 aarch64 aarch64 aarch64 GNU/Linux
[jetson] nvcc version:
  (nvcc not found)
[jetson] accelerator status:
[N/A]

[jetson] running /tmp/polygeist_jetson_runs/bicg-native-cpu-timing_20260908_102643/native-cpu-timing run 1 ...
POLYGEIST_BENCHMARK_ITERATION phase=warmup index=0 total=10
0.018165
POLYGEIST_BENCHMARK_ITERATION phase=warmup index=1 total=10
0.018121
POLYGEIST_BENCHMARK_ITERATION phase=warmup index=2 total=10
0.018128
POLYGEIST_BENCHMARK_ITERATION phase=warmup index=3 total=10
0.018098
POLYGEIST_BENCHMARK_ITERATION phase=warmup index=4 total=10
0.018097
POLYGEIST_BENCHMARK_ITERATION phase=sample index=0 total=10
0.018101
POLYGEIST_BENCHMARK_ITERATION phase=sample index=1 total=10
0.018122
POLYGEIST_BENCHMARK_ITERATION phase=sample index=2 total=10
0.018095
POLYGEIST_BENCHMARK_ITERATION phase=sample index=3 total=10
0.018098
POLYGEIST_BENCHMARK_ITERATION phase=sample index=4 total=10
0.018138

[jetson] exit code: 0
[jetson] elapsed_s 0.368
