
****************************************
*** RaiseAffineToLinalgPipeline START ***
****************************************

Running pipeline...

****************************************
*** RaiseAffineToLinalg START ***
****************************************

### Step 1: Applying AffineParallelFission ###

=== AffineParallelFission ===
Processing affine.parallel:
affine.parallel (%arg8) = (1) to (symbol(%0) - 1) {
  %23 = affine.load %arg4[%arg7, -%arg8 + symbol(%0) - 1] : memref<?x20xf64>
  %24 = affine.load %arg2[%arg7, -%arg8 + symbol(%0)] : memref<?x20xf64>
  %25 = arith.mulf %23, %24 : f64
  %26 = affine.load %arg5[%arg7, -%arg8 + symbol(%0) - 1] : memref<?x20xf64>
  %27 = arith.addf %25, %26 : f64
  affine.store %27, %arg2[%arg7, -%arg8 + symbol(%0) - 1] : memref<?x20xf64>
}

=== AffineParallelFission ===
Processing affine.parallel:
affine.parallel (%arg8) = (1) to (symbol(%0) - 1) {
  %23 = affine.load %arg4[%arg7, %arg8 - 1] : memref<?x20xf64>
  %24 = arith.mulf %13, %23 : f64
  %25 = arith.addf %24, %14 : f64
  %26 = arith.divf %17, %25 : f64
  affine.store %26, %arg4[%arg7, %arg8] : memref<?x20xf64>
  %27 = affine.load %arg3[%arg7 - 1, %arg8] : memref<?x20xf64>
  %28 = arith.mulf %16, %27 : f64
  %29 = affine.load %arg3[%arg7, %arg8] : memref<?x20xf64>
  %30 = arith.mulf %21, %29 : f64
  %31 = arith.addf %28, %30 : f64
  %32 = affine.load %arg3[%arg7 + 1, %arg8] : memref<?x20xf64>
  %33 = arith.mulf %10, %32 : f64
  %34 = arith.subf %31, %33 : f64
  %35 = affine.load %arg5[%arg7, %arg8 - 1] : memref<?x20xf64>
  %36 = arith.mulf %13, %35 : f64
  %37 = arith.subf %34, %36 : f64
  %38 = arith.divf %37, %25 : f64
  affine.store %38, %arg5[%arg7, %arg8] : memref<?x20xf64>
}

=== AffineParallelFission ===
Processing affine.parallel:
affine.parallel (%arg7) = (1) to (symbol(%0) - 1) {
  affine.store %cst, %arg2[%arg7, 0] : memref<?x20xf64>
  affine.store %cst_1, %arg4[%arg7, 0] : memref<?x20xf64>
  %22 = affine.load %arg2[%arg7, 0] : memref<?x20xf64>
  affine.store %22, %arg5[%arg7, 0] : memref<?x20xf64>
  affine.parallel (%arg8) = (1) to (symbol(%0) - 1) {
    %23 = affine.load %arg4[%arg7, %arg8 - 1] : memref<?x20xf64>
    %24 = arith.mulf %13, %23 : f64
    %25 = arith.addf %24, %14 : f64
    %26 = arith.divf %17, %25 : f64
    affine.store %26, %arg4[%arg7, %arg8] : memref<?x20xf64>
    %27 = affine.load %arg3[%arg7 - 1, %arg8] : memref<?x20xf64>
    %28 = arith.mulf %16, %27 : f64
    %29 = affine.load %arg3[%arg7, %arg8] : memref<?x20xf64>
    %30 = arith.mulf %21, %29 : f64
    %31 = arith.addf %28, %30 : f64
    %32 = affine.load %arg3[%arg7 + 1, %arg8] : memref<?x20xf64>
    %33 = arith.mulf %10, %32 : f64
    %34 = arith.subf %31, %33 : f64
    %35 = affine.load %arg5[%arg7, %arg8 - 1] : memref<?x20xf64>
    %36 = arith.mulf %13, %35 : f64
    %37 = arith.subf %34, %36 : f64
    %38 = arith.divf %37, %25 : f64
    affine.store %38, %arg5[%arg7, %arg8] : memref<?x20xf64>
  }
  affine.store %cst, %arg2[%arg7, symbol(%0) - 1] : memref<?x20xf64>
  affine.parallel (%arg8) = (1) to (symbol(%0) - 1) {
    %23 = affine.load %arg4[%arg7, -%arg8 + symbol(%0) - 1] : memref<?x20xf64>
    %24 = affine.load %arg2[%arg7, -%arg8 + symbol(%0)] : memref<?x20xf64>
    %25 = arith.mulf %23, %24 : f64
    %26 = affine.load %arg5[%arg7, -%arg8 + symbol(%0) - 1] : memref<?x20xf64>
    %27 = arith.addf %25, %26 : f64
    affine.store %27, %arg2[%arg7, -%arg8 + symbol(%0) - 1] : memref<?x20xf64>
  }
}

=== AffineParallelFission ===
Processing affine.parallel:
affine.parallel (%arg8) = (1) to (symbol(%0) - 1) {
  %23 = affine.load %arg4[%arg7, -%arg8 + symbol(%0) - 1] : memref<?x20xf64>
  %24 = affine.load %arg3[-%arg8 + symbol(%0), %arg7] : memref<?x20xf64>
  %25 = arith.mulf %23, %24 : f64
  %26 = affine.load %arg5[%arg7, -%arg8 + symbol(%0) - 1] : memref<?x20xf64>
  %27 = arith.addf %25, %26 : f64
  affine.store %27, %arg3[-%arg8 + symbol(%0) - 1, %arg7] : memref<?x20xf64>
}

=== AffineParallelFission ===
Processing affine.parallel:
affine.parallel (%arg8) = (1) to (symbol(%0) - 1) {
  %23 = affine.load %arg4[%arg7, %arg8 - 1] : memref<?x20xf64>
  %24 = arith.mulf %10, %23 : f64
  %25 = arith.addf %24, %11 : f64
  %26 = arith.divf %16, %25 : f64
  affine.store %26, %arg4[%arg7, %arg8] : memref<?x20xf64>
  %27 = affine.load %arg2[%arg8, %arg7 - 1] : memref<?x20xf64>
  %28 = arith.mulf %17, %27 : f64
  %29 = affine.load %arg2[%arg8, %arg7] : memref<?x20xf64>
  %30 = arith.mulf %19, %29 : f64
  %31 = arith.addf %28, %30 : f64
  %32 = affine.load %arg2[%arg8, %arg7 + 1] : memref<?x20xf64>
  %33 = arith.mulf %13, %32 : f64
  %34 = arith.subf %31, %33 : f64
  %35 = affine.load %arg5[%arg7, %arg8 - 1] : memref<?x20xf64>
  %36 = arith.mulf %10, %35 : f64
  %37 = arith.subf %34, %36 : f64
  %38 = arith.divf %37, %25 : f64
  affine.store %38, %arg5[%arg7, %arg8] : memref<?x20xf64>
}

=== AffineParallelFission ===
Processing affine.parallel:
affine.parallel (%arg7) = (1) to (symbol(%0) - 1) {
  affine.store %cst, %arg3[0, %arg7] : memref<?x20xf64>
  affine.store %cst_1, %arg4[%arg7, 0] : memref<?x20xf64>
  %22 = affine.load %arg3[0, %arg7] : memref<?x20xf64>
  affine.store %22, %arg5[%arg7, 0] : memref<?x20xf64>
  affine.parallel (%arg8) = (1) to (symbol(%0) - 1) {
    %23 = affine.load %arg4[%arg7, %arg8 - 1] : memref<?x20xf64>
    %24 = arith.mulf %10, %23 : f64
    %25 = arith.addf %24, %11 : f64
    %26 = arith.divf %16, %25 : f64
    affine.store %26, %arg4[%arg7, %arg8] : memref<?x20xf64>
    %27 = affine.load %arg2[%arg8, %arg7 - 1] : memref<?x20xf64>
    %28 = arith.mulf %17, %27 : f64
    %29 = affine.load %arg2[%arg8, %arg7] : memref<?x20xf64>
    %30 = arith.mulf %19, %29 : f64
    %31 = arith.addf %28, %30 : f64
    %32 = affine.load %arg2[%arg8, %arg7 + 1] : memref<?x20xf64>
    %33 = arith.mulf %13, %32 : f64
    %34 = arith.subf %31, %33 : f64
    %35 = affine.load %arg5[%arg7, %arg8 - 1] : memref<?x20xf64>
    %36 = arith.mulf %10, %35 : f64
    %37 = arith.subf %34, %36 : f64
    %38 = arith.divf %37, %25 : f64
    affine.store %38, %arg5[%arg7, %arg8] : memref<?x20xf64>
  }
  affine.store %cst, %arg3[symbol(%0) - 1, %arg7] : memref<?x20xf64>
  affine.parallel (%arg8) = (1) to (symbol(%0) - 1) {
    %23 = affine.load %arg4[%arg7, -%arg8 + symbol(%0) - 1] : memref<?x20xf64>
    %24 = affine.load %arg3[-%arg8 + symbol(%0), %arg7] : memref<?x20xf64>
    %25 = arith.mulf %23, %24 : f64
    %26 = affine.load %arg5[%arg7, -%arg8 + symbol(%0) - 1] : memref<?x20xf64>
    %27 = arith.addf %25, %26 : f64
    affine.store %27, %arg3[-%arg8 + symbol(%0) - 1, %arg7] : memref<?x20xf64>
  }
}
### Step 1 Complete ###

### Step 2: Applying AffineParallelToFor ###

=== AffineParallelToFor ===
Processing affine.parallel:
affine.parallel (%arg8) = (1) to (symbol(%0) - 1) {
  %23 = affine.load %arg4[%arg7, -%arg8 + symbol(%0) - 1] : memref<?x20xf64>
  %24 = affine.load %arg2[%arg7, -%arg8 + symbol(%0)] : memref<?x20xf64>
  %25 = arith.mulf %23, %24 : f64
  %26 = affine.load %arg5[%arg7, -%arg8 + symbol(%0) - 1] : memref<?x20xf64>
  %27 = arith.addf %25, %26 : f64
  affine.store %27, %arg2[%arg7, -%arg8 + symbol(%0) - 1] : memref<?x20xf64>
}
Converting parallel loop with 1 induction variables
=== AffineParallelToFor SUCCESS ===


=== AffineParallelToFor ===
Processing affine.parallel:
affine.parallel (%arg8) = (1) to (symbol(%0) - 1) {
  %23 = affine.load %arg4[%arg7, %arg8 - 1] : memref<?x20xf64>
  %24 = arith.mulf %13, %23 : f64
  %25 = arith.addf %24, %14 : f64
  %26 = arith.divf %17, %25 : f64
  affine.store %26, %arg4[%arg7, %arg8] : memref<?x20xf64>
  %27 = affine.load %arg3[%arg7 - 1, %arg8] : memref<?x20xf64>
  %28 = arith.mulf %16, %27 : f64
  %29 = affine.load %arg3[%arg7, %arg8] : memref<?x20xf64>
  %30 = arith.mulf %21, %29 : f64
  %31 = arith.addf %28, %30 : f64
  %32 = affine.load %arg3[%arg7 + 1, %arg8] : memref<?x20xf64>
  %33 = arith.mulf %10, %32 : f64
  %34 = arith.subf %31, %33 : f64
  %35 = affine.load %arg5[%arg7, %arg8 - 1] : memref<?x20xf64>
  %36 = arith.mulf %13, %35 : f64
  %37 = arith.subf %34, %36 : f64
  %38 = arith.divf %37, %25 : f64
  affine.store %38, %arg5[%arg7, %arg8] : memref<?x20xf64>
}
Converting parallel loop with 1 induction variables
=== AffineParallelToFor SUCCESS ===


=== AffineParallelToFor ===
Processing affine.parallel:
affine.parallel (%arg7) = (1) to (symbol(%0) - 1) {
  affine.store %cst, %arg2[%arg7, 0] : memref<?x20xf64>
  affine.store %cst_1, %arg4[%arg7, 0] : memref<?x20xf64>
  %22 = affine.load %arg2[%arg7, 0] : memref<?x20xf64>
  affine.store %22, %arg5[%arg7, 0] : memref<?x20xf64>
  affine.for %arg8 = 1 to affine_map<()[s0] -> (s0 - 1)>()[%0] {
    %23 = affine.load %arg4[%arg7, %arg8 - 1] : memref<?x20xf64>
    %24 = arith.mulf %13, %23 : f64
    %25 = arith.addf %24, %14 : f64
    %26 = arith.divf %17, %25 : f64
    affine.store %26, %arg4[%arg7, %arg8] : memref<?x20xf64>
    %27 = affine.load %arg3[%arg7 - 1, %arg8] : memref<?x20xf64>
    %28 = arith.mulf %16, %27 : f64
    %29 = affine.load %arg3[%arg7, %arg8] : memref<?x20xf64>
    %30 = arith.mulf %21, %29 : f64
    %31 = arith.addf %28, %30 : f64
    %32 = affine.load %arg3[%arg7 + 1, %arg8] : memref<?x20xf64>
    %33 = arith.mulf %10, %32 : f64
    %34 = arith.subf %31, %33 : f64
    %35 = affine.load %arg5[%arg7, %arg8 - 1] : memref<?x20xf64>
    %36 = arith.mulf %13, %35 : f64
    %37 = arith.subf %34, %36 : f64
    %38 = arith.divf %37, %25 : f64
    affine.store %38, %arg5[%arg7, %arg8] : memref<?x20xf64>
  }
  affine.store %cst, %arg2[%arg7, symbol(%0) - 1] : memref<?x20xf64>
  affine.for %arg8 = 1 to affine_map<()[s0] -> (s0 - 1)>()[%0] {
    %23 = affine.load %arg4[%arg7, -%arg8 + symbol(%0) - 1] : memref<?x20xf64>
    %24 = affine.load %arg2[%arg7, -%arg8 + symbol(%0)] : memref<?x20xf64>
    %25 = arith.mulf %23, %24 : f64
    %26 = affine.load %arg5[%arg7, -%arg8 + symbol(%0) - 1] : memref<?x20xf64>
    %27 = arith.addf %25, %26 : f64
    affine.store %27, %arg2[%arg7, -%arg8 + symbol(%0) - 1] : memref<?x20xf64>
  }
}
Converting parallel loop with 1 induction variables
=== AffineParallelToFor SUCCESS ===


=== AffineParallelToFor ===
Processing affine.parallel:
affine.parallel (%arg8) = (1) to (symbol(%0) - 1) {
  %23 = affine.load %arg4[%arg7, -%arg8 + symbol(%0) - 1] : memref<?x20xf64>
  %24 = affine.load %arg3[-%arg8 + symbol(%0), %arg7] : memref<?x20xf64>
  %25 = arith.mulf %23, %24 : f64
  %26 = affine.load %arg5[%arg7, -%arg8 + symbol(%0) - 1] : memref<?x20xf64>
  %27 = arith.addf %25, %26 : f64
  affine.store %27, %arg3[-%arg8 + symbol(%0) - 1, %arg7] : memref<?x20xf64>
}
Converting parallel loop with 1 induction variables
=== AffineParallelToFor SUCCESS ===


=== AffineParallelToFor ===
Processing affine.parallel:
affine.parallel (%arg8) = (1) to (symbol(%0) - 1) {
  %23 = affine.load %arg4[%arg7, %arg8 - 1] : memref<?x20xf64>
  %24 = arith.mulf %10, %23 : f64
  %25 = arith.addf %24, %11 : f64
  %26 = arith.divf %16, %25 : f64
  affine.store %26, %arg4[%arg7, %arg8] : memref<?x20xf64>
  %27 = affine.load %arg2[%arg8, %arg7 - 1] : memref<?x20xf64>
  %28 = arith.mulf %17, %27 : f64
  %29 = affine.load %arg2[%arg8, %arg7] : memref<?x20xf64>
  %30 = arith.mulf %19, %29 : f64
  %31 = arith.addf %28, %30 : f64
  %32 = affine.load %arg2[%arg8, %arg7 + 1] : memref<?x20xf64>
  %33 = arith.mulf %13, %32 : f64
  %34 = arith.subf %31, %33 : f64
  %35 = affine.load %arg5[%arg7, %arg8 - 1] : memref<?x20xf64>
  %36 = arith.mulf %10, %35 : f64
  %37 = arith.subf %34, %36 : f64
  %38 = arith.divf %37, %25 : f64
  affine.store %38, %arg5[%arg7, %arg8] : memref<?x20xf64>
}
Converting parallel loop with 1 induction variables
=== AffineParallelToFor SUCCESS ===


=== AffineParallelToFor ===
Processing affine.parallel:
affine.parallel (%arg7) = (1) to (symbol(%0) - 1) {
  affine.store %cst, %arg3[0, %arg7] : memref<?x20xf64>
  affine.store %cst_1, %arg4[%arg7, 0] : memref<?x20xf64>
  %22 = affine.load %arg3[0, %arg7] : memref<?x20xf64>
  affine.store %22, %arg5[%arg7, 0] : memref<?x20xf64>
  affine.for %arg8 = 1 to affine_map<()[s0] -> (s0 - 1)>()[%0] {
    %23 = affine.load %arg4[%arg7, %arg8 - 1] : memref<?x20xf64>
    %24 = arith.mulf %10, %23 : f64
    %25 = arith.addf %24, %11 : f64
    %26 = arith.divf %16, %25 : f64
    affine.store %26, %arg4[%arg7, %arg8] : memref<?x20xf64>
    %27 = affine.load %arg2[%arg8, %arg7 - 1] : memref<?x20xf64>
    %28 = arith.mulf %17, %27 : f64
    %29 = affine.load %arg2[%arg8, %arg7] : memref<?x20xf64>
    %30 = arith.mulf %19, %29 : f64
    %31 = arith.addf %28, %30 : f64
    %32 = affine.load %arg2[%arg8, %arg7 + 1] : memref<?x20xf64>
    %33 = arith.mulf %13, %32 : f64
    %34 = arith.subf %31, %33 : f64
    %35 = affine.load %arg5[%arg7, %arg8 - 1] : memref<?x20xf64>
    %36 = arith.mulf %10, %35 : f64
    %37 = arith.subf %34, %36 : f64
    %38 = arith.divf %37, %25 : f64
    affine.store %38, %arg5[%arg7, %arg8] : memref<?x20xf64>
  }
  affine.store %cst, %arg3[symbol(%0) - 1, %arg7] : memref<?x20xf64>
  affine.for %arg8 = 1 to affine_map<()[s0] -> (s0 - 1)>()[%0] {
    %23 = affine.load %arg4[%arg7, -%arg8 + symbol(%0) - 1] : memref<?x20xf64>
    %24 = affine.load %arg3[-%arg8 + symbol(%0), %arg7] : memref<?x20xf64>
    %25 = arith.mulf %23, %24 : f64
    %26 = affine.load %arg5[%arg7, -%arg8 + symbol(%0) - 1] : memref<?x20xf64>
    %27 = arith.addf %25, %26 : f64
    affine.store %27, %arg3[-%arg8 + symbol(%0) - 1, %arg7] : memref<?x20xf64>
  }
}
Converting parallel loop with 1 induction variables
=== AffineParallelToFor SUCCESS ===

### Step 2 Complete ###

### Step 3: Applying AffineForOpRaising ###

========================================
=== AffineForOpRaising::matchAndRewrite ===
========================================
Processing loop:
affine.for %arg8 = 1 to affine_map<()[s0] -> (s0 - 1)>()[%0] {
  %23 = affine.load %arg4[%arg7, -%arg8 + symbol(%0) - 1] : memref<?x20xf64>
  %24 = affine.load %arg2[%arg7, -%arg8 + symbol(%0)] : memref<?x20xf64>
  %25 = arith.mulf %23, %24 : f64
  %26 = affine.load %arg5[%arg7, -%arg8 + symbol(%0) - 1] : memref<?x20xf64>
  %27 = arith.addf %25, %26 : f64
  affine.store %27, %arg2[%arg7, -%arg8 + symbol(%0) - 1] : memref<?x20xf64>
}

Pattern recognition complete:
  Loads: 3
  Stores: 1
  LinalgGenerics: 0

Loop bounds:
  lbMap: () -> (1)
  ubMap: ()[s0] -> (s0 - 1)

--- Processing Linalg Generics ---

--- Processing Loads ---
Processing load: %26 = affine.load %arg4[%arg7, -%arg8 + symbol(%0) - 1] : memref<?x20xf64>

=== remap_in_affine_dim ===
  oldmap: (d0, d1)[s0] -> (d0, -d1 + s0 - 1)
  firstNDims: 0
  check_reduction (input): 0
  lower_bound_val: 1
  dimidx: 1
  check_reduction (output): 0
  new map (map2): (d0)[s0, s1] -> (s0, -(d0 + 1) + s1 - 1)
  validDims: 1, validSims: 2
  Created SubmapOp with type: memref<?xf64>
=== remap_in_affine_dim END ===

Processing load: %28 = affine.load %arg2[%arg7, -%arg8 + symbol(%0)] : memref<?x20xf64>

=== remap_in_affine_dim ===
  oldmap: (d0, d1)[s0] -> (d0, -d1 + s0)
  firstNDims: 0
  check_reduction (input): 0
  lower_bound_val: 1
  dimidx: 1
  check_reduction (output): 0
  new map (map2): (d0)[s0, s1] -> (s0, -(d0 + 1) + s1)
  validDims: 1, validSims: 2
  Created SubmapOp with type: memref<?xf64>
=== remap_in_affine_dim END ===

Processing load: %31 = affine.load %arg5[%arg7, -%arg8 + symbol(%0) - 1] : memref<?x20xf64>

=== remap_in_affine_dim ===
  oldmap: (d0, d1)[s0] -> (d0, -d1 + s0 - 1)
  firstNDims: 0
  check_reduction (input): 0
  lower_bound_val: 1
  dimidx: 1
  check_reduction (output): 0
  new map (map2): (d0)[s0, s1] -> (s0, -(d0 + 1) + s1 - 1)
  validDims: 1, validSims: 2
  Created SubmapOp with type: memref<?xf64>
=== remap_in_affine_dim END ===


--- Processing Stores ---
Processing store: affine.store %33, %arg2[%arg7, -%arg8 + symbol(%0) - 1] : memref<?x20xf64>

=== remap_in_affine_dim ===
  oldmap: (d0, d1)[s0] -> (d0, -d1 + s0 - 1)
  firstNDims: 0
  check_reduction (input): 1
  lower_bound_val: 1
  dimidx: 1
  check_reduction (output): 0
  new map (map2): (d0)[s0, s1] -> (s0, -(d0 + 1) + s1 - 1)
  validDims: 1, validSims: 2
  Created SubmapOp with type: memref<?xf64>
=== remap_in_affine_dim END ===


--- Creating linalg.generic ---
Iterator type for this loop: parallel
Total iterator types: 1
Total inputs: 3
Total outputs: 1

=== AffineForOpRaising SUCCESS ===
========================================


========================================
=== AffineForOpRaising::matchAndRewrite ===
========================================
Processing loop:
affine.for %arg8 = 1 to affine_map<()[s0] -> (s0 - 1)>()[%0] {
  %29 = affine.load %arg4[%arg7, %arg8 - 1] : memref<?x20xf64>
  %30 = arith.mulf %13, %29 : f64
  %31 = arith.addf %30, %14 : f64
  %32 = arith.divf %17, %31 : f64
  affine.store %32, %arg4[%arg7, %arg8] : memref<?x20xf64>
  %33 = affine.load %arg3[%arg7 - 1, %arg8] : memref<?x20xf64>
  %34 = arith.mulf %16, %33 : f64
  %35 = affine.load %arg3[%arg7, %arg8] : memref<?x20xf64>
  %36 = arith.mulf %21, %35 : f64
  %37 = arith.addf %34, %36 : f64
  %38 = affine.load %arg3[%arg7 + 1, %arg8] : memref<?x20xf64>
  %39 = arith.mulf %10, %38 : f64
  %40 = arith.subf %37, %39 : f64
  %41 = affine.load %arg5[%arg7, %arg8 - 1] : memref<?x20xf64>
  %42 = arith.mulf %13, %41 : f64
  %43 = arith.subf %40, %42 : f64
  %44 = arith.divf %43, %31 : f64
  affine.store %44, %arg5[%arg7, %arg8] : memref<?x20xf64>
}

Pattern recognition complete:
  Loads: 5
  Stores: 2
  LinalgGenerics: 0


========================================
=== AffineForOpRaising::matchAndRewrite ===
========================================
Processing loop:
affine.for %arg7 = 1 to affine_map<()[s0] -> (s0 - 1)>()[%0] {
  affine.store %cst, %arg2[%arg7, 0] : memref<?x20xf64>
  affine.store %cst_1, %arg4[%arg7, 0] : memref<?x20xf64>
  %22 = affine.load %arg2[%arg7, 0] : memref<?x20xf64>
  affine.store %22, %arg5[%arg7, 0] : memref<?x20xf64>
  affine.for %arg8 = 1 to affine_map<()[s0] -> (s0 - 1)>()[%0] {
    %29 = affine.load %arg4[%arg7, %arg8 - 1] : memref<?x20xf64>
    %30 = arith.mulf %13, %29 : f64
    %31 = arith.addf %30, %14 : f64
    %32 = arith.divf %17, %31 : f64
    affine.store %32, %arg4[%arg7, %arg8] : memref<?x20xf64>
    %33 = affine.load %arg3[%arg7 - 1, %arg8] : memref<?x20xf64>
    %34 = arith.mulf %16, %33 : f64
    %35 = affine.load %arg3[%arg7, %arg8] : memref<?x20xf64>
    %36 = arith.mulf %21, %35 : f64
    %37 = arith.addf %34, %36 : f64
    %38 = affine.load %arg3[%arg7 + 1, %arg8] : memref<?x20xf64>
    %39 = arith.mulf %10, %38 : f64
    %40 = arith.subf %37, %39 : f64
    %41 = affine.load %arg5[%arg7, %arg8 - 1] : memref<?x20xf64>
    %42 = arith.mulf %13, %41 : f64
    %43 = arith.subf %40, %42 : f64
    %44 = arith.divf %43, %31 : f64
    affine.store %44, %arg5[%arg7, %arg8] : memref<?x20xf64>
  }
  affine.store %cst, %arg2[%arg7, symbol(%0) - 1] : memref<?x20xf64>
  %23 = affine.apply affine_map<()[s0] -> (s0 - 1)>()[%0]
  %24 = arith.subi %23, %c1 : index
  %25 = polygeist.submap(%arg4, %arg7, %0, %24) {map = affine_map<(d0)[s0, s1] -> (s0, -(d0 + 1) + s1 - 1)>} : (memref<?x20xf64>, index, index, index) -> memref<?xf64>
  %26 = polygeist.submap(%arg2, %arg7, %0, %24) {map = affine_map<(d0)[s0, s1] -> (s0, -(d0 + 1) + s1)>} : (memref<?x20xf64>, index, index, index) -> memref<?xf64>
  %27 = polygeist.submap(%arg5, %arg7, %0, %24) {map = affine_map<(d0)[s0, s1] -> (s0, -(d0 + 1) + s1 - 1)>} : (memref<?x20xf64>, index, index, index) -> memref<?xf64>
  %28 = polygeist.submap(%arg2, %arg7, %0, %24) {map = affine_map<(d0)[s0, s1] -> (s0, -(d0 + 1) + s1 - 1)>} : (memref<?x20xf64>, index, index, index) -> memref<?xf64>
  linalg.generic {indexing_maps = [affine_map<(d0) -> (d0)>, affine_map<(d0) -> (d0)>, affine_map<(d0) -> (d0)>, affine_map<(d0) -> (d0)>], iterator_types = ["parallel"]} ins(%25, %26, %27 : memref<?xf64>, memref<?xf64>, memref<?xf64>) outs(%28 : memref<?xf64>) {
  ^bb0(%in: f64, %in_2: f64, %in_3: f64, %out: f64):
    %29 = arith.mulf %in, %in_2 : f64
    %30 = arith.addf %29, %in_3 : f64
    linalg.yield %30 : f64
  }
}

REJECTED: Walk was interrupted (invalid operations found)


========================================
=== AffineForOpRaising::matchAndRewrite ===
========================================
Processing loop:
affine.for %arg8 = 1 to affine_map<()[s0] -> (s0 - 1)>()[%0] {
  %23 = affine.load %arg4[%arg7, -%arg8 + symbol(%0) - 1] : memref<?x20xf64>
  %24 = affine.load %arg3[-%arg8 + symbol(%0), %arg7] : memref<?x20xf64>
  %25 = arith.mulf %23, %24 : f64
  %26 = affine.load %arg5[%arg7, -%arg8 + symbol(%0) - 1] : memref<?x20xf64>
  %27 = arith.addf %25, %26 : f64
  affine.store %27, %arg3[-%arg8 + symbol(%0) - 1, %arg7] : memref<?x20xf64>
}

Pattern recognition complete:
  Loads: 3
  Stores: 1
  LinalgGenerics: 0

Loop bounds:
  lbMap: () -> (1)
  ubMap: ()[s0] -> (s0 - 1)

--- Processing Linalg Generics ---

--- Processing Loads ---
Processing load: %26 = affine.load %arg4[%arg7, -%arg8 + symbol(%0) - 1] : memref<?x20xf64>

=== remap_in_affine_dim ===
  oldmap: (d0, d1)[s0] -> (d0, -d1 + s0 - 1)
  firstNDims: 0
  check_reduction (input): 0
  lower_bound_val: 1
  dimidx: 1
  check_reduction (output): 0
  new map (map2): (d0)[s0, s1] -> (s0, -(d0 + 1) + s1 - 1)
  validDims: 1, validSims: 2
  Created SubmapOp with type: memref<?xf64>
=== remap_in_affine_dim END ===

Processing load: %28 = affine.load %arg3[-%arg8 + symbol(%0), %arg7] : memref<?x20xf64>

=== remap_in_affine_dim ===
  oldmap: (d0, d1)[s0] -> (-d0 + s0, d1)
  firstNDims: 0
  check_reduction (input): 0
  lower_bound_val: 1
  dimidx: 0
  check_reduction (output): 0
  new map (map2): (d0)[s0, s1] -> (-(d0 + 1) + s1, s0)
  validDims: 1, validSims: 2
  Created SubmapOp with type: memref<?xf64>
=== remap_in_affine_dim END ===

Processing load: %31 = affine.load %arg5[%arg7, -%arg8 + symbol(%0) - 1] : memref<?x20xf64>

=== remap_in_affine_dim ===
  oldmap: (d0, d1)[s0] -> (d0, -d1 + s0 - 1)
  firstNDims: 0
  check_reduction (input): 0
  lower_bound_val: 1
  dimidx: 1
  check_reduction (output): 0
  new map (map2): (d0)[s0, s1] -> (s0, -(d0 + 1) + s1 - 1)
  validDims: 1, validSims: 2
  Created SubmapOp with type: memref<?xf64>
=== remap_in_affine_dim END ===


--- Processing Stores ---
Processing store: affine.store %33, %arg3[-%arg8 + symbol(%0) - 1, %arg7] : memref<?x20xf64>

=== remap_in_affine_dim ===
  oldmap: (d0, d1)[s0] -> (-d0 + s0 - 1, d1)
  firstNDims: 0
  check_reduction (input): 1
  lower_bound_val: 1
  dimidx: 0
  check_reduction (output): 0
  new map (map2): (d0)[s0, s1] -> (-(d0 + 1) + s1 - 1, s0)
  validDims: 1, validSims: 2
  Created SubmapOp with type: memref<?xf64>
=== remap_in_affine_dim END ===


--- Creating linalg.generic ---
Iterator type for this loop: parallel
Total iterator types: 1
Total inputs: 3
Total outputs: 1

=== AffineForOpRaising SUCCESS ===
========================================


========================================
=== AffineForOpRaising::matchAndRewrite ===
========================================
Processing loop:
affine.for %arg8 = 1 to affine_map<()[s0] -> (s0 - 1)>()[%0] {
  %29 = affine.load %arg4[%arg7, %arg8 - 1] : memref<?x20xf64>
  %30 = arith.mulf %10, %29 : f64
  %31 = arith.addf %30, %11 : f64
  %32 = arith.divf %16, %31 : f64
  affine.store %32, %arg4[%arg7, %arg8] : memref<?x20xf64>
  %33 = affine.load %arg2[%arg8, %arg7 - 1] : memref<?x20xf64>
  %34 = arith.mulf %17, %33 : f64
  %35 = affine.load %arg2[%arg8, %arg7] : memref<?x20xf64>
  %36 = arith.mulf %19, %35 : f64
  %37 = arith.addf %34, %36 : f64
  %38 = affine.load %arg2[%arg8, %arg7 + 1] : memref<?x20xf64>
  %39 = arith.mulf %13, %38 : f64
  %40 = arith.subf %37, %39 : f64
  %41 = affine.load %arg5[%arg7, %arg8 - 1] : memref<?x20xf64>
  %42 = arith.mulf %10, %41 : f64
  %43 = arith.subf %40, %42 : f64
  %44 = arith.divf %43, %31 : f64
  affine.store %44, %arg5[%arg7, %arg8] : memref<?x20xf64>
}

Pattern recognition complete:
  Loads: 5
  Stores: 2
  LinalgGenerics: 0


========================================
=== AffineForOpRaising::matchAndRewrite ===
========================================
Processing loop:
affine.for %arg6 = 1 to affine_map<()[s0] -> (s0 + 1)>()[%15] {
  affine.for %arg7 = 1 to affine_map<()[s0] -> (s0 - 1)>()[%0] {
    affine.store %cst, %arg3[0, %arg7] : memref<?x20xf64>
    affine.store %cst_1, %arg4[%arg7, 0] : memref<?x20xf64>
    %22 = affine.load %arg3[0, %arg7] : memref<?x20xf64>
    affine.store %22, %arg5[%arg7, 0] : memref<?x20xf64>
    affine.for %arg8 = 1 to affine_map<()[s0] -> (s0 - 1)>()[%0] {
      %29 = affine.load %arg4[%arg7, %arg8 - 1] : memref<?x20xf64>
      %30 = arith.mulf %10, %29 : f64
      %31 = arith.addf %30, %11 : f64
      %32 = arith.divf %16, %31 : f64
      affine.store %32, %arg4[%arg7, %arg8] : memref<?x20xf64>
      %33 = affine.load %arg2[%arg8, %arg7 - 1] : memref<?x20xf64>
      %34 = arith.mulf %17, %33 : f64
      %35 = affine.load %arg2[%arg8, %arg7] : memref<?x20xf64>
      %36 = arith.mulf %19, %35 : f64
      %37 = arith.addf %34, %36 : f64
      %38 = affine.load %arg2[%arg8, %arg7 + 1] : memref<?x20xf64>
      %39 = arith.mulf %13, %38 : f64
      %40 = arith.subf %37, %39 : f64
      %41 = affine.load %arg5[%arg7, %arg8 - 1] : memref<?x20xf64>
      %42 = arith.mulf %10, %41 : f64
      %43 = arith.subf %40, %42 : f64
      %44 = arith.divf %43, %31 : f64
      affine.store %44, %arg5[%arg7, %arg8] : memref<?x20xf64>
    }
    affine.store %cst, %arg3[symbol(%0) - 1, %arg7] : memref<?x20xf64>
    %23 = affine.apply affine_map<()[s0] -> (s0 - 1)>()[%0]
    %24 = arith.subi %23, %c1 : index
    %25 = polygeist.submap(%arg4, %arg7, %0, %24) {map = affine_map<(d0)[s0, s1] -> (s0, -(d0 + 1) + s1 - 1)>} : (memref<?x20xf64>, index, index, index) -> memref<?xf64>
    %26 = polygeist.submap(%arg3, %arg7, %0, %24) {map = affine_map<(d0)[s0, s1] -> (-(d0 + 1) + s1, s0)>} : (memref<?x20xf64>, index, index, index) -> memref<?xf64>
    %27 = polygeist.submap(%arg5, %arg7, %0, %24) {map = affine_map<(d0)[s0, s1] -> (s0, -(d0 + 1) + s1 - 1)>} : (memref<?x20xf64>, index, index, index) -> memref<?xf64>
    %28 = polygeist.submap(%arg3, %arg7, %0, %24) {map = affine_map<(d0)[s0, s1] -> (-(d0 + 1) + s1 - 1, s0)>} : (memref<?x20xf64>, index, index, index) -> memref<?xf64>
    linalg.generic {indexing_maps = [affine_map<(d0) -> (d0)>, affine_map<(d0) -> (d0)>, affine_map<(d0) -> (d0)>, affine_map<(d0) -> (d0)>], iterator_types = ["parallel"]} ins(%25, %26, %27 : memref<?xf64>, memref<?xf64>, memref<?xf64>) outs(%28 : memref<?xf64>) {
    ^bb0(%in: f64, %in_2: f64, %in_3: f64, %out: f64):
      %29 = arith.mulf %in, %in_2 : f64
      %30 = arith.addf %29, %in_3 : f64
      linalg.yield %30 : f64
    }
  }
  affine.for %arg7 = 1 to affine_map<()[s0] -> (s0 - 1)>()[%0] {
    affine.store %cst, %arg2[%arg7, 0] : memref<?x20xf64>
    affine.store %cst_1, %arg4[%arg7, 0] : memref<?x20xf64>
    %22 = affine.load %arg2[%arg7, 0] : memref<?x20xf64>
    affine.store %22, %arg5[%arg7, 0] : memref<?x20xf64>
    affine.for %arg8 = 1 to affine_map<()[s0] -> (s0 - 1)>()[%0] {
      %29 = affine.load %arg4[%arg7, %arg8 - 1] : memref<?x20xf64>
      %30 = arith.mulf %13, %29 : f64
      %31 = arith.addf %30, %14 : f64
      %32 = arith.divf %17, %31 : f64
      affine.store %32, %arg4[%arg7, %arg8] : memref<?x20xf64>
      %33 = affine.load %arg3[%arg7 - 1, %arg8] : memref<?x20xf64>
      %34 = arith.mulf %16, %33 : f64
      %35 = affine.load %arg3[%arg7, %arg8] : memref<?x20xf64>
      %36 = arith.mulf %21, %35 : f64
      %37 = arith.addf %34, %36 : f64
      %38 = affine.load %arg3[%arg7 + 1, %arg8] : memref<?x20xf64>
      %39 = arith.mulf %10, %38 : f64
      %40 = arith.subf %37, %39 : f64
      %41 = affine.load %arg5[%arg7, %arg8 - 1] : memref<?x20xf64>
      %42 = arith.mulf %13, %41 : f64
      %43 = arith.subf %40, %42 : f64
      %44 = arith.divf %43, %31 : f64
      affine.store %44, %arg5[%arg7, %arg8] : memref<?x20xf64>
    }
    affine.store %cst, %arg2[%arg7, symbol(%0) - 1] : memref<?x20xf64>
    %23 = affine.apply affine_map<()[s0] -> (s0 - 1)>()[%0]
    %24 = arith.subi %23, %c1 : index
    %25 = polygeist.submap(%arg4, %arg7, %0, %24) {map = affine_map<(d0)[s0, s1] -> (s0, -(d0 + 1) + s1 - 1)>} : (memref<?x20xf64>, index, index, index) -> memref<?xf64>
    %26 = polygeist.submap(%arg2, %arg7, %0, %24) {map = affine_map<(d0)[s0, s1] -> (s0, -(d0 + 1) + s1)>} : (memref<?x20xf64>, index, index, index) -> memref<?xf64>
    %27 = polygeist.submap(%arg5, %arg7, %0, %24) {map = affine_map<(d0)[s0, s1] -> (s0, -(d0 + 1) + s1 - 1)>} : (memref<?x20xf64>, index, index, index) -> memref<?xf64>
    %28 = polygeist.submap(%arg2, %arg7, %0, %24) {map = affine_map<(d0)[s0, s1] -> (s0, -(d0 + 1) + s1 - 1)>} : (memref<?x20xf64>, index, index, index) -> memref<?xf64>
    linalg.generic {indexing_maps = [affine_map<(d0) -> (d0)>, affine_map<(d0) -> (d0)>, affine_map<(d0) -> (d0)>, affine_map<(d0) -> (d0)>], iterator_types = ["parallel"]} ins(%25, %26, %27 : memref<?xf64>, memref<?xf64>, memref<?xf64>) outs(%28 : memref<?xf64>) {
    ^bb0(%in: f64, %in_2: f64, %in_3: f64, %out: f64):
      %29 = arith.mulf %in, %in_2 : f64
      %30 = arith.addf %29, %in_3 : f64
      linalg.yield %30 : f64
    }
  }
}

REJECTED: Walk was interrupted (invalid operations found)


========================================
=== AffineForOpRaising::matchAndRewrite ===
========================================
Processing loop:
affine.for %arg7 = 1 to affine_map<()[s0] -> (s0 - 1)>()[%0] {
  affine.store %cst, %arg3[0, %arg7] : memref<?x20xf64>
  affine.store %cst_1, %arg4[%arg7, 0] : memref<?x20xf64>
  %22 = affine.load %arg3[0, %arg7] : memref<?x20xf64>
  affine.store %22, %arg5[%arg7, 0] : memref<?x20xf64>
  affine.for %arg8 = 1 to affine_map<()[s0] -> (s0 - 1)>()[%0] {
    %29 = affine.load %arg4[%arg7, %arg8 - 1] : memref<?x20xf64>
    %30 = arith.mulf %10, %29 : f64
    %31 = arith.addf %30, %11 : f64
    %32 = arith.divf %16, %31 : f64
    affine.store %32, %arg4[%arg7, %arg8] : memref<?x20xf64>
    %33 = affine.load %arg2[%arg8, %arg7 - 1] : memref<?x20xf64>
    %34 = arith.mulf %17, %33 : f64
    %35 = affine.load %arg2[%arg8, %arg7] : memref<?x20xf64>
    %36 = arith.mulf %19, %35 : f64
    %37 = arith.addf %34, %36 : f64
    %38 = affine.load %arg2[%arg8, %arg7 + 1] : memref<?x20xf64>
    %39 = arith.mulf %13, %38 : f64
    %40 = arith.subf %37, %39 : f64
    %41 = affine.load %arg5[%arg7, %arg8 - 1] : memref<?x20xf64>
    %42 = arith.mulf %10, %41 : f64
    %43 = arith.subf %40, %42 : f64
    %44 = arith.divf %43, %31 : f64
    affine.store %44, %arg5[%arg7, %arg8] : memref<?x20xf64>
  }
  affine.store %cst, %arg3[symbol(%0) - 1, %arg7] : memref<?x20xf64>
  %23 = affine.apply affine_map<()[s0] -> (s0 - 1)>()[%0]
  %24 = arith.subi %23, %c1 : index
  %25 = polygeist.submap(%arg4, %arg7, %0, %24) {map = affine_map<(d0)[s0, s1] -> (s0, -(d0 + 1) + s1 - 1)>} : (memref<?x20xf64>, index, index, index) -> memref<?xf64>
  %26 = polygeist.submap(%arg3, %arg7, %0, %24) {map = affine_map<(d0)[s0, s1] -> (-(d0 + 1) + s1, s0)>} : (memref<?x20xf64>, index, index, index) -> memref<?xf64>
  %27 = polygeist.submap(%arg5, %arg7, %0, %24) {map = affine_map<(d0)[s0, s1] -> (s0, -(d0 + 1) + s1 - 1)>} : (memref<?x20xf64>, index, index, index) -> memref<?xf64>
  %28 = polygeist.submap(%arg3, %arg7, %0, %24) {map = affine_map<(d0)[s0, s1] -> (-(d0 + 1) + s1 - 1, s0)>} : (memref<?x20xf64>, index, index, index) -> memref<?xf64>
  linalg.generic {indexing_maps = [affine_map<(d0) -> (d0)>, affine_map<(d0) -> (d0)>, affine_map<(d0) -> (d0)>, affine_map<(d0) -> (d0)>], iterator_types = ["parallel"]} ins(%25, %26, %27 : memref<?xf64>, memref<?xf64>, memref<?xf64>) outs(%28 : memref<?xf64>) {
  ^bb0(%in: f64, %in_2: f64, %in_3: f64, %out: f64):
    %29 = arith.mulf %in, %in_2 : f64
    %30 = arith.addf %29, %in_3 : f64
    linalg.yield %30 : f64
  }
}

REJECTED: Walk was interrupted (invalid operations found)


========================================
=== AffineForOpRaising::matchAndRewrite ===
========================================
Processing loop:
affine.for %arg8 = 1 to affine_map<()[s0] -> (s0 - 1)>()[%0] {
  %29 = affine.load %arg4[%arg7, %arg8 - 1] : memref<?x20xf64>
  %30 = arith.mulf %13, %29 : f64
  %31 = arith.addf %30, %14 : f64
  %32 = arith.divf %17, %31 : f64
  affine.store %32, %arg4[%arg7, %arg8] : memref<?x20xf64>
  %33 = affine.load %arg3[%arg7 - 1, %arg8] : memref<?x20xf64>
  %34 = arith.mulf %16, %33 : f64
  %35 = affine.load %arg3[%arg7, %arg8] : memref<?x20xf64>
  %36 = arith.mulf %21, %35 : f64
  %37 = arith.addf %34, %36 : f64
  %38 = affine.load %arg3[%arg7 + 1, %arg8] : memref<?x20xf64>
  %39 = arith.mulf %10, %38 : f64
  %40 = arith.subf %37, %39 : f64
  %41 = affine.load %arg5[%arg7, %arg8 - 1] : memref<?x20xf64>
  %42 = arith.mulf %13, %41 : f64
  %43 = arith.subf %40, %42 : f64
  %44 = arith.divf %43, %31 : f64
  affine.store %44, %arg5[%arg7, %arg8] : memref<?x20xf64>
}

Pattern recognition complete:
  Loads: 5
  Stores: 2
  LinalgGenerics: 0


========================================
=== AffineForOpRaising::matchAndRewrite ===
========================================
Processing loop:
affine.for %arg7 = 1 to affine_map<()[s0] -> (s0 - 1)>()[%0] {
  affine.store %cst, %arg2[%arg7, 0] : memref<?x20xf64>
  affine.store %cst_1, %arg4[%arg7, 0] : memref<?x20xf64>
  %22 = affine.load %arg2[%arg7, 0] : memref<?x20xf64>
  affine.store %22, %arg5[%arg7, 0] : memref<?x20xf64>
  affine.for %arg8 = 1 to affine_map<()[s0] -> (s0 - 1)>()[%0] {
    %29 = affine.load %arg4[%arg7, %arg8 - 1] : memref<?x20xf64>
    %30 = arith.mulf %13, %29 : f64
    %31 = arith.addf %30, %14 : f64
    %32 = arith.divf %17, %31 : f64
    affine.store %32, %arg4[%arg7, %arg8] : memref<?x20xf64>
    %33 = affine.load %arg3[%arg7 - 1, %arg8] : memref<?x20xf64>
    %34 = arith.mulf %16, %33 : f64
    %35 = affine.load %arg3[%arg7, %arg8] : memref<?x20xf64>
    %36 = arith.mulf %21, %35 : f64
    %37 = arith.addf %34, %36 : f64
    %38 = affine.load %arg3[%arg7 + 1, %arg8] : memref<?x20xf64>
    %39 = arith.mulf %10, %38 : f64
    %40 = arith.subf %37, %39 : f64
    %41 = affine.load %arg5[%arg7, %arg8 - 1] : memref<?x20xf64>
    %42 = arith.mulf %13, %41 : f64
    %43 = arith.subf %40, %42 : f64
    %44 = arith.divf %43, %31 : f64
    affine.store %44, %arg5[%arg7, %arg8] : memref<?x20xf64>
  }
  affine.store %cst, %arg2[%arg7, symbol(%0) - 1] : memref<?x20xf64>
  %23 = affine.apply affine_map<()[s0] -> (s0 - 1)>()[%0]
  %24 = arith.subi %23, %c1 : index
  %25 = polygeist.submap(%arg4, %arg7, %0, %24) {map = affine_map<(d0)[s0, s1] -> (s0, -(d0 + 1) + s1 - 1)>} : (memref<?x20xf64>, index, index, index) -> memref<?xf64>
  %26 = polygeist.submap(%arg2, %arg7, %0, %24) {map = affine_map<(d0)[s0, s1] -> (s0, -(d0 + 1) + s1)>} : (memref<?x20xf64>, index, index, index) -> memref<?xf64>
  %27 = polygeist.submap(%arg5, %arg7, %0, %24) {map = affine_map<(d0)[s0, s1] -> (s0, -(d0 + 1) + s1 - 1)>} : (memref<?x20xf64>, index, index, index) -> memref<?xf64>
  %28 = polygeist.submap(%arg2, %arg7, %0, %24) {map = affine_map<(d0)[s0, s1] -> (s0, -(d0 + 1) + s1 - 1)>} : (memref<?x20xf64>, index, index, index) -> memref<?xf64>
  linalg.generic {indexing_maps = [affine_map<(d0) -> (d0)>, affine_map<(d0) -> (d0)>, affine_map<(d0) -> (d0)>, affine_map<(d0) -> (d0)>], iterator_types = ["parallel"]} ins(%25, %26, %27 : memref<?xf64>, memref<?xf64>, memref<?xf64>) outs(%28 : memref<?xf64>) {
  ^bb0(%in: f64, %in_2: f64, %in_3: f64, %out: f64):
    %29 = arith.mulf %in, %in_2 : f64
    %30 = arith.addf %29, %in_3 : f64
    linalg.yield %30 : f64
  }
}

REJECTED: Walk was interrupted (invalid operations found)


========================================
=== AffineForOpRaising::matchAndRewrite ===
========================================
Processing loop:
affine.for %arg8 = 1 to affine_map<()[s0] -> (s0 - 1)>()[%0] {
  %29 = affine.load %arg4[%arg7, %arg8 - 1] : memref<?x20xf64>
  %30 = arith.mulf %10, %29 : f64
  %31 = arith.addf %30, %11 : f64
  %32 = arith.divf %16, %31 : f64
  affine.store %32, %arg4[%arg7, %arg8] : memref<?x20xf64>
  %33 = affine.load %arg2[%arg8, %arg7 - 1] : memref<?x20xf64>
  %34 = arith.mulf %17, %33 : f64
  %35 = affine.load %arg2[%arg8, %arg7] : memref<?x20xf64>
  %36 = arith.mulf %19, %35 : f64
  %37 = arith.addf %34, %36 : f64
  %38 = affine.load %arg2[%arg8, %arg7 + 1] : memref<?x20xf64>
  %39 = arith.mulf %13, %38 : f64
  %40 = arith.subf %37, %39 : f64
  %41 = affine.load %arg5[%arg7, %arg8 - 1] : memref<?x20xf64>
  %42 = arith.mulf %10, %41 : f64
  %43 = arith.subf %40, %42 : f64
  %44 = arith.divf %43, %31 : f64
  affine.store %44, %arg5[%arg7, %arg8] : memref<?x20xf64>
}

Pattern recognition complete:
  Loads: 5
  Stores: 2
  LinalgGenerics: 0


========================================
=== AffineForOpRaising::matchAndRewrite ===
========================================
Processing loop:
affine.for %arg6 = 1 to affine_map<()[s0] -> (s0 + 1)>()[%15] {
  affine.for %arg7 = 1 to affine_map<()[s0] -> (s0 - 1)>()[%0] {
    affine.store %cst, %arg3[0, %arg7] : memref<?x20xf64>
    affine.store %cst_1, %arg4[%arg7, 0] : memref<?x20xf64>
    %22 = affine.load %arg3[0, %arg7] : memref<?x20xf64>
    affine.store %22, %arg5[%arg7, 0] : memref<?x20xf64>
    affine.for %arg8 = 1 to affine_map<()[s0] -> (s0 - 1)>()[%0] {
      %29 = affine.load %arg4[%arg7, %arg8 - 1] : memref<?x20xf64>
      %30 = arith.mulf %10, %29 : f64
      %31 = arith.addf %30, %11 : f64
      %32 = arith.divf %16, %31 : f64
      affine.store %32, %arg4[%arg7, %arg8] : memref<?x20xf64>
      %33 = affine.load %arg2[%arg8, %arg7 - 1] : memref<?x20xf64>
      %34 = arith.mulf %17, %33 : f64
      %35 = affine.load %arg2[%arg8, %arg7] : memref<?x20xf64>
      %36 = arith.mulf %19, %35 : f64
      %37 = arith.addf %34, %36 : f64
      %38 = affine.load %arg2[%arg8, %arg7 + 1] : memref<?x20xf64>
      %39 = arith.mulf %13, %38 : f64
      %40 = arith.subf %37, %39 : f64
      %41 = affine.load %arg5[%arg7, %arg8 - 1] : memref<?x20xf64>
      %42 = arith.mulf %10, %41 : f64
      %43 = arith.subf %40, %42 : f64
      %44 = arith.divf %43, %31 : f64
      affine.store %44, %arg5[%arg7, %arg8] : memref<?x20xf64>
    }
    affine.store %cst, %arg3[symbol(%0) - 1, %arg7] : memref<?x20xf64>
    %23 = affine.apply affine_map<()[s0] -> (s0 - 1)>()[%0]
    %24 = arith.subi %23, %c1 : index
    %25 = polygeist.submap(%arg4, %arg7, %0, %24) {map = affine_map<(d0)[s0, s1] -> (s0, -(d0 + 1) + s1 - 1)>} : (memref<?x20xf64>, index, index, index) -> memref<?xf64>
    %26 = polygeist.submap(%arg3, %arg7, %0, %24) {map = affine_map<(d0)[s0, s1] -> (-(d0 + 1) + s1, s0)>} : (memref<?x20xf64>, index, index, index) -> memref<?xf64>
    %27 = polygeist.submap(%arg5, %arg7, %0, %24) {map = affine_map<(d0)[s0, s1] -> (s0, -(d0 + 1) + s1 - 1)>} : (memref<?x20xf64>, index, index, index) -> memref<?xf64>
    %28 = polygeist.submap(%arg3, %arg7, %0, %24) {map = affine_map<(d0)[s0, s1] -> (-(d0 + 1) + s1 - 1, s0)>} : (memref<?x20xf64>, index, index, index) -> memref<?xf64>
    linalg.generic {indexing_maps = [affine_map<(d0) -> (d0)>, affine_map<(d0) -> (d0)>, affine_map<(d0) -> (d0)>, affine_map<(d0) -> (d0)>], iterator_types = ["parallel"]} ins(%25, %26, %27 : memref<?xf64>, memref<?xf64>, memref<?xf64>) outs(%28 : memref<?xf64>) {
    ^bb0(%in: f64, %in_2: f64, %in_3: f64, %out: f64):
      %29 = arith.mulf %in, %in_2 : f64
      %30 = arith.addf %29, %in_3 : f64
      linalg.yield %30 : f64
    }
  }
  affine.for %arg7 = 1 to affine_map<()[s0] -> (s0 - 1)>()[%0] {
    affine.store %cst, %arg2[%arg7, 0] : memref<?x20xf64>
    affine.store %cst_1, %arg4[%arg7, 0] : memref<?x20xf64>
    %22 = affine.load %arg2[%arg7, 0] : memref<?x20xf64>
    affine.store %22, %arg5[%arg7, 0] : memref<?x20xf64>
    affine.for %arg8 = 1 to affine_map<()[s0] -> (s0 - 1)>()[%0] {
      %29 = affine.load %arg4[%arg7, %arg8 - 1] : memref<?x20xf64>
      %30 = arith.mulf %13, %29 : f64
      %31 = arith.addf %30, %14 : f64
      %32 = arith.divf %17, %31 : f64
      affine.store %32, %arg4[%arg7, %arg8] : memref<?x20xf64>
      %33 = affine.load %arg3[%arg7 - 1, %arg8] : memref<?x20xf64>
      %34 = arith.mulf %16, %33 : f64
      %35 = affine.load %arg3[%arg7, %arg8] : memref<?x20xf64>
      %36 = arith.mulf %21, %35 : f64
      %37 = arith.addf %34, %36 : f64
      %38 = affine.load %arg3[%arg7 + 1, %arg8] : memref<?x20xf64>
      %39 = arith.mulf %10, %38 : f64
      %40 = arith.subf %37, %39 : f64
      %41 = affine.load %arg5[%arg7, %arg8 - 1] : memref<?x20xf64>
      %42 = arith.mulf %13, %41 : f64
      %43 = arith.subf %40, %42 : f64
      %44 = arith.divf %43, %31 : f64
      affine.store %44, %arg5[%arg7, %arg8] : memref<?x20xf64>
    }
    affine.store %cst, %arg2[%arg7, symbol(%0) - 1] : memref<?x20xf64>
    %23 = affine.apply affine_map<()[s0] -> (s0 - 1)>()[%0]
    %24 = arith.subi %23, %c1 : index
    %25 = polygeist.submap(%arg4, %arg7, %0, %24) {map = affine_map<(d0)[s0, s1] -> (s0, -(d0 + 1) + s1 - 1)>} : (memref<?x20xf64>, index, index, index) -> memref<?xf64>
    %26 = polygeist.submap(%arg2, %arg7, %0, %24) {map = affine_map<(d0)[s0, s1] -> (s0, -(d0 + 1) + s1)>} : (memref<?x20xf64>, index, index, index) -> memref<?xf64>
    %27 = polygeist.submap(%arg5, %arg7, %0, %24) {map = affine_map<(d0)[s0, s1] -> (s0, -(d0 + 1) + s1 - 1)>} : (memref<?x20xf64>, index, index, index) -> memref<?xf64>
    %28 = polygeist.submap(%arg2, %arg7, %0, %24) {map = affine_map<(d0)[s0, s1] -> (s0, -(d0 + 1) + s1 - 1)>} : (memref<?x20xf64>, index, index, index) -> memref<?xf64>
    linalg.generic {indexing_maps = [affine_map<(d0) -> (d0)>, affine_map<(d0) -> (d0)>, affine_map<(d0) -> (d0)>, affine_map<(d0) -> (d0)>], iterator_types = ["parallel"]} ins(%25, %26, %27 : memref<?xf64>, memref<?xf64>, memref<?xf64>) outs(%28 : memref<?xf64>) {
    ^bb0(%in: f64, %in_2: f64, %in_3: f64, %out: f64):
      %29 = arith.mulf %in, %in_2 : f64
      %30 = arith.addf %29, %in_3 : f64
      linalg.yield %30 : f64
    }
  }
}

REJECTED: Walk was interrupted (invalid operations found)


========================================
=== AffineForOpRaising::matchAndRewrite ===
========================================
Processing loop:
affine.for %arg7 = 1 to affine_map<()[s0] -> (s0 - 1)>()[%0] {
  affine.store %cst, %arg3[0, %arg7] : memref<?x20xf64>
  affine.store %cst_1, %arg4[%arg7, 0] : memref<?x20xf64>
  %22 = affine.load %arg3[0, %arg7] : memref<?x20xf64>
  affine.store %22, %arg5[%arg7, 0] : memref<?x20xf64>
  affine.for %arg8 = 1 to affine_map<()[s0] -> (s0 - 1)>()[%0] {
    %29 = affine.load %arg4[%arg7, %arg8 - 1] : memref<?x20xf64>
    %30 = arith.mulf %10, %29 : f64
    %31 = arith.addf %30, %11 : f64
    %32 = arith.divf %16, %31 : f64
    affine.store %32, %arg4[%arg7, %arg8] : memref<?x20xf64>
    %33 = affine.load %arg2[%arg8, %arg7 - 1] : memref<?x20xf64>
    %34 = arith.mulf %17, %33 : f64
    %35 = affine.load %arg2[%arg8, %arg7] : memref<?x20xf64>
    %36 = arith.mulf %19, %35 : f64
    %37 = arith.addf %34, %36 : f64
    %38 = affine.load %arg2[%arg8, %arg7 + 1] : memref<?x20xf64>
    %39 = arith.mulf %13, %38 : f64
    %40 = arith.subf %37, %39 : f64
    %41 = affine.load %arg5[%arg7, %arg8 - 1] : memref<?x20xf64>
    %42 = arith.mulf %10, %41 : f64
    %43 = arith.subf %40, %42 : f64
    %44 = arith.divf %43, %31 : f64
    affine.store %44, %arg5[%arg7, %arg8] : memref<?x20xf64>
  }
  affine.store %cst, %arg3[symbol(%0) - 1, %arg7] : memref<?x20xf64>
  %23 = affine.apply affine_map<()[s0] -> (s0 - 1)>()[%0]
  %24 = arith.subi %23, %c1 : index
  %25 = polygeist.submap(%arg4, %arg7, %0, %24) {map = affine_map<(d0)[s0, s1] -> (s0, -(d0 + 1) + s1 - 1)>} : (memref<?x20xf64>, index, index, index) -> memref<?xf64>
  %26 = polygeist.submap(%arg3, %arg7, %0, %24) {map = affine_map<(d0)[s0, s1] -> (-(d0 + 1) + s1, s0)>} : (memref<?x20xf64>, index, index, index) -> memref<?xf64>
  %27 = polygeist.submap(%arg5, %arg7, %0, %24) {map = affine_map<(d0)[s0, s1] -> (s0, -(d0 + 1) + s1 - 1)>} : (memref<?x20xf64>, index, index, index) -> memref<?xf64>
  %28 = polygeist.submap(%arg3, %arg7, %0, %24) {map = affine_map<(d0)[s0, s1] -> (-(d0 + 1) + s1 - 1, s0)>} : (memref<?x20xf64>, index, index, index) -> memref<?xf64>
  linalg.generic {indexing_maps = [affine_map<(d0) -> (d0)>, affine_map<(d0) -> (d0)>, affine_map<(d0) -> (d0)>, affine_map<(d0) -> (d0)>], iterator_types = ["parallel"]} ins(%25, %26, %27 : memref<?xf64>, memref<?xf64>, memref<?xf64>) outs(%28 : memref<?xf64>) {
  ^bb0(%in: f64, %in_2: f64, %in_3: f64, %out: f64):
    %29 = arith.mulf %in, %in_2 : f64
    %30 = arith.addf %29, %in_3 : f64
    linalg.yield %30 : f64
  }
}

REJECTED: Walk was interrupted (invalid operations found)

### Step 3 Complete ###

****************************************
*** RaiseAffineToLinalg END ***
****************************************


****************************************
*** RaiseAffineToLinalgPipeline END ***
****************************************

