
****************************************
*** RaiseAffineToLinalgPipeline START ***
****************************************

Running pipeline...

****************************************
*** RaiseAffineToLinalg START ***
****************************************

### Step 1: Applying AffineParallelFission ###
### Step 1 Complete ###

### Step 2: Applying AffineParallelToFor ###
### Step 2 Complete ###

### Step 3: Applying AffineForOpRaising ###

========================================
=== AffineForOpRaising::matchAndRewrite ===
========================================
Processing loop:
affine.for %arg3 = 0 to affine_map<(d0) -> (d0)>(%arg2) {
  %3 = affine.load %arg1[%arg2, %arg3] : memref<?x40xf64>
  %4 = arith.mulf %3, %3 : f64
  %5 = affine.load %arg1[%arg2, %arg2] : memref<?x40xf64>
  %6 = arith.subf %5, %4 : f64
  affine.store %6, %arg1[%arg2, %arg2] : memref<?x40xf64>
}

Pattern recognition complete:
  Loads: 2
  Stores: 1
  LinalgGenerics: 0

Loop bounds:
  lbMap: () -> (0)
  ubMap: (d0) -> (d0)

--- Processing Linalg Generics ---

--- Processing Loads ---
Processing load: %6 = affine.load %arg1[%arg2, %arg3] : memref<?x40xf64>

=== remap_in_affine_dim ===
  oldmap: (d0, d1) -> (d0, d1)
  firstNDims: 0
  check_reduction (input): 0
  lower_bound_val: 0
  dimidx: 1
  check_reduction (output): 0
  new map (map2): (d0)[s0] -> (s0, d0)
  validDims: 1, validSims: 1
  Created SubmapOp with type: memref<?xf64>
=== remap_in_affine_dim END ===

Processing load: %9 = affine.load %arg1[%arg2, %arg2] : memref<?x40xf64>

--- Processing Stores ---
Processing store: affine.store %10, %arg1[%arg2, %arg2] : memref<?x40xf64>

=== remap_in_affine_dim ===
  oldmap: (d0) -> (d0, d0)
  firstNDims: 0
  check_reduction (input): 1
  lower_bound_val: 0
  dimidx: -1
  check_reduction (output): 1
  new map (map2): (d0)[s0] -> (s0, s0)
  validDims: 0, validSims: 1
  Created SubmapOp with type: memref<?xf64>
=== remap_in_affine_dim END ===


--- Creating linalg.generic ---
Iterator type for this loop: reduction
Total iterator types: 1
Total inputs: 1
Total outputs: 1

=== AffineForOpRaising SUCCESS ===
========================================


========================================
=== AffineForOpRaising::matchAndRewrite ===
========================================
Processing loop:
affine.for %arg2 = 0 to %0 {
  affine.for %arg3 = 0 to affine_map<(d0) -> (d0)>(%arg2) {
    affine.for %arg4 = 0 to affine_map<(d0) -> (d0)>(%arg3) {
      %8 = affine.load %arg1[%arg2, %arg4] : memref<?x40xf64>
      %9 = affine.load %arg1[%arg3, %arg4] : memref<?x40xf64>
      %10 = arith.mulf %8, %9 : f64
      %11 = affine.load %arg1[%arg2, %arg3] : memref<?x40xf64>
      %12 = arith.subf %11, %10 : f64
      affine.store %12, %arg1[%arg2, %arg3] : memref<?x40xf64>
    }
    %5 = affine.load %arg1[%arg3, %arg3] : memref<?x40xf64>
    %6 = affine.load %arg1[%arg2, %arg3] : memref<?x40xf64>
    %7 = arith.divf %6, %5 : f64
    affine.store %7, %arg1[%arg2, %arg3] : memref<?x40xf64>
  }
  %1 = polygeist.submap(%arg1, %arg2, %arg2) {map = affine_map<(d0)[s0] -> (s0, d0)>} : (memref<?x40xf64>, index, index) -> memref<?xf64>
  %2 = polygeist.submap(%arg1, %arg2, %arg2) {map = affine_map<(d0)[s0] -> (s0, s0)>} : (memref<?x40xf64>, index, index) -> memref<?xf64>
  linalg.generic {indexing_maps = [affine_map<(d0) -> (d0)>, affine_map<(d0) -> (d0)>], iterator_types = ["reduction"]} ins(%1 : memref<?xf64>) outs(%2 : memref<?xf64>) {
  ^bb0(%in: f64, %out: f64):
    %5 = arith.mulf %in, %in : f64
    %6 = arith.subf %out, %5 : f64
    linalg.yield %6 : f64
  }
  %3 = affine.load %arg1[%arg2, %arg2] : memref<?x40xf64>
  %4 = math.sqrt %3 : f64
  affine.store %4, %arg1[%arg2, %arg2] : memref<?x40xf64>
}

REJECTED: Walk was interrupted (invalid operations found)


========================================
=== AffineForOpRaising::matchAndRewrite ===
========================================
Processing loop:
affine.for %arg3 = 0 to affine_map<(d0) -> (d0)>(%arg2) {
  affine.for %arg4 = 0 to affine_map<(d0) -> (d0)>(%arg3) {
    %8 = affine.load %arg1[%arg2, %arg4] : memref<?x40xf64>
    %9 = affine.load %arg1[%arg3, %arg4] : memref<?x40xf64>
    %10 = arith.mulf %8, %9 : f64
    %11 = affine.load %arg1[%arg2, %arg3] : memref<?x40xf64>
    %12 = arith.subf %11, %10 : f64
    affine.store %12, %arg1[%arg2, %arg3] : memref<?x40xf64>
  }
  %5 = affine.load %arg1[%arg3, %arg3] : memref<?x40xf64>
  %6 = affine.load %arg1[%arg2, %arg3] : memref<?x40xf64>
  %7 = arith.divf %6, %5 : f64
  affine.store %7, %arg1[%arg2, %arg3] : memref<?x40xf64>
}

REJECTED: Walk was interrupted (invalid operations found)


========================================
=== AffineForOpRaising::matchAndRewrite ===
========================================
Processing loop:
affine.for %arg4 = 0 to affine_map<(d0) -> (d0)>(%arg3) {
  %8 = affine.load %arg1[%arg2, %arg4] : memref<?x40xf64>
  %9 = affine.load %arg1[%arg3, %arg4] : memref<?x40xf64>
  %10 = arith.mulf %8, %9 : f64
  %11 = affine.load %arg1[%arg2, %arg3] : memref<?x40xf64>
  %12 = arith.subf %11, %10 : f64
  affine.store %12, %arg1[%arg2, %arg3] : memref<?x40xf64>
}

Pattern recognition complete:
  Loads: 3
  Stores: 1
  LinalgGenerics: 0

Loop bounds:
  lbMap: () -> (0)
  ubMap: (d0) -> (d0)

--- Processing Linalg Generics ---

--- Processing Loads ---
Processing load: %11 = affine.load %arg1[%arg2, %arg4] : memref<?x40xf64>

=== remap_in_affine_dim ===
  oldmap: (d0, d1) -> (d0, d1)
  firstNDims: 0
  check_reduction (input): 0
  lower_bound_val: 0
  dimidx: 1
  check_reduction (output): 0
  new map (map2): (d0)[s0] -> (s0, d0)
  validDims: 1, validSims: 1
  Created SubmapOp with type: memref<?xf64>
=== remap_in_affine_dim END ===

Processing load: %13 = affine.load %arg1[%arg3, %arg4] : memref<?x40xf64>

=== remap_in_affine_dim ===
  oldmap: (d0, d1) -> (d0, d1)
  firstNDims: 0
  check_reduction (input): 0
  lower_bound_val: 0
  dimidx: 1
  check_reduction (output): 0
  new map (map2): (d0)[s0] -> (s0, d0)
  validDims: 1, validSims: 1
  Created SubmapOp with type: memref<?xf64>
=== remap_in_affine_dim END ===

Processing load: %16 = affine.load %arg1[%arg2, %arg3] : memref<?x40xf64>

--- Processing Stores ---
Processing store: affine.store %17, %arg1[%arg2, %arg3] : memref<?x40xf64>

=== remap_in_affine_dim ===
  oldmap: (d0, d1) -> (d0, d1)
  firstNDims: 0
  check_reduction (input): 1
  lower_bound_val: 0
  dimidx: -1
  check_reduction (output): 1
  new map (map2): (d0)[s0, s1] -> (s0, s1)
  validDims: 0, validSims: 2
  Created SubmapOp with type: memref<?xf64>
=== remap_in_affine_dim END ===


--- Creating linalg.generic ---
Iterator type for this loop: reduction
Total iterator types: 1
Total inputs: 2
Total outputs: 1

=== AffineForOpRaising SUCCESS ===
========================================


========================================
=== AffineForOpRaising::matchAndRewrite ===
========================================
Processing loop:
affine.for %arg2 = 0 to %0 {
  affine.for %arg3 = 0 to affine_map<(d0) -> (d0)>(%arg2) {
    %5 = affine.apply affine_map<(d0) -> (d0)>(%arg3)
    %6 = polygeist.submap(%arg1, %arg2, %5) {map = affine_map<(d0)[s0] -> (s0, d0)>} : (memref<?x40xf64>, index, index) -> memref<?xf64>
    %7 = polygeist.submap(%arg1, %arg3, %5) {map = affine_map<(d0)[s0] -> (s0, d0)>} : (memref<?x40xf64>, index, index) -> memref<?xf64>
    %8 = polygeist.submap(%arg1, %arg2, %arg3, %5) {map = affine_map<(d0)[s0, s1] -> (s0, s1)>} : (memref<?x40xf64>, index, index, index) -> memref<?xf64>
    linalg.generic {indexing_maps = [affine_map<(d0) -> (d0)>, affine_map<(d0) -> (d0)>, affine_map<(d0) -> (d0)>], iterator_types = ["reduction"]} ins(%6, %7 : memref<?xf64>, memref<?xf64>) outs(%8 : memref<?xf64>) {
    ^bb0(%in: f64, %in_0: f64, %out: f64):
      %12 = arith.mulf %in, %in_0 : f64
      %13 = arith.subf %out, %12 : f64
      linalg.yield %13 : f64
    }
    %9 = affine.load %arg1[%arg3, %arg3] : memref<?x40xf64>
    %10 = affine.load %arg1[%arg2, %arg3] : memref<?x40xf64>
    %11 = arith.divf %10, %9 : f64
    affine.store %11, %arg1[%arg2, %arg3] : memref<?x40xf64>
  }
  %1 = polygeist.submap(%arg1, %arg2, %arg2) {map = affine_map<(d0)[s0] -> (s0, d0)>} : (memref<?x40xf64>, index, index) -> memref<?xf64>
  %2 = polygeist.submap(%arg1, %arg2, %arg2) {map = affine_map<(d0)[s0] -> (s0, s0)>} : (memref<?x40xf64>, index, index) -> memref<?xf64>
  linalg.generic {indexing_maps = [affine_map<(d0) -> (d0)>, affine_map<(d0) -> (d0)>], iterator_types = ["reduction"]} ins(%1 : memref<?xf64>) outs(%2 : memref<?xf64>) {
  ^bb0(%in: f64, %out: f64):
    %5 = arith.mulf %in, %in : f64
    %6 = arith.subf %out, %5 : f64
    linalg.yield %6 : f64
  }
  %3 = affine.load %arg1[%arg2, %arg2] : memref<?x40xf64>
  %4 = math.sqrt %3 : f64
  affine.store %4, %arg1[%arg2, %arg2] : memref<?x40xf64>
}

REJECTED: Walk was interrupted (invalid operations found)


========================================
=== AffineForOpRaising::matchAndRewrite ===
========================================
Processing loop:
affine.for %arg3 = 0 to affine_map<(d0) -> (d0)>(%arg2) {
  %5 = affine.apply affine_map<(d0) -> (d0)>(%arg3)
  %6 = polygeist.submap(%arg1, %arg2, %5) {map = affine_map<(d0)[s0] -> (s0, d0)>} : (memref<?x40xf64>, index, index) -> memref<?xf64>
  %7 = polygeist.submap(%arg1, %arg3, %5) {map = affine_map<(d0)[s0] -> (s0, d0)>} : (memref<?x40xf64>, index, index) -> memref<?xf64>
  %8 = polygeist.submap(%arg1, %arg2, %arg3, %5) {map = affine_map<(d0)[s0, s1] -> (s0, s1)>} : (memref<?x40xf64>, index, index, index) -> memref<?xf64>
  linalg.generic {indexing_maps = [affine_map<(d0) -> (d0)>, affine_map<(d0) -> (d0)>, affine_map<(d0) -> (d0)>], iterator_types = ["reduction"]} ins(%6, %7 : memref<?xf64>, memref<?xf64>) outs(%8 : memref<?xf64>) {
  ^bb0(%in: f64, %in_0: f64, %out: f64):
    %12 = arith.mulf %in, %in_0 : f64
    %13 = arith.subf %out, %12 : f64
    linalg.yield %13 : f64
  }
  %9 = affine.load %arg1[%arg3, %arg3] : memref<?x40xf64>
  %10 = affine.load %arg1[%arg2, %arg3] : memref<?x40xf64>
  %11 = arith.divf %10, %9 : f64
  affine.store %11, %arg1[%arg2, %arg3] : memref<?x40xf64>
}

Pattern recognition complete:
  Loads: 2
  Stores: 1
  LinalgGenerics: 1

Loop bounds:
  lbMap: () -> (0)
  ubMap: (d0) -> (d0)

--- Processing Linalg Generics ---
Processing linalg.generic:
linalg.generic {indexing_maps = [affine_map<(d0) -> (d0)>, affine_map<(d0) -> (d0)>, affine_map<(d0) -> (d0)>], iterator_types = ["reduction"]} ins(%9, %10 : memref<?xf64>, memref<?xf64>) outs(%11 : memref<?xf64>) {
^bb0(%in: f64, %in_0: f64, %out: f64):
  %15 = arith.mulf %in, %in_0 : f64
  %16 = arith.subf %out, %15 : f64
  linalg.yield %16 : f64
}
  Processing 2 inputs
  Input 0 indexing map: (d0) -> (d0)

=== getLinalgArgMap ===
  Initial lgMap: (d0) -> (d0)
  Found SubmapOp with map: (d0)[s0] -> (s0, d0)
  Composed map: (d0)[s0] -> (s0, d0)
  Final lgMap: (d0)[s0] -> (s0, d0)
=== getLinalgArgMap END ===

  Calling remap_in_affine_dim for input 0

=== remap_in_affine_dim ===
  oldmap: (d0)[s0] -> (s0, d0)
  firstNDims: 1
  check_reduction (input): 0
  lower_bound_val: 0
  dimidx: -1
  check_reduction (output): 0
  new map (map2): (d0, d1)[s0] -> (s0, d0)
  validDims: 1, validSims: 1
Non-dominating block argument encountered
  REJECTED: remap_in_affine_dim returned illegal for input

========================================
=== AffineForOpRaising::matchAndRewrite ===
========================================
Processing loop:
affine.for %arg2 = 0 to %0 {
  %1 = affine.apply affine_map<(d0) -> (d0)>(%arg2)
  affine.for %arg3 = 0 to affine_map<(d0) -> (d0)>(%arg2) {
    %6 = affine.apply affine_map<(d0) -> (d0)>(%arg3)
    %7 = polygeist.submap(%arg1, %arg2, %6) {map = affine_map<(d0)[s0] -> (s0, d0)>} : (memref<?x40xf64>, index, index) -> memref<?xf64>
    %8 = polygeist.submap(%arg1, %arg3, %6) {map = affine_map<(d0)[s0] -> (s0, d0)>} : (memref<?x40xf64>, index, index) -> memref<?xf64>
    %9 = polygeist.submap(%arg1, %arg2, %arg3, %6) {map = affine_map<(d0)[s0, s1] -> (s0, s1)>} : (memref<?x40xf64>, index, index, index) -> memref<?xf64>
    linalg.generic {indexing_maps = [affine_map<(d0) -> (d0)>, affine_map<(d0) -> (d0)>, affine_map<(d0) -> (d0)>], iterator_types = ["reduction"]} ins(%7, %8 : memref<?xf64>, memref<?xf64>) outs(%9 : memref<?xf64>) {
    ^bb0(%in: f64, %in_0: f64, %out: f64):
      %13 = arith.mulf %in, %in_0 : f64
      %14 = arith.subf %out, %13 : f64
      linalg.yield %14 : f64
    }
    %10 = affine.load %arg1[%arg3, %arg3] : memref<?x40xf64>
    %11 = affine.load %arg1[%arg2, %arg3] : memref<?x40xf64>
    %12 = arith.divf %11, %10 : f64
    affine.store %12, %arg1[%arg2, %arg3] : memref<?x40xf64>
  }
  %2 = polygeist.submap(%arg1, %arg2, %arg2) {map = affine_map<(d0)[s0] -> (s0, d0)>} : (memref<?x40xf64>, index, index) -> memref<?xf64>
  %3 = polygeist.submap(%arg1, %arg2, %arg2) {map = affine_map<(d0)[s0] -> (s0, s0)>} : (memref<?x40xf64>, index, index) -> memref<?xf64>
  linalg.generic {indexing_maps = [affine_map<(d0) -> (d0)>, affine_map<(d0) -> (d0)>], iterator_types = ["reduction"]} ins(%2 : memref<?xf64>) outs(%3 : memref<?xf64>) {
  ^bb0(%in: f64, %out: f64):
    %6 = arith.mulf %in, %in : f64
    %7 = arith.subf %out, %6 : f64
    linalg.yield %7 : f64
  }
  %4 = affine.load %arg1[%arg2, %arg2] : memref<?x40xf64>
  %5 = math.sqrt %4 : f64
  affine.store %5, %arg1[%arg2, %arg2] : memref<?x40xf64>
}

REJECTED: Walk was interrupted (invalid operations found)


========================================
=== AffineForOpRaising::matchAndRewrite ===
========================================
Processing loop:
affine.for %arg2 = 0 to %0 {
  affine.for %arg3 = 0 to affine_map<(d0) -> (d0)>(%arg2) {
    %5 = polygeist.submap(%arg1, %arg2, %arg3) {map = affine_map<(d0)[s0] -> (s0, d0)>} : (memref<?x40xf64>, index, index) -> memref<?xf64>
    %6 = polygeist.submap(%arg1, %arg3, %arg3) {map = affine_map<(d0)[s0] -> (s0, d0)>} : (memref<?x40xf64>, index, index) -> memref<?xf64>
    %7 = polygeist.submap(%arg1, %arg2, %arg3, %arg3) {map = affine_map<(d0)[s0, s1] -> (s0, s1)>} : (memref<?x40xf64>, index, index, index) -> memref<?xf64>
    linalg.generic {indexing_maps = [affine_map<(d0) -> (d0)>, affine_map<(d0) -> (d0)>, affine_map<(d0) -> (d0)>], iterator_types = ["reduction"]} ins(%5, %6 : memref<?xf64>, memref<?xf64>) outs(%7 : memref<?xf64>) {
    ^bb0(%in: f64, %in_0: f64, %out: f64):
      %11 = arith.mulf %in, %in_0 : f64
      %12 = arith.subf %out, %11 : f64
      linalg.yield %12 : f64
    }
    %8 = affine.load %arg1[%arg3, %arg3] : memref<?x40xf64>
    %9 = affine.load %arg1[%arg2, %arg3] : memref<?x40xf64>
    %10 = arith.divf %9, %8 : f64
    affine.store %10, %arg1[%arg2, %arg3] : memref<?x40xf64>
  }
  %1 = polygeist.submap(%arg1, %arg2, %arg2) {map = affine_map<(d0)[s0] -> (s0, d0)>} : (memref<?x40xf64>, index, index) -> memref<?xf64>
  %2 = polygeist.submap(%arg1, %arg2, %arg2) {map = affine_map<(d0)[s0] -> (s0, s0)>} : (memref<?x40xf64>, index, index) -> memref<?xf64>
  linalg.generic {indexing_maps = [affine_map<(d0) -> (d0)>, affine_map<(d0) -> (d0)>], iterator_types = ["reduction"]} ins(%1 : memref<?xf64>) outs(%2 : memref<?xf64>) {
  ^bb0(%in: f64, %out: f64):
    %5 = arith.mulf %in, %in : f64
    %6 = arith.subf %out, %5 : f64
    linalg.yield %6 : f64
  }
  %3 = affine.load %arg1[%arg2, %arg2] : memref<?x40xf64>
  %4 = math.sqrt %3 : f64
  affine.store %4, %arg1[%arg2, %arg2] : memref<?x40xf64>
}

REJECTED: Walk was interrupted (invalid operations found)


========================================
=== AffineForOpRaising::matchAndRewrite ===
========================================
Processing loop:
affine.for %arg3 = 0 to affine_map<(d0) -> (d0)>(%arg2) {
  %5 = polygeist.submap(%arg1, %arg2, %arg3) {map = affine_map<(d0)[s0] -> (s0, d0)>} : (memref<?x40xf64>, index, index) -> memref<?xf64>
  %6 = polygeist.submap(%arg1, %arg3, %arg3) {map = affine_map<(d0)[s0] -> (s0, d0)>} : (memref<?x40xf64>, index, index) -> memref<?xf64>
  %7 = polygeist.submap(%arg1, %arg2, %arg3, %arg3) {map = affine_map<(d0)[s0, s1] -> (s0, s1)>} : (memref<?x40xf64>, index, index, index) -> memref<?xf64>
  linalg.generic {indexing_maps = [affine_map<(d0) -> (d0)>, affine_map<(d0) -> (d0)>, affine_map<(d0) -> (d0)>], iterator_types = ["reduction"]} ins(%5, %6 : memref<?xf64>, memref<?xf64>) outs(%7 : memref<?xf64>) {
  ^bb0(%in: f64, %in_0: f64, %out: f64):
    %11 = arith.mulf %in, %in_0 : f64
    %12 = arith.subf %out, %11 : f64
    linalg.yield %12 : f64
  }
  %8 = affine.load %arg1[%arg3, %arg3] : memref<?x40xf64>
  %9 = affine.load %arg1[%arg2, %arg3] : memref<?x40xf64>
  %10 = arith.divf %9, %8 : f64
  affine.store %10, %arg1[%arg2, %arg3] : memref<?x40xf64>
}

Pattern recognition complete:
  Loads: 2
  Stores: 1
  LinalgGenerics: 1

Loop bounds:
  lbMap: () -> (0)
  ubMap: (d0) -> (d0)

--- Processing Linalg Generics ---
Processing linalg.generic:
linalg.generic {indexing_maps = [affine_map<(d0) -> (d0)>, affine_map<(d0) -> (d0)>, affine_map<(d0) -> (d0)>], iterator_types = ["reduction"]} ins(%8, %9 : memref<?xf64>, memref<?xf64>) outs(%10 : memref<?xf64>) {
^bb0(%in: f64, %in_0: f64, %out: f64):
  %14 = arith.mulf %in, %in_0 : f64
  %15 = arith.subf %out, %14 : f64
  linalg.yield %15 : f64
}
  Processing 2 inputs
  Input 0 indexing map: (d0) -> (d0)

=== getLinalgArgMap ===
  Initial lgMap: (d0) -> (d0)
  Found SubmapOp with map: (d0)[s0] -> (s0, d0)
  Composed map: (d0)[s0] -> (s0, d0)
  Final lgMap: (d0)[s0] -> (s0, d0)
=== getLinalgArgMap END ===

  Calling remap_in_affine_dim for input 0

=== remap_in_affine_dim ===
  oldmap: (d0)[s0] -> (s0, d0)
  firstNDims: 1
  check_reduction (input): 0
  lower_bound_val: 0
  dimidx: -1
  check_reduction (output): 0
  new map (map2): (d0, d1)[s0] -> (s0, d0)
  validDims: 1, validSims: 1
Non-dominating block argument encountered
  REJECTED: remap_in_affine_dim returned illegal for input

========================================
=== AffineForOpRaising::matchAndRewrite ===
========================================
Processing loop:
affine.for %arg2 = 0 to %0 {
  %1 = affine.apply affine_map<(d0) -> (d0)>(%arg2)
  affine.for %arg3 = 0 to affine_map<(d0) -> (d0)>(%arg2) {
    %6 = polygeist.submap(%arg1, %arg2, %arg3) {map = affine_map<(d0)[s0] -> (s0, d0)>} : (memref<?x40xf64>, index, index) -> memref<?xf64>
    %7 = polygeist.submap(%arg1, %arg3, %arg3) {map = affine_map<(d0)[s0] -> (s0, d0)>} : (memref<?x40xf64>, index, index) -> memref<?xf64>
    %8 = polygeist.submap(%arg1, %arg2, %arg3, %arg3) {map = affine_map<(d0)[s0, s1] -> (s0, s1)>} : (memref<?x40xf64>, index, index, index) -> memref<?xf64>
    linalg.generic {indexing_maps = [affine_map<(d0) -> (d0)>, affine_map<(d0) -> (d0)>, affine_map<(d0) -> (d0)>], iterator_types = ["reduction"]} ins(%6, %7 : memref<?xf64>, memref<?xf64>) outs(%8 : memref<?xf64>) {
    ^bb0(%in: f64, %in_0: f64, %out: f64):
      %12 = arith.mulf %in, %in_0 : f64
      %13 = arith.subf %out, %12 : f64
      linalg.yield %13 : f64
    }
    %9 = affine.load %arg1[%arg3, %arg3] : memref<?x40xf64>
    %10 = affine.load %arg1[%arg2, %arg3] : memref<?x40xf64>
    %11 = arith.divf %10, %9 : f64
    affine.store %11, %arg1[%arg2, %arg3] : memref<?x40xf64>
  }
  %2 = polygeist.submap(%arg1, %arg2, %arg2) {map = affine_map<(d0)[s0] -> (s0, d0)>} : (memref<?x40xf64>, index, index) -> memref<?xf64>
  %3 = polygeist.submap(%arg1, %arg2, %arg2) {map = affine_map<(d0)[s0] -> (s0, s0)>} : (memref<?x40xf64>, index, index) -> memref<?xf64>
  linalg.generic {indexing_maps = [affine_map<(d0) -> (d0)>, affine_map<(d0) -> (d0)>], iterator_types = ["reduction"]} ins(%2 : memref<?xf64>) outs(%3 : memref<?xf64>) {
  ^bb0(%in: f64, %out: f64):
    %6 = arith.mulf %in, %in : f64
    %7 = arith.subf %out, %6 : f64
    linalg.yield %7 : f64
  }
  %4 = affine.load %arg1[%arg2, %arg2] : memref<?x40xf64>
  %5 = math.sqrt %4 : f64
  affine.store %5, %arg1[%arg2, %arg2] : memref<?x40xf64>
}

REJECTED: Walk was interrupted (invalid operations found)


========================================
=== AffineForOpRaising::matchAndRewrite ===
========================================
Processing loop:
affine.for %arg2 = 0 to %0 {
  affine.for %arg3 = 0 to affine_map<(d0) -> (d0)>(%arg2) {
    %5 = polygeist.submap(%arg1, %arg2, %arg3) {map = affine_map<(d0)[s0] -> (s0, d0)>} : (memref<?x40xf64>, index, index) -> memref<?xf64>
    %6 = polygeist.submap(%arg1, %arg3, %arg3) {map = affine_map<(d0)[s0] -> (s0, d0)>} : (memref<?x40xf64>, index, index) -> memref<?xf64>
    %7 = polygeist.submap(%arg1, %arg2, %arg3, %arg3) {map = affine_map<(d0)[s0, s1] -> (s0, s1)>} : (memref<?x40xf64>, index, index, index) -> memref<?xf64>
    linalg.generic {indexing_maps = [affine_map<(d0) -> (d0)>, affine_map<(d0) -> (d0)>, affine_map<(d0) -> (d0)>], iterator_types = ["reduction"]} ins(%5, %6 : memref<?xf64>, memref<?xf64>) outs(%7 : memref<?xf64>) {
    ^bb0(%in: f64, %in_0: f64, %out: f64):
      %11 = arith.mulf %in, %in_0 : f64
      %12 = arith.subf %out, %11 : f64
      linalg.yield %12 : f64
    }
    %8 = affine.load %arg1[%arg3, %arg3] : memref<?x40xf64>
    %9 = affine.load %arg1[%arg2, %arg3] : memref<?x40xf64>
    %10 = arith.divf %9, %8 : f64
    affine.store %10, %arg1[%arg2, %arg3] : memref<?x40xf64>
  }
  %1 = polygeist.submap(%arg1, %arg2, %arg2) {map = affine_map<(d0)[s0] -> (s0, d0)>} : (memref<?x40xf64>, index, index) -> memref<?xf64>
  %2 = polygeist.submap(%arg1, %arg2, %arg2) {map = affine_map<(d0)[s0] -> (s0, s0)>} : (memref<?x40xf64>, index, index) -> memref<?xf64>
  linalg.generic {indexing_maps = [affine_map<(d0) -> (d0)>, affine_map<(d0) -> (d0)>], iterator_types = ["reduction"]} ins(%1 : memref<?xf64>) outs(%2 : memref<?xf64>) {
  ^bb0(%in: f64, %out: f64):
    %5 = arith.mulf %in, %in : f64
    %6 = arith.subf %out, %5 : f64
    linalg.yield %6 : f64
  }
  %3 = affine.load %arg1[%arg2, %arg2] : memref<?x40xf64>
  %4 = math.sqrt %3 : f64
  affine.store %4, %arg1[%arg2, %arg2] : memref<?x40xf64>
}

REJECTED: Walk was interrupted (invalid operations found)


========================================
=== AffineForOpRaising::matchAndRewrite ===
========================================
Processing loop:
affine.for %arg3 = 0 to affine_map<(d0) -> (d0)>(%arg2) {
  %5 = polygeist.submap(%arg1, %arg2, %arg3) {map = affine_map<(d0)[s0] -> (s0, d0)>} : (memref<?x40xf64>, index, index) -> memref<?xf64>
  %6 = polygeist.submap(%arg1, %arg3, %arg3) {map = affine_map<(d0)[s0] -> (s0, d0)>} : (memref<?x40xf64>, index, index) -> memref<?xf64>
  %7 = polygeist.submap(%arg1, %arg2, %arg3, %arg3) {map = affine_map<(d0)[s0, s1] -> (s0, s1)>} : (memref<?x40xf64>, index, index, index) -> memref<?xf64>
  linalg.generic {indexing_maps = [affine_map<(d0) -> (d0)>, affine_map<(d0) -> (d0)>, affine_map<(d0) -> (d0)>], iterator_types = ["reduction"]} ins(%5, %6 : memref<?xf64>, memref<?xf64>) outs(%7 : memref<?xf64>) {
  ^bb0(%in: f64, %in_0: f64, %out: f64):
    %11 = arith.mulf %in, %in_0 : f64
    %12 = arith.subf %out, %11 : f64
    linalg.yield %12 : f64
  }
  %8 = affine.load %arg1[%arg3, %arg3] : memref<?x40xf64>
  %9 = affine.load %arg1[%arg2, %arg3] : memref<?x40xf64>
  %10 = arith.divf %9, %8 : f64
  affine.store %10, %arg1[%arg2, %arg3] : memref<?x40xf64>
}

Pattern recognition complete:
  Loads: 2
  Stores: 1
  LinalgGenerics: 1

Loop bounds:
  lbMap: () -> (0)
  ubMap: (d0) -> (d0)

--- Processing Linalg Generics ---
Processing linalg.generic:
linalg.generic {indexing_maps = [affine_map<(d0) -> (d0)>, affine_map<(d0) -> (d0)>, affine_map<(d0) -> (d0)>], iterator_types = ["reduction"]} ins(%8, %9 : memref<?xf64>, memref<?xf64>) outs(%10 : memref<?xf64>) {
^bb0(%in: f64, %in_0: f64, %out: f64):
  %14 = arith.mulf %in, %in_0 : f64
  %15 = arith.subf %out, %14 : f64
  linalg.yield %15 : f64
}
  Processing 2 inputs
  Input 0 indexing map: (d0) -> (d0)

=== getLinalgArgMap ===
  Initial lgMap: (d0) -> (d0)
  Found SubmapOp with map: (d0)[s0] -> (s0, d0)
  Composed map: (d0)[s0] -> (s0, d0)
  Final lgMap: (d0)[s0] -> (s0, d0)
=== getLinalgArgMap END ===

  Calling remap_in_affine_dim for input 0

=== remap_in_affine_dim ===
  oldmap: (d0)[s0] -> (s0, d0)
  firstNDims: 1
  check_reduction (input): 0
  lower_bound_val: 0
  dimidx: -1
  check_reduction (output): 0
  new map (map2): (d0, d1)[s0] -> (s0, d0)
  validDims: 1, validSims: 1
Non-dominating block argument encountered
  REJECTED: remap_in_affine_dim returned illegal for input

========================================
=== AffineForOpRaising::matchAndRewrite ===
========================================
Processing loop:
affine.for %arg2 = 0 to %0 {
  %1 = affine.apply affine_map<(d0) -> (d0)>(%arg2)
  affine.for %arg3 = 0 to affine_map<(d0) -> (d0)>(%arg2) {
    %6 = polygeist.submap(%arg1, %arg2, %arg3) {map = affine_map<(d0)[s0] -> (s0, d0)>} : (memref<?x40xf64>, index, index) -> memref<?xf64>
    %7 = polygeist.submap(%arg1, %arg3, %arg3) {map = affine_map<(d0)[s0] -> (s0, d0)>} : (memref<?x40xf64>, index, index) -> memref<?xf64>
    %8 = polygeist.submap(%arg1, %arg2, %arg3, %arg3) {map = affine_map<(d0)[s0, s1] -> (s0, s1)>} : (memref<?x40xf64>, index, index, index) -> memref<?xf64>
    linalg.generic {indexing_maps = [affine_map<(d0) -> (d0)>, affine_map<(d0) -> (d0)>, affine_map<(d0) -> (d0)>], iterator_types = ["reduction"]} ins(%6, %7 : memref<?xf64>, memref<?xf64>) outs(%8 : memref<?xf64>) {
    ^bb0(%in: f64, %in_0: f64, %out: f64):
      %12 = arith.mulf %in, %in_0 : f64
      %13 = arith.subf %out, %12 : f64
      linalg.yield %13 : f64
    }
    %9 = affine.load %arg1[%arg3, %arg3] : memref<?x40xf64>
    %10 = affine.load %arg1[%arg2, %arg3] : memref<?x40xf64>
    %11 = arith.divf %10, %9 : f64
    affine.store %11, %arg1[%arg2, %arg3] : memref<?x40xf64>
  }
  %2 = polygeist.submap(%arg1, %arg2, %arg2) {map = affine_map<(d0)[s0] -> (s0, d0)>} : (memref<?x40xf64>, index, index) -> memref<?xf64>
  %3 = polygeist.submap(%arg1, %arg2, %arg2) {map = affine_map<(d0)[s0] -> (s0, s0)>} : (memref<?x40xf64>, index, index) -> memref<?xf64>
  linalg.generic {indexing_maps = [affine_map<(d0) -> (d0)>, affine_map<(d0) -> (d0)>], iterator_types = ["reduction"]} ins(%2 : memref<?xf64>) outs(%3 : memref<?xf64>) {
  ^bb0(%in: f64, %out: f64):
    %6 = arith.mulf %in, %in : f64
    %7 = arith.subf %out, %6 : f64
    linalg.yield %7 : f64
  }
  %4 = affine.load %arg1[%arg2, %arg2] : memref<?x40xf64>
  %5 = math.sqrt %4 : f64
  affine.store %5, %arg1[%arg2, %arg2] : memref<?x40xf64>
}

REJECTED: Walk was interrupted (invalid operations found)


========================================
=== AffineForOpRaising::matchAndRewrite ===
========================================
Processing loop:
affine.for %arg2 = 0 to %0 {
  affine.for %arg3 = 0 to affine_map<(d0) -> (d0)>(%arg2) {
    %5 = polygeist.submap(%arg1, %arg2, %arg3) {map = affine_map<(d0)[s0] -> (s0, d0)>} : (memref<?x40xf64>, index, index) -> memref<?xf64>
    %6 = polygeist.submap(%arg1, %arg3, %arg3) {map = affine_map<(d0)[s0] -> (s0, d0)>} : (memref<?x40xf64>, index, index) -> memref<?xf64>
    %7 = polygeist.submap(%arg1, %arg2, %arg3, %arg3) {map = affine_map<(d0)[s0, s1] -> (s0, s1)>} : (memref<?x40xf64>, index, index, index) -> memref<?xf64>
    linalg.generic {indexing_maps = [affine_map<(d0) -> (d0)>, affine_map<(d0) -> (d0)>, affine_map<(d0) -> (d0)>], iterator_types = ["reduction"]} ins(%5, %6 : memref<?xf64>, memref<?xf64>) outs(%7 : memref<?xf64>) {
    ^bb0(%in: f64, %in_0: f64, %out: f64):
      %11 = arith.mulf %in, %in_0 : f64
      %12 = arith.subf %out, %11 : f64
      linalg.yield %12 : f64
    }
    %8 = affine.load %arg1[%arg3, %arg3] : memref<?x40xf64>
    %9 = affine.load %arg1[%arg2, %arg3] : memref<?x40xf64>
    %10 = arith.divf %9, %8 : f64
    affine.store %10, %arg1[%arg2, %arg3] : memref<?x40xf64>
  }
  %1 = polygeist.submap(%arg1, %arg2, %arg2) {map = affine_map<(d0)[s0] -> (s0, d0)>} : (memref<?x40xf64>, index, index) -> memref<?xf64>
  %2 = polygeist.submap(%arg1, %arg2, %arg2) {map = affine_map<(d0)[s0] -> (s0, s0)>} : (memref<?x40xf64>, index, index) -> memref<?xf64>
  linalg.generic {indexing_maps = [affine_map<(d0) -> (d0)>, affine_map<(d0) -> (d0)>], iterator_types = ["reduction"]} ins(%1 : memref<?xf64>) outs(%2 : memref<?xf64>) {
  ^bb0(%in: f64, %out: f64):
    %5 = arith.mulf %in, %in : f64
    %6 = arith.subf %out, %5 : f64
    linalg.yield %6 : f64
  }
  %3 = affine.load %arg1[%arg2, %arg2] : memref<?x40xf64>
  %4 = math.sqrt %3 : f64
  affine.store %4, %arg1[%arg2, %arg2] : memref<?x40xf64>
}

REJECTED: Walk was interrupted (invalid operations found)


========================================
=== AffineForOpRaising::matchAndRewrite ===
========================================
Processing loop:
affine.for %arg3 = 0 to affine_map<(d0) -> (d0)>(%arg2) {
  %5 = polygeist.submap(%arg1, %arg2, %arg3) {map = affine_map<(d0)[s0] -> (s0, d0)>} : (memref<?x40xf64>, index, index) -> memref<?xf64>
  %6 = polygeist.submap(%arg1, %arg3, %arg3) {map = affine_map<(d0)[s0] -> (s0, d0)>} : (memref<?x40xf64>, index, index) -> memref<?xf64>
  %7 = polygeist.submap(%arg1, %arg2, %arg3, %arg3) {map = affine_map<(d0)[s0, s1] -> (s0, s1)>} : (memref<?x40xf64>, index, index, index) -> memref<?xf64>
  linalg.generic {indexing_maps = [affine_map<(d0) -> (d0)>, affine_map<(d0) -> (d0)>, affine_map<(d0) -> (d0)>], iterator_types = ["reduction"]} ins(%5, %6 : memref<?xf64>, memref<?xf64>) outs(%7 : memref<?xf64>) {
  ^bb0(%in: f64, %in_0: f64, %out: f64):
    %11 = arith.mulf %in, %in_0 : f64
    %12 = arith.subf %out, %11 : f64
    linalg.yield %12 : f64
  }
  %8 = affine.load %arg1[%arg3, %arg3] : memref<?x40xf64>
  %9 = affine.load %arg1[%arg2, %arg3] : memref<?x40xf64>
  %10 = arith.divf %9, %8 : f64
  affine.store %10, %arg1[%arg2, %arg3] : memref<?x40xf64>
}

Pattern recognition complete:
  Loads: 2
  Stores: 1
  LinalgGenerics: 1

Loop bounds:
  lbMap: () -> (0)
  ubMap: (d0) -> (d0)

--- Processing Linalg Generics ---
Processing linalg.generic:
linalg.generic {indexing_maps = [affine_map<(d0) -> (d0)>, affine_map<(d0) -> (d0)>, affine_map<(d0) -> (d0)>], iterator_types = ["reduction"]} ins(%8, %9 : memref<?xf64>, memref<?xf64>) outs(%10 : memref<?xf64>) {
^bb0(%in: f64, %in_0: f64, %out: f64):
  %14 = arith.mulf %in, %in_0 : f64
  %15 = arith.subf %out, %14 : f64
  linalg.yield %15 : f64
}
  Processing 2 inputs
  Input 0 indexing map: (d0) -> (d0)

=== getLinalgArgMap ===
  Initial lgMap: (d0) -> (d0)
  Found SubmapOp with map: (d0)[s0] -> (s0, d0)
  Composed map: (d0)[s0] -> (s0, d0)
  Final lgMap: (d0)[s0] -> (s0, d0)
=== getLinalgArgMap END ===

  Calling remap_in_affine_dim for input 0

=== remap_in_affine_dim ===
  oldmap: (d0)[s0] -> (s0, d0)
  firstNDims: 1
  check_reduction (input): 0
  lower_bound_val: 0
  dimidx: -1
  check_reduction (output): 0
  new map (map2): (d0, d1)[s0] -> (s0, d0)
  validDims: 1, validSims: 1
Non-dominating block argument encountered
  REJECTED: remap_in_affine_dim returned illegal for input

========================================
=== AffineForOpRaising::matchAndRewrite ===
========================================
Processing loop:
affine.for %arg2 = 0 to %0 {
  %1 = affine.apply affine_map<(d0) -> (d0)>(%arg2)
  affine.for %arg3 = 0 to affine_map<(d0) -> (d0)>(%arg2) {
    %6 = polygeist.submap(%arg1, %arg2, %arg3) {map = affine_map<(d0)[s0] -> (s0, d0)>} : (memref<?x40xf64>, index, index) -> memref<?xf64>
    %7 = polygeist.submap(%arg1, %arg3, %arg3) {map = affine_map<(d0)[s0] -> (s0, d0)>} : (memref<?x40xf64>, index, index) -> memref<?xf64>
    %8 = polygeist.submap(%arg1, %arg2, %arg3, %arg3) {map = affine_map<(d0)[s0, s1] -> (s0, s1)>} : (memref<?x40xf64>, index, index, index) -> memref<?xf64>
    linalg.generic {indexing_maps = [affine_map<(d0) -> (d0)>, affine_map<(d0) -> (d0)>, affine_map<(d0) -> (d0)>], iterator_types = ["reduction"]} ins(%6, %7 : memref<?xf64>, memref<?xf64>) outs(%8 : memref<?xf64>) {
    ^bb0(%in: f64, %in_0: f64, %out: f64):
      %12 = arith.mulf %in, %in_0 : f64
      %13 = arith.subf %out, %12 : f64
      linalg.yield %13 : f64
    }
    %9 = affine.load %arg1[%arg3, %arg3] : memref<?x40xf64>
    %10 = affine.load %arg1[%arg2, %arg3] : memref<?x40xf64>
    %11 = arith.divf %10, %9 : f64
    affine.store %11, %arg1[%arg2, %arg3] : memref<?x40xf64>
  }
  %2 = polygeist.submap(%arg1, %arg2, %arg2) {map = affine_map<(d0)[s0] -> (s0, d0)>} : (memref<?x40xf64>, index, index) -> memref<?xf64>
  %3 = polygeist.submap(%arg1, %arg2, %arg2) {map = affine_map<(d0)[s0] -> (s0, s0)>} : (memref<?x40xf64>, index, index) -> memref<?xf64>
  linalg.generic {indexing_maps = [affine_map<(d0) -> (d0)>, affine_map<(d0) -> (d0)>], iterator_types = ["reduction"]} ins(%2 : memref<?xf64>) outs(%3 : memref<?xf64>) {
  ^bb0(%in: f64, %out: f64):
    %6 = arith.mulf %in, %in : f64
    %7 = arith.subf %out, %6 : f64
    linalg.yield %7 : f64
  }
  %4 = affine.load %arg1[%arg2, %arg2] : memref<?x40xf64>
  %5 = math.sqrt %4 : f64
  affine.store %5, %arg1[%arg2, %arg2] : memref<?x40xf64>
}

REJECTED: Walk was interrupted (invalid operations found)


========================================
=== AffineForOpRaising::matchAndRewrite ===
========================================
Processing loop:
affine.for %arg2 = 0 to %0 {
  affine.for %arg3 = 0 to affine_map<(d0) -> (d0)>(%arg2) {
    %5 = polygeist.submap(%arg1, %arg2, %arg3) {map = affine_map<(d0)[s0] -> (s0, d0)>} : (memref<?x40xf64>, index, index) -> memref<?xf64>
    %6 = polygeist.submap(%arg1, %arg3, %arg3) {map = affine_map<(d0)[s0] -> (s0, d0)>} : (memref<?x40xf64>, index, index) -> memref<?xf64>
    %7 = polygeist.submap(%arg1, %arg2, %arg3, %arg3) {map = affine_map<(d0)[s0, s1] -> (s0, s1)>} : (memref<?x40xf64>, index, index, index) -> memref<?xf64>
    linalg.generic {indexing_maps = [affine_map<(d0) -> (d0)>, affine_map<(d0) -> (d0)>, affine_map<(d0) -> (d0)>], iterator_types = ["reduction"]} ins(%5, %6 : memref<?xf64>, memref<?xf64>) outs(%7 : memref<?xf64>) {
    ^bb0(%in: f64, %in_0: f64, %out: f64):
      %11 = arith.mulf %in, %in_0 : f64
      %12 = arith.subf %out, %11 : f64
      linalg.yield %12 : f64
    }
    %8 = affine.load %arg1[%arg3, %arg3] : memref<?x40xf64>
    %9 = affine.load %arg1[%arg2, %arg3] : memref<?x40xf64>
    %10 = arith.divf %9, %8 : f64
    affine.store %10, %arg1[%arg2, %arg3] : memref<?x40xf64>
  }
  %1 = polygeist.submap(%arg1, %arg2, %arg2) {map = affine_map<(d0)[s0] -> (s0, d0)>} : (memref<?x40xf64>, index, index) -> memref<?xf64>
  %2 = polygeist.submap(%arg1, %arg2, %arg2) {map = affine_map<(d0)[s0] -> (s0, s0)>} : (memref<?x40xf64>, index, index) -> memref<?xf64>
  linalg.generic {indexing_maps = [affine_map<(d0) -> (d0)>, affine_map<(d0) -> (d0)>], iterator_types = ["reduction"]} ins(%1 : memref<?xf64>) outs(%2 : memref<?xf64>) {
  ^bb0(%in: f64, %out: f64):
    %5 = arith.mulf %in, %in : f64
    %6 = arith.subf %out, %5 : f64
    linalg.yield %6 : f64
  }
  %3 = affine.load %arg1[%arg2, %arg2] : memref<?x40xf64>
  %4 = math.sqrt %3 : f64
  affine.store %4, %arg1[%arg2, %arg2] : memref<?x40xf64>
}

REJECTED: Walk was interrupted (invalid operations found)


========================================
=== AffineForOpRaising::matchAndRewrite ===
========================================
Processing loop:
affine.for %arg3 = 0 to affine_map<(d0) -> (d0)>(%arg2) {
  %5 = polygeist.submap(%arg1, %arg2, %arg3) {map = affine_map<(d0)[s0] -> (s0, d0)>} : (memref<?x40xf64>, index, index) -> memref<?xf64>
  %6 = polygeist.submap(%arg1, %arg3, %arg3) {map = affine_map<(d0)[s0] -> (s0, d0)>} : (memref<?x40xf64>, index, index) -> memref<?xf64>
  %7 = polygeist.submap(%arg1, %arg2, %arg3, %arg3) {map = affine_map<(d0)[s0, s1] -> (s0, s1)>} : (memref<?x40xf64>, index, index, index) -> memref<?xf64>
  linalg.generic {indexing_maps = [affine_map<(d0) -> (d0)>, affine_map<(d0) -> (d0)>, affine_map<(d0) -> (d0)>], iterator_types = ["reduction"]} ins(%5, %6 : memref<?xf64>, memref<?xf64>) outs(%7 : memref<?xf64>) {
  ^bb0(%in: f64, %in_0: f64, %out: f64):
    %11 = arith.mulf %in, %in_0 : f64
    %12 = arith.subf %out, %11 : f64
    linalg.yield %12 : f64
  }
  %8 = affine.load %arg1[%arg3, %arg3] : memref<?x40xf64>
  %9 = affine.load %arg1[%arg2, %arg3] : memref<?x40xf64>
  %10 = arith.divf %9, %8 : f64
  affine.store %10, %arg1[%arg2, %arg3] : memref<?x40xf64>
}

Pattern recognition complete:
  Loads: 2
  Stores: 1
  LinalgGenerics: 1

Loop bounds:
  lbMap: () -> (0)
  ubMap: (d0) -> (d0)

--- Processing Linalg Generics ---
Processing linalg.generic:
linalg.generic {indexing_maps = [affine_map<(d0) -> (d0)>, affine_map<(d0) -> (d0)>, affine_map<(d0) -> (d0)>], iterator_types = ["reduction"]} ins(%8, %9 : memref<?xf64>, memref<?xf64>) outs(%10 : memref<?xf64>) {
^bb0(%in: f64, %in_0: f64, %out: f64):
  %14 = arith.mulf %in, %in_0 : f64
  %15 = arith.subf %out, %14 : f64
  linalg.yield %15 : f64
}
  Processing 2 inputs
  Input 0 indexing map: (d0) -> (d0)

=== getLinalgArgMap ===
  Initial lgMap: (d0) -> (d0)
  Found SubmapOp with map: (d0)[s0] -> (s0, d0)
  Composed map: (d0)[s0] -> (s0, d0)
  Final lgMap: (d0)[s0] -> (s0, d0)
=== getLinalgArgMap END ===

  Calling remap_in_affine_dim for input 0

=== remap_in_affine_dim ===
  oldmap: (d0)[s0] -> (s0, d0)
  firstNDims: 1
  check_reduction (input): 0
  lower_bound_val: 0
  dimidx: -1
  check_reduction (output): 0
  new map (map2): (d0, d1)[s0] -> (s0, d0)
  validDims: 1, validSims: 1
Non-dominating block argument encountered
  REJECTED: remap_in_affine_dim returned illegal for input

========================================
=== AffineForOpRaising::matchAndRewrite ===
========================================
Processing loop:
affine.for %arg2 = 0 to %0 {
  %1 = affine.apply affine_map<(d0) -> (d0)>(%arg2)
  affine.for %arg3 = 0 to affine_map<(d0) -> (d0)>(%arg2) {
    %6 = polygeist.submap(%arg1, %arg2, %arg3) {map = affine_map<(d0)[s0] -> (s0, d0)>} : (memref<?x40xf64>, index, index) -> memref<?xf64>
    %7 = polygeist.submap(%arg1, %arg3, %arg3) {map = affine_map<(d0)[s0] -> (s0, d0)>} : (memref<?x40xf64>, index, index) -> memref<?xf64>
    %8 = polygeist.submap(%arg1, %arg2, %arg3, %arg3) {map = affine_map<(d0)[s0, s1] -> (s0, s1)>} : (memref<?x40xf64>, index, index, index) -> memref<?xf64>
    linalg.generic {indexing_maps = [affine_map<(d0) -> (d0)>, affine_map<(d0) -> (d0)>, affine_map<(d0) -> (d0)>], iterator_types = ["reduction"]} ins(%6, %7 : memref<?xf64>, memref<?xf64>) outs(%8 : memref<?xf64>) {
    ^bb0(%in: f64, %in_0: f64, %out: f64):
      %12 = arith.mulf %in, %in_0 : f64
      %13 = arith.subf %out, %12 : f64
      linalg.yield %13 : f64
    }
    %9 = affine.load %arg1[%arg3, %arg3] : memref<?x40xf64>
    %10 = affine.load %arg1[%arg2, %arg3] : memref<?x40xf64>
    %11 = arith.divf %10, %9 : f64
    affine.store %11, %arg1[%arg2, %arg3] : memref<?x40xf64>
  }
  %2 = polygeist.submap(%arg1, %arg2, %arg2) {map = affine_map<(d0)[s0] -> (s0, d0)>} : (memref<?x40xf64>, index, index) -> memref<?xf64>
  %3 = polygeist.submap(%arg1, %arg2, %arg2) {map = affine_map<(d0)[s0] -> (s0, s0)>} : (memref<?x40xf64>, index, index) -> memref<?xf64>
  linalg.generic {indexing_maps = [affine_map<(d0) -> (d0)>, affine_map<(d0) -> (d0)>], iterator_types = ["reduction"]} ins(%2 : memref<?xf64>) outs(%3 : memref<?xf64>) {
  ^bb0(%in: f64, %out: f64):
    %6 = arith.mulf %in, %in : f64
    %7 = arith.subf %out, %6 : f64
    linalg.yield %7 : f64
  }
  %4 = affine.load %arg1[%arg2, %arg2] : memref<?x40xf64>
  %5 = math.sqrt %4 : f64
  affine.store %5, %arg1[%arg2, %arg2] : memref<?x40xf64>
}

REJECTED: Walk was interrupted (invalid operations found)


========================================
=== AffineForOpRaising::matchAndRewrite ===
========================================
Processing loop:
affine.for %arg2 = 0 to %0 {
  affine.for %arg3 = 0 to affine_map<(d0) -> (d0)>(%arg2) {
    %5 = polygeist.submap(%arg1, %arg2, %arg3) {map = affine_map<(d0)[s0] -> (s0, d0)>} : (memref<?x40xf64>, index, index) -> memref<?xf64>
    %6 = polygeist.submap(%arg1, %arg3, %arg3) {map = affine_map<(d0)[s0] -> (s0, d0)>} : (memref<?x40xf64>, index, index) -> memref<?xf64>
    %7 = polygeist.submap(%arg1, %arg2, %arg3, %arg3) {map = affine_map<(d0)[s0, s1] -> (s0, s1)>} : (memref<?x40xf64>, index, index, index) -> memref<?xf64>
    linalg.generic {indexing_maps = [affine_map<(d0) -> (d0)>, affine_map<(d0) -> (d0)>, affine_map<(d0) -> (d0)>], iterator_types = ["reduction"]} ins(%5, %6 : memref<?xf64>, memref<?xf64>) outs(%7 : memref<?xf64>) {
    ^bb0(%in: f64, %in_0: f64, %out: f64):
      %11 = arith.mulf %in, %in_0 : f64
      %12 = arith.subf %out, %11 : f64
      linalg.yield %12 : f64
    }
    %8 = affine.load %arg1[%arg3, %arg3] : memref<?x40xf64>
    %9 = affine.load %arg1[%arg2, %arg3] : memref<?x40xf64>
    %10 = arith.divf %9, %8 : f64
    affine.store %10, %arg1[%arg2, %arg3] : memref<?x40xf64>
  }
  %1 = polygeist.submap(%arg1, %arg2, %arg2) {map = affine_map<(d0)[s0] -> (s0, d0)>} : (memref<?x40xf64>, index, index) -> memref<?xf64>
  %2 = polygeist.submap(%arg1, %arg2, %arg2) {map = affine_map<(d0)[s0] -> (s0, s0)>} : (memref<?x40xf64>, index, index) -> memref<?xf64>
  linalg.generic {indexing_maps = [affine_map<(d0) -> (d0)>, affine_map<(d0) -> (d0)>], iterator_types = ["reduction"]} ins(%1 : memref<?xf64>) outs(%2 : memref<?xf64>) {
  ^bb0(%in: f64, %out: f64):
    %5 = arith.mulf %in, %in : f64
    %6 = arith.subf %out, %5 : f64
    linalg.yield %6 : f64
  }
  %3 = affine.load %arg1[%arg2, %arg2] : memref<?x40xf64>
  %4 = math.sqrt %3 : f64
  affine.store %4, %arg1[%arg2, %arg2] : memref<?x40xf64>
}

REJECTED: Walk was interrupted (invalid operations found)


========================================
=== AffineForOpRaising::matchAndRewrite ===
========================================
Processing loop:
affine.for %arg3 = 0 to affine_map<(d0) -> (d0)>(%arg2) {
  %5 = polygeist.submap(%arg1, %arg2, %arg3) {map = affine_map<(d0)[s0] -> (s0, d0)>} : (memref<?x40xf64>, index, index) -> memref<?xf64>
  %6 = polygeist.submap(%arg1, %arg3, %arg3) {map = affine_map<(d0)[s0] -> (s0, d0)>} : (memref<?x40xf64>, index, index) -> memref<?xf64>
  %7 = polygeist.submap(%arg1, %arg2, %arg3, %arg3) {map = affine_map<(d0)[s0, s1] -> (s0, s1)>} : (memref<?x40xf64>, index, index, index) -> memref<?xf64>
  linalg.generic {indexing_maps = [affine_map<(d0) -> (d0)>, affine_map<(d0) -> (d0)>, affine_map<(d0) -> (d0)>], iterator_types = ["reduction"]} ins(%5, %6 : memref<?xf64>, memref<?xf64>) outs(%7 : memref<?xf64>) {
  ^bb0(%in: f64, %in_0: f64, %out: f64):
    %11 = arith.mulf %in, %in_0 : f64
    %12 = arith.subf %out, %11 : f64
    linalg.yield %12 : f64
  }
  %8 = affine.load %arg1[%arg3, %arg3] : memref<?x40xf64>
  %9 = affine.load %arg1[%arg2, %arg3] : memref<?x40xf64>
  %10 = arith.divf %9, %8 : f64
  affine.store %10, %arg1[%arg2, %arg3] : memref<?x40xf64>
}

Pattern recognition complete:
  Loads: 2
  Stores: 1
  LinalgGenerics: 1

Loop bounds:
  lbMap: () -> (0)
  ubMap: (d0) -> (d0)

--- Processing Linalg Generics ---
Processing linalg.generic:
linalg.generic {indexing_maps = [affine_map<(d0) -> (d0)>, affine_map<(d0) -> (d0)>, affine_map<(d0) -> (d0)>], iterator_types = ["reduction"]} ins(%8, %9 : memref<?xf64>, memref<?xf64>) outs(%10 : memref<?xf64>) {
^bb0(%in: f64, %in_0: f64, %out: f64):
  %14 = arith.mulf %in, %in_0 : f64
  %15 = arith.subf %out, %14 : f64
  linalg.yield %15 : f64
}
  Processing 2 inputs
  Input 0 indexing map: (d0) -> (d0)

=== getLinalgArgMap ===
  Initial lgMap: (d0) -> (d0)
  Found SubmapOp with map: (d0)[s0] -> (s0, d0)
  Composed map: (d0)[s0] -> (s0, d0)
  Final lgMap: (d0)[s0] -> (s0, d0)
=== getLinalgArgMap END ===

  Calling remap_in_affine_dim for input 0

=== remap_in_affine_dim ===
  oldmap: (d0)[s0] -> (s0, d0)
  firstNDims: 1
  check_reduction (input): 0
  lower_bound_val: 0
  dimidx: -1
  check_reduction (output): 0
  new map (map2): (d0, d1)[s0] -> (s0, d0)
  validDims: 1, validSims: 1
Non-dominating block argument encountered
  REJECTED: remap_in_affine_dim returned illegal for input

========================================
=== AffineForOpRaising::matchAndRewrite ===
========================================
Processing loop:
affine.for %arg2 = 0 to %0 {
  %1 = affine.apply affine_map<(d0) -> (d0)>(%arg2)
  affine.for %arg3 = 0 to affine_map<(d0) -> (d0)>(%arg2) {
    %6 = polygeist.submap(%arg1, %arg2, %arg3) {map = affine_map<(d0)[s0] -> (s0, d0)>} : (memref<?x40xf64>, index, index) -> memref<?xf64>
    %7 = polygeist.submap(%arg1, %arg3, %arg3) {map = affine_map<(d0)[s0] -> (s0, d0)>} : (memref<?x40xf64>, index, index) -> memref<?xf64>
    %8 = polygeist.submap(%arg1, %arg2, %arg3, %arg3) {map = affine_map<(d0)[s0, s1] -> (s0, s1)>} : (memref<?x40xf64>, index, index, index) -> memref<?xf64>
    linalg.generic {indexing_maps = [affine_map<(d0) -> (d0)>, affine_map<(d0) -> (d0)>, affine_map<(d0) -> (d0)>], iterator_types = ["reduction"]} ins(%6, %7 : memref<?xf64>, memref<?xf64>) outs(%8 : memref<?xf64>) {
    ^bb0(%in: f64, %in_0: f64, %out: f64):
      %12 = arith.mulf %in, %in_0 : f64
      %13 = arith.subf %out, %12 : f64
      linalg.yield %13 : f64
    }
    %9 = affine.load %arg1[%arg3, %arg3] : memref<?x40xf64>
    %10 = affine.load %arg1[%arg2, %arg3] : memref<?x40xf64>
    %11 = arith.divf %10, %9 : f64
    affine.store %11, %arg1[%arg2, %arg3] : memref<?x40xf64>
  }
  %2 = polygeist.submap(%arg1, %arg2, %arg2) {map = affine_map<(d0)[s0] -> (s0, d0)>} : (memref<?x40xf64>, index, index) -> memref<?xf64>
  %3 = polygeist.submap(%arg1, %arg2, %arg2) {map = affine_map<(d0)[s0] -> (s0, s0)>} : (memref<?x40xf64>, index, index) -> memref<?xf64>
  linalg.generic {indexing_maps = [affine_map<(d0) -> (d0)>, affine_map<(d0) -> (d0)>], iterator_types = ["reduction"]} ins(%2 : memref<?xf64>) outs(%3 : memref<?xf64>) {
  ^bb0(%in: f64, %out: f64):
    %6 = arith.mulf %in, %in : f64
    %7 = arith.subf %out, %6 : f64
    linalg.yield %7 : f64
  }
  %4 = affine.load %arg1[%arg2, %arg2] : memref<?x40xf64>
  %5 = math.sqrt %4 : f64
  affine.store %5, %arg1[%arg2, %arg2] : memref<?x40xf64>
}

REJECTED: Walk was interrupted (invalid operations found)


========================================
=== AffineForOpRaising::matchAndRewrite ===
========================================
Processing loop:
affine.for %arg2 = 0 to %0 {
  affine.for %arg3 = 0 to affine_map<(d0) -> (d0)>(%arg2) {
    %5 = polygeist.submap(%arg1, %arg2, %arg3) {map = affine_map<(d0)[s0] -> (s0, d0)>} : (memref<?x40xf64>, index, index) -> memref<?xf64>
    %6 = polygeist.submap(%arg1, %arg3, %arg3) {map = affine_map<(d0)[s0] -> (s0, d0)>} : (memref<?x40xf64>, index, index) -> memref<?xf64>
    %7 = polygeist.submap(%arg1, %arg2, %arg3, %arg3) {map = affine_map<(d0)[s0, s1] -> (s0, s1)>} : (memref<?x40xf64>, index, index, index) -> memref<?xf64>
    linalg.generic {indexing_maps = [affine_map<(d0) -> (d0)>, affine_map<(d0) -> (d0)>, affine_map<(d0) -> (d0)>], iterator_types = ["reduction"]} ins(%5, %6 : memref<?xf64>, memref<?xf64>) outs(%7 : memref<?xf64>) {
    ^bb0(%in: f64, %in_0: f64, %out: f64):
      %11 = arith.mulf %in, %in_0 : f64
      %12 = arith.subf %out, %11 : f64
      linalg.yield %12 : f64
    }
    %8 = affine.load %arg1[%arg3, %arg3] : memref<?x40xf64>
    %9 = affine.load %arg1[%arg2, %arg3] : memref<?x40xf64>
    %10 = arith.divf %9, %8 : f64
    affine.store %10, %arg1[%arg2, %arg3] : memref<?x40xf64>
  }
  %1 = polygeist.submap(%arg1, %arg2, %arg2) {map = affine_map<(d0)[s0] -> (s0, d0)>} : (memref<?x40xf64>, index, index) -> memref<?xf64>
  %2 = polygeist.submap(%arg1, %arg2, %arg2) {map = affine_map<(d0)[s0] -> (s0, s0)>} : (memref<?x40xf64>, index, index) -> memref<?xf64>
  linalg.generic {indexing_maps = [affine_map<(d0) -> (d0)>, affine_map<(d0) -> (d0)>], iterator_types = ["reduction"]} ins(%1 : memref<?xf64>) outs(%2 : memref<?xf64>) {
  ^bb0(%in: f64, %out: f64):
    %5 = arith.mulf %in, %in : f64
    %6 = arith.subf %out, %5 : f64
    linalg.yield %6 : f64
  }
  %3 = affine.load %arg1[%arg2, %arg2] : memref<?x40xf64>
  %4 = math.sqrt %3 : f64
  affine.store %4, %arg1[%arg2, %arg2] : memref<?x40xf64>
}

REJECTED: Walk was interrupted (invalid operations found)


========================================
=== AffineForOpRaising::matchAndRewrite ===
========================================
Processing loop:
affine.for %arg3 = 0 to affine_map<(d0) -> (d0)>(%arg2) {
  %5 = polygeist.submap(%arg1, %arg2, %arg3) {map = affine_map<(d0)[s0] -> (s0, d0)>} : (memref<?x40xf64>, index, index) -> memref<?xf64>
  %6 = polygeist.submap(%arg1, %arg3, %arg3) {map = affine_map<(d0)[s0] -> (s0, d0)>} : (memref<?x40xf64>, index, index) -> memref<?xf64>
  %7 = polygeist.submap(%arg1, %arg2, %arg3, %arg3) {map = affine_map<(d0)[s0, s1] -> (s0, s1)>} : (memref<?x40xf64>, index, index, index) -> memref<?xf64>
  linalg.generic {indexing_maps = [affine_map<(d0) -> (d0)>, affine_map<(d0) -> (d0)>, affine_map<(d0) -> (d0)>], iterator_types = ["reduction"]} ins(%5, %6 : memref<?xf64>, memref<?xf64>) outs(%7 : memref<?xf64>) {
  ^bb0(%in: f64, %in_0: f64, %out: f64):
    %11 = arith.mulf %in, %in_0 : f64
    %12 = arith.subf %out, %11 : f64
    linalg.yield %12 : f64
  }
  %8 = affine.load %arg1[%arg3, %arg3] : memref<?x40xf64>
  %9 = affine.load %arg1[%arg2, %arg3] : memref<?x40xf64>
  %10 = arith.divf %9, %8 : f64
  affine.store %10, %arg1[%arg2, %arg3] : memref<?x40xf64>
}

Pattern recognition complete:
  Loads: 2
  Stores: 1
  LinalgGenerics: 1

Loop bounds:
  lbMap: () -> (0)
  ubMap: (d0) -> (d0)

--- Processing Linalg Generics ---
Processing linalg.generic:
linalg.generic {indexing_maps = [affine_map<(d0) -> (d0)>, affine_map<(d0) -> (d0)>, affine_map<(d0) -> (d0)>], iterator_types = ["reduction"]} ins(%8, %9 : memref<?xf64>, memref<?xf64>) outs(%10 : memref<?xf64>) {
^bb0(%in: f64, %in_0: f64, %out: f64):
  %14 = arith.mulf %in, %in_0 : f64
  %15 = arith.subf %out, %14 : f64
  linalg.yield %15 : f64
}
  Processing 2 inputs
  Input 0 indexing map: (d0) -> (d0)

=== getLinalgArgMap ===
  Initial lgMap: (d0) -> (d0)
  Found SubmapOp with map: (d0)[s0] -> (s0, d0)
  Composed map: (d0)[s0] -> (s0, d0)
  Final lgMap: (d0)[s0] -> (s0, d0)
=== getLinalgArgMap END ===

  Calling remap_in_affine_dim for input 0

=== remap_in_affine_dim ===
  oldmap: (d0)[s0] -> (s0, d0)
  firstNDims: 1
  check_reduction (input): 0
  lower_bound_val: 0
  dimidx: -1
  check_reduction (output): 0
  new map (map2): (d0, d1)[s0] -> (s0, d0)
  validDims: 1, validSims: 1
Non-dominating block argument encountered
  REJECTED: remap_in_affine_dim returned illegal for input

========================================
=== AffineForOpRaising::matchAndRewrite ===
========================================
Processing loop:
affine.for %arg2 = 0 to %0 {
  %1 = affine.apply affine_map<(d0) -> (d0)>(%arg2)
  affine.for %arg3 = 0 to affine_map<(d0) -> (d0)>(%arg2) {
    %6 = polygeist.submap(%arg1, %arg2, %arg3) {map = affine_map<(d0)[s0] -> (s0, d0)>} : (memref<?x40xf64>, index, index) -> memref<?xf64>
    %7 = polygeist.submap(%arg1, %arg3, %arg3) {map = affine_map<(d0)[s0] -> (s0, d0)>} : (memref<?x40xf64>, index, index) -> memref<?xf64>
    %8 = polygeist.submap(%arg1, %arg2, %arg3, %arg3) {map = affine_map<(d0)[s0, s1] -> (s0, s1)>} : (memref<?x40xf64>, index, index, index) -> memref<?xf64>
    linalg.generic {indexing_maps = [affine_map<(d0) -> (d0)>, affine_map<(d0) -> (d0)>, affine_map<(d0) -> (d0)>], iterator_types = ["reduction"]} ins(%6, %7 : memref<?xf64>, memref<?xf64>) outs(%8 : memref<?xf64>) {
    ^bb0(%in: f64, %in_0: f64, %out: f64):
      %12 = arith.mulf %in, %in_0 : f64
      %13 = arith.subf %out, %12 : f64
      linalg.yield %13 : f64
    }
    %9 = affine.load %arg1[%arg3, %arg3] : memref<?x40xf64>
    %10 = affine.load %arg1[%arg2, %arg3] : memref<?x40xf64>
    %11 = arith.divf %10, %9 : f64
    affine.store %11, %arg1[%arg2, %arg3] : memref<?x40xf64>
  }
  %2 = polygeist.submap(%arg1, %arg2, %arg2) {map = affine_map<(d0)[s0] -> (s0, d0)>} : (memref<?x40xf64>, index, index) -> memref<?xf64>
  %3 = polygeist.submap(%arg1, %arg2, %arg2) {map = affine_map<(d0)[s0] -> (s0, s0)>} : (memref<?x40xf64>, index, index) -> memref<?xf64>
  linalg.generic {indexing_maps = [affine_map<(d0) -> (d0)>, affine_map<(d0) -> (d0)>], iterator_types = ["reduction"]} ins(%2 : memref<?xf64>) outs(%3 : memref<?xf64>) {
  ^bb0(%in: f64, %out: f64):
    %6 = arith.mulf %in, %in : f64
    %7 = arith.subf %out, %6 : f64
    linalg.yield %7 : f64
  }
  %4 = affine.load %arg1[%arg2, %arg2] : memref<?x40xf64>
  %5 = math.sqrt %4 : f64
  affine.store %5, %arg1[%arg2, %arg2] : memref<?x40xf64>
}

REJECTED: Walk was interrupted (invalid operations found)


========================================
=== AffineForOpRaising::matchAndRewrite ===
========================================
Processing loop:
affine.for %arg2 = 0 to %0 {
  affine.for %arg3 = 0 to affine_map<(d0) -> (d0)>(%arg2) {
    %5 = polygeist.submap(%arg1, %arg2, %arg3) {map = affine_map<(d0)[s0] -> (s0, d0)>} : (memref<?x40xf64>, index, index) -> memref<?xf64>
    %6 = polygeist.submap(%arg1, %arg3, %arg3) {map = affine_map<(d0)[s0] -> (s0, d0)>} : (memref<?x40xf64>, index, index) -> memref<?xf64>
    %7 = polygeist.submap(%arg1, %arg2, %arg3, %arg3) {map = affine_map<(d0)[s0, s1] -> (s0, s1)>} : (memref<?x40xf64>, index, index, index) -> memref<?xf64>
    linalg.generic {indexing_maps = [affine_map<(d0) -> (d0)>, affine_map<(d0) -> (d0)>, affine_map<(d0) -> (d0)>], iterator_types = ["reduction"]} ins(%5, %6 : memref<?xf64>, memref<?xf64>) outs(%7 : memref<?xf64>) {
    ^bb0(%in: f64, %in_0: f64, %out: f64):
      %11 = arith.mulf %in, %in_0 : f64
      %12 = arith.subf %out, %11 : f64
      linalg.yield %12 : f64
    }
    %8 = affine.load %arg1[%arg3, %arg3] : memref<?x40xf64>
    %9 = affine.load %arg1[%arg2, %arg3] : memref<?x40xf64>
    %10 = arith.divf %9, %8 : f64
    affine.store %10, %arg1[%arg2, %arg3] : memref<?x40xf64>
  }
  %1 = polygeist.submap(%arg1, %arg2, %arg2) {map = affine_map<(d0)[s0] -> (s0, d0)>} : (memref<?x40xf64>, index, index) -> memref<?xf64>
  %2 = polygeist.submap(%arg1, %arg2, %arg2) {map = affine_map<(d0)[s0] -> (s0, s0)>} : (memref<?x40xf64>, index, index) -> memref<?xf64>
  linalg.generic {indexing_maps = [affine_map<(d0) -> (d0)>, affine_map<(d0) -> (d0)>], iterator_types = ["reduction"]} ins(%1 : memref<?xf64>) outs(%2 : memref<?xf64>) {
  ^bb0(%in: f64, %out: f64):
    %5 = arith.mulf %in, %in : f64
    %6 = arith.subf %out, %5 : f64
    linalg.yield %6 : f64
  }
  %3 = affine.load %arg1[%arg2, %arg2] : memref<?x40xf64>
  %4 = math.sqrt %3 : f64
  affine.store %4, %arg1[%arg2, %arg2] : memref<?x40xf64>
}

REJECTED: Walk was interrupted (invalid operations found)


========================================
=== AffineForOpRaising::matchAndRewrite ===
========================================
Processing loop:
affine.for %arg3 = 0 to affine_map<(d0) -> (d0)>(%arg2) {
  %5 = polygeist.submap(%arg1, %arg2, %arg3) {map = affine_map<(d0)[s0] -> (s0, d0)>} : (memref<?x40xf64>, index, index) -> memref<?xf64>
  %6 = polygeist.submap(%arg1, %arg3, %arg3) {map = affine_map<(d0)[s0] -> (s0, d0)>} : (memref<?x40xf64>, index, index) -> memref<?xf64>
  %7 = polygeist.submap(%arg1, %arg2, %arg3, %arg3) {map = affine_map<(d0)[s0, s1] -> (s0, s1)>} : (memref<?x40xf64>, index, index, index) -> memref<?xf64>
  linalg.generic {indexing_maps = [affine_map<(d0) -> (d0)>, affine_map<(d0) -> (d0)>, affine_map<(d0) -> (d0)>], iterator_types = ["reduction"]} ins(%5, %6 : memref<?xf64>, memref<?xf64>) outs(%7 : memref<?xf64>) {
  ^bb0(%in: f64, %in_0: f64, %out: f64):
    %11 = arith.mulf %in, %in_0 : f64
    %12 = arith.subf %out, %11 : f64
    linalg.yield %12 : f64
  }
  %8 = affine.load %arg1[%arg3, %arg3] : memref<?x40xf64>
  %9 = affine.load %arg1[%arg2, %arg3] : memref<?x40xf64>
  %10 = arith.divf %9, %8 : f64
  affine.store %10, %arg1[%arg2, %arg3] : memref<?x40xf64>
}

Pattern recognition complete:
  Loads: 2
  Stores: 1
  LinalgGenerics: 1

Loop bounds:
  lbMap: () -> (0)
  ubMap: (d0) -> (d0)

--- Processing Linalg Generics ---
Processing linalg.generic:
linalg.generic {indexing_maps = [affine_map<(d0) -> (d0)>, affine_map<(d0) -> (d0)>, affine_map<(d0) -> (d0)>], iterator_types = ["reduction"]} ins(%8, %9 : memref<?xf64>, memref<?xf64>) outs(%10 : memref<?xf64>) {
^bb0(%in: f64, %in_0: f64, %out: f64):
  %14 = arith.mulf %in, %in_0 : f64
  %15 = arith.subf %out, %14 : f64
  linalg.yield %15 : f64
}
  Processing 2 inputs
  Input 0 indexing map: (d0) -> (d0)

=== getLinalgArgMap ===
  Initial lgMap: (d0) -> (d0)
  Found SubmapOp with map: (d0)[s0] -> (s0, d0)
  Composed map: (d0)[s0] -> (s0, d0)
  Final lgMap: (d0)[s0] -> (s0, d0)
=== getLinalgArgMap END ===

  Calling remap_in_affine_dim for input 0

=== remap_in_affine_dim ===
  oldmap: (d0)[s0] -> (s0, d0)
  firstNDims: 1
  check_reduction (input): 0
  lower_bound_val: 0
  dimidx: -1
  check_reduction (output): 0
  new map (map2): (d0, d1)[s0] -> (s0, d0)
  validDims: 1, validSims: 1
Non-dominating block argument encountered
  REJECTED: remap_in_affine_dim returned illegal for input

========================================
=== AffineForOpRaising::matchAndRewrite ===
========================================
Processing loop:
affine.for %arg2 = 0 to %0 {
  %1 = affine.apply affine_map<(d0) -> (d0)>(%arg2)
  affine.for %arg3 = 0 to affine_map<(d0) -> (d0)>(%arg2) {
    %6 = polygeist.submap(%arg1, %arg2, %arg3) {map = affine_map<(d0)[s0] -> (s0, d0)>} : (memref<?x40xf64>, index, index) -> memref<?xf64>
    %7 = polygeist.submap(%arg1, %arg3, %arg3) {map = affine_map<(d0)[s0] -> (s0, d0)>} : (memref<?x40xf64>, index, index) -> memref<?xf64>
    %8 = polygeist.submap(%arg1, %arg2, %arg3, %arg3) {map = affine_map<(d0)[s0, s1] -> (s0, s1)>} : (memref<?x40xf64>, index, index, index) -> memref<?xf64>
    linalg.generic {indexing_maps = [affine_map<(d0) -> (d0)>, affine_map<(d0) -> (d0)>, affine_map<(d0) -> (d0)>], iterator_types = ["reduction"]} ins(%6, %7 : memref<?xf64>, memref<?xf64>) outs(%8 : memref<?xf64>) {
    ^bb0(%in: f64, %in_0: f64, %out: f64):
      %12 = arith.mulf %in, %in_0 : f64
      %13 = arith.subf %out, %12 : f64
      linalg.yield %13 : f64
    }
    %9 = affine.load %arg1[%arg3, %arg3] : memref<?x40xf64>
    %10 = affine.load %arg1[%arg2, %arg3] : memref<?x40xf64>
    %11 = arith.divf %10, %9 : f64
    affine.store %11, %arg1[%arg2, %arg3] : memref<?x40xf64>
  }
  %2 = polygeist.submap(%arg1, %arg2, %arg2) {map = affine_map<(d0)[s0] -> (s0, d0)>} : (memref<?x40xf64>, index, index) -> memref<?xf64>
  %3 = polygeist.submap(%arg1, %arg2, %arg2) {map = affine_map<(d0)[s0] -> (s0, s0)>} : (memref<?x40xf64>, index, index) -> memref<?xf64>
  linalg.generic {indexing_maps = [affine_map<(d0) -> (d0)>, affine_map<(d0) -> (d0)>], iterator_types = ["reduction"]} ins(%2 : memref<?xf64>) outs(%3 : memref<?xf64>) {
  ^bb0(%in: f64, %out: f64):
    %6 = arith.mulf %in, %in : f64
    %7 = arith.subf %out, %6 : f64
    linalg.yield %7 : f64
  }
  %4 = affine.load %arg1[%arg2, %arg2] : memref<?x40xf64>
  %5 = math.sqrt %4 : f64
  affine.store %5, %arg1[%arg2, %arg2] : memref<?x40xf64>
}

REJECTED: Walk was interrupted (invalid operations found)


========================================
=== AffineForOpRaising::matchAndRewrite ===
========================================
Processing loop:
affine.for %arg2 = 0 to %0 {
  affine.for %arg3 = 0 to affine_map<(d0) -> (d0)>(%arg2) {
    %5 = polygeist.submap(%arg1, %arg2, %arg3) {map = affine_map<(d0)[s0] -> (s0, d0)>} : (memref<?x40xf64>, index, index) -> memref<?xf64>
    %6 = polygeist.submap(%arg1, %arg3, %arg3) {map = affine_map<(d0)[s0] -> (s0, d0)>} : (memref<?x40xf64>, index, index) -> memref<?xf64>
    %7 = polygeist.submap(%arg1, %arg2, %arg3, %arg3) {map = affine_map<(d0)[s0, s1] -> (s0, s1)>} : (memref<?x40xf64>, index, index, index) -> memref<?xf64>
    linalg.generic {indexing_maps = [affine_map<(d0) -> (d0)>, affine_map<(d0) -> (d0)>, affine_map<(d0) -> (d0)>], iterator_types = ["reduction"]} ins(%5, %6 : memref<?xf64>, memref<?xf64>) outs(%7 : memref<?xf64>) {
    ^bb0(%in: f64, %in_0: f64, %out: f64):
      %11 = arith.mulf %in, %in_0 : f64
      %12 = arith.subf %out, %11 : f64
      linalg.yield %12 : f64
    }
    %8 = affine.load %arg1[%arg3, %arg3] : memref<?x40xf64>
    %9 = affine.load %arg1[%arg2, %arg3] : memref<?x40xf64>
    %10 = arith.divf %9, %8 : f64
    affine.store %10, %arg1[%arg2, %arg3] : memref<?x40xf64>
  }
  %1 = polygeist.submap(%arg1, %arg2, %arg2) {map = affine_map<(d0)[s0] -> (s0, d0)>} : (memref<?x40xf64>, index, index) -> memref<?xf64>
  %2 = polygeist.submap(%arg1, %arg2, %arg2) {map = affine_map<(d0)[s0] -> (s0, s0)>} : (memref<?x40xf64>, index, index) -> memref<?xf64>
  linalg.generic {indexing_maps = [affine_map<(d0) -> (d0)>, affine_map<(d0) -> (d0)>], iterator_types = ["reduction"]} ins(%1 : memref<?xf64>) outs(%2 : memref<?xf64>) {
  ^bb0(%in: f64, %out: f64):
    %5 = arith.mulf %in, %in : f64
    %6 = arith.subf %out, %5 : f64
    linalg.yield %6 : f64
  }
  %3 = affine.load %arg1[%arg2, %arg2] : memref<?x40xf64>
  %4 = math.sqrt %3 : f64
  affine.store %4, %arg1[%arg2, %arg2] : memref<?x40xf64>
}

REJECTED: Walk was interrupted (invalid operations found)


========================================
=== AffineForOpRaising::matchAndRewrite ===
========================================
Processing loop:
affine.for %arg3 = 0 to affine_map<(d0) -> (d0)>(%arg2) {
  %5 = polygeist.submap(%arg1, %arg2, %arg3) {map = affine_map<(d0)[s0] -> (s0, d0)>} : (memref<?x40xf64>, index, index) -> memref<?xf64>
  %6 = polygeist.submap(%arg1, %arg3, %arg3) {map = affine_map<(d0)[s0] -> (s0, d0)>} : (memref<?x40xf64>, index, index) -> memref<?xf64>
  %7 = polygeist.submap(%arg1, %arg2, %arg3, %arg3) {map = affine_map<(d0)[s0, s1] -> (s0, s1)>} : (memref<?x40xf64>, index, index, index) -> memref<?xf64>
  linalg.generic {indexing_maps = [affine_map<(d0) -> (d0)>, affine_map<(d0) -> (d0)>, affine_map<(d0) -> (d0)>], iterator_types = ["reduction"]} ins(%5, %6 : memref<?xf64>, memref<?xf64>) outs(%7 : memref<?xf64>) {
  ^bb0(%in: f64, %in_0: f64, %out: f64):
    %11 = arith.mulf %in, %in_0 : f64
    %12 = arith.subf %out, %11 : f64
    linalg.yield %12 : f64
  }
  %8 = affine.load %arg1[%arg3, %arg3] : memref<?x40xf64>
  %9 = affine.load %arg1[%arg2, %arg3] : memref<?x40xf64>
  %10 = arith.divf %9, %8 : f64
  affine.store %10, %arg1[%arg2, %arg3] : memref<?x40xf64>
}

Pattern recognition complete:
  Loads: 2
  Stores: 1
  LinalgGenerics: 1

Loop bounds:
  lbMap: () -> (0)
  ubMap: (d0) -> (d0)

--- Processing Linalg Generics ---
Processing linalg.generic:
linalg.generic {indexing_maps = [affine_map<(d0) -> (d0)>, affine_map<(d0) -> (d0)>, affine_map<(d0) -> (d0)>], iterator_types = ["reduction"]} ins(%8, %9 : memref<?xf64>, memref<?xf64>) outs(%10 : memref<?xf64>) {
^bb0(%in: f64, %in_0: f64, %out: f64):
  %14 = arith.mulf %in, %in_0 : f64
  %15 = arith.subf %out, %14 : f64
  linalg.yield %15 : f64
}
  Processing 2 inputs
  Input 0 indexing map: (d0) -> (d0)

=== getLinalgArgMap ===
  Initial lgMap: (d0) -> (d0)
  Found SubmapOp with map: (d0)[s0] -> (s0, d0)
  Composed map: (d0)[s0] -> (s0, d0)
  Final lgMap: (d0)[s0] -> (s0, d0)
=== getLinalgArgMap END ===

  Calling remap_in_affine_dim for input 0

=== remap_in_affine_dim ===
  oldmap: (d0)[s0] -> (s0, d0)
  firstNDims: 1
  check_reduction (input): 0
  lower_bound_val: 0
  dimidx: -1
  check_reduction (output): 0
  new map (map2): (d0, d1)[s0] -> (s0, d0)
  validDims: 1, validSims: 1
Non-dominating block argument encountered
  REJECTED: remap_in_affine_dim returned illegal for input

========================================
=== AffineForOpRaising::matchAndRewrite ===
========================================
Processing loop:
affine.for %arg2 = 0 to %0 {
  %1 = affine.apply affine_map<(d0) -> (d0)>(%arg2)
  affine.for %arg3 = 0 to affine_map<(d0) -> (d0)>(%arg2) {
    %6 = polygeist.submap(%arg1, %arg2, %arg3) {map = affine_map<(d0)[s0] -> (s0, d0)>} : (memref<?x40xf64>, index, index) -> memref<?xf64>
    %7 = polygeist.submap(%arg1, %arg3, %arg3) {map = affine_map<(d0)[s0] -> (s0, d0)>} : (memref<?x40xf64>, index, index) -> memref<?xf64>
    %8 = polygeist.submap(%arg1, %arg2, %arg3, %arg3) {map = affine_map<(d0)[s0, s1] -> (s0, s1)>} : (memref<?x40xf64>, index, index, index) -> memref<?xf64>
    linalg.generic {indexing_maps = [affine_map<(d0) -> (d0)>, affine_map<(d0) -> (d0)>, affine_map<(d0) -> (d0)>], iterator_types = ["reduction"]} ins(%6, %7 : memref<?xf64>, memref<?xf64>) outs(%8 : memref<?xf64>) {
    ^bb0(%in: f64, %in_0: f64, %out: f64):
      %12 = arith.mulf %in, %in_0 : f64
      %13 = arith.subf %out, %12 : f64
      linalg.yield %13 : f64
    }
    %9 = affine.load %arg1[%arg3, %arg3] : memref<?x40xf64>
    %10 = affine.load %arg1[%arg2, %arg3] : memref<?x40xf64>
    %11 = arith.divf %10, %9 : f64
    affine.store %11, %arg1[%arg2, %arg3] : memref<?x40xf64>
  }
  %2 = polygeist.submap(%arg1, %arg2, %arg2) {map = affine_map<(d0)[s0] -> (s0, d0)>} : (memref<?x40xf64>, index, index) -> memref<?xf64>
  %3 = polygeist.submap(%arg1, %arg2, %arg2) {map = affine_map<(d0)[s0] -> (s0, s0)>} : (memref<?x40xf64>, index, index) -> memref<?xf64>
  linalg.generic {indexing_maps = [affine_map<(d0) -> (d0)>, affine_map<(d0) -> (d0)>], iterator_types = ["reduction"]} ins(%2 : memref<?xf64>) outs(%3 : memref<?xf64>) {
  ^bb0(%in: f64, %out: f64):
    %6 = arith.mulf %in, %in : f64
    %7 = arith.subf %out, %6 : f64
    linalg.yield %7 : f64
  }
  %4 = affine.load %arg1[%arg2, %arg2] : memref<?x40xf64>
  %5 = math.sqrt %4 : f64
  affine.store %5, %arg1[%arg2, %arg2] : memref<?x40xf64>
}

REJECTED: Walk was interrupted (invalid operations found)


========================================
=== AffineForOpRaising::matchAndRewrite ===
========================================
Processing loop:
affine.for %arg2 = 0 to %0 {
  affine.for %arg3 = 0 to affine_map<(d0) -> (d0)>(%arg2) {
    %5 = polygeist.submap(%arg1, %arg2, %arg3) {map = affine_map<(d0)[s0] -> (s0, d0)>} : (memref<?x40xf64>, index, index) -> memref<?xf64>
    %6 = polygeist.submap(%arg1, %arg3, %arg3) {map = affine_map<(d0)[s0] -> (s0, d0)>} : (memref<?x40xf64>, index, index) -> memref<?xf64>
    %7 = polygeist.submap(%arg1, %arg2, %arg3, %arg3) {map = affine_map<(d0)[s0, s1] -> (s0, s1)>} : (memref<?x40xf64>, index, index, index) -> memref<?xf64>
    linalg.generic {indexing_maps = [affine_map<(d0) -> (d0)>, affine_map<(d0) -> (d0)>, affine_map<(d0) -> (d0)>], iterator_types = ["reduction"]} ins(%5, %6 : memref<?xf64>, memref<?xf64>) outs(%7 : memref<?xf64>) {
    ^bb0(%in: f64, %in_0: f64, %out: f64):
      %11 = arith.mulf %in, %in_0 : f64
      %12 = arith.subf %out, %11 : f64
      linalg.yield %12 : f64
    }
    %8 = affine.load %arg1[%arg3, %arg3] : memref<?x40xf64>
    %9 = affine.load %arg1[%arg2, %arg3] : memref<?x40xf64>
    %10 = arith.divf %9, %8 : f64
    affine.store %10, %arg1[%arg2, %arg3] : memref<?x40xf64>
  }
  %1 = polygeist.submap(%arg1, %arg2, %arg2) {map = affine_map<(d0)[s0] -> (s0, d0)>} : (memref<?x40xf64>, index, index) -> memref<?xf64>
  %2 = polygeist.submap(%arg1, %arg2, %arg2) {map = affine_map<(d0)[s0] -> (s0, s0)>} : (memref<?x40xf64>, index, index) -> memref<?xf64>
  linalg.generic {indexing_maps = [affine_map<(d0) -> (d0)>, affine_map<(d0) -> (d0)>], iterator_types = ["reduction"]} ins(%1 : memref<?xf64>) outs(%2 : memref<?xf64>) {
  ^bb0(%in: f64, %out: f64):
    %5 = arith.mulf %in, %in : f64
    %6 = arith.subf %out, %5 : f64
    linalg.yield %6 : f64
  }
  %3 = affine.load %arg1[%arg2, %arg2] : memref<?x40xf64>
  %4 = math.sqrt %3 : f64
  affine.store %4, %arg1[%arg2, %arg2] : memref<?x40xf64>
}

REJECTED: Walk was interrupted (invalid operations found)


========================================
=== AffineForOpRaising::matchAndRewrite ===
========================================
Processing loop:
affine.for %arg3 = 0 to affine_map<(d0) -> (d0)>(%arg2) {
  %5 = polygeist.submap(%arg1, %arg2, %arg3) {map = affine_map<(d0)[s0] -> (s0, d0)>} : (memref<?x40xf64>, index, index) -> memref<?xf64>
  %6 = polygeist.submap(%arg1, %arg3, %arg3) {map = affine_map<(d0)[s0] -> (s0, d0)>} : (memref<?x40xf64>, index, index) -> memref<?xf64>
  %7 = polygeist.submap(%arg1, %arg2, %arg3, %arg3) {map = affine_map<(d0)[s0, s1] -> (s0, s1)>} : (memref<?x40xf64>, index, index, index) -> memref<?xf64>
  linalg.generic {indexing_maps = [affine_map<(d0) -> (d0)>, affine_map<(d0) -> (d0)>, affine_map<(d0) -> (d0)>], iterator_types = ["reduction"]} ins(%5, %6 : memref<?xf64>, memref<?xf64>) outs(%7 : memref<?xf64>) {
  ^bb0(%in: f64, %in_0: f64, %out: f64):
    %11 = arith.mulf %in, %in_0 : f64
    %12 = arith.subf %out, %11 : f64
    linalg.yield %12 : f64
  }
  %8 = affine.load %arg1[%arg3, %arg3] : memref<?x40xf64>
  %9 = affine.load %arg1[%arg2, %arg3] : memref<?x40xf64>
  %10 = arith.divf %9, %8 : f64
  affine.store %10, %arg1[%arg2, %arg3] : memref<?x40xf64>
}

Pattern recognition complete:
  Loads: 2
  Stores: 1
  LinalgGenerics: 1

Loop bounds:
  lbMap: () -> (0)
  ubMap: (d0) -> (d0)

--- Processing Linalg Generics ---
Processing linalg.generic:
linalg.generic {indexing_maps = [affine_map<(d0) -> (d0)>, affine_map<(d0) -> (d0)>, affine_map<(d0) -> (d0)>], iterator_types = ["reduction"]} ins(%8, %9 : memref<?xf64>, memref<?xf64>) outs(%10 : memref<?xf64>) {
^bb0(%in: f64, %in_0: f64, %out: f64):
  %14 = arith.mulf %in, %in_0 : f64
  %15 = arith.subf %out, %14 : f64
  linalg.yield %15 : f64
}
  Processing 2 inputs
  Input 0 indexing map: (d0) -> (d0)

=== getLinalgArgMap ===
  Initial lgMap: (d0) -> (d0)
  Found SubmapOp with map: (d0)[s0] -> (s0, d0)
  Composed map: (d0)[s0] -> (s0, d0)
  Final lgMap: (d0)[s0] -> (s0, d0)
=== getLinalgArgMap END ===

  Calling remap_in_affine_dim for input 0

=== remap_in_affine_dim ===
  oldmap: (d0)[s0] -> (s0, d0)
  firstNDims: 1
  check_reduction (input): 0
  lower_bound_val: 0
  dimidx: -1
  check_reduction (output): 0
  new map (map2): (d0, d1)[s0] -> (s0, d0)
  validDims: 1, validSims: 1
Non-dominating block argument encountered
  REJECTED: remap_in_affine_dim returned illegal for input

========================================
=== AffineForOpRaising::matchAndRewrite ===
========================================
Processing loop:
affine.for %arg2 = 0 to %0 {
  %1 = affine.apply affine_map<(d0) -> (d0)>(%arg2)
  affine.for %arg3 = 0 to affine_map<(d0) -> (d0)>(%arg2) {
    %6 = polygeist.submap(%arg1, %arg2, %arg3) {map = affine_map<(d0)[s0] -> (s0, d0)>} : (memref<?x40xf64>, index, index) -> memref<?xf64>
    %7 = polygeist.submap(%arg1, %arg3, %arg3) {map = affine_map<(d0)[s0] -> (s0, d0)>} : (memref<?x40xf64>, index, index) -> memref<?xf64>
    %8 = polygeist.submap(%arg1, %arg2, %arg3, %arg3) {map = affine_map<(d0)[s0, s1] -> (s0, s1)>} : (memref<?x40xf64>, index, index, index) -> memref<?xf64>
    linalg.generic {indexing_maps = [affine_map<(d0) -> (d0)>, affine_map<(d0) -> (d0)>, affine_map<(d0) -> (d0)>], iterator_types = ["reduction"]} ins(%6, %7 : memref<?xf64>, memref<?xf64>) outs(%8 : memref<?xf64>) {
    ^bb0(%in: f64, %in_0: f64, %out: f64):
      %12 = arith.mulf %in, %in_0 : f64
      %13 = arith.subf %out, %12 : f64
      linalg.yield %13 : f64
    }
    %9 = affine.load %arg1[%arg3, %arg3] : memref<?x40xf64>
    %10 = affine.load %arg1[%arg2, %arg3] : memref<?x40xf64>
    %11 = arith.divf %10, %9 : f64
    affine.store %11, %arg1[%arg2, %arg3] : memref<?x40xf64>
  }
  %2 = polygeist.submap(%arg1, %arg2, %arg2) {map = affine_map<(d0)[s0] -> (s0, d0)>} : (memref<?x40xf64>, index, index) -> memref<?xf64>
  %3 = polygeist.submap(%arg1, %arg2, %arg2) {map = affine_map<(d0)[s0] -> (s0, s0)>} : (memref<?x40xf64>, index, index) -> memref<?xf64>
  linalg.generic {indexing_maps = [affine_map<(d0) -> (d0)>, affine_map<(d0) -> (d0)>], iterator_types = ["reduction"]} ins(%2 : memref<?xf64>) outs(%3 : memref<?xf64>) {
  ^bb0(%in: f64, %out: f64):
    %6 = arith.mulf %in, %in : f64
    %7 = arith.subf %out, %6 : f64
    linalg.yield %7 : f64
  }
  %4 = affine.load %arg1[%arg2, %arg2] : memref<?x40xf64>
  %5 = math.sqrt %4 : f64
  affine.store %5, %arg1[%arg2, %arg2] : memref<?x40xf64>
}

REJECTED: Walk was interrupted (invalid operations found)


========================================
=== AffineForOpRaising::matchAndRewrite ===
========================================
Processing loop:
affine.for %arg2 = 0 to %0 {
  affine.for %arg3 = 0 to affine_map<(d0) -> (d0)>(%arg2) {
    %5 = polygeist.submap(%arg1, %arg2, %arg3) {map = affine_map<(d0)[s0] -> (s0, d0)>} : (memref<?x40xf64>, index, index) -> memref<?xf64>
    %6 = polygeist.submap(%arg1, %arg3, %arg3) {map = affine_map<(d0)[s0] -> (s0, d0)>} : (memref<?x40xf64>, index, index) -> memref<?xf64>
    %7 = polygeist.submap(%arg1, %arg2, %arg3, %arg3) {map = affine_map<(d0)[s0, s1] -> (s0, s1)>} : (memref<?x40xf64>, index, index, index) -> memref<?xf64>
    linalg.generic {indexing_maps = [affine_map<(d0) -> (d0)>, affine_map<(d0) -> (d0)>, affine_map<(d0) -> (d0)>], iterator_types = ["reduction"]} ins(%5, %6 : memref<?xf64>, memref<?xf64>) outs(%7 : memref<?xf64>) {
    ^bb0(%in: f64, %in_0: f64, %out: f64):
      %11 = arith.mulf %in, %in_0 : f64
      %12 = arith.subf %out, %11 : f64
      linalg.yield %12 : f64
    }
    %8 = affine.load %arg1[%arg3, %arg3] : memref<?x40xf64>
    %9 = affine.load %arg1[%arg2, %arg3] : memref<?x40xf64>
    %10 = arith.divf %9, %8 : f64
    affine.store %10, %arg1[%arg2, %arg3] : memref<?x40xf64>
  }
  %1 = polygeist.submap(%arg1, %arg2, %arg2) {map = affine_map<(d0)[s0] -> (s0, d0)>} : (memref<?x40xf64>, index, index) -> memref<?xf64>
  %2 = polygeist.submap(%arg1, %arg2, %arg2) {map = affine_map<(d0)[s0] -> (s0, s0)>} : (memref<?x40xf64>, index, index) -> memref<?xf64>
  linalg.generic {indexing_maps = [affine_map<(d0) -> (d0)>, affine_map<(d0) -> (d0)>], iterator_types = ["reduction"]} ins(%1 : memref<?xf64>) outs(%2 : memref<?xf64>) {
  ^bb0(%in: f64, %out: f64):
    %5 = arith.mulf %in, %in : f64
    %6 = arith.subf %out, %5 : f64
    linalg.yield %6 : f64
  }
  %3 = affine.load %arg1[%arg2, %arg2] : memref<?x40xf64>
  %4 = math.sqrt %3 : f64
  affine.store %4, %arg1[%arg2, %arg2] : memref<?x40xf64>
}

REJECTED: Walk was interrupted (invalid operations found)


========================================
=== AffineForOpRaising::matchAndRewrite ===
========================================
Processing loop:
affine.for %arg3 = 0 to affine_map<(d0) -> (d0)>(%arg2) {
  %5 = polygeist.submap(%arg1, %arg2, %arg3) {map = affine_map<(d0)[s0] -> (s0, d0)>} : (memref<?x40xf64>, index, index) -> memref<?xf64>
  %6 = polygeist.submap(%arg1, %arg3, %arg3) {map = affine_map<(d0)[s0] -> (s0, d0)>} : (memref<?x40xf64>, index, index) -> memref<?xf64>
  %7 = polygeist.submap(%arg1, %arg2, %arg3, %arg3) {map = affine_map<(d0)[s0, s1] -> (s0, s1)>} : (memref<?x40xf64>, index, index, index) -> memref<?xf64>
  linalg.generic {indexing_maps = [affine_map<(d0) -> (d0)>, affine_map<(d0) -> (d0)>, affine_map<(d0) -> (d0)>], iterator_types = ["reduction"]} ins(%5, %6 : memref<?xf64>, memref<?xf64>) outs(%7 : memref<?xf64>) {
  ^bb0(%in: f64, %in_0: f64, %out: f64):
    %11 = arith.mulf %in, %in_0 : f64
    %12 = arith.subf %out, %11 : f64
    linalg.yield %12 : f64
  }
  %8 = affine.load %arg1[%arg3, %arg3] : memref<?x40xf64>
  %9 = affine.load %arg1[%arg2, %arg3] : memref<?x40xf64>
  %10 = arith.divf %9, %8 : f64
  affine.store %10, %arg1[%arg2, %arg3] : memref<?x40xf64>
}

Pattern recognition complete:
  Loads: 2
  Stores: 1
  LinalgGenerics: 1

Loop bounds:
  lbMap: () -> (0)
  ubMap: (d0) -> (d0)

--- Processing Linalg Generics ---
Processing linalg.generic:
linalg.generic {indexing_maps = [affine_map<(d0) -> (d0)>, affine_map<(d0) -> (d0)>, affine_map<(d0) -> (d0)>], iterator_types = ["reduction"]} ins(%8, %9 : memref<?xf64>, memref<?xf64>) outs(%10 : memref<?xf64>) {
^bb0(%in: f64, %in_0: f64, %out: f64):
  %14 = arith.mulf %in, %in_0 : f64
  %15 = arith.subf %out, %14 : f64
  linalg.yield %15 : f64
}
  Processing 2 inputs
  Input 0 indexing map: (d0) -> (d0)

=== getLinalgArgMap ===
  Initial lgMap: (d0) -> (d0)
  Found SubmapOp with map: (d0)[s0] -> (s0, d0)
  Composed map: (d0)[s0] -> (s0, d0)
  Final lgMap: (d0)[s0] -> (s0, d0)
=== getLinalgArgMap END ===

  Calling remap_in_affine_dim for input 0

=== remap_in_affine_dim ===
  oldmap: (d0)[s0] -> (s0, d0)
  firstNDims: 1
  check_reduction (input): 0
  lower_bound_val: 0
  dimidx: -1
  check_reduction (output): 0
  new map (map2): (d0, d1)[s0] -> (s0, d0)
  validDims: 1, validSims: 1
Non-dominating block argument encountered
  REJECTED: remap_in_affine_dim returned illegal for input

========================================
=== AffineForOpRaising::matchAndRewrite ===
========================================
Processing loop:
affine.for %arg2 = 0 to %0 {
  %1 = affine.apply affine_map<(d0) -> (d0)>(%arg2)
  affine.for %arg3 = 0 to affine_map<(d0) -> (d0)>(%arg2) {
    %6 = polygeist.submap(%arg1, %arg2, %arg3) {map = affine_map<(d0)[s0] -> (s0, d0)>} : (memref<?x40xf64>, index, index) -> memref<?xf64>
    %7 = polygeist.submap(%arg1, %arg3, %arg3) {map = affine_map<(d0)[s0] -> (s0, d0)>} : (memref<?x40xf64>, index, index) -> memref<?xf64>
    %8 = polygeist.submap(%arg1, %arg2, %arg3, %arg3) {map = affine_map<(d0)[s0, s1] -> (s0, s1)>} : (memref<?x40xf64>, index, index, index) -> memref<?xf64>
    linalg.generic {indexing_maps = [affine_map<(d0) -> (d0)>, affine_map<(d0) -> (d0)>, affine_map<(d0) -> (d0)>], iterator_types = ["reduction"]} ins(%6, %7 : memref<?xf64>, memref<?xf64>) outs(%8 : memref<?xf64>) {
    ^bb0(%in: f64, %in_0: f64, %out: f64):
      %12 = arith.mulf %in, %in_0 : f64
      %13 = arith.subf %out, %12 : f64
      linalg.yield %13 : f64
    }
    %9 = affine.load %arg1[%arg3, %arg3] : memref<?x40xf64>
    %10 = affine.load %arg1[%arg2, %arg3] : memref<?x40xf64>
    %11 = arith.divf %10, %9 : f64
    affine.store %11, %arg1[%arg2, %arg3] : memref<?x40xf64>
  }
  %2 = polygeist.submap(%arg1, %arg2, %arg2) {map = affine_map<(d0)[s0] -> (s0, d0)>} : (memref<?x40xf64>, index, index) -> memref<?xf64>
  %3 = polygeist.submap(%arg1, %arg2, %arg2) {map = affine_map<(d0)[s0] -> (s0, s0)>} : (memref<?x40xf64>, index, index) -> memref<?xf64>
  linalg.generic {indexing_maps = [affine_map<(d0) -> (d0)>, affine_map<(d0) -> (d0)>], iterator_types = ["reduction"]} ins(%2 : memref<?xf64>) outs(%3 : memref<?xf64>) {
  ^bb0(%in: f64, %out: f64):
    %6 = arith.mulf %in, %in : f64
    %7 = arith.subf %out, %6 : f64
    linalg.yield %7 : f64
  }
  %4 = affine.load %arg1[%arg2, %arg2] : memref<?x40xf64>
  %5 = math.sqrt %4 : f64
  affine.store %5, %arg1[%arg2, %arg2] : memref<?x40xf64>
}

REJECTED: Walk was interrupted (invalid operations found)

WARNING: AffineForOpRaising didn't converge
cholesky.mlir:3:3: warning: AffineForOpRaising didn't converge, continuing anyway
  func.func @kernel_cholesky(%arg0: i32, %arg1: memref<?x40xf64>) attributes {llvm.linkage = #llvm.linkage<external>} {
  ^
cholesky.mlir:3:3: note: see current operation: 
func.func @kernel_cholesky(%arg0: i32, %arg1: memref<?x40xf64>) attributes {llvm.linkage = #llvm.linkage<external>} {
  %0 = arith.index_cast %arg0 : i32 to index
  affine.for %arg2 = 0 to %0 {
    affine.for %arg3 = 0 to affine_map<(d0) -> (d0)>(%arg2) {
      %5 = polygeist.submap(%arg1, %arg2, %arg3) {map = affine_map<(d0)[s0] -> (s0, d0)>} : (memref<?x40xf64>, index, index) -> memref<?xf64>
      %6 = polygeist.submap(%arg1, %arg3, %arg3) {map = affine_map<(d0)[s0] -> (s0, d0)>} : (memref<?x40xf64>, index, index) -> memref<?xf64>
      %7 = polygeist.submap(%arg1, %arg2, %arg3, %arg3) {map = affine_map<(d0)[s0, s1] -> (s0, s1)>} : (memref<?x40xf64>, index, index, index) -> memref<?xf64>
      linalg.generic {indexing_maps = [affine_map<(d0) -> (d0)>, affine_map<(d0) -> (d0)>, affine_map<(d0) -> (d0)>], iterator_types = ["reduction"]} ins(%5, %6 : memref<?xf64>, memref<?xf64>) outs(%7 : memref<?xf64>) {
      ^bb0(%in: f64, %in_0: f64, %out: f64):
        %11 = arith.mulf %in, %in_0 : f64
        %12 = arith.subf %out, %11 : f64
        linalg.yield %12 : f64
      }
      %8 = affine.load %arg1[%arg3, %arg3] : memref<?x40xf64>
      %9 = affine.load %arg1[%arg2, %arg3] : memref<?x40xf64>
      %10 = arith.divf %9, %8 : f64
      affine.store %10, %arg1[%arg2, %arg3] : memref<?x40xf64>
    }
    %1 = polygeist.submap(%arg1, %arg2, %arg2) {map = affine_map<(d0)[s0] -> (s0, d0)>} : (memref<?x40xf64>, index, index) -> memref<?xf64>
    %2 = polygeist.submap(%arg1, %arg2, %arg2) {map = affine_map<(d0)[s0] -> (s0, s0)>} : (memref<?x40xf64>, index, index) -> memref<?xf64>
    linalg.generic {indexing_maps = [affine_map<(d0) -> (d0)>, affine_map<(d0) -> (d0)>], iterator_types = ["reduction"]} ins(%1 : memref<?xf64>) outs(%2 : memref<?xf64>) {
    ^bb0(%in: f64, %out: f64):
      %5 = arith.mulf %in, %in : f64
      %6 = arith.subf %out, %5 : f64
      linalg.yield %6 : f64
    }
    %3 = affine.load %arg1[%arg2, %arg2] : memref<?x40xf64>
    %4 = math.sqrt %3 : f64
    affine.store %4, %arg1[%arg2, %arg2] : memref<?x40xf64>
  }
  return
}
### Step 3 Complete ###

****************************************
*** RaiseAffineToLinalg END ***
****************************************


****************************************
*** RaiseAffineToLinalgPipeline END ***
****************************************

