
****************************************
*** RaiseAffineToLinalgPipeline START ***
****************************************

Running pipeline...

****************************************
*** RaiseAffineToLinalg START ***
****************************************

### Step 1: Applying AffineParallelFission ###

=== AffineParallelFission ===
Processing affine.parallel:
affine.parallel (%arg9) = (0) to (symbol(%0)) {
  %4 = affine.load %arg3[%arg9, %arg7] : memref<?x28xf64>
  %5 = affine.load %arg3[%arg9, %arg8] : memref<?x28xf64>
  %6 = arith.mulf %4, %5 : f64
  %7 = affine.load %arg4[%arg7, %arg8] : memref<?x28xf64>
  %8 = arith.addf %7, %6 : f64
  affine.store %8, %arg4[%arg7, %arg8] : memref<?x28xf64>
}

=== AffineParallelFission ===
Processing affine.parallel:
affine.parallel (%arg8) = (%arg7 + 1) to (symbol(%1)) {
  affine.store %cst_0, %arg4[%arg7, %arg8] : memref<?x28xf64>
  affine.parallel (%arg9) = (0) to (symbol(%0)) {
    %4 = affine.load %arg3[%arg9, %arg7] : memref<?x28xf64>
    %5 = affine.load %arg3[%arg9, %arg8] : memref<?x28xf64>
    %6 = arith.mulf %4, %5 : f64
    %7 = affine.load %arg4[%arg7, %arg8] : memref<?x28xf64>
    %8 = arith.addf %7, %6 : f64
    affine.store %8, %arg4[%arg7, %arg8] : memref<?x28xf64>
  }
  %3 = affine.load %arg4[%arg7, %arg8] : memref<?x28xf64>
  affine.store %3, %arg4[%arg8, %arg7] : memref<?x28xf64>
}

=== AffineParallelFission ===
Processing affine.parallel:
affine.parallel (%arg7) = (0) to (symbol(%1) - 1) {
  affine.store %cst_1, %arg4[%arg7, %arg7] : memref<?x28xf64>
  affine.parallel (%arg8) = (%arg7 + 1) to (symbol(%1)) {
    affine.store %cst_0, %arg4[%arg7, %arg8] : memref<?x28xf64>
    affine.parallel (%arg9) = (0) to (symbol(%0)) {
      %4 = affine.load %arg3[%arg9, %arg7] : memref<?x28xf64>
      %5 = affine.load %arg3[%arg9, %arg8] : memref<?x28xf64>
      %6 = arith.mulf %4, %5 : f64
      %7 = affine.load %arg4[%arg7, %arg8] : memref<?x28xf64>
      %8 = arith.addf %7, %6 : f64
      affine.store %8, %arg4[%arg7, %arg8] : memref<?x28xf64>
    }
    %3 = affine.load %arg4[%arg7, %arg8] : memref<?x28xf64>
    affine.store %3, %arg4[%arg8, %arg7] : memref<?x28xf64>
  }
}

=== AffineParallelFission ===
Processing affine.parallel:
affine.parallel (%arg7) = (0) to (symbol(%0)) {
  affine.parallel (%arg8) = (0) to (symbol(%1)) {
    %3 = affine.load %arg5[%arg8] : memref<?xf64>
    %4 = affine.load %arg3[%arg7, %arg8] : memref<?x28xf64>
    %5 = arith.subf %4, %3 : f64
    affine.store %5, %arg3[%arg7, %arg8] : memref<?x28xf64>
    %6 = affine.load %arg6[%arg8] : memref<?xf64>
    %7 = arith.mulf %2, %6 : f64
    %8 = arith.divf %5, %7 : f64
    affine.store %8, %arg3[%arg7, %arg8] : memref<?x28xf64>
  }
}
REJECTED: Less than 2 nested loops (found 1)


=== AffineParallelFission ===
Processing affine.parallel:
affine.parallel (%arg8) = (0) to (symbol(%1)) {
  %3 = affine.load %arg5[%arg8] : memref<?xf64>
  %4 = affine.load %arg3[%arg7, %arg8] : memref<?x28xf64>
  %5 = arith.subf %4, %3 : f64
  affine.store %5, %arg3[%arg7, %arg8] : memref<?x28xf64>
  %6 = affine.load %arg6[%arg8] : memref<?xf64>
  %7 = arith.mulf %2, %6 : f64
  %8 = arith.divf %5, %7 : f64
  affine.store %8, %arg3[%arg7, %arg8] : memref<?x28xf64>
}

=== AffineParallelFission ===
Processing affine.parallel:
affine.parallel (%arg8) = (0) to (symbol(%0)) {
  %8 = affine.load %arg3[%arg8, %arg7] : memref<?x28xf64>
  %9 = affine.load %arg5[%arg7] : memref<?xf64>
  %10 = arith.subf %8, %9 : f64
  %11 = arith.mulf %10, %10 : f64
  %12 = affine.load %arg6[%arg7] : memref<?xf64>
  %13 = arith.addf %12, %11 : f64
  affine.store %13, %arg6[%arg7] : memref<?xf64>
}

=== AffineParallelFission ===
Processing affine.parallel:
affine.parallel (%arg7) = (0) to (symbol(%1)) {
  affine.store %cst_0, %arg6[%arg7] : memref<?xf64>
  affine.parallel (%arg8) = (0) to (symbol(%0)) {
    %8 = affine.load %arg3[%arg8, %arg7] : memref<?x28xf64>
    %9 = affine.load %arg5[%arg7] : memref<?xf64>
    %10 = arith.subf %8, %9 : f64
    %11 = arith.mulf %10, %10 : f64
    %12 = affine.load %arg6[%arg7] : memref<?xf64>
    %13 = arith.addf %12, %11 : f64
    affine.store %13, %arg6[%arg7] : memref<?xf64>
  }
  %3 = affine.load %arg6[%arg7] : memref<?xf64>
  %4 = arith.divf %3, %arg2 : f64
  %5 = math.sqrt %4 : f64
  %6 = arith.cmpf ole, %5, %cst : f64
  %7 = arith.select %6, %cst_1, %5 : f64
  affine.store %7, %arg6[%arg7] : memref<?xf64>
}

=== AffineParallelFission ===
Processing affine.parallel:
affine.parallel (%arg8) = (0) to (symbol(%0)) {
  %5 = affine.load %arg3[%arg8, %arg7] : memref<?x28xf64>
  %6 = affine.load %arg5[%arg7] : memref<?xf64>
  %7 = arith.addf %6, %5 : f64
  affine.store %7, %arg5[%arg7] : memref<?xf64>
}

=== AffineParallelFission ===
Processing affine.parallel:
affine.parallel (%arg7) = (0) to (symbol(%1)) {
  affine.store %cst_0, %arg5[%arg7] : memref<?xf64>
  affine.parallel (%arg8) = (0) to (symbol(%0)) {
    %5 = affine.load %arg3[%arg8, %arg7] : memref<?x28xf64>
    %6 = affine.load %arg5[%arg7] : memref<?xf64>
    %7 = arith.addf %6, %5 : f64
    affine.store %7, %arg5[%arg7] : memref<?xf64>
  }
  %3 = affine.load %arg5[%arg7] : memref<?xf64>
  %4 = arith.divf %3, %arg2 : f64
  affine.store %4, %arg5[%arg7] : memref<?xf64>
}
### Step 1 Complete ###

### Step 2: Applying AffineParallelToFor ###

=== AffineParallelToFor ===
Processing affine.parallel:
affine.parallel (%arg9) = (0) to (symbol(%0)) {
  %4 = affine.load %arg3[%arg9, %arg7] : memref<?x28xf64>
  %5 = affine.load %arg3[%arg9, %arg8] : memref<?x28xf64>
  %6 = arith.mulf %4, %5 : f64
  %7 = affine.load %arg4[%arg7, %arg8] : memref<?x28xf64>
  %8 = arith.addf %7, %6 : f64
  affine.store %8, %arg4[%arg7, %arg8] : memref<?x28xf64>
}
Converting parallel loop with 1 induction variables
=== AffineParallelToFor SUCCESS ===


=== AffineParallelToFor ===
Processing affine.parallel:
affine.parallel (%arg8) = (%arg7 + 1) to (symbol(%1)) {
  affine.store %cst_0, %arg4[%arg7, %arg8] : memref<?x28xf64>
  affine.for %arg9 = 0 to %0 {
    %4 = affine.load %arg3[%arg9, %arg7] : memref<?x28xf64>
    %5 = affine.load %arg3[%arg9, %arg8] : memref<?x28xf64>
    %6 = arith.mulf %4, %5 : f64
    %7 = affine.load %arg4[%arg7, %arg8] : memref<?x28xf64>
    %8 = arith.addf %7, %6 : f64
    affine.store %8, %arg4[%arg7, %arg8] : memref<?x28xf64>
  }
  %3 = affine.load %arg4[%arg7, %arg8] : memref<?x28xf64>
  affine.store %3, %arg4[%arg8, %arg7] : memref<?x28xf64>
}
Converting parallel loop with 1 induction variables
=== AffineParallelToFor SUCCESS ===


=== AffineParallelToFor ===
Processing affine.parallel:
affine.parallel (%arg7) = (0) to (symbol(%1) - 1) {
  affine.store %cst_1, %arg4[%arg7, %arg7] : memref<?x28xf64>
  affine.for %arg8 = affine_map<(d0) -> (d0 + 1)>(%arg7) to %1 {
    affine.store %cst_0, %arg4[%arg7, %arg8] : memref<?x28xf64>
    affine.for %arg9 = 0 to %0 {
      %4 = affine.load %arg3[%arg9, %arg7] : memref<?x28xf64>
      %5 = affine.load %arg3[%arg9, %arg8] : memref<?x28xf64>
      %6 = arith.mulf %4, %5 : f64
      %7 = affine.load %arg4[%arg7, %arg8] : memref<?x28xf64>
      %8 = arith.addf %7, %6 : f64
      affine.store %8, %arg4[%arg7, %arg8] : memref<?x28xf64>
    }
    %3 = affine.load %arg4[%arg7, %arg8] : memref<?x28xf64>
    affine.store %3, %arg4[%arg8, %arg7] : memref<?x28xf64>
  }
}
Converting parallel loop with 1 induction variables
=== AffineParallelToFor SUCCESS ===


=== AffineParallelToFor ===
Processing affine.parallel:
affine.parallel (%arg7) = (0) to (symbol(%0)) {
  affine.parallel (%arg8) = (0) to (symbol(%1)) {
    %3 = affine.load %arg5[%arg8] : memref<?xf64>
    %4 = affine.load %arg3[%arg7, %arg8] : memref<?x28xf64>
    %5 = arith.subf %4, %3 : f64
    affine.store %5, %arg3[%arg7, %arg8] : memref<?x28xf64>
    %6 = affine.load %arg6[%arg8] : memref<?xf64>
    %7 = arith.mulf %2, %6 : f64
    %8 = arith.divf %5, %7 : f64
    affine.store %8, %arg3[%arg7, %arg8] : memref<?x28xf64>
  }
}
Converting parallel loop with 1 induction variables
=== AffineParallelToFor SUCCESS ===


=== AffineParallelToFor ===
Processing affine.parallel:
affine.parallel (%arg8) = (0) to (symbol(%1)) {
  %3 = affine.load %arg5[%arg8] : memref<?xf64>
  %4 = affine.load %arg3[%arg7, %arg8] : memref<?x28xf64>
  %5 = arith.subf %4, %3 : f64
  affine.store %5, %arg3[%arg7, %arg8] : memref<?x28xf64>
  %6 = affine.load %arg6[%arg8] : memref<?xf64>
  %7 = arith.mulf %2, %6 : f64
  %8 = arith.divf %5, %7 : f64
  affine.store %8, %arg3[%arg7, %arg8] : memref<?x28xf64>
}
Converting parallel loop with 1 induction variables
=== AffineParallelToFor SUCCESS ===


=== AffineParallelToFor ===
Processing affine.parallel:
affine.parallel (%arg8) = (0) to (symbol(%0)) {
  %8 = affine.load %arg3[%arg8, %arg7] : memref<?x28xf64>
  %9 = affine.load %arg5[%arg7] : memref<?xf64>
  %10 = arith.subf %8, %9 : f64
  %11 = arith.mulf %10, %10 : f64
  %12 = affine.load %arg6[%arg7] : memref<?xf64>
  %13 = arith.addf %12, %11 : f64
  affine.store %13, %arg6[%arg7] : memref<?xf64>
}
Converting parallel loop with 1 induction variables
=== AffineParallelToFor SUCCESS ===


=== AffineParallelToFor ===
Processing affine.parallel:
affine.parallel (%arg7) = (0) to (symbol(%1)) {
  affine.store %cst_0, %arg6[%arg7] : memref<?xf64>
  affine.for %arg8 = 0 to %0 {
    %8 = affine.load %arg3[%arg8, %arg7] : memref<?x28xf64>
    %9 = affine.load %arg5[%arg7] : memref<?xf64>
    %10 = arith.subf %8, %9 : f64
    %11 = arith.mulf %10, %10 : f64
    %12 = affine.load %arg6[%arg7] : memref<?xf64>
    %13 = arith.addf %12, %11 : f64
    affine.store %13, %arg6[%arg7] : memref<?xf64>
  }
  %3 = affine.load %arg6[%arg7] : memref<?xf64>
  %4 = arith.divf %3, %arg2 : f64
  %5 = math.sqrt %4 : f64
  %6 = arith.cmpf ole, %5, %cst : f64
  %7 = arith.select %6, %cst_1, %5 : f64
  affine.store %7, %arg6[%arg7] : memref<?xf64>
}
Converting parallel loop with 1 induction variables
=== AffineParallelToFor SUCCESS ===


=== AffineParallelToFor ===
Processing affine.parallel:
affine.parallel (%arg8) = (0) to (symbol(%0)) {
  %5 = affine.load %arg3[%arg8, %arg7] : memref<?x28xf64>
  %6 = affine.load %arg5[%arg7] : memref<?xf64>
  %7 = arith.addf %6, %5 : f64
  affine.store %7, %arg5[%arg7] : memref<?xf64>
}
Converting parallel loop with 1 induction variables
=== AffineParallelToFor SUCCESS ===


=== AffineParallelToFor ===
Processing affine.parallel:
affine.parallel (%arg7) = (0) to (symbol(%1)) {
  affine.store %cst_0, %arg5[%arg7] : memref<?xf64>
  affine.for %arg8 = 0 to %0 {
    %5 = affine.load %arg3[%arg8, %arg7] : memref<?x28xf64>
    %6 = affine.load %arg5[%arg7] : memref<?xf64>
    %7 = arith.addf %6, %5 : f64
    affine.store %7, %arg5[%arg7] : memref<?xf64>
  }
  %3 = affine.load %arg5[%arg7] : memref<?xf64>
  %4 = arith.divf %3, %arg2 : f64
  affine.store %4, %arg5[%arg7] : memref<?xf64>
}
Converting parallel loop with 1 induction variables
=== AffineParallelToFor SUCCESS ===

### Step 2 Complete ###

### Step 3: Applying AffineForOpRaising ###

========================================
=== AffineForOpRaising::matchAndRewrite ===
========================================
Processing loop:
affine.for %arg9 = 0 to %0 {
  %4 = affine.load %arg3[%arg9, %arg7] : memref<?x28xf64>
  %5 = affine.load %arg3[%arg9, %arg8] : memref<?x28xf64>
  %6 = arith.mulf %4, %5 : f64
  %7 = affine.load %arg4[%arg7, %arg8] : memref<?x28xf64>
  %8 = arith.addf %7, %6 : f64
  affine.store %8, %arg4[%arg7, %arg8] : memref<?x28xf64>
}

Pattern recognition complete:
  Loads: 3
  Stores: 1
  LinalgGenerics: 0

Loop bounds:
  lbMap: () -> (0)
  ubMap: ()[s0] -> (s0)

--- Processing Linalg Generics ---

--- Processing Loads ---
Processing load: %7 = affine.load %arg3[%arg9, %arg7] : memref<?x28xf64>

=== remap_in_affine_dim ===
  oldmap: (d0, d1) -> (d0, d1)
  firstNDims: 0
  check_reduction (input): 0
  lower_bound_val: 0
  dimidx: 0
  check_reduction (output): 0
  new map (map2): (d0)[s0] -> (d0, s0)
  validDims: 1, validSims: 1
  Created SubmapOp with type: memref<?xf64>
=== remap_in_affine_dim END ===

Processing load: %9 = affine.load %arg3[%arg9, %arg8] : memref<?x28xf64>

=== remap_in_affine_dim ===
  oldmap: (d0, d1) -> (d0, d1)
  firstNDims: 0
  check_reduction (input): 0
  lower_bound_val: 0
  dimidx: 0
  check_reduction (output): 0
  new map (map2): (d0)[s0] -> (d0, s0)
  validDims: 1, validSims: 1
  Created SubmapOp with type: memref<?xf64>
=== remap_in_affine_dim END ===

Processing load: %12 = affine.load %arg4[%arg7, %arg8] : memref<?x28xf64>

--- Processing Stores ---
Processing store: affine.store %13, %arg4[%arg7, %arg8] : memref<?x28xf64>

=== remap_in_affine_dim ===
  oldmap: (d0, d1) -> (d0, d1)
  firstNDims: 0
  check_reduction (input): 1
  lower_bound_val: 0
  dimidx: -1
  check_reduction (output): 1
  new map (map2): (d0)[s0, s1] -> (s0, s1)
  validDims: 0, validSims: 2
  Created SubmapOp with type: memref<?xf64>
=== remap_in_affine_dim END ===


--- Creating linalg.generic ---
Iterator type for this loop: reduction
Total iterator types: 1
Total inputs: 2
Total outputs: 1

=== AffineForOpRaising SUCCESS ===
========================================


========================================
=== AffineForOpRaising::matchAndRewrite ===
========================================
Processing loop:
affine.for %arg8 = affine_map<(d0) -> (d0 + 1)>(%arg7) to %1 {
  affine.store %cst_0, %arg4[%arg7, %arg8] : memref<?x28xf64>
  %3 = polygeist.submap(%arg3, %arg7, %0) {map = affine_map<(d0)[s0] -> (d0, s0)>} : (memref<?x28xf64>, index, index) -> memref<?xf64>
  %4 = polygeist.submap(%arg3, %arg8, %0) {map = affine_map<(d0)[s0] -> (d0, s0)>} : (memref<?x28xf64>, index, index) -> memref<?xf64>
  %5 = polygeist.submap(%arg4, %arg7, %arg8, %0) {map = affine_map<(d0)[s0, s1] -> (s0, s1)>} : (memref<?x28xf64>, index, index, index) -> memref<?xf64>
  linalg.generic {indexing_maps = [affine_map<(d0) -> (d0)>, affine_map<(d0) -> (d0)>, affine_map<(d0) -> (d0)>], iterator_types = ["reduction"]} ins(%3, %4 : memref<?xf64>, memref<?xf64>) outs(%5 : memref<?xf64>) {
  ^bb0(%in: f64, %in_2: f64, %out: f64):
    %7 = arith.mulf %in, %in_2 : f64
    %8 = arith.addf %out, %7 : f64
    linalg.yield %8 : f64
  }
  %6 = affine.load %arg4[%arg7, %arg8] : memref<?x28xf64>
  affine.store %6, %arg4[%arg8, %arg7] : memref<?x28xf64>
}

Pattern recognition complete:
  Loads: 1
  Stores: 2
  LinalgGenerics: 1


========================================
=== AffineForOpRaising::matchAndRewrite ===
========================================
Processing loop:
affine.for %arg7 = 0 to affine_map<()[s0] -> (s0 - 1)>()[%1] {
  affine.store %cst_1, %arg4[%arg7, %arg7] : memref<?x28xf64>
  affine.for %arg8 = affine_map<(d0) -> (d0 + 1)>(%arg7) to %1 {
    affine.store %cst_0, %arg4[%arg7, %arg8] : memref<?x28xf64>
    %3 = polygeist.submap(%arg3, %arg7, %0) {map = affine_map<(d0)[s0] -> (d0, s0)>} : (memref<?x28xf64>, index, index) -> memref<?xf64>
    %4 = polygeist.submap(%arg3, %arg8, %0) {map = affine_map<(d0)[s0] -> (d0, s0)>} : (memref<?x28xf64>, index, index) -> memref<?xf64>
    %5 = polygeist.submap(%arg4, %arg7, %arg8, %0) {map = affine_map<(d0)[s0, s1] -> (s0, s1)>} : (memref<?x28xf64>, index, index, index) -> memref<?xf64>
    linalg.generic {indexing_maps = [affine_map<(d0) -> (d0)>, affine_map<(d0) -> (d0)>, affine_map<(d0) -> (d0)>], iterator_types = ["reduction"]} ins(%3, %4 : memref<?xf64>, memref<?xf64>) outs(%5 : memref<?xf64>) {
    ^bb0(%in: f64, %in_2: f64, %out: f64):
      %7 = arith.mulf %in, %in_2 : f64
      %8 = arith.addf %out, %7 : f64
      linalg.yield %8 : f64
    }
    %6 = affine.load %arg4[%arg7, %arg8] : memref<?x28xf64>
    affine.store %6, %arg4[%arg8, %arg7] : memref<?x28xf64>
  }
}

REJECTED: Walk was interrupted (invalid operations found)


========================================
=== AffineForOpRaising::matchAndRewrite ===
========================================
Processing loop:
affine.for %arg7 = 0 to %0 {
  affine.for %arg8 = 0 to %1 {
    %3 = affine.load %arg5[%arg8] : memref<?xf64>
    %4 = affine.load %arg3[%arg7, %arg8] : memref<?x28xf64>
    %5 = arith.subf %4, %3 : f64
    affine.store %5, %arg3[%arg7, %arg8] : memref<?x28xf64>
    %6 = affine.load %arg6[%arg8] : memref<?xf64>
    %7 = arith.mulf %2, %6 : f64
    %8 = arith.divf %5, %7 : f64
    affine.store %8, %arg3[%arg7, %arg8] : memref<?x28xf64>
  }
}

REJECTED: Walk was interrupted (invalid operations found)


========================================
=== AffineForOpRaising::matchAndRewrite ===
========================================
Processing loop:
affine.for %arg8 = 0 to %1 {
  %3 = affine.load %arg5[%arg8] : memref<?xf64>
  %4 = affine.load %arg3[%arg7, %arg8] : memref<?x28xf64>
  %5 = arith.subf %4, %3 : f64
  affine.store %5, %arg3[%arg7, %arg8] : memref<?x28xf64>
  %6 = affine.load %arg6[%arg8] : memref<?xf64>
  %7 = arith.mulf %2, %6 : f64
  %8 = arith.divf %5, %7 : f64
  affine.store %8, %arg3[%arg7, %arg8] : memref<?x28xf64>
}

Pattern recognition complete:
  Loads: 3
  Stores: 2
  LinalgGenerics: 0


========================================
=== AffineForOpRaising::matchAndRewrite ===
========================================
Processing loop:
affine.for %arg8 = 0 to %0 {
  %8 = affine.load %arg3[%arg8, %arg7] : memref<?x28xf64>
  %9 = affine.load %arg5[%arg7] : memref<?xf64>
  %10 = arith.subf %8, %9 : f64
  %11 = arith.mulf %10, %10 : f64
  %12 = affine.load %arg6[%arg7] : memref<?xf64>
  %13 = arith.addf %12, %11 : f64
  affine.store %13, %arg6[%arg7] : memref<?xf64>
}

Pattern recognition complete:
  Loads: 3
  Stores: 1
  LinalgGenerics: 0

Loop bounds:
  lbMap: () -> (0)
  ubMap: ()[s0] -> (s0)

--- Processing Linalg Generics ---

--- Processing Loads ---
Processing load: %11 = affine.load %arg3[%arg8, %arg7] : memref<?x28xf64>

=== remap_in_affine_dim ===
  oldmap: (d0, d1) -> (d0, d1)
  firstNDims: 0
  check_reduction (input): 0
  lower_bound_val: 0
  dimidx: 0
  check_reduction (output): 0
  new map (map2): (d0)[s0] -> (d0, s0)
  validDims: 1, validSims: 1
  Created SubmapOp with type: memref<?xf64>
=== remap_in_affine_dim END ===

Processing load: %13 = affine.load %arg5[%arg7] : memref<?xf64>

=== remap_in_affine_dim ===
  oldmap: (d0) -> (d0)
  firstNDims: 0
  check_reduction (input): 0
  lower_bound_val: 0
  dimidx: -1
  check_reduction (output): 0
  new map (map2): (d0)[s0] -> (s0)
  validDims: 0, validSims: 1
  Created SubmapOp with type: memref<?xf64>
=== remap_in_affine_dim END ===

Processing load: %17 = affine.load %arg6[%arg7] : memref<?xf64>

--- Processing Stores ---
Processing store: affine.store %18, %arg6[%arg7] : memref<?xf64>

=== remap_in_affine_dim ===
  oldmap: (d0) -> (d0)
  firstNDims: 0
  check_reduction (input): 1
  lower_bound_val: 0
  dimidx: -1
  check_reduction (output): 1
  new map (map2): (d0)[s0] -> (s0)
  validDims: 0, validSims: 1
  Created SubmapOp with type: memref<?xf64>
=== remap_in_affine_dim END ===


--- Creating linalg.generic ---
Iterator type for this loop: reduction
Total iterator types: 1
Total inputs: 2
Total outputs: 1

=== AffineForOpRaising SUCCESS ===
========================================


========================================
=== AffineForOpRaising::matchAndRewrite ===
========================================
Processing loop:
affine.for %arg7 = 0 to %1 {
  affine.store %cst_0, %arg6[%arg7] : memref<?xf64>
  %3 = polygeist.submap(%arg3, %arg7, %0) {map = affine_map<(d0)[s0] -> (d0, s0)>} : (memref<?x28xf64>, index, index) -> memref<?xf64>
  %4 = polygeist.submap(%arg5, %arg7, %0) {map = affine_map<(d0)[s0] -> (s0)>} : (memref<?xf64>, index, index) -> memref<?xf64>
  %5 = polygeist.submap(%arg6, %arg7, %0) {map = affine_map<(d0)[s0] -> (s0)>} : (memref<?xf64>, index, index) -> memref<?xf64>
  linalg.generic {indexing_maps = [affine_map<(d0) -> (d0)>, affine_map<(d0) -> (d0)>, affine_map<(d0) -> (d0)>], iterator_types = ["reduction"]} ins(%3, %4 : memref<?xf64>, memref<?xf64>) outs(%5 : memref<?xf64>) {
  ^bb0(%in: f64, %in_2: f64, %out: f64):
    %11 = arith.subf %in, %in_2 : f64
    %12 = arith.mulf %11, %11 : f64
    %13 = arith.addf %out, %12 : f64
    linalg.yield %13 : f64
  }
  %6 = affine.load %arg6[%arg7] : memref<?xf64>
  %7 = arith.divf %6, %arg2 : f64
  %8 = math.sqrt %7 : f64
  %9 = arith.cmpf ole, %8, %cst : f64
  %10 = arith.select %9, %cst_1, %8 : f64
  affine.store %10, %arg6[%arg7] : memref<?xf64>
}

Pattern recognition complete:
  Loads: 1
  Stores: 2
  LinalgGenerics: 1


========================================
=== AffineForOpRaising::matchAndRewrite ===
========================================
Processing loop:
affine.for %arg8 = 0 to %0 {
  %5 = affine.load %arg3[%arg8, %arg7] : memref<?x28xf64>
  %6 = affine.load %arg5[%arg7] : memref<?xf64>
  %7 = arith.addf %6, %5 : f64
  affine.store %7, %arg5[%arg7] : memref<?xf64>
}

Pattern recognition complete:
  Loads: 2
  Stores: 1
  LinalgGenerics: 0

Loop bounds:
  lbMap: () -> (0)
  ubMap: ()[s0] -> (s0)

--- Processing Linalg Generics ---

--- Processing Loads ---
Processing load: %8 = affine.load %arg3[%arg8, %arg7] : memref<?x28xf64>

=== remap_in_affine_dim ===
  oldmap: (d0, d1) -> (d0, d1)
  firstNDims: 0
  check_reduction (input): 0
  lower_bound_val: 0
  dimidx: 0
  check_reduction (output): 0
  new map (map2): (d0)[s0] -> (d0, s0)
  validDims: 1, validSims: 1
  Created SubmapOp with type: memref<?xf64>
=== remap_in_affine_dim END ===

Processing load: %10 = affine.load %arg5[%arg7] : memref<?xf64>

--- Processing Stores ---
Processing store: affine.store %11, %arg5[%arg7] : memref<?xf64>

=== remap_in_affine_dim ===
  oldmap: (d0) -> (d0)
  firstNDims: 0
  check_reduction (input): 1
  lower_bound_val: 0
  dimidx: -1
  check_reduction (output): 1
  new map (map2): (d0)[s0] -> (s0)
  validDims: 0, validSims: 1
  Created SubmapOp with type: memref<?xf64>
=== remap_in_affine_dim END ===


--- Creating linalg.generic ---
Iterator type for this loop: reduction
Total iterator types: 1
Total inputs: 1
Total outputs: 1

=== AffineForOpRaising SUCCESS ===
========================================


========================================
=== AffineForOpRaising::matchAndRewrite ===
========================================
Processing loop:
affine.for %arg7 = 0 to %1 {
  affine.store %cst_0, %arg5[%arg7] : memref<?xf64>
  %3 = polygeist.submap(%arg3, %arg7, %0) {map = affine_map<(d0)[s0] -> (d0, s0)>} : (memref<?x28xf64>, index, index) -> memref<?xf64>
  %4 = polygeist.submap(%arg5, %arg7, %0) {map = affine_map<(d0)[s0] -> (s0)>} : (memref<?xf64>, index, index) -> memref<?xf64>
  linalg.generic {indexing_maps = [affine_map<(d0) -> (d0)>, affine_map<(d0) -> (d0)>], iterator_types = ["reduction"]} ins(%3 : memref<?xf64>) outs(%4 : memref<?xf64>) {
  ^bb0(%in: f64, %out: f64):
    %7 = arith.addf %out, %in : f64
    linalg.yield %7 : f64
  }
  %5 = affine.load %arg5[%arg7] : memref<?xf64>
  %6 = arith.divf %5, %arg2 : f64
  affine.store %6, %arg5[%arg7] : memref<?xf64>
}

Pattern recognition complete:
  Loads: 1
  Stores: 2
  LinalgGenerics: 1


========================================
=== AffineForOpRaising::matchAndRewrite ===
========================================
Processing loop:
affine.for %arg8 = affine_map<(d0) -> (d0 + 1)>(%arg7) to %1 {
  affine.store %cst_0, %arg4[%arg7, %arg8] : memref<?x28xf64>
  %3 = polygeist.submap(%arg3, %arg7, %0) {map = affine_map<(d0)[s0] -> (d0, s0)>} : (memref<?x28xf64>, index, index) -> memref<?xf64>
  %4 = polygeist.submap(%arg3, %arg8, %0) {map = affine_map<(d0)[s0] -> (d0, s0)>} : (memref<?x28xf64>, index, index) -> memref<?xf64>
  %5 = polygeist.submap(%arg4, %arg7, %arg8, %0) {map = affine_map<(d0)[s0, s1] -> (s0, s1)>} : (memref<?x28xf64>, index, index, index) -> memref<?xf64>
  linalg.generic {indexing_maps = [affine_map<(d0) -> (d0)>, affine_map<(d0) -> (d0)>, affine_map<(d0) -> (d0)>], iterator_types = ["reduction"]} ins(%3, %4 : memref<?xf64>, memref<?xf64>) outs(%5 : memref<?xf64>) {
  ^bb0(%in: f64, %in_2: f64, %out: f64):
    %7 = arith.mulf %in, %in_2 : f64
    %8 = arith.addf %out, %7 : f64
    linalg.yield %8 : f64
  }
  %6 = affine.load %arg4[%arg7, %arg8] : memref<?x28xf64>
  affine.store %6, %arg4[%arg8, %arg7] : memref<?x28xf64>
}

Pattern recognition complete:
  Loads: 1
  Stores: 2
  LinalgGenerics: 1


========================================
=== AffineForOpRaising::matchAndRewrite ===
========================================
Processing loop:
affine.for %arg7 = 0 to affine_map<()[s0] -> (s0 - 1)>()[%1] {
  affine.store %cst_1, %arg4[%arg7, %arg7] : memref<?x28xf64>
  affine.for %arg8 = affine_map<(d0) -> (d0 + 1)>(%arg7) to %1 {
    affine.store %cst_0, %arg4[%arg7, %arg8] : memref<?x28xf64>
    %3 = polygeist.submap(%arg3, %arg7, %0) {map = affine_map<(d0)[s0] -> (d0, s0)>} : (memref<?x28xf64>, index, index) -> memref<?xf64>
    %4 = polygeist.submap(%arg3, %arg8, %0) {map = affine_map<(d0)[s0] -> (d0, s0)>} : (memref<?x28xf64>, index, index) -> memref<?xf64>
    %5 = polygeist.submap(%arg4, %arg7, %arg8, %0) {map = affine_map<(d0)[s0, s1] -> (s0, s1)>} : (memref<?x28xf64>, index, index, index) -> memref<?xf64>
    linalg.generic {indexing_maps = [affine_map<(d0) -> (d0)>, affine_map<(d0) -> (d0)>, affine_map<(d0) -> (d0)>], iterator_types = ["reduction"]} ins(%3, %4 : memref<?xf64>, memref<?xf64>) outs(%5 : memref<?xf64>) {
    ^bb0(%in: f64, %in_2: f64, %out: f64):
      %7 = arith.mulf %in, %in_2 : f64
      %8 = arith.addf %out, %7 : f64
      linalg.yield %8 : f64
    }
    %6 = affine.load %arg4[%arg7, %arg8] : memref<?x28xf64>
    affine.store %6, %arg4[%arg8, %arg7] : memref<?x28xf64>
  }
}

REJECTED: Walk was interrupted (invalid operations found)


========================================
=== AffineForOpRaising::matchAndRewrite ===
========================================
Processing loop:
affine.for %arg7 = 0 to %0 {
  affine.for %arg8 = 0 to %1 {
    %3 = affine.load %arg5[%arg8] : memref<?xf64>
    %4 = affine.load %arg3[%arg7, %arg8] : memref<?x28xf64>
    %5 = arith.subf %4, %3 : f64
    affine.store %5, %arg3[%arg7, %arg8] : memref<?x28xf64>
    %6 = affine.load %arg6[%arg8] : memref<?xf64>
    %7 = arith.mulf %2, %6 : f64
    %8 = arith.divf %5, %7 : f64
    affine.store %8, %arg3[%arg7, %arg8] : memref<?x28xf64>
  }
}

REJECTED: Walk was interrupted (invalid operations found)


========================================
=== AffineForOpRaising::matchAndRewrite ===
========================================
Processing loop:
affine.for %arg8 = 0 to %1 {
  %3 = affine.load %arg5[%arg8] : memref<?xf64>
  %4 = affine.load %arg3[%arg7, %arg8] : memref<?x28xf64>
  %5 = arith.subf %4, %3 : f64
  affine.store %5, %arg3[%arg7, %arg8] : memref<?x28xf64>
  %6 = affine.load %arg6[%arg8] : memref<?xf64>
  %7 = arith.mulf %2, %6 : f64
  %8 = arith.divf %5, %7 : f64
  affine.store %8, %arg3[%arg7, %arg8] : memref<?x28xf64>
}

Pattern recognition complete:
  Loads: 3
  Stores: 2
  LinalgGenerics: 0


========================================
=== AffineForOpRaising::matchAndRewrite ===
========================================
Processing loop:
affine.for %arg7 = 0 to %1 {
  affine.store %cst_0, %arg6[%arg7] : memref<?xf64>
  %3 = polygeist.submap(%arg3, %arg7, %0) {map = affine_map<(d0)[s0] -> (d0, s0)>} : (memref<?x28xf64>, index, index) -> memref<?xf64>
  %4 = polygeist.submap(%arg5, %arg7, %0) {map = affine_map<(d0)[s0] -> (s0)>} : (memref<?xf64>, index, index) -> memref<?xf64>
  %5 = polygeist.submap(%arg6, %arg7, %0) {map = affine_map<(d0)[s0] -> (s0)>} : (memref<?xf64>, index, index) -> memref<?xf64>
  linalg.generic {indexing_maps = [affine_map<(d0) -> (d0)>, affine_map<(d0) -> (d0)>, affine_map<(d0) -> (d0)>], iterator_types = ["reduction"]} ins(%3, %4 : memref<?xf64>, memref<?xf64>) outs(%5 : memref<?xf64>) {
  ^bb0(%in: f64, %in_2: f64, %out: f64):
    %11 = arith.subf %in, %in_2 : f64
    %12 = arith.mulf %11, %11 : f64
    %13 = arith.addf %out, %12 : f64
    linalg.yield %13 : f64
  }
  %6 = affine.load %arg6[%arg7] : memref<?xf64>
  %7 = arith.divf %6, %arg2 : f64
  %8 = math.sqrt %7 : f64
  %9 = arith.cmpf ole, %8, %cst : f64
  %10 = arith.select %9, %cst_1, %8 : f64
  affine.store %10, %arg6[%arg7] : memref<?xf64>
}

Pattern recognition complete:
  Loads: 1
  Stores: 2
  LinalgGenerics: 1


========================================
=== AffineForOpRaising::matchAndRewrite ===
========================================
Processing loop:
affine.for %arg7 = 0 to %1 {
  affine.store %cst_0, %arg5[%arg7] : memref<?xf64>
  %3 = polygeist.submap(%arg3, %arg7, %0) {map = affine_map<(d0)[s0] -> (d0, s0)>} : (memref<?x28xf64>, index, index) -> memref<?xf64>
  %4 = polygeist.submap(%arg5, %arg7, %0) {map = affine_map<(d0)[s0] -> (s0)>} : (memref<?xf64>, index, index) -> memref<?xf64>
  linalg.generic {indexing_maps = [affine_map<(d0) -> (d0)>, affine_map<(d0) -> (d0)>], iterator_types = ["reduction"]} ins(%3 : memref<?xf64>) outs(%4 : memref<?xf64>) {
  ^bb0(%in: f64, %out: f64):
    %7 = arith.addf %out, %in : f64
    linalg.yield %7 : f64
  }
  %5 = affine.load %arg5[%arg7] : memref<?xf64>
  %6 = arith.divf %5, %arg2 : f64
  affine.store %6, %arg5[%arg7] : memref<?xf64>
}

Pattern recognition complete:
  Loads: 1
  Stores: 2
  LinalgGenerics: 1

### Step 3 Complete ###

****************************************
*** RaiseAffineToLinalg END ***
****************************************


****************************************
*** RaiseAffineToLinalgPipeline END ***
****************************************

