
****************************************
*** RaiseAffineToLinalgPipeline START ***
****************************************

Running pipeline...

****************************************
*** RaiseAffineToLinalg START ***
****************************************

### Step 1: Applying AffineParallelFission ###

=== AffineParallelFission ===
Processing affine.parallel:
affine.parallel (%arg8) = (0) to (symbol(%0)) {
  %5 = affine.load %arg3[%arg8, %arg6] : memref<?x28xf64>
  %6 = affine.load %arg3[%arg8, %arg7] : memref<?x28xf64>
  %7 = arith.mulf %5, %6 : f64
  %8 = affine.load %arg4[%arg6, %arg7] : memref<?x28xf64>
  %9 = arith.addf %8, %7 : f64
  affine.store %9, %arg4[%arg6, %arg7] : memref<?x28xf64>
}

=== AffineParallelFission ===
Processing affine.parallel:
affine.parallel (%arg6) = (0) to (symbol(%1)) {
  affine.parallel (%arg7) = (%arg6) to (symbol(%1)) {
    affine.store %cst, %arg4[%arg6, %arg7] : memref<?x28xf64>
    affine.parallel (%arg8) = (0) to (symbol(%0)) {
      %5 = affine.load %arg3[%arg8, %arg6] : memref<?x28xf64>
      %6 = affine.load %arg3[%arg8, %arg7] : memref<?x28xf64>
      %7 = arith.mulf %5, %6 : f64
      %8 = affine.load %arg4[%arg6, %arg7] : memref<?x28xf64>
      %9 = arith.addf %8, %7 : f64
      affine.store %9, %arg4[%arg6, %arg7] : memref<?x28xf64>
    }
    %3 = affine.load %arg4[%arg6, %arg7] : memref<?x28xf64>
    %4 = arith.divf %3, %2 : f64
    affine.store %4, %arg4[%arg6, %arg7] : memref<?x28xf64>
    affine.store %4, %arg4[%arg7, %arg6] : memref<?x28xf64>
  }
}
REJECTED: Less than 2 nested loops (found 1)


=== AffineParallelFission ===
Processing affine.parallel:
affine.parallel (%arg7) = (%arg6) to (symbol(%1)) {
  affine.store %cst, %arg4[%arg6, %arg7] : memref<?x28xf64>
  affine.parallel (%arg8) = (0) to (symbol(%0)) {
    %5 = affine.load %arg3[%arg8, %arg6] : memref<?x28xf64>
    %6 = affine.load %arg3[%arg8, %arg7] : memref<?x28xf64>
    %7 = arith.mulf %5, %6 : f64
    %8 = affine.load %arg4[%arg6, %arg7] : memref<?x28xf64>
    %9 = arith.addf %8, %7 : f64
    affine.store %9, %arg4[%arg6, %arg7] : memref<?x28xf64>
  }
  %3 = affine.load %arg4[%arg6, %arg7] : memref<?x28xf64>
  %4 = arith.divf %3, %2 : f64
  affine.store %4, %arg4[%arg6, %arg7] : memref<?x28xf64>
  affine.store %4, %arg4[%arg7, %arg6] : memref<?x28xf64>
}

=== AffineParallelFission ===
Processing affine.parallel:
affine.parallel (%arg6) = (0) to (symbol(%0)) {
  affine.parallel (%arg7) = (0) to (symbol(%1)) {
    %3 = affine.load %arg5[%arg7] : memref<?xf64>
    %4 = affine.load %arg3[%arg6, %arg7] : memref<?x28xf64>
    %5 = arith.subf %4, %3 : f64
    affine.store %5, %arg3[%arg6, %arg7] : memref<?x28xf64>
  }
}
REJECTED: Less than 2 nested loops (found 1)


=== AffineParallelFission ===
Processing affine.parallel:
affine.parallel (%arg7) = (0) to (symbol(%1)) {
  %3 = affine.load %arg5[%arg7] : memref<?xf64>
  %4 = affine.load %arg3[%arg6, %arg7] : memref<?x28xf64>
  %5 = arith.subf %4, %3 : f64
  affine.store %5, %arg3[%arg6, %arg7] : memref<?x28xf64>
}

=== AffineParallelFission ===
Processing affine.parallel:
affine.parallel (%arg7) = (0) to (symbol(%0)) {
  %5 = affine.load %arg3[%arg7, %arg6] : memref<?x28xf64>
  %6 = affine.load %arg5[%arg6] : memref<?xf64>
  %7 = arith.addf %6, %5 : f64
  affine.store %7, %arg5[%arg6] : memref<?xf64>
}

=== AffineParallelFission ===
Processing affine.parallel:
affine.parallel (%arg6) = (0) to (symbol(%1)) {
  affine.store %cst, %arg5[%arg6] : memref<?xf64>
  affine.parallel (%arg7) = (0) to (symbol(%0)) {
    %5 = affine.load %arg3[%arg7, %arg6] : memref<?x28xf64>
    %6 = affine.load %arg5[%arg6] : memref<?xf64>
    %7 = arith.addf %6, %5 : f64
    affine.store %7, %arg5[%arg6] : memref<?xf64>
  }
  %3 = affine.load %arg5[%arg6] : memref<?xf64>
  %4 = arith.divf %3, %arg2 : f64
  affine.store %4, %arg5[%arg6] : memref<?xf64>
}
### Step 1 Complete ###

### Step 2: Applying AffineParallelToFor ###

=== AffineParallelToFor ===
Processing affine.parallel:
affine.parallel (%arg8) = (0) to (symbol(%0)) {
  %5 = affine.load %arg3[%arg8, %arg6] : memref<?x28xf64>
  %6 = affine.load %arg3[%arg8, %arg7] : memref<?x28xf64>
  %7 = arith.mulf %5, %6 : f64
  %8 = affine.load %arg4[%arg6, %arg7] : memref<?x28xf64>
  %9 = arith.addf %8, %7 : f64
  affine.store %9, %arg4[%arg6, %arg7] : memref<?x28xf64>
}
Converting parallel loop with 1 induction variables
=== AffineParallelToFor SUCCESS ===


=== AffineParallelToFor ===
Processing affine.parallel:
affine.parallel (%arg6) = (0) to (symbol(%1)) {
  affine.parallel (%arg7) = (%arg6) to (symbol(%1)) {
    affine.store %cst, %arg4[%arg6, %arg7] : memref<?x28xf64>
    affine.for %arg8 = 0 to %0 {
      %5 = affine.load %arg3[%arg8, %arg6] : memref<?x28xf64>
      %6 = affine.load %arg3[%arg8, %arg7] : memref<?x28xf64>
      %7 = arith.mulf %5, %6 : f64
      %8 = affine.load %arg4[%arg6, %arg7] : memref<?x28xf64>
      %9 = arith.addf %8, %7 : f64
      affine.store %9, %arg4[%arg6, %arg7] : memref<?x28xf64>
    }
    %3 = affine.load %arg4[%arg6, %arg7] : memref<?x28xf64>
    %4 = arith.divf %3, %2 : f64
    affine.store %4, %arg4[%arg6, %arg7] : memref<?x28xf64>
    affine.store %4, %arg4[%arg7, %arg6] : memref<?x28xf64>
  }
}
Converting parallel loop with 1 induction variables
=== AffineParallelToFor SUCCESS ===


=== AffineParallelToFor ===
Processing affine.parallel:
affine.parallel (%arg7) = (%arg6) to (symbol(%1)) {
  affine.store %cst, %arg4[%arg6, %arg7] : memref<?x28xf64>
  affine.for %arg8 = 0 to %0 {
    %5 = affine.load %arg3[%arg8, %arg6] : memref<?x28xf64>
    %6 = affine.load %arg3[%arg8, %arg7] : memref<?x28xf64>
    %7 = arith.mulf %5, %6 : f64
    %8 = affine.load %arg4[%arg6, %arg7] : memref<?x28xf64>
    %9 = arith.addf %8, %7 : f64
    affine.store %9, %arg4[%arg6, %arg7] : memref<?x28xf64>
  }
  %3 = affine.load %arg4[%arg6, %arg7] : memref<?x28xf64>
  %4 = arith.divf %3, %2 : f64
  affine.store %4, %arg4[%arg6, %arg7] : memref<?x28xf64>
  affine.store %4, %arg4[%arg7, %arg6] : memref<?x28xf64>
}
Converting parallel loop with 1 induction variables
=== AffineParallelToFor SUCCESS ===


=== AffineParallelToFor ===
Processing affine.parallel:
affine.parallel (%arg6) = (0) to (symbol(%0)) {
  affine.parallel (%arg7) = (0) to (symbol(%1)) {
    %3 = affine.load %arg5[%arg7] : memref<?xf64>
    %4 = affine.load %arg3[%arg6, %arg7] : memref<?x28xf64>
    %5 = arith.subf %4, %3 : f64
    affine.store %5, %arg3[%arg6, %arg7] : memref<?x28xf64>
  }
}
Converting parallel loop with 1 induction variables
=== AffineParallelToFor SUCCESS ===


=== AffineParallelToFor ===
Processing affine.parallel:
affine.parallel (%arg7) = (0) to (symbol(%1)) {
  %3 = affine.load %arg5[%arg7] : memref<?xf64>
  %4 = affine.load %arg3[%arg6, %arg7] : memref<?x28xf64>
  %5 = arith.subf %4, %3 : f64
  affine.store %5, %arg3[%arg6, %arg7] : memref<?x28xf64>
}
Converting parallel loop with 1 induction variables
=== AffineParallelToFor SUCCESS ===


=== AffineParallelToFor ===
Processing affine.parallel:
affine.parallel (%arg7) = (0) to (symbol(%0)) {
  %5 = affine.load %arg3[%arg7, %arg6] : memref<?x28xf64>
  %6 = affine.load %arg5[%arg6] : memref<?xf64>
  %7 = arith.addf %6, %5 : f64
  affine.store %7, %arg5[%arg6] : memref<?xf64>
}
Converting parallel loop with 1 induction variables
=== AffineParallelToFor SUCCESS ===


=== AffineParallelToFor ===
Processing affine.parallel:
affine.parallel (%arg6) = (0) to (symbol(%1)) {
  affine.store %cst, %arg5[%arg6] : memref<?xf64>
  affine.for %arg7 = 0 to %0 {
    %5 = affine.load %arg3[%arg7, %arg6] : memref<?x28xf64>
    %6 = affine.load %arg5[%arg6] : memref<?xf64>
    %7 = arith.addf %6, %5 : f64
    affine.store %7, %arg5[%arg6] : memref<?xf64>
  }
  %3 = affine.load %arg5[%arg6] : memref<?xf64>
  %4 = arith.divf %3, %arg2 : f64
  affine.store %4, %arg5[%arg6] : memref<?xf64>
}
Converting parallel loop with 1 induction variables
=== AffineParallelToFor SUCCESS ===

### Step 2 Complete ###

### Step 3: Applying AffineForOpRaising ###

========================================
=== AffineForOpRaising::matchAndRewrite ===
========================================
Processing loop:
affine.for %arg8 = 0 to %0 {
  %5 = affine.load %arg3[%arg8, %arg6] : memref<?x28xf64>
  %6 = affine.load %arg3[%arg8, %arg7] : memref<?x28xf64>
  %7 = arith.mulf %5, %6 : f64
  %8 = affine.load %arg4[%arg6, %arg7] : memref<?x28xf64>
  %9 = arith.addf %8, %7 : f64
  affine.store %9, %arg4[%arg6, %arg7] : memref<?x28xf64>
}

Pattern recognition complete:
  Loads: 3
  Stores: 1
  LinalgGenerics: 0

Loop bounds:
  lbMap: () -> (0)
  ubMap: ()[s0] -> (s0)

--- Processing Linalg Generics ---

--- Processing Loads ---
Processing load: %8 = affine.load %arg3[%arg8, %arg6] : memref<?x28xf64>

=== remap_in_affine_dim ===
  oldmap: (d0, d1) -> (d0, d1)
  firstNDims: 0
  check_reduction (input): 0
  lower_bound_val: 0
  dimidx: 0
  check_reduction (output): 0
  new map (map2): (d0)[s0] -> (d0, s0)
  validDims: 1, validSims: 1
  Created SubmapOp with type: memref<?xf64>
=== remap_in_affine_dim END ===

Processing load: %10 = affine.load %arg3[%arg8, %arg7] : memref<?x28xf64>

=== remap_in_affine_dim ===
  oldmap: (d0, d1) -> (d0, d1)
  firstNDims: 0
  check_reduction (input): 0
  lower_bound_val: 0
  dimidx: 0
  check_reduction (output): 0
  new map (map2): (d0)[s0] -> (d0, s0)
  validDims: 1, validSims: 1
  Created SubmapOp with type: memref<?xf64>
=== remap_in_affine_dim END ===

Processing load: %13 = affine.load %arg4[%arg6, %arg7] : memref<?x28xf64>

--- Processing Stores ---
Processing store: affine.store %14, %arg4[%arg6, %arg7] : memref<?x28xf64>

=== remap_in_affine_dim ===
  oldmap: (d0, d1) -> (d0, d1)
  firstNDims: 0
  check_reduction (input): 1
  lower_bound_val: 0
  dimidx: -1
  check_reduction (output): 1
  new map (map2): (d0)[s0, s1] -> (s0, s1)
  validDims: 0, validSims: 2
  Created SubmapOp with type: memref<?xf64>
=== remap_in_affine_dim END ===


--- Creating linalg.generic ---
Iterator type for this loop: reduction
Total iterator types: 1
Total inputs: 2
Total outputs: 1

=== AffineForOpRaising SUCCESS ===
========================================


========================================
=== AffineForOpRaising::matchAndRewrite ===
========================================
Processing loop:
affine.for %arg6 = 0 to %1 {
  affine.for %arg7 = affine_map<(d0) -> (d0)>(%arg6) to %1 {
    affine.store %cst, %arg4[%arg6, %arg7] : memref<?x28xf64>
    %3 = polygeist.submap(%arg3, %arg6, %0) {map = affine_map<(d0)[s0] -> (d0, s0)>} : (memref<?x28xf64>, index, index) -> memref<?xf64>
    %4 = polygeist.submap(%arg3, %arg7, %0) {map = affine_map<(d0)[s0] -> (d0, s0)>} : (memref<?x28xf64>, index, index) -> memref<?xf64>
    %5 = polygeist.submap(%arg4, %arg6, %arg7, %0) {map = affine_map<(d0)[s0, s1] -> (s0, s1)>} : (memref<?x28xf64>, index, index, index) -> memref<?xf64>
    linalg.generic {indexing_maps = [affine_map<(d0) -> (d0)>, affine_map<(d0) -> (d0)>, affine_map<(d0) -> (d0)>], iterator_types = ["reduction"]} ins(%3, %4 : memref<?xf64>, memref<?xf64>) outs(%5 : memref<?xf64>) {
    ^bb0(%in: f64, %in_1: f64, %out: f64):
      %8 = arith.mulf %in, %in_1 : f64
      %9 = arith.addf %out, %8 : f64
      linalg.yield %9 : f64
    }
    %6 = affine.load %arg4[%arg6, %arg7] : memref<?x28xf64>
    %7 = arith.divf %6, %2 : f64
    affine.store %7, %arg4[%arg6, %arg7] : memref<?x28xf64>
    affine.store %7, %arg4[%arg7, %arg6] : memref<?x28xf64>
  }
}

REJECTED: Walk was interrupted (invalid operations found)


========================================
=== AffineForOpRaising::matchAndRewrite ===
========================================
Processing loop:
affine.for %arg7 = affine_map<(d0) -> (d0)>(%arg6) to %1 {
  affine.store %cst, %arg4[%arg6, %arg7] : memref<?x28xf64>
  %3 = polygeist.submap(%arg3, %arg6, %0) {map = affine_map<(d0)[s0] -> (d0, s0)>} : (memref<?x28xf64>, index, index) -> memref<?xf64>
  %4 = polygeist.submap(%arg3, %arg7, %0) {map = affine_map<(d0)[s0] -> (d0, s0)>} : (memref<?x28xf64>, index, index) -> memref<?xf64>
  %5 = polygeist.submap(%arg4, %arg6, %arg7, %0) {map = affine_map<(d0)[s0, s1] -> (s0, s1)>} : (memref<?x28xf64>, index, index, index) -> memref<?xf64>
  linalg.generic {indexing_maps = [affine_map<(d0) -> (d0)>, affine_map<(d0) -> (d0)>, affine_map<(d0) -> (d0)>], iterator_types = ["reduction"]} ins(%3, %4 : memref<?xf64>, memref<?xf64>) outs(%5 : memref<?xf64>) {
  ^bb0(%in: f64, %in_1: f64, %out: f64):
    %8 = arith.mulf %in, %in_1 : f64
    %9 = arith.addf %out, %8 : f64
    linalg.yield %9 : f64
  }
  %6 = affine.load %arg4[%arg6, %arg7] : memref<?x28xf64>
  %7 = arith.divf %6, %2 : f64
  affine.store %7, %arg4[%arg6, %arg7] : memref<?x28xf64>
  affine.store %7, %arg4[%arg7, %arg6] : memref<?x28xf64>
}

Pattern recognition complete:
  Loads: 1
  Stores: 3
  LinalgGenerics: 1


========================================
=== AffineForOpRaising::matchAndRewrite ===
========================================
Processing loop:
affine.for %arg6 = 0 to %0 {
  affine.for %arg7 = 0 to %1 {
    %3 = affine.load %arg5[%arg7] : memref<?xf64>
    %4 = affine.load %arg3[%arg6, %arg7] : memref<?x28xf64>
    %5 = arith.subf %4, %3 : f64
    affine.store %5, %arg3[%arg6, %arg7] : memref<?x28xf64>
  }
}

REJECTED: Walk was interrupted (invalid operations found)


========================================
=== AffineForOpRaising::matchAndRewrite ===
========================================
Processing loop:
affine.for %arg7 = 0 to %1 {
  %3 = affine.load %arg5[%arg7] : memref<?xf64>
  %4 = affine.load %arg3[%arg6, %arg7] : memref<?x28xf64>
  %5 = arith.subf %4, %3 : f64
  affine.store %5, %arg3[%arg6, %arg7] : memref<?x28xf64>
}

Pattern recognition complete:
  Loads: 2
  Stores: 1
  LinalgGenerics: 0

Loop bounds:
  lbMap: () -> (0)
  ubMap: ()[s0] -> (s0)

--- Processing Linalg Generics ---

--- Processing Loads ---
Processing load: %6 = affine.load %arg5[%arg7] : memref<?xf64>

=== remap_in_affine_dim ===
  oldmap: (d0) -> (d0)
  firstNDims: 0
  check_reduction (input): 0
  lower_bound_val: 0
  dimidx: 0
  check_reduction (output): 0
  new map (map2): (d0) -> (d0)
  validDims: 1, validSims: 0
  Created SubmapOp with type: memref<?xf64>
=== remap_in_affine_dim END ===

Processing load: %8 = affine.load %arg3[%arg6, %arg7] : memref<?x28xf64>

--- Processing Stores ---
Processing store: affine.store %9, %arg3[%arg6, %arg7] : memref<?x28xf64>

=== remap_in_affine_dim ===
  oldmap: (d0, d1) -> (d0, d1)
  firstNDims: 0
  check_reduction (input): 1
  lower_bound_val: 0
  dimidx: 1
  check_reduction (output): 0
  new map (map2): (d0)[s0] -> (s0, d0)
  validDims: 1, validSims: 1
  Created SubmapOp with type: memref<?xf64>
=== remap_in_affine_dim END ===


--- Creating linalg.generic ---
Iterator type for this loop: parallel
Total iterator types: 1
Total inputs: 1
Total outputs: 1

=== AffineForOpRaising SUCCESS ===
========================================


========================================
=== AffineForOpRaising::matchAndRewrite ===
========================================
Processing loop:
affine.for %arg6 = 0 to %0 {
  %3 = affine.apply affine_map<()[s0] -> (s0)>()[%1]
  %4 = polygeist.submap(%arg5, %3) {map = affine_map<(d0) -> (d0)>} : (memref<?xf64>, index) -> memref<?xf64>
  %5 = polygeist.submap(%arg3, %arg6, %3) {map = affine_map<(d0)[s0] -> (s0, d0)>} : (memref<?x28xf64>, index, index) -> memref<?xf64>
  linalg.generic {indexing_maps = [affine_map<(d0) -> (d0)>, affine_map<(d0) -> (d0)>], iterator_types = ["parallel"]} ins(%4 : memref<?xf64>) outs(%5 : memref<?xf64>) {
  ^bb0(%in: f64, %out: f64):
    %6 = arith.subf %out, %in : f64
    linalg.yield %6 : f64
  }
}

Pattern recognition complete:
  Loads: 0
  Stores: 0
  LinalgGenerics: 1

Loop bounds:
  lbMap: () -> (0)
  ubMap: ()[s0] -> (s0)

--- Processing Linalg Generics ---
Processing linalg.generic:
linalg.generic {indexing_maps = [affine_map<(d0) -> (d0)>, affine_map<(d0) -> (d0)>], iterator_types = ["parallel"]} ins(%7 : memref<?xf64>) outs(%8 : memref<?xf64>) {
^bb0(%in: f64, %out: f64):
  %9 = arith.subf %out, %in : f64
  linalg.yield %9 : f64
}
  Processing 1 inputs
  Input 0 indexing map: (d0) -> (d0)

=== getLinalgArgMap ===
  Initial lgMap: (d0) -> (d0)
  Found SubmapOp with map: (d0) -> (d0)
  Composed map: (d0) -> (d0)
  Final lgMap: (d0) -> (d0)
=== getLinalgArgMap END ===

  Calling remap_in_affine_dim for input 0

=== remap_in_affine_dim ===
  oldmap: (d0) -> (d0)
  firstNDims: 1
  check_reduction (input): 0
  lower_bound_val: 0
  dimidx: -1
  check_reduction (output): 0
  new map (map2): (d0, d1) -> (d0)
  validDims: 1, validSims: 0
  Created SubmapOp with type: memref<?x?xf64>
=== remap_in_affine_dim END ===

  Processing 1 outputs

=== getLinalgArgMap ===
  Initial lgMap: (d0) -> (d0)
  Found SubmapOp with map: (d0)[s0] -> (s0, d0)
  Composed map: (d0)[s0] -> (s0, d0)
  Final lgMap: (d0)[s0] -> (s0, d0)
=== getLinalgArgMap END ===

  Calling remap_in_affine_dim for output 0

=== remap_in_affine_dim ===
  oldmap: (d0)[s0] -> (s0, d0)
  firstNDims: 1
  check_reduction (input): 1
  lower_bound_val: 0
  dimidx: 1
  check_reduction (output): 0
  new map (map2): (d0, d1) -> (d1, d0)
  validDims: 2, validSims: 0
  Created SubmapOp with type: memref<?x?xf64>
=== remap_in_affine_dim END ===


--- Processing Loads ---

--- Processing Stores ---

--- Creating linalg.generic ---
Iterator type for this loop: parallel
Extending iterator types from nested linalg.generic
Total iterator types: 2
Total inputs: 1
Total outputs: 1

=== AffineForOpRaising SUCCESS ===
========================================


========================================
=== AffineForOpRaising::matchAndRewrite ===
========================================
Processing loop:
affine.for %arg7 = 0 to %0 {
  %7 = affine.load %arg3[%arg7, %arg6] : memref<?x28xf64>
  %8 = affine.load %arg5[%arg6] : memref<?xf64>
  %9 = arith.addf %8, %7 : f64
  affine.store %9, %arg5[%arg6] : memref<?xf64>
}

Pattern recognition complete:
  Loads: 2
  Stores: 1
  LinalgGenerics: 0

Loop bounds:
  lbMap: () -> (0)
  ubMap: ()[s0] -> (s0)

--- Processing Linalg Generics ---

--- Processing Loads ---
Processing load: %10 = affine.load %arg3[%arg7, %arg6] : memref<?x28xf64>

=== remap_in_affine_dim ===
  oldmap: (d0, d1) -> (d0, d1)
  firstNDims: 0
  check_reduction (input): 0
  lower_bound_val: 0
  dimidx: 0
  check_reduction (output): 0
  new map (map2): (d0)[s0] -> (d0, s0)
  validDims: 1, validSims: 1
  Created SubmapOp with type: memref<?xf64>
=== remap_in_affine_dim END ===

Processing load: %12 = affine.load %arg5[%arg6] : memref<?xf64>

--- Processing Stores ---
Processing store: affine.store %13, %arg5[%arg6] : memref<?xf64>

=== remap_in_affine_dim ===
  oldmap: (d0) -> (d0)
  firstNDims: 0
  check_reduction (input): 1
  lower_bound_val: 0
  dimidx: -1
  check_reduction (output): 1
  new map (map2): (d0)[s0] -> (s0)
  validDims: 0, validSims: 1
  Created SubmapOp with type: memref<?xf64>
=== remap_in_affine_dim END ===


--- Creating linalg.generic ---
Iterator type for this loop: reduction
Total iterator types: 1
Total inputs: 1
Total outputs: 1

=== AffineForOpRaising SUCCESS ===
========================================


========================================
=== AffineForOpRaising::matchAndRewrite ===
========================================
Processing loop:
affine.for %arg6 = 0 to %1 {
  affine.store %cst, %arg5[%arg6] : memref<?xf64>
  %5 = polygeist.submap(%arg3, %arg6, %0) {map = affine_map<(d0)[s0] -> (d0, s0)>} : (memref<?x28xf64>, index, index) -> memref<?xf64>
  %6 = polygeist.submap(%arg5, %arg6, %0) {map = affine_map<(d0)[s0] -> (s0)>} : (memref<?xf64>, index, index) -> memref<?xf64>
  linalg.generic {indexing_maps = [affine_map<(d0) -> (d0)>, affine_map<(d0) -> (d0)>], iterator_types = ["reduction"]} ins(%5 : memref<?xf64>) outs(%6 : memref<?xf64>) {
  ^bb0(%in: f64, %out: f64):
    %9 = arith.addf %out, %in : f64
    linalg.yield %9 : f64
  }
  %7 = affine.load %arg5[%arg6] : memref<?xf64>
  %8 = arith.divf %7, %arg2 : f64
  affine.store %8, %arg5[%arg6] : memref<?xf64>
}

Pattern recognition complete:
  Loads: 1
  Stores: 2
  LinalgGenerics: 1


========================================
=== AffineForOpRaising::matchAndRewrite ===
========================================
Processing loop:
affine.for %arg6 = 0 to %1 {
  affine.for %arg7 = affine_map<(d0) -> (d0)>(%arg6) to %1 {
    affine.store %cst, %arg4[%arg6, %arg7] : memref<?x28xf64>
    %5 = polygeist.submap(%arg3, %arg6, %0) {map = affine_map<(d0)[s0] -> (d0, s0)>} : (memref<?x28xf64>, index, index) -> memref<?xf64>
    %6 = polygeist.submap(%arg3, %arg7, %0) {map = affine_map<(d0)[s0] -> (d0, s0)>} : (memref<?x28xf64>, index, index) -> memref<?xf64>
    %7 = polygeist.submap(%arg4, %arg6, %arg7, %0) {map = affine_map<(d0)[s0, s1] -> (s0, s1)>} : (memref<?x28xf64>, index, index, index) -> memref<?xf64>
    linalg.generic {indexing_maps = [affine_map<(d0) -> (d0)>, affine_map<(d0) -> (d0)>, affine_map<(d0) -> (d0)>], iterator_types = ["reduction"]} ins(%5, %6 : memref<?xf64>, memref<?xf64>) outs(%7 : memref<?xf64>) {
    ^bb0(%in: f64, %in_1: f64, %out: f64):
      %10 = arith.mulf %in, %in_1 : f64
      %11 = arith.addf %out, %10 : f64
      linalg.yield %11 : f64
    }
    %8 = affine.load %arg4[%arg6, %arg7] : memref<?x28xf64>
    %9 = arith.divf %8, %4 : f64
    affine.store %9, %arg4[%arg6, %arg7] : memref<?x28xf64>
    affine.store %9, %arg4[%arg7, %arg6] : memref<?x28xf64>
  }
}

REJECTED: Walk was interrupted (invalid operations found)


========================================
=== AffineForOpRaising::matchAndRewrite ===
========================================
Processing loop:
affine.for %arg7 = affine_map<(d0) -> (d0)>(%arg6) to %1 {
  affine.store %cst, %arg4[%arg6, %arg7] : memref<?x28xf64>
  %5 = polygeist.submap(%arg3, %arg6, %0) {map = affine_map<(d0)[s0] -> (d0, s0)>} : (memref<?x28xf64>, index, index) -> memref<?xf64>
  %6 = polygeist.submap(%arg3, %arg7, %0) {map = affine_map<(d0)[s0] -> (d0, s0)>} : (memref<?x28xf64>, index, index) -> memref<?xf64>
  %7 = polygeist.submap(%arg4, %arg6, %arg7, %0) {map = affine_map<(d0)[s0, s1] -> (s0, s1)>} : (memref<?x28xf64>, index, index, index) -> memref<?xf64>
  linalg.generic {indexing_maps = [affine_map<(d0) -> (d0)>, affine_map<(d0) -> (d0)>, affine_map<(d0) -> (d0)>], iterator_types = ["reduction"]} ins(%5, %6 : memref<?xf64>, memref<?xf64>) outs(%7 : memref<?xf64>) {
  ^bb0(%in: f64, %in_1: f64, %out: f64):
    %10 = arith.mulf %in, %in_1 : f64
    %11 = arith.addf %out, %10 : f64
    linalg.yield %11 : f64
  }
  %8 = affine.load %arg4[%arg6, %arg7] : memref<?x28xf64>
  %9 = arith.divf %8, %4 : f64
  affine.store %9, %arg4[%arg6, %arg7] : memref<?x28xf64>
  affine.store %9, %arg4[%arg7, %arg6] : memref<?x28xf64>
}

Pattern recognition complete:
  Loads: 1
  Stores: 3
  LinalgGenerics: 1


========================================
=== AffineForOpRaising::matchAndRewrite ===
========================================
Processing loop:
affine.for %arg6 = 0 to %1 {
  affine.store %cst, %arg5[%arg6] : memref<?xf64>
  %5 = polygeist.submap(%arg3, %arg6, %0) {map = affine_map<(d0)[s0] -> (d0, s0)>} : (memref<?x28xf64>, index, index) -> memref<?xf64>
  %6 = polygeist.submap(%arg5, %arg6, %0) {map = affine_map<(d0)[s0] -> (s0)>} : (memref<?xf64>, index, index) -> memref<?xf64>
  linalg.generic {indexing_maps = [affine_map<(d0) -> (d0)>, affine_map<(d0) -> (d0)>], iterator_types = ["reduction"]} ins(%5 : memref<?xf64>) outs(%6 : memref<?xf64>) {
  ^bb0(%in: f64, %out: f64):
    %9 = arith.addf %out, %in : f64
    linalg.yield %9 : f64
  }
  %7 = affine.load %arg5[%arg6] : memref<?xf64>
  %8 = arith.divf %7, %arg2 : f64
  affine.store %8, %arg5[%arg6] : memref<?xf64>
}

Pattern recognition complete:
  Loads: 1
  Stores: 2
  LinalgGenerics: 1

### Step 3 Complete ###

****************************************
*** RaiseAffineToLinalg END ***
****************************************


****************************************
*** RaiseAffineToLinalgPipeline END ***
****************************************

