
****************************************
*** RaiseAffineToLinalgPipeline START ***
****************************************

Running pipeline...

****************************************
*** RaiseAffineToLinalg START ***
****************************************

### Step 1: Applying AffineParallelFission ###
### Step 1 Complete ###

### Step 2: Applying AffineParallelToFor ###
### Step 2 Complete ###

### Step 3: Applying AffineForOpRaising ###

========================================
=== AffineForOpRaising::matchAndRewrite ===
========================================
Processing loop:
affine.for %arg8 = 0 to %0 {
  %20 = affine.load %arg3[%arg7, %arg8] : memref<?x64xf32>
  %21 = arith.mulf %11, %20 : f32
  %22 = affine.load %alloca_4[] : memref<f32>
  %23 = arith.mulf %14, %22 : f32
  %24 = arith.addf %21, %23 : f32
  %25 = affine.load %alloca_3[] : memref<f32>
  %26 = arith.mulf %15, %25 : f32
  %27 = arith.addf %24, %26 : f32
  %28 = affine.load %alloca[] : memref<f32>
  %29 = arith.mulf %18, %28 : f32
  %30 = arith.addf %27, %29 : f32
  affine.store %30, %arg5[%arg7, %arg8] : memref<?x64xf32>
  %31 = affine.load %arg3[%arg7, %arg8] : memref<?x64xf32>
  affine.store %31, %alloca_4[] : memref<f32>
  affine.store %25, %alloca[] : memref<f32>
  %32 = affine.load %arg5[%arg7, %arg8] : memref<?x64xf32>
  affine.store %32, %alloca_3[] : memref<f32>
}

Pattern recognition complete:
  Loads: 6
  Stores: 4
  LinalgGenerics: 0

Loop bounds:
  lbMap: () -> (0)
  ubMap: ()[s0] -> (s0)

--- Processing Linalg Generics ---

--- Processing Loads ---
Processing load: %23 = affine.load %arg3[%arg7, %arg8] : memref<?x64xf32>

=== remap_in_affine_dim ===
  oldmap: (d0, d1) -> (d0, d1)
  firstNDims: 0
  check_reduction (input): 0
  lower_bound_val: 0
  dimidx: 1
  check_reduction (output): 0
  new map (map2): (d0)[s0] -> (s0, d0)
  validDims: 1, validSims: 1
  Created SubmapOp with type: memref<?xf32>
=== remap_in_affine_dim END ===

Processing load: %26 = affine.load %alloca_4[] : memref<f32>
Processing load: %29 = affine.load %alloca_3[] : memref<f32>
Processing load: %32 = affine.load %alloca[] : memref<f32>
Processing load: %35 = affine.load %arg3[%arg7, %arg8] : memref<?x64xf32>

=== remap_in_affine_dim ===
  oldmap: (d0, d1) -> (d0, d1)
  firstNDims: 0
  check_reduction (input): 0
  lower_bound_val: 0
  dimidx: 1
  check_reduction (output): 0
  new map (map2): (d0)[s0] -> (s0, d0)
  validDims: 1, validSims: 1
  Created SubmapOp with type: memref<?xf32>
=== remap_in_affine_dim END ===

Processing load: %37 = affine.load %arg5[%arg7, %arg8] : memref<?x64xf32>

=== remap_in_affine_dim ===
  oldmap: (d0, d1) -> (d0, d1)
  firstNDims: 0
  check_reduction (input): 0
  lower_bound_val: 0
  dimidx: 1
  check_reduction (output): 0
  new map (map2): (d0)[s0] -> (s0, d0)
  validDims: 1, validSims: 1
  Created SubmapOp with type: memref<?xf32>
=== remap_in_affine_dim END ===


--- Processing Stores ---
Processing store: affine.store %36, %arg5[%arg7, %arg8] : memref<?x64xf32>

=== remap_in_affine_dim ===
  oldmap: (d0, d1) -> (d0, d1)
  firstNDims: 0
  check_reduction (input): 1
  lower_bound_val: 0
  dimidx: 1
  check_reduction (output): 0
  new map (map2): (d0)[s0] -> (s0, d0)
  validDims: 1, validSims: 1
  Created SubmapOp with type: memref<?xf32>
=== remap_in_affine_dim END ===

Processing store: affine.store %38, %alloca_4[] : memref<f32>

=== remap_in_affine_dim ===
  oldmap: () -> ()
  firstNDims: 0
  check_reduction (input): 1
  lower_bound_val: 0
  dimidx: -1
  check_reduction (output): 1
  new map (map2): (d0) -> ()
  validDims: 0, validSims: 0
  Created SubmapOp with type: memref<?xf32>
=== remap_in_affine_dim END ===

Processing store: affine.store %33, %alloca[] : memref<f32>

=== remap_in_affine_dim ===
  oldmap: () -> ()
  firstNDims: 0
  check_reduction (input): 1
  lower_bound_val: 0
  dimidx: -1
  check_reduction (output): 1
  new map (map2): (d0) -> ()
  validDims: 0, validSims: 0
  Created SubmapOp with type: memref<?xf32>
=== remap_in_affine_dim END ===

Processing store: affine.store %41, %alloca_3[] : memref<f32>

=== remap_in_affine_dim ===
  oldmap: () -> ()
  firstNDims: 0
  check_reduction (input): 1
  lower_bound_val: 0
  dimidx: -1
  check_reduction (output): 1
  new map (map2): (d0) -> ()
  validDims: 0, validSims: 0
  Created SubmapOp with type: memref<?xf32>
=== remap_in_affine_dim END ===


--- Creating linalg.generic ---
Iterator type for this loop: reduction
Total iterator types: 1
Total inputs: 3
Total outputs: 4

=== AffineForOpRaising SUCCESS ===
========================================


========================================
=== AffineForOpRaising::matchAndRewrite ===
========================================
Processing loop:
affine.for %arg7 = 0 to %19 {
  affine.store %cst_2, %alloca_3[] : memref<f32>
  affine.store %cst_2, %alloca[] : memref<f32>
  affine.store %cst_2, %alloca_4[] : memref<f32>
  %20 = polygeist.submap(%arg3, %arg7, %0) {map = affine_map<(d0)[s0] -> (s0, d0)>} : (memref<?x64xf32>, index, index) -> memref<?xf32>
  %21 = polygeist.submap(%arg3, %arg7, %0) {map = affine_map<(d0)[s0] -> (s0, d0)>} : (memref<?x64xf32>, index, index) -> memref<?xf32>
  %22 = polygeist.submap(%arg5, %arg7, %0) {map = affine_map<(d0)[s0] -> (s0, d0)>} : (memref<?x64xf32>, index, index) -> memref<?xf32>
  %23 = polygeist.submap(%arg5, %arg7, %0) {map = affine_map<(d0)[s0] -> (s0, d0)>} : (memref<?x64xf32>, index, index) -> memref<?xf32>
  %24 = polygeist.submap(%alloca_4, %0) {map = affine_map<(d0) -> ()>} : (memref<f32>, index) -> memref<?xf32>
  %25 = polygeist.submap(%alloca, %0) {map = affine_map<(d0) -> ()>} : (memref<f32>, index) -> memref<?xf32>
  %26 = polygeist.submap(%alloca_3, %0) {map = affine_map<(d0) -> ()>} : (memref<f32>, index) -> memref<?xf32>
  linalg.generic {indexing_maps = [affine_map<(d0) -> (d0)>, affine_map<(d0) -> (d0)>, affine_map<(d0) -> (d0)>, affine_map<(d0) -> (d0)>, affine_map<(d0) -> (d0)>, affine_map<(d0) -> (d0)>, affine_map<(d0) -> (d0)>], iterator_types = ["reduction"]} ins(%20, %21, %22 : memref<?xf32>, memref<?xf32>, memref<?xf32>) outs(%23, %24, %25, %26 : memref<?xf32>, memref<?xf32>, memref<?xf32>, memref<?xf32>) {
  ^bb0(%in: f32, %in_5: f32, %in_6: f32, %out: f32, %out_7: f32, %out_8: f32, %out_9: f32):
    %27 = arith.mulf %11, %in : f32
    %28 = arith.mulf %14, %out_7 : f32
    %29 = arith.addf %27, %28 : f32
    %30 = arith.mulf %15, %out_9 : f32
    %31 = arith.addf %29, %30 : f32
    %32 = arith.mulf %18, %out_8 : f32
    %33 = arith.addf %31, %32 : f32
    linalg.yield %33, %in_5, %out_9, %in_6 : f32, f32, f32, f32
  }
}

Pattern recognition complete:
  Loads: 0
  Stores: 3
  LinalgGenerics: 1

Loop bounds:
  lbMap: () -> (0)
  ubMap: ()[s0] -> (s0)

--- Processing Linalg Generics ---
Processing linalg.generic:
linalg.generic {indexing_maps = [affine_map<(d0) -> (d0)>, affine_map<(d0) -> (d0)>, affine_map<(d0) -> (d0)>, affine_map<(d0) -> (d0)>, affine_map<(d0) -> (d0)>, affine_map<(d0) -> (d0)>, affine_map<(d0) -> (d0)>], iterator_types = ["reduction"]} ins(%23, %24, %25 : memref<?xf32>, memref<?xf32>, memref<?xf32>) outs(%26, %27, %28, %29 : memref<?xf32>, memref<?xf32>, memref<?xf32>, memref<?xf32>) {
^bb0(%in: f32, %in_5: f32, %in_6: f32, %out: f32, %out_7: f32, %out_8: f32, %out_9: f32):
  %30 = arith.mulf %11, %in : f32
  %31 = arith.mulf %14, %out_7 : f32
  %32 = arith.addf %30, %31 : f32
  %33 = arith.mulf %15, %out_9 : f32
  %34 = arith.addf %32, %33 : f32
  %35 = arith.mulf %18, %out_8 : f32
  %36 = arith.addf %34, %35 : f32
  linalg.yield %36, %in_5, %out_9, %in_6 : f32, f32, f32, f32
}
  Processing 3 inputs
  Input 0 indexing map: (d0) -> (d0)

=== getLinalgArgMap ===
  Initial lgMap: (d0) -> (d0)
  Found SubmapOp with map: (d0)[s0] -> (s0, d0)
  Composed map: (d0)[s0] -> (s0, d0)
  Final lgMap: (d0)[s0] -> (s0, d0)
=== getLinalgArgMap END ===

  Calling remap_in_affine_dim for input 0

=== remap_in_affine_dim ===
  oldmap: (d0)[s0] -> (s0, d0)
  firstNDims: 1
  check_reduction (input): 0
  lower_bound_val: 0
  dimidx: 1
  check_reduction (output): 0
  new map (map2): (d0, d1) -> (d1, d0)
  validDims: 2, validSims: 0
  Created SubmapOp with type: memref<?x?xf32>
=== remap_in_affine_dim END ===

  Input 1 indexing map: (d0) -> (d0)

=== getLinalgArgMap ===
  Initial lgMap: (d0) -> (d0)
  Found SubmapOp with map: (d0)[s0] -> (s0, d0)
  Composed map: (d0)[s0] -> (s0, d0)
  Final lgMap: (d0)[s0] -> (s0, d0)
=== getLinalgArgMap END ===

  Calling remap_in_affine_dim for input 1

=== remap_in_affine_dim ===
  oldmap: (d0)[s0] -> (s0, d0)
  firstNDims: 1
  check_reduction (input): 0
  lower_bound_val: 0
  dimidx: 1
  check_reduction (output): 0
  new map (map2): (d0, d1) -> (d1, d0)
  validDims: 2, validSims: 0
  Created SubmapOp with type: memref<?x?xf32>
=== remap_in_affine_dim END ===

  Input 2 indexing map: (d0) -> (d0)

=== getLinalgArgMap ===
  Initial lgMap: (d0) -> (d0)
  Found SubmapOp with map: (d0)[s0] -> (s0, d0)
  Composed map: (d0)[s0] -> (s0, d0)
  Final lgMap: (d0)[s0] -> (s0, d0)
=== getLinalgArgMap END ===

  Calling remap_in_affine_dim for input 2

=== remap_in_affine_dim ===
  oldmap: (d0)[s0] -> (s0, d0)
  firstNDims: 1
  check_reduction (input): 0
  lower_bound_val: 0
  dimidx: 1
  check_reduction (output): 0
  new map (map2): (d0, d1) -> (d1, d0)
  validDims: 2, validSims: 0
  Created SubmapOp with type: memref<?x?xf32>
=== remap_in_affine_dim END ===

  Processing 4 outputs

=== getLinalgArgMap ===
  Initial lgMap: (d0) -> (d0)
  Found SubmapOp with map: (d0)[s0] -> (s0, d0)
  Composed map: (d0)[s0] -> (s0, d0)
  Final lgMap: (d0)[s0] -> (s0, d0)
=== getLinalgArgMap END ===

  Calling remap_in_affine_dim for output 0

=== remap_in_affine_dim ===
  oldmap: (d0)[s0] -> (s0, d0)
  firstNDims: 1
  check_reduction (input): 1
  lower_bound_val: 0
  dimidx: 1
  check_reduction (output): 0
  new map (map2): (d0, d1) -> (d1, d0)
  validDims: 2, validSims: 0
  Created SubmapOp with type: memref<?x?xf32>
=== remap_in_affine_dim END ===


=== getLinalgArgMap ===
  Initial lgMap: (d0) -> (d0)
  Found SubmapOp with map: (d0) -> ()
  Composed map: (d0) -> ()
  Input defined outside loop, breaking
  Final lgMap: (d0) -> ()
=== getLinalgArgMap END ===

  Calling remap_in_affine_dim for output 0

=== remap_in_affine_dim ===
  oldmap: (d0) -> ()
  firstNDims: 1
  check_reduction (input): 1
  lower_bound_val: 0
  dimidx: -1
  check_reduction (output): 1
  new map (map2): (d0, d1) -> ()
  validDims: 1, validSims: 0
  Created SubmapOp with type: memref<?x?xf32>
=== remap_in_affine_dim END ===


=== getLinalgArgMap ===
  Initial lgMap: (d0) -> (d0)
  Found SubmapOp with map: (d0) -> ()
  Composed map: (d0) -> ()
  Input defined outside loop, breaking
  Final lgMap: (d0) -> ()
=== getLinalgArgMap END ===

  Calling remap_in_affine_dim for output 0

=== remap_in_affine_dim ===
  oldmap: (d0) -> ()
  firstNDims: 1
  check_reduction (input): 1
  lower_bound_val: 0
  dimidx: -1
  check_reduction (output): 1
  new map (map2): (d0, d1) -> ()
  validDims: 1, validSims: 0
  Created SubmapOp with type: memref<?x?xf32>
=== remap_in_affine_dim END ===


=== getLinalgArgMap ===
  Initial lgMap: (d0) -> (d0)
  Found SubmapOp with map: (d0) -> ()
  Composed map: (d0) -> ()
  Input defined outside loop, breaking
  Final lgMap: (d0) -> ()
=== getLinalgArgMap END ===

  Calling remap_in_affine_dim for output 0

=== remap_in_affine_dim ===
  oldmap: (d0) -> ()
  firstNDims: 1
  check_reduction (input): 1
  lower_bound_val: 0
  dimidx: -1
  check_reduction (output): 1
  new map (map2): (d0, d1) -> ()
  validDims: 1, validSims: 0
  Created SubmapOp with type: memref<?x?xf32>
=== remap_in_affine_dim END ===


--- Processing Loads ---

--- Processing Stores ---
Processing store: affine.store %cst_2, %alloca_3[] : memref<f32>

=== remap_in_affine_dim ===
  oldmap: () -> ()
  firstNDims: 0
  check_reduction (input): 1
  lower_bound_val: 0
  dimidx: -1
  check_reduction (output): 1
  new map (map2): (d0) -> ()
  validDims: 0, validSims: 0
  Created SubmapOp with type: memref<?xf32>
=== remap_in_affine_dim END ===

Processing store: affine.store %cst_2, %alloca[] : memref<f32>

=== remap_in_affine_dim ===
  oldmap: () -> ()
  firstNDims: 0
  check_reduction (input): 1
  lower_bound_val: 0
  dimidx: -1
  check_reduction (output): 1
  new map (map2): (d0) -> ()
  validDims: 0, validSims: 0
  Created SubmapOp with type: memref<?xf32>
=== remap_in_affine_dim END ===

Processing store: affine.store %cst_2, %alloca_4[] : memref<f32>

=== remap_in_affine_dim ===
  oldmap: () -> ()
  firstNDims: 0
  check_reduction (input): 1
  lower_bound_val: 0
  dimidx: -1
  check_reduction (output): 1
  new map (map2): (d0) -> ()
  validDims: 0, validSims: 0
  Created SubmapOp with type: memref<?xf32>
=== remap_in_affine_dim END ===

REJECTED: Linalg generic exists with loads/stores


========================================
=== AffineForOpRaising::matchAndRewrite ===
========================================
Processing loop:
affine.for %arg7 = 0 to %19 {
  affine.store %cst_2, %alloca_3[] : memref<f32>
  affine.store %cst_2, %alloca[] : memref<f32>
  affine.store %cst_2, %alloca_4[] : memref<f32>
  %20 = polygeist.submap(%arg3, %arg7, %0) {map = affine_map<(d0)[s0] -> (s0, d0)>} : (memref<?x64xf32>, index, index) -> memref<?xf32>
  %21 = polygeist.submap(%arg3, %arg7, %0) {map = affine_map<(d0)[s0] -> (s0, d0)>} : (memref<?x64xf32>, index, index) -> memref<?xf32>
  %22 = polygeist.submap(%arg5, %arg7, %0) {map = affine_map<(d0)[s0] -> (s0, d0)>} : (memref<?x64xf32>, index, index) -> memref<?xf32>
  %23 = polygeist.submap(%arg5, %arg7, %0) {map = affine_map<(d0)[s0] -> (s0, d0)>} : (memref<?x64xf32>, index, index) -> memref<?xf32>
  %24 = polygeist.submap(%alloca_4, %0) {map = affine_map<(d0) -> ()>} : (memref<f32>, index) -> memref<?xf32>
  %25 = polygeist.submap(%alloca, %0) {map = affine_map<(d0) -> ()>} : (memref<f32>, index) -> memref<?xf32>
  %26 = polygeist.submap(%alloca_3, %0) {map = affine_map<(d0) -> ()>} : (memref<f32>, index) -> memref<?xf32>
  linalg.generic {indexing_maps = [affine_map<(d0) -> (d0)>, affine_map<(d0) -> (d0)>, affine_map<(d0) -> (d0)>, affine_map<(d0) -> (d0)>, affine_map<(d0) -> (d0)>, affine_map<(d0) -> (d0)>, affine_map<(d0) -> (d0)>], iterator_types = ["reduction"]} ins(%20, %21, %22 : memref<?xf32>, memref<?xf32>, memref<?xf32>) outs(%23, %24, %25, %26 : memref<?xf32>, memref<?xf32>, memref<?xf32>, memref<?xf32>) {
  ^bb0(%in: f32, %in_5: f32, %in_6: f32, %out: f32, %out_7: f32, %out_8: f32, %out_9: f32):
    %27 = arith.mulf %11, %in : f32
    %28 = arith.mulf %14, %out_7 : f32
    %29 = arith.addf %27, %28 : f32
    %30 = arith.mulf %15, %out_9 : f32
    %31 = arith.addf %29, %30 : f32
    %32 = arith.mulf %18, %out_8 : f32
    %33 = arith.addf %31, %32 : f32
    linalg.yield %33, %in_5, %out_9, %in_6 : f32, f32, f32, f32
  }
}

Pattern recognition complete:
  Loads: 0
  Stores: 3
  LinalgGenerics: 1

Loop bounds:
  lbMap: () -> (0)
  ubMap: ()[s0] -> (s0)

--- Processing Linalg Generics ---
Processing linalg.generic:
linalg.generic {indexing_maps = [affine_map<(d0) -> (d0)>, affine_map<(d0) -> (d0)>, affine_map<(d0) -> (d0)>, affine_map<(d0) -> (d0)>, affine_map<(d0) -> (d0)>, affine_map<(d0) -> (d0)>, affine_map<(d0) -> (d0)>], iterator_types = ["reduction"]} ins(%23, %24, %25 : memref<?xf32>, memref<?xf32>, memref<?xf32>) outs(%26, %27, %28, %29 : memref<?xf32>, memref<?xf32>, memref<?xf32>, memref<?xf32>) {
^bb0(%in: f32, %in_5: f32, %in_6: f32, %out: f32, %out_7: f32, %out_8: f32, %out_9: f32):
  %30 = arith.mulf %11, %in : f32
  %31 = arith.mulf %14, %out_7 : f32
  %32 = arith.addf %30, %31 : f32
  %33 = arith.mulf %15, %out_9 : f32
  %34 = arith.addf %32, %33 : f32
  %35 = arith.mulf %18, %out_8 : f32
  %36 = arith.addf %34, %35 : f32
  linalg.yield %36, %in_5, %out_9, %in_6 : f32, f32, f32, f32
}
  Processing 3 inputs
  Input 0 indexing map: (d0) -> (d0)

=== getLinalgArgMap ===
  Initial lgMap: (d0) -> (d0)
  Found SubmapOp with map: (d0)[s0] -> (s0, d0)
  Composed map: (d0)[s0] -> (s0, d0)
  Final lgMap: (d0)[s0] -> (s0, d0)
=== getLinalgArgMap END ===

  Calling remap_in_affine_dim for input 0

=== remap_in_affine_dim ===
  oldmap: (d0)[s0] -> (s0, d0)
  firstNDims: 1
  check_reduction (input): 0
  lower_bound_val: 0
  dimidx: 1
  check_reduction (output): 0
  new map (map2): (d0, d1) -> (d1, d0)
  validDims: 2, validSims: 0
  Created SubmapOp with type: memref<?x?xf32>
=== remap_in_affine_dim END ===

  Input 1 indexing map: (d0) -> (d0)

=== getLinalgArgMap ===
  Initial lgMap: (d0) -> (d0)
  Found SubmapOp with map: (d0)[s0] -> (s0, d0)
  Composed map: (d0)[s0] -> (s0, d0)
  Final lgMap: (d0)[s0] -> (s0, d0)
=== getLinalgArgMap END ===

  Calling remap_in_affine_dim for input 1

=== remap_in_affine_dim ===
  oldmap: (d0)[s0] -> (s0, d0)
  firstNDims: 1
  check_reduction (input): 0
  lower_bound_val: 0
  dimidx: 1
  check_reduction (output): 0
  new map (map2): (d0, d1) -> (d1, d0)
  validDims: 2, validSims: 0
  Created SubmapOp with type: memref<?x?xf32>
=== remap_in_affine_dim END ===

  Input 2 indexing map: (d0) -> (d0)

=== getLinalgArgMap ===
  Initial lgMap: (d0) -> (d0)
  Found SubmapOp with map: (d0)[s0] -> (s0, d0)
  Composed map: (d0)[s0] -> (s0, d0)
  Final lgMap: (d0)[s0] -> (s0, d0)
=== getLinalgArgMap END ===

  Calling remap_in_affine_dim for input 2

=== remap_in_affine_dim ===
  oldmap: (d0)[s0] -> (s0, d0)
  firstNDims: 1
  check_reduction (input): 0
  lower_bound_val: 0
  dimidx: 1
  check_reduction (output): 0
  new map (map2): (d0, d1) -> (d1, d0)
  validDims: 2, validSims: 0
  Created SubmapOp with type: memref<?x?xf32>
=== remap_in_affine_dim END ===

  Processing 4 outputs

=== getLinalgArgMap ===
  Initial lgMap: (d0) -> (d0)
  Found SubmapOp with map: (d0)[s0] -> (s0, d0)
  Composed map: (d0)[s0] -> (s0, d0)
  Final lgMap: (d0)[s0] -> (s0, d0)
=== getLinalgArgMap END ===

  Calling remap_in_affine_dim for output 0

=== remap_in_affine_dim ===
  oldmap: (d0)[s0] -> (s0, d0)
  firstNDims: 1
  check_reduction (input): 1
  lower_bound_val: 0
  dimidx: 1
  check_reduction (output): 0
  new map (map2): (d0, d1) -> (d1, d0)
  validDims: 2, validSims: 0
  Created SubmapOp with type: memref<?x?xf32>
=== remap_in_affine_dim END ===


=== getLinalgArgMap ===
  Initial lgMap: (d0) -> (d0)
  Found SubmapOp with map: (d0) -> ()
  Composed map: (d0) -> ()
  Input defined outside loop, breaking
  Final lgMap: (d0) -> ()
=== getLinalgArgMap END ===

  Calling remap_in_affine_dim for output 0

=== remap_in_affine_dim ===
  oldmap: (d0) -> ()
  firstNDims: 1
  check_reduction (input): 1
  lower_bound_val: 0
  dimidx: -1
  check_reduction (output): 1
  new map (map2): (d0, d1) -> ()
  validDims: 1, validSims: 0
  Created SubmapOp with type: memref<?x?xf32>
=== remap_in_affine_dim END ===


=== getLinalgArgMap ===
  Initial lgMap: (d0) -> (d0)
  Found SubmapOp with map: (d0) -> ()
  Composed map: (d0) -> ()
  Input defined outside loop, breaking
  Final lgMap: (d0) -> ()
=== getLinalgArgMap END ===

  Calling remap_in_affine_dim for output 0

=== remap_in_affine_dim ===
  oldmap: (d0) -> ()
  firstNDims: 1
  check_reduction (input): 1
  lower_bound_val: 0
  dimidx: -1
  check_reduction (output): 1
  new map (map2): (d0, d1) -> ()
  validDims: 1, validSims: 0
  Created SubmapOp with type: memref<?x?xf32>
=== remap_in_affine_dim END ===


=== getLinalgArgMap ===
  Initial lgMap: (d0) -> (d0)
  Found SubmapOp with map: (d0) -> ()
  Composed map: (d0) -> ()
  Input defined outside loop, breaking
  Final lgMap: (d0) -> ()
=== getLinalgArgMap END ===

  Calling remap_in_affine_dim for output 0

=== remap_in_affine_dim ===
  oldmap: (d0) -> ()
  firstNDims: 1
  check_reduction (input): 1
  lower_bound_val: 0
  dimidx: -1
  check_reduction (output): 1
  new map (map2): (d0, d1) -> ()
  validDims: 1, validSims: 0
  Created SubmapOp with type: memref<?x?xf32>
=== remap_in_affine_dim END ===


--- Processing Loads ---

--- Processing Stores ---
Processing store: affine.store %cst_2, %alloca_3[] : memref<f32>

=== remap_in_affine_dim ===
  oldmap: () -> ()
  firstNDims: 0
  check_reduction (input): 1
  lower_bound_val: 0
  dimidx: -1
  check_reduction (output): 1
  new map (map2): (d0) -> ()
  validDims: 0, validSims: 0
  Created SubmapOp with type: memref<?xf32>
=== remap_in_affine_dim END ===

Processing store: affine.store %cst_2, %alloca[] : memref<f32>

=== remap_in_affine_dim ===
  oldmap: () -> ()
  firstNDims: 0
  check_reduction (input): 1
  lower_bound_val: 0
  dimidx: -1
  check_reduction (output): 1
  new map (map2): (d0) -> ()
  validDims: 0, validSims: 0
  Created SubmapOp with type: memref<?xf32>
=== remap_in_affine_dim END ===

Processing store: affine.store %cst_2, %alloca_4[] : memref<f32>

=== remap_in_affine_dim ===
  oldmap: () -> ()
  firstNDims: 0
  check_reduction (input): 1
  lower_bound_val: 0
  dimidx: -1
  check_reduction (output): 1
  new map (map2): (d0) -> ()
  validDims: 0, validSims: 0
  Created SubmapOp with type: memref<?xf32>
=== remap_in_affine_dim END ===

REJECTED: Linalg generic exists with loads/stores


========================================
=== AffineForOpRaising::matchAndRewrite ===
========================================
Processing loop:
affine.for %arg7 = 0 to %19 {
  affine.store %cst_2, %alloca_3[] : memref<f32>
  affine.store %cst_2, %alloca[] : memref<f32>
  affine.store %cst_2, %alloca_4[] : memref<f32>
  %20 = polygeist.submap(%arg3, %arg7, %0) {map = affine_map<(d0)[s0] -> (s0, d0)>} : (memref<?x64xf32>, index, index) -> memref<?xf32>
  %21 = polygeist.submap(%arg3, %arg7, %0) {map = affine_map<(d0)[s0] -> (s0, d0)>} : (memref<?x64xf32>, index, index) -> memref<?xf32>
  %22 = polygeist.submap(%arg5, %arg7, %0) {map = affine_map<(d0)[s0] -> (s0, d0)>} : (memref<?x64xf32>, index, index) -> memref<?xf32>
  %23 = polygeist.submap(%arg5, %arg7, %0) {map = affine_map<(d0)[s0] -> (s0, d0)>} : (memref<?x64xf32>, index, index) -> memref<?xf32>
  %24 = polygeist.submap(%alloca_4, %0) {map = affine_map<(d0) -> ()>} : (memref<f32>, index) -> memref<?xf32>
  %25 = polygeist.submap(%alloca, %0) {map = affine_map<(d0) -> ()>} : (memref<f32>, index) -> memref<?xf32>
  %26 = polygeist.submap(%alloca_3, %0) {map = affine_map<(d0) -> ()>} : (memref<f32>, index) -> memref<?xf32>
  linalg.generic {indexing_maps = [affine_map<(d0) -> (d0)>, affine_map<(d0) -> (d0)>, affine_map<(d0) -> (d0)>, affine_map<(d0) -> (d0)>, affine_map<(d0) -> (d0)>, affine_map<(d0) -> (d0)>, affine_map<(d0) -> (d0)>], iterator_types = ["reduction"]} ins(%20, %21, %22 : memref<?xf32>, memref<?xf32>, memref<?xf32>) outs(%23, %24, %25, %26 : memref<?xf32>, memref<?xf32>, memref<?xf32>, memref<?xf32>) {
  ^bb0(%in: f32, %in_5: f32, %in_6: f32, %out: f32, %out_7: f32, %out_8: f32, %out_9: f32):
    %27 = arith.mulf %11, %in : f32
    %28 = arith.mulf %14, %out_7 : f32
    %29 = arith.addf %27, %28 : f32
    %30 = arith.mulf %15, %out_9 : f32
    %31 = arith.addf %29, %30 : f32
    %32 = arith.mulf %18, %out_8 : f32
    %33 = arith.addf %31, %32 : f32
    linalg.yield %33, %in_5, %out_9, %in_6 : f32, f32, f32, f32
  }
}

Pattern recognition complete:
  Loads: 0
  Stores: 3
  LinalgGenerics: 1

Loop bounds:
  lbMap: () -> (0)
  ubMap: ()[s0] -> (s0)

--- Processing Linalg Generics ---
Processing linalg.generic:
linalg.generic {indexing_maps = [affine_map<(d0) -> (d0)>, affine_map<(d0) -> (d0)>, affine_map<(d0) -> (d0)>, affine_map<(d0) -> (d0)>, affine_map<(d0) -> (d0)>, affine_map<(d0) -> (d0)>, affine_map<(d0) -> (d0)>], iterator_types = ["reduction"]} ins(%23, %24, %25 : memref<?xf32>, memref<?xf32>, memref<?xf32>) outs(%26, %27, %28, %29 : memref<?xf32>, memref<?xf32>, memref<?xf32>, memref<?xf32>) {
^bb0(%in: f32, %in_5: f32, %in_6: f32, %out: f32, %out_7: f32, %out_8: f32, %out_9: f32):
  %30 = arith.mulf %11, %in : f32
  %31 = arith.mulf %14, %out_7 : f32
  %32 = arith.addf %30, %31 : f32
  %33 = arith.mulf %15, %out_9 : f32
  %34 = arith.addf %32, %33 : f32
  %35 = arith.mulf %18, %out_8 : f32
  %36 = arith.addf %34, %35 : f32
  linalg.yield %36, %in_5, %out_9, %in_6 : f32, f32, f32, f32
}
  Processing 3 inputs
  Input 0 indexing map: (d0) -> (d0)

=== getLinalgArgMap ===
  Initial lgMap: (d0) -> (d0)
  Found SubmapOp with map: (d0)[s0] -> (s0, d0)
  Composed map: (d0)[s0] -> (s0, d0)
  Final lgMap: (d0)[s0] -> (s0, d0)
=== getLinalgArgMap END ===

  Calling remap_in_affine_dim for input 0

=== remap_in_affine_dim ===
  oldmap: (d0)[s0] -> (s0, d0)
  firstNDims: 1
  check_reduction (input): 0
  lower_bound_val: 0
  dimidx: 1
  check_reduction (output): 0
  new map (map2): (d0, d1) -> (d1, d0)
  validDims: 2, validSims: 0
  Created SubmapOp with type: memref<?x?xf32>
=== remap_in_affine_dim END ===

  Input 1 indexing map: (d0) -> (d0)

=== getLinalgArgMap ===
  Initial lgMap: (d0) -> (d0)
  Found SubmapOp with map: (d0)[s0] -> (s0, d0)
  Composed map: (d0)[s0] -> (s0, d0)
  Final lgMap: (d0)[s0] -> (s0, d0)
=== getLinalgArgMap END ===

  Calling remap_in_affine_dim for input 1

=== remap_in_affine_dim ===
  oldmap: (d0)[s0] -> (s0, d0)
  firstNDims: 1
  check_reduction (input): 0
  lower_bound_val: 0
  dimidx: 1
  check_reduction (output): 0
  new map (map2): (d0, d1) -> (d1, d0)
  validDims: 2, validSims: 0
  Created SubmapOp with type: memref<?x?xf32>
=== remap_in_affine_dim END ===

  Input 2 indexing map: (d0) -> (d0)

=== getLinalgArgMap ===
  Initial lgMap: (d0) -> (d0)
  Found SubmapOp with map: (d0)[s0] -> (s0, d0)
  Composed map: (d0)[s0] -> (s0, d0)
  Final lgMap: (d0)[s0] -> (s0, d0)
=== getLinalgArgMap END ===

  Calling remap_in_affine_dim for input 2

=== remap_in_affine_dim ===
  oldmap: (d0)[s0] -> (s0, d0)
  firstNDims: 1
  check_reduction (input): 0
  lower_bound_val: 0
  dimidx: 1
  check_reduction (output): 0
  new map (map2): (d0, d1) -> (d1, d0)
  validDims: 2, validSims: 0
  Created SubmapOp with type: memref<?x?xf32>
=== remap_in_affine_dim END ===

  Processing 4 outputs

=== getLinalgArgMap ===
  Initial lgMap: (d0) -> (d0)
  Found SubmapOp with map: (d0)[s0] -> (s0, d0)
  Composed map: (d0)[s0] -> (s0, d0)
  Final lgMap: (d0)[s0] -> (s0, d0)
=== getLinalgArgMap END ===

  Calling remap_in_affine_dim for output 0

=== remap_in_affine_dim ===
  oldmap: (d0)[s0] -> (s0, d0)
  firstNDims: 1
  check_reduction (input): 1
  lower_bound_val: 0
  dimidx: 1
  check_reduction (output): 0
  new map (map2): (d0, d1) -> (d1, d0)
  validDims: 2, validSims: 0
  Created SubmapOp with type: memref<?x?xf32>
=== remap_in_affine_dim END ===


=== getLinalgArgMap ===
  Initial lgMap: (d0) -> (d0)
  Found SubmapOp with map: (d0) -> ()
  Composed map: (d0) -> ()
  Input defined outside loop, breaking
  Final lgMap: (d0) -> ()
=== getLinalgArgMap END ===

  Calling remap_in_affine_dim for output 0

=== remap_in_affine_dim ===
  oldmap: (d0) -> ()
  firstNDims: 1
  check_reduction (input): 1
  lower_bound_val: 0
  dimidx: -1
  check_reduction (output): 1
  new map (map2): (d0, d1) -> ()
  validDims: 1, validSims: 0
  Created SubmapOp with type: memref<?x?xf32>
=== remap_in_affine_dim END ===


=== getLinalgArgMap ===
  Initial lgMap: (d0) -> (d0)
  Found SubmapOp with map: (d0) -> ()
  Composed map: (d0) -> ()
  Input defined outside loop, breaking
  Final lgMap: (d0) -> ()
=== getLinalgArgMap END ===

  Calling remap_in_affine_dim for output 0

=== remap_in_affine_dim ===
  oldmap: (d0) -> ()
  firstNDims: 1
  check_reduction (input): 1
  lower_bound_val: 0
  dimidx: -1
  check_reduction (output): 1
  new map (map2): (d0, d1) -> ()
  validDims: 1, validSims: 0
  Created SubmapOp with type: memref<?x?xf32>
=== remap_in_affine_dim END ===


=== getLinalgArgMap ===
  Initial lgMap: (d0) -> (d0)
  Found SubmapOp with map: (d0) -> ()
  Composed map: (d0) -> ()
  Input defined outside loop, breaking
  Final lgMap: (d0) -> ()
=== getLinalgArgMap END ===

  Calling remap_in_affine_dim for output 0

=== remap_in_affine_dim ===
  oldmap: (d0) -> ()
  firstNDims: 1
  check_reduction (input): 1
  lower_bound_val: 0
  dimidx: -1
  check_reduction (output): 1
  new map (map2): (d0, d1) -> ()
  validDims: 1, validSims: 0
  Created SubmapOp with type: memref<?x?xf32>
=== remap_in_affine_dim END ===


--- Processing Loads ---

--- Processing Stores ---
Processing store: affine.store %cst_2, %alloca_3[] : memref<f32>

=== remap_in_affine_dim ===
  oldmap: () -> ()
  firstNDims: 0
  check_reduction (input): 1
  lower_bound_val: 0
  dimidx: -1
  check_reduction (output): 1
  new map (map2): (d0) -> ()
  validDims: 0, validSims: 0
  Created SubmapOp with type: memref<?xf32>
=== remap_in_affine_dim END ===

Processing store: affine.store %cst_2, %alloca[] : memref<f32>

=== remap_in_affine_dim ===
  oldmap: () -> ()
  firstNDims: 0
  check_reduction (input): 1
  lower_bound_val: 0
  dimidx: -1
  check_reduction (output): 1
  new map (map2): (d0) -> ()
  validDims: 0, validSims: 0
  Created SubmapOp with type: memref<?xf32>
=== remap_in_affine_dim END ===

Processing store: affine.store %cst_2, %alloca_4[] : memref<f32>

=== remap_in_affine_dim ===
  oldmap: () -> ()
  firstNDims: 0
  check_reduction (input): 1
  lower_bound_val: 0
  dimidx: -1
  check_reduction (output): 1
  new map (map2): (d0) -> ()
  validDims: 0, validSims: 0
  Created SubmapOp with type: memref<?xf32>
=== remap_in_affine_dim END ===

REJECTED: Linalg generic exists with loads/stores


========================================
=== AffineForOpRaising::matchAndRewrite ===
========================================
Processing loop:
affine.for %arg7 = 0 to %19 {
  affine.store %cst_2, %alloca_3[] : memref<f32>
  affine.store %cst_2, %alloca[] : memref<f32>
  affine.store %cst_2, %alloca_4[] : memref<f32>
  %20 = polygeist.submap(%arg3, %arg7, %0) {map = affine_map<(d0)[s0] -> (s0, d0)>} : (memref<?x64xf32>, index, index) -> memref<?xf32>
  %21 = polygeist.submap(%arg3, %arg7, %0) {map = affine_map<(d0)[s0] -> (s0, d0)>} : (memref<?x64xf32>, index, index) -> memref<?xf32>
  %22 = polygeist.submap(%arg5, %arg7, %0) {map = affine_map<(d0)[s0] -> (s0, d0)>} : (memref<?x64xf32>, index, index) -> memref<?xf32>
  %23 = polygeist.submap(%arg5, %arg7, %0) {map = affine_map<(d0)[s0] -> (s0, d0)>} : (memref<?x64xf32>, index, index) -> memref<?xf32>
  %24 = polygeist.submap(%alloca_4, %0) {map = affine_map<(d0) -> ()>} : (memref<f32>, index) -> memref<?xf32>
  %25 = polygeist.submap(%alloca, %0) {map = affine_map<(d0) -> ()>} : (memref<f32>, index) -> memref<?xf32>
  %26 = polygeist.submap(%alloca_3, %0) {map = affine_map<(d0) -> ()>} : (memref<f32>, index) -> memref<?xf32>
  linalg.generic {indexing_maps = [affine_map<(d0) -> (d0)>, affine_map<(d0) -> (d0)>, affine_map<(d0) -> (d0)>, affine_map<(d0) -> (d0)>, affine_map<(d0) -> (d0)>, affine_map<(d0) -> (d0)>, affine_map<(d0) -> (d0)>], iterator_types = ["reduction"]} ins(%20, %21, %22 : memref<?xf32>, memref<?xf32>, memref<?xf32>) outs(%23, %24, %25, %26 : memref<?xf32>, memref<?xf32>, memref<?xf32>, memref<?xf32>) {
  ^bb0(%in: f32, %in_5: f32, %in_6: f32, %out: f32, %out_7: f32, %out_8: f32, %out_9: f32):
    %27 = arith.mulf %11, %in : f32
    %28 = arith.mulf %14, %out_7 : f32
    %29 = arith.addf %27, %28 : f32
    %30 = arith.mulf %15, %out_9 : f32
    %31 = arith.addf %29, %30 : f32
    %32 = arith.mulf %18, %out_8 : f32
    %33 = arith.addf %31, %32 : f32
    linalg.yield %33, %in_5, %out_9, %in_6 : f32, f32, f32, f32
  }
}

Pattern recognition complete:
  Loads: 0
  Stores: 3
  LinalgGenerics: 1

Loop bounds:
  lbMap: () -> (0)
  ubMap: ()[s0] -> (s0)

--- Processing Linalg Generics ---
Processing linalg.generic:
linalg.generic {indexing_maps = [affine_map<(d0) -> (d0)>, affine_map<(d0) -> (d0)>, affine_map<(d0) -> (d0)>, affine_map<(d0) -> (d0)>, affine_map<(d0) -> (d0)>, affine_map<(d0) -> (d0)>, affine_map<(d0) -> (d0)>], iterator_types = ["reduction"]} ins(%23, %24, %25 : memref<?xf32>, memref<?xf32>, memref<?xf32>) outs(%26, %27, %28, %29 : memref<?xf32>, memref<?xf32>, memref<?xf32>, memref<?xf32>) {
^bb0(%in: f32, %in_5: f32, %in_6: f32, %out: f32, %out_7: f32, %out_8: f32, %out_9: f32):
  %30 = arith.mulf %11, %in : f32
  %31 = arith.mulf %14, %out_7 : f32
  %32 = arith.addf %30, %31 : f32
  %33 = arith.mulf %15, %out_9 : f32
  %34 = arith.addf %32, %33 : f32
  %35 = arith.mulf %18, %out_8 : f32
  %36 = arith.addf %34, %35 : f32
  linalg.yield %36, %in_5, %out_9, %in_6 : f32, f32, f32, f32
}
  Processing 3 inputs
  Input 0 indexing map: (d0) -> (d0)

=== getLinalgArgMap ===
  Initial lgMap: (d0) -> (d0)
  Found SubmapOp with map: (d0)[s0] -> (s0, d0)
  Composed map: (d0)[s0] -> (s0, d0)
  Final lgMap: (d0)[s0] -> (s0, d0)
=== getLinalgArgMap END ===

  Calling remap_in_affine_dim for input 0

=== remap_in_affine_dim ===
  oldmap: (d0)[s0] -> (s0, d0)
  firstNDims: 1
  check_reduction (input): 0
  lower_bound_val: 0
  dimidx: 1
  check_reduction (output): 0
  new map (map2): (d0, d1) -> (d1, d0)
  validDims: 2, validSims: 0
  Created SubmapOp with type: memref<?x?xf32>
=== remap_in_affine_dim END ===

  Input 1 indexing map: (d0) -> (d0)

=== getLinalgArgMap ===
  Initial lgMap: (d0) -> (d0)
  Found SubmapOp with map: (d0)[s0] -> (s0, d0)
  Composed map: (d0)[s0] -> (s0, d0)
  Final lgMap: (d0)[s0] -> (s0, d0)
=== getLinalgArgMap END ===

  Calling remap_in_affine_dim for input 1

=== remap_in_affine_dim ===
  oldmap: (d0)[s0] -> (s0, d0)
  firstNDims: 1
  check_reduction (input): 0
  lower_bound_val: 0
  dimidx: 1
  check_reduction (output): 0
  new map (map2): (d0, d1) -> (d1, d0)
  validDims: 2, validSims: 0
  Created SubmapOp with type: memref<?x?xf32>
=== remap_in_affine_dim END ===

  Input 2 indexing map: (d0) -> (d0)

=== getLinalgArgMap ===
  Initial lgMap: (d0) -> (d0)
  Found SubmapOp with map: (d0)[s0] -> (s0, d0)
  Composed map: (d0)[s0] -> (s0, d0)
  Final lgMap: (d0)[s0] -> (s0, d0)
=== getLinalgArgMap END ===

  Calling remap_in_affine_dim for input 2

=== remap_in_affine_dim ===
  oldmap: (d0)[s0] -> (s0, d0)
  firstNDims: 1
  check_reduction (input): 0
  lower_bound_val: 0
  dimidx: 1
  check_reduction (output): 0
  new map (map2): (d0, d1) -> (d1, d0)
  validDims: 2, validSims: 0
  Created SubmapOp with type: memref<?x?xf32>
=== remap_in_affine_dim END ===

  Processing 4 outputs

=== getLinalgArgMap ===
  Initial lgMap: (d0) -> (d0)
  Found SubmapOp with map: (d0)[s0] -> (s0, d0)
  Composed map: (d0)[s0] -> (s0, d0)
  Final lgMap: (d0)[s0] -> (s0, d0)
=== getLinalgArgMap END ===

  Calling remap_in_affine_dim for output 0

=== remap_in_affine_dim ===
  oldmap: (d0)[s0] -> (s0, d0)
  firstNDims: 1
  check_reduction (input): 1
  lower_bound_val: 0
  dimidx: 1
  check_reduction (output): 0
  new map (map2): (d0, d1) -> (d1, d0)
  validDims: 2, validSims: 0
  Created SubmapOp with type: memref<?x?xf32>
=== remap_in_affine_dim END ===


=== getLinalgArgMap ===
  Initial lgMap: (d0) -> (d0)
  Found SubmapOp with map: (d0) -> ()
  Composed map: (d0) -> ()
  Input defined outside loop, breaking
  Final lgMap: (d0) -> ()
=== getLinalgArgMap END ===

  Calling remap_in_affine_dim for output 0

=== remap_in_affine_dim ===
  oldmap: (d0) -> ()
  firstNDims: 1
  check_reduction (input): 1
  lower_bound_val: 0
  dimidx: -1
  check_reduction (output): 1
  new map (map2): (d0, d1) -> ()
  validDims: 1, validSims: 0
  Created SubmapOp with type: memref<?x?xf32>
=== remap_in_affine_dim END ===


=== getLinalgArgMap ===
  Initial lgMap: (d0) -> (d0)
  Found SubmapOp with map: (d0) -> ()
  Composed map: (d0) -> ()
  Input defined outside loop, breaking
  Final lgMap: (d0) -> ()
=== getLinalgArgMap END ===

  Calling remap_in_affine_dim for output 0

=== remap_in_affine_dim ===
  oldmap: (d0) -> ()
  firstNDims: 1
  check_reduction (input): 1
  lower_bound_val: 0
  dimidx: -1
  check_reduction (output): 1
  new map (map2): (d0, d1) -> ()
  validDims: 1, validSims: 0
  Created SubmapOp with type: memref<?x?xf32>
=== remap_in_affine_dim END ===


=== getLinalgArgMap ===
  Initial lgMap: (d0) -> (d0)
  Found SubmapOp with map: (d0) -> ()
  Composed map: (d0) -> ()
  Input defined outside loop, breaking
  Final lgMap: (d0) -> ()
=== getLinalgArgMap END ===

  Calling remap_in_affine_dim for output 0

=== remap_in_affine_dim ===
  oldmap: (d0) -> ()
  firstNDims: 1
  check_reduction (input): 1
  lower_bound_val: 0
  dimidx: -1
  check_reduction (output): 1
  new map (map2): (d0, d1) -> ()
  validDims: 1, validSims: 0
  Created SubmapOp with type: memref<?x?xf32>
=== remap_in_affine_dim END ===


--- Processing Loads ---

--- Processing Stores ---
Processing store: affine.store %cst_2, %alloca_3[] : memref<f32>

=== remap_in_affine_dim ===
  oldmap: () -> ()
  firstNDims: 0
  check_reduction (input): 1
  lower_bound_val: 0
  dimidx: -1
  check_reduction (output): 1
  new map (map2): (d0) -> ()
  validDims: 0, validSims: 0
  Created SubmapOp with type: memref<?xf32>
=== remap_in_affine_dim END ===

Processing store: affine.store %cst_2, %alloca[] : memref<f32>

=== remap_in_affine_dim ===
  oldmap: () -> ()
  firstNDims: 0
  check_reduction (input): 1
  lower_bound_val: 0
  dimidx: -1
  check_reduction (output): 1
  new map (map2): (d0) -> ()
  validDims: 0, validSims: 0
  Created SubmapOp with type: memref<?xf32>
=== remap_in_affine_dim END ===

Processing store: affine.store %cst_2, %alloca_4[] : memref<f32>

=== remap_in_affine_dim ===
  oldmap: () -> ()
  firstNDims: 0
  check_reduction (input): 1
  lower_bound_val: 0
  dimidx: -1
  check_reduction (output): 1
  new map (map2): (d0) -> ()
  validDims: 0, validSims: 0
  Created SubmapOp with type: memref<?xf32>
=== remap_in_affine_dim END ===

REJECTED: Linalg generic exists with loads/stores


========================================
=== AffineForOpRaising::matchAndRewrite ===
========================================
Processing loop:
affine.for %arg7 = 0 to %19 {
  affine.store %cst_2, %alloca_3[] : memref<f32>
  affine.store %cst_2, %alloca[] : memref<f32>
  affine.store %cst_2, %alloca_4[] : memref<f32>
  %20 = polygeist.submap(%arg3, %arg7, %0) {map = affine_map<(d0)[s0] -> (s0, d0)>} : (memref<?x64xf32>, index, index) -> memref<?xf32>
  %21 = polygeist.submap(%arg3, %arg7, %0) {map = affine_map<(d0)[s0] -> (s0, d0)>} : (memref<?x64xf32>, index, index) -> memref<?xf32>
  %22 = polygeist.submap(%arg5, %arg7, %0) {map = affine_map<(d0)[s0] -> (s0, d0)>} : (memref<?x64xf32>, index, index) -> memref<?xf32>
  %23 = polygeist.submap(%arg5, %arg7, %0) {map = affine_map<(d0)[s0] -> (s0, d0)>} : (memref<?x64xf32>, index, index) -> memref<?xf32>
  %24 = polygeist.submap(%alloca_4, %0) {map = affine_map<(d0) -> ()>} : (memref<f32>, index) -> memref<?xf32>
  %25 = polygeist.submap(%alloca, %0) {map = affine_map<(d0) -> ()>} : (memref<f32>, index) -> memref<?xf32>
  %26 = polygeist.submap(%alloca_3, %0) {map = affine_map<(d0) -> ()>} : (memref<f32>, index) -> memref<?xf32>
  linalg.generic {indexing_maps = [affine_map<(d0) -> (d0)>, affine_map<(d0) -> (d0)>, affine_map<(d0) -> (d0)>, affine_map<(d0) -> (d0)>, affine_map<(d0) -> (d0)>, affine_map<(d0) -> (d0)>, affine_map<(d0) -> (d0)>], iterator_types = ["reduction"]} ins(%20, %21, %22 : memref<?xf32>, memref<?xf32>, memref<?xf32>) outs(%23, %24, %25, %26 : memref<?xf32>, memref<?xf32>, memref<?xf32>, memref<?xf32>) {
  ^bb0(%in: f32, %in_5: f32, %in_6: f32, %out: f32, %out_7: f32, %out_8: f32, %out_9: f32):
    %27 = arith.mulf %11, %in : f32
    %28 = arith.mulf %14, %out_7 : f32
    %29 = arith.addf %27, %28 : f32
    %30 = arith.mulf %15, %out_9 : f32
    %31 = arith.addf %29, %30 : f32
    %32 = arith.mulf %18, %out_8 : f32
    %33 = arith.addf %31, %32 : f32
    linalg.yield %33, %in_5, %out_9, %in_6 : f32, f32, f32, f32
  }
}

Pattern recognition complete:
  Loads: 0
  Stores: 3
  LinalgGenerics: 1

Loop bounds:
  lbMap: () -> (0)
  ubMap: ()[s0] -> (s0)

--- Processing Linalg Generics ---
Processing linalg.generic:
linalg.generic {indexing_maps = [affine_map<(d0) -> (d0)>, affine_map<(d0) -> (d0)>, affine_map<(d0) -> (d0)>, affine_map<(d0) -> (d0)>, affine_map<(d0) -> (d0)>, affine_map<(d0) -> (d0)>, affine_map<(d0) -> (d0)>], iterator_types = ["reduction"]} ins(%23, %24, %25 : memref<?xf32>, memref<?xf32>, memref<?xf32>) outs(%26, %27, %28, %29 : memref<?xf32>, memref<?xf32>, memref<?xf32>, memref<?xf32>) {
^bb0(%in: f32, %in_5: f32, %in_6: f32, %out: f32, %out_7: f32, %out_8: f32, %out_9: f32):
  %30 = arith.mulf %11, %in : f32
  %31 = arith.mulf %14, %out_7 : f32
  %32 = arith.addf %30, %31 : f32
  %33 = arith.mulf %15, %out_9 : f32
  %34 = arith.addf %32, %33 : f32
  %35 = arith.mulf %18, %out_8 : f32
  %36 = arith.addf %34, %35 : f32
  linalg.yield %36, %in_5, %out_9, %in_6 : f32, f32, f32, f32
}
  Processing 3 inputs
  Input 0 indexing map: (d0) -> (d0)

=== getLinalgArgMap ===
  Initial lgMap: (d0) -> (d0)
  Found SubmapOp with map: (d0)[s0] -> (s0, d0)
  Composed map: (d0)[s0] -> (s0, d0)
  Final lgMap: (d0)[s0] -> (s0, d0)
=== getLinalgArgMap END ===

  Calling remap_in_affine_dim for input 0

=== remap_in_affine_dim ===
  oldmap: (d0)[s0] -> (s0, d0)
  firstNDims: 1
  check_reduction (input): 0
  lower_bound_val: 0
  dimidx: 1
  check_reduction (output): 0
  new map (map2): (d0, d1) -> (d1, d0)
  validDims: 2, validSims: 0
  Created SubmapOp with type: memref<?x?xf32>
=== remap_in_affine_dim END ===

  Input 1 indexing map: (d0) -> (d0)

=== getLinalgArgMap ===
  Initial lgMap: (d0) -> (d0)
  Found SubmapOp with map: (d0)[s0] -> (s0, d0)
  Composed map: (d0)[s0] -> (s0, d0)
  Final lgMap: (d0)[s0] -> (s0, d0)
=== getLinalgArgMap END ===

  Calling remap_in_affine_dim for input 1

=== remap_in_affine_dim ===
  oldmap: (d0)[s0] -> (s0, d0)
  firstNDims: 1
  check_reduction (input): 0
  lower_bound_val: 0
  dimidx: 1
  check_reduction (output): 0
  new map (map2): (d0, d1) -> (d1, d0)
  validDims: 2, validSims: 0
  Created SubmapOp with type: memref<?x?xf32>
=== remap_in_affine_dim END ===

  Input 2 indexing map: (d0) -> (d0)

=== getLinalgArgMap ===
  Initial lgMap: (d0) -> (d0)
  Found SubmapOp with map: (d0)[s0] -> (s0, d0)
  Composed map: (d0)[s0] -> (s0, d0)
  Final lgMap: (d0)[s0] -> (s0, d0)
=== getLinalgArgMap END ===

  Calling remap_in_affine_dim for input 2

=== remap_in_affine_dim ===
  oldmap: (d0)[s0] -> (s0, d0)
  firstNDims: 1
  check_reduction (input): 0
  lower_bound_val: 0
  dimidx: 1
  check_reduction (output): 0
  new map (map2): (d0, d1) -> (d1, d0)
  validDims: 2, validSims: 0
  Created SubmapOp with type: memref<?x?xf32>
=== remap_in_affine_dim END ===

  Processing 4 outputs

=== getLinalgArgMap ===
  Initial lgMap: (d0) -> (d0)
  Found SubmapOp with map: (d0)[s0] -> (s0, d0)
  Composed map: (d0)[s0] -> (s0, d0)
  Final lgMap: (d0)[s0] -> (s0, d0)
=== getLinalgArgMap END ===

  Calling remap_in_affine_dim for output 0

=== remap_in_affine_dim ===
  oldmap: (d0)[s0] -> (s0, d0)
  firstNDims: 1
  check_reduction (input): 1
  lower_bound_val: 0
  dimidx: 1
  check_reduction (output): 0
  new map (map2): (d0, d1) -> (d1, d0)
  validDims: 2, validSims: 0
  Created SubmapOp with type: memref<?x?xf32>
=== remap_in_affine_dim END ===


=== getLinalgArgMap ===
  Initial lgMap: (d0) -> (d0)
  Found SubmapOp with map: (d0) -> ()
  Composed map: (d0) -> ()
  Input defined outside loop, breaking
  Final lgMap: (d0) -> ()
=== getLinalgArgMap END ===

  Calling remap_in_affine_dim for output 0

=== remap_in_affine_dim ===
  oldmap: (d0) -> ()
  firstNDims: 1
  check_reduction (input): 1
  lower_bound_val: 0
  dimidx: -1
  check_reduction (output): 1
  new map (map2): (d0, d1) -> ()
  validDims: 1, validSims: 0
  Created SubmapOp with type: memref<?x?xf32>
=== remap_in_affine_dim END ===


=== getLinalgArgMap ===
  Initial lgMap: (d0) -> (d0)
  Found SubmapOp with map: (d0) -> ()
  Composed map: (d0) -> ()
  Input defined outside loop, breaking
  Final lgMap: (d0) -> ()
=== getLinalgArgMap END ===

  Calling remap_in_affine_dim for output 0

=== remap_in_affine_dim ===
  oldmap: (d0) -> ()
  firstNDims: 1
  check_reduction (input): 1
  lower_bound_val: 0
  dimidx: -1
  check_reduction (output): 1
  new map (map2): (d0, d1) -> ()
  validDims: 1, validSims: 0
  Created SubmapOp with type: memref<?x?xf32>
=== remap_in_affine_dim END ===


=== getLinalgArgMap ===
  Initial lgMap: (d0) -> (d0)
  Found SubmapOp with map: (d0) -> ()
  Composed map: (d0) -> ()
  Input defined outside loop, breaking
  Final lgMap: (d0) -> ()
=== getLinalgArgMap END ===

  Calling remap_in_affine_dim for output 0

=== remap_in_affine_dim ===
  oldmap: (d0) -> ()
  firstNDims: 1
  check_reduction (input): 1
  lower_bound_val: 0
  dimidx: -1
  check_reduction (output): 1
  new map (map2): (d0, d1) -> ()
  validDims: 1, validSims: 0
  Created SubmapOp with type: memref<?x?xf32>
=== remap_in_affine_dim END ===


--- Processing Loads ---

--- Processing Stores ---
Processing store: affine.store %cst_2, %alloca_3[] : memref<f32>

=== remap_in_affine_dim ===
  oldmap: () -> ()
  firstNDims: 0
  check_reduction (input): 1
  lower_bound_val: 0
  dimidx: -1
  check_reduction (output): 1
  new map (map2): (d0) -> ()
  validDims: 0, validSims: 0
  Created SubmapOp with type: memref<?xf32>
=== remap_in_affine_dim END ===

Processing store: affine.store %cst_2, %alloca[] : memref<f32>

=== remap_in_affine_dim ===
  oldmap: () -> ()
  firstNDims: 0
  check_reduction (input): 1
  lower_bound_val: 0
  dimidx: -1
  check_reduction (output): 1
  new map (map2): (d0) -> ()
  validDims: 0, validSims: 0
  Created SubmapOp with type: memref<?xf32>
=== remap_in_affine_dim END ===

Processing store: affine.store %cst_2, %alloca_4[] : memref<f32>

=== remap_in_affine_dim ===
  oldmap: () -> ()
  firstNDims: 0
  check_reduction (input): 1
  lower_bound_val: 0
  dimidx: -1
  check_reduction (output): 1
  new map (map2): (d0) -> ()
  validDims: 0, validSims: 0
  Created SubmapOp with type: memref<?xf32>
=== remap_in_affine_dim END ===

REJECTED: Linalg generic exists with loads/stores


========================================
=== AffineForOpRaising::matchAndRewrite ===
========================================
Processing loop:
affine.for %arg7 = 0 to %19 {
  affine.store %cst_2, %alloca_3[] : memref<f32>
  affine.store %cst_2, %alloca[] : memref<f32>
  affine.store %cst_2, %alloca_4[] : memref<f32>
  %20 = polygeist.submap(%arg3, %arg7, %0) {map = affine_map<(d0)[s0] -> (s0, d0)>} : (memref<?x64xf32>, index, index) -> memref<?xf32>
  %21 = polygeist.submap(%arg3, %arg7, %0) {map = affine_map<(d0)[s0] -> (s0, d0)>} : (memref<?x64xf32>, index, index) -> memref<?xf32>
  %22 = polygeist.submap(%arg5, %arg7, %0) {map = affine_map<(d0)[s0] -> (s0, d0)>} : (memref<?x64xf32>, index, index) -> memref<?xf32>
  %23 = polygeist.submap(%arg5, %arg7, %0) {map = affine_map<(d0)[s0] -> (s0, d0)>} : (memref<?x64xf32>, index, index) -> memref<?xf32>
  %24 = polygeist.submap(%alloca_4, %0) {map = affine_map<(d0) -> ()>} : (memref<f32>, index) -> memref<?xf32>
  %25 = polygeist.submap(%alloca, %0) {map = affine_map<(d0) -> ()>} : (memref<f32>, index) -> memref<?xf32>
  %26 = polygeist.submap(%alloca_3, %0) {map = affine_map<(d0) -> ()>} : (memref<f32>, index) -> memref<?xf32>
  linalg.generic {indexing_maps = [affine_map<(d0) -> (d0)>, affine_map<(d0) -> (d0)>, affine_map<(d0) -> (d0)>, affine_map<(d0) -> (d0)>, affine_map<(d0) -> (d0)>, affine_map<(d0) -> (d0)>, affine_map<(d0) -> (d0)>], iterator_types = ["reduction"]} ins(%20, %21, %22 : memref<?xf32>, memref<?xf32>, memref<?xf32>) outs(%23, %24, %25, %26 : memref<?xf32>, memref<?xf32>, memref<?xf32>, memref<?xf32>) {
  ^bb0(%in: f32, %in_5: f32, %in_6: f32, %out: f32, %out_7: f32, %out_8: f32, %out_9: f32):
    %27 = arith.mulf %11, %in : f32
    %28 = arith.mulf %14, %out_7 : f32
    %29 = arith.addf %27, %28 : f32
    %30 = arith.mulf %15, %out_9 : f32
    %31 = arith.addf %29, %30 : f32
    %32 = arith.mulf %18, %out_8 : f32
    %33 = arith.addf %31, %32 : f32
    linalg.yield %33, %in_5, %out_9, %in_6 : f32, f32, f32, f32
  }
}

Pattern recognition complete:
  Loads: 0
  Stores: 3
  LinalgGenerics: 1

Loop bounds:
  lbMap: () -> (0)
  ubMap: ()[s0] -> (s0)

--- Processing Linalg Generics ---
Processing linalg.generic:
linalg.generic {indexing_maps = [affine_map<(d0) -> (d0)>, affine_map<(d0) -> (d0)>, affine_map<(d0) -> (d0)>, affine_map<(d0) -> (d0)>, affine_map<(d0) -> (d0)>, affine_map<(d0) -> (d0)>, affine_map<(d0) -> (d0)>], iterator_types = ["reduction"]} ins(%23, %24, %25 : memref<?xf32>, memref<?xf32>, memref<?xf32>) outs(%26, %27, %28, %29 : memref<?xf32>, memref<?xf32>, memref<?xf32>, memref<?xf32>) {
^bb0(%in: f32, %in_5: f32, %in_6: f32, %out: f32, %out_7: f32, %out_8: f32, %out_9: f32):
  %30 = arith.mulf %11, %in : f32
  %31 = arith.mulf %14, %out_7 : f32
  %32 = arith.addf %30, %31 : f32
  %33 = arith.mulf %15, %out_9 : f32
  %34 = arith.addf %32, %33 : f32
  %35 = arith.mulf %18, %out_8 : f32
  %36 = arith.addf %34, %35 : f32
  linalg.yield %36, %in_5, %out_9, %in_6 : f32, f32, f32, f32
}
  Processing 3 inputs
  Input 0 indexing map: (d0) -> (d0)

=== getLinalgArgMap ===
  Initial lgMap: (d0) -> (d0)
  Found SubmapOp with map: (d0)[s0] -> (s0, d0)
  Composed map: (d0)[s0] -> (s0, d0)
  Final lgMap: (d0)[s0] -> (s0, d0)
=== getLinalgArgMap END ===

  Calling remap_in_affine_dim for input 0

=== remap_in_affine_dim ===
  oldmap: (d0)[s0] -> (s0, d0)
  firstNDims: 1
  check_reduction (input): 0
  lower_bound_val: 0
  dimidx: 1
  check_reduction (output): 0
  new map (map2): (d0, d1) -> (d1, d0)
  validDims: 2, validSims: 0
  Created SubmapOp with type: memref<?x?xf32>
=== remap_in_affine_dim END ===

  Input 1 indexing map: (d0) -> (d0)

=== getLinalgArgMap ===
  Initial lgMap: (d0) -> (d0)
  Found SubmapOp with map: (d0)[s0] -> (s0, d0)
  Composed map: (d0)[s0] -> (s0, d0)
  Final lgMap: (d0)[s0] -> (s0, d0)
=== getLinalgArgMap END ===

  Calling remap_in_affine_dim for input 1

=== remap_in_affine_dim ===
  oldmap: (d0)[s0] -> (s0, d0)
  firstNDims: 1
  check_reduction (input): 0
  lower_bound_val: 0
  dimidx: 1
  check_reduction (output): 0
  new map (map2): (d0, d1) -> (d1, d0)
  validDims: 2, validSims: 0
  Created SubmapOp with type: memref<?x?xf32>
=== remap_in_affine_dim END ===

  Input 2 indexing map: (d0) -> (d0)

=== getLinalgArgMap ===
  Initial lgMap: (d0) -> (d0)
  Found SubmapOp with map: (d0)[s0] -> (s0, d0)
  Composed map: (d0)[s0] -> (s0, d0)
  Final lgMap: (d0)[s0] -> (s0, d0)
=== getLinalgArgMap END ===

  Calling remap_in_affine_dim for input 2

=== remap_in_affine_dim ===
  oldmap: (d0)[s0] -> (s0, d0)
  firstNDims: 1
  check_reduction (input): 0
  lower_bound_val: 0
  dimidx: 1
  check_reduction (output): 0
  new map (map2): (d0, d1) -> (d1, d0)
  validDims: 2, validSims: 0
  Created SubmapOp with type: memref<?x?xf32>
=== remap_in_affine_dim END ===

  Processing 4 outputs

=== getLinalgArgMap ===
  Initial lgMap: (d0) -> (d0)
  Found SubmapOp with map: (d0)[s0] -> (s0, d0)
  Composed map: (d0)[s0] -> (s0, d0)
  Final lgMap: (d0)[s0] -> (s0, d0)
=== getLinalgArgMap END ===

  Calling remap_in_affine_dim for output 0

=== remap_in_affine_dim ===
  oldmap: (d0)[s0] -> (s0, d0)
  firstNDims: 1
  check_reduction (input): 1
  lower_bound_val: 0
  dimidx: 1
  check_reduction (output): 0
  new map (map2): (d0, d1) -> (d1, d0)
  validDims: 2, validSims: 0
  Created SubmapOp with type: memref<?x?xf32>
=== remap_in_affine_dim END ===


=== getLinalgArgMap ===
  Initial lgMap: (d0) -> (d0)
  Found SubmapOp with map: (d0) -> ()
  Composed map: (d0) -> ()
  Input defined outside loop, breaking
  Final lgMap: (d0) -> ()
=== getLinalgArgMap END ===

  Calling remap_in_affine_dim for output 0

=== remap_in_affine_dim ===
  oldmap: (d0) -> ()
  firstNDims: 1
  check_reduction (input): 1
  lower_bound_val: 0
  dimidx: -1
  check_reduction (output): 1
  new map (map2): (d0, d1) -> ()
  validDims: 1, validSims: 0
  Created SubmapOp with type: memref<?x?xf32>
=== remap_in_affine_dim END ===


=== getLinalgArgMap ===
  Initial lgMap: (d0) -> (d0)
  Found SubmapOp with map: (d0) -> ()
  Composed map: (d0) -> ()
  Input defined outside loop, breaking
  Final lgMap: (d0) -> ()
=== getLinalgArgMap END ===

  Calling remap_in_affine_dim for output 0

=== remap_in_affine_dim ===
  oldmap: (d0) -> ()
  firstNDims: 1
  check_reduction (input): 1
  lower_bound_val: 0
  dimidx: -1
  check_reduction (output): 1
  new map (map2): (d0, d1) -> ()
  validDims: 1, validSims: 0
  Created SubmapOp with type: memref<?x?xf32>
=== remap_in_affine_dim END ===


=== getLinalgArgMap ===
  Initial lgMap: (d0) -> (d0)
  Found SubmapOp with map: (d0) -> ()
  Composed map: (d0) -> ()
  Input defined outside loop, breaking
  Final lgMap: (d0) -> ()
=== getLinalgArgMap END ===

  Calling remap_in_affine_dim for output 0

=== remap_in_affine_dim ===
  oldmap: (d0) -> ()
  firstNDims: 1
  check_reduction (input): 1
  lower_bound_val: 0
  dimidx: -1
  check_reduction (output): 1
  new map (map2): (d0, d1) -> ()
  validDims: 1, validSims: 0
  Created SubmapOp with type: memref<?x?xf32>
=== remap_in_affine_dim END ===


--- Processing Loads ---

--- Processing Stores ---
Processing store: affine.store %cst_2, %alloca_3[] : memref<f32>

=== remap_in_affine_dim ===
  oldmap: () -> ()
  firstNDims: 0
  check_reduction (input): 1
  lower_bound_val: 0
  dimidx: -1
  check_reduction (output): 1
  new map (map2): (d0) -> ()
  validDims: 0, validSims: 0
  Created SubmapOp with type: memref<?xf32>
=== remap_in_affine_dim END ===

Processing store: affine.store %cst_2, %alloca[] : memref<f32>

=== remap_in_affine_dim ===
  oldmap: () -> ()
  firstNDims: 0
  check_reduction (input): 1
  lower_bound_val: 0
  dimidx: -1
  check_reduction (output): 1
  new map (map2): (d0) -> ()
  validDims: 0, validSims: 0
  Created SubmapOp with type: memref<?xf32>
=== remap_in_affine_dim END ===

Processing store: affine.store %cst_2, %alloca_4[] : memref<f32>

=== remap_in_affine_dim ===
  oldmap: () -> ()
  firstNDims: 0
  check_reduction (input): 1
  lower_bound_val: 0
  dimidx: -1
  check_reduction (output): 1
  new map (map2): (d0) -> ()
  validDims: 0, validSims: 0
  Created SubmapOp with type: memref<?xf32>
=== remap_in_affine_dim END ===

REJECTED: Linalg generic exists with loads/stores


========================================
=== AffineForOpRaising::matchAndRewrite ===
========================================
Processing loop:
affine.for %arg7 = 0 to %19 {
  affine.store %cst_2, %alloca_3[] : memref<f32>
  affine.store %cst_2, %alloca[] : memref<f32>
  affine.store %cst_2, %alloca_4[] : memref<f32>
  %20 = polygeist.submap(%arg3, %arg7, %0) {map = affine_map<(d0)[s0] -> (s0, d0)>} : (memref<?x64xf32>, index, index) -> memref<?xf32>
  %21 = polygeist.submap(%arg3, %arg7, %0) {map = affine_map<(d0)[s0] -> (s0, d0)>} : (memref<?x64xf32>, index, index) -> memref<?xf32>
  %22 = polygeist.submap(%arg5, %arg7, %0) {map = affine_map<(d0)[s0] -> (s0, d0)>} : (memref<?x64xf32>, index, index) -> memref<?xf32>
  %23 = polygeist.submap(%arg5, %arg7, %0) {map = affine_map<(d0)[s0] -> (s0, d0)>} : (memref<?x64xf32>, index, index) -> memref<?xf32>
  %24 = polygeist.submap(%alloca_4, %0) {map = affine_map<(d0) -> ()>} : (memref<f32>, index) -> memref<?xf32>
  %25 = polygeist.submap(%alloca, %0) {map = affine_map<(d0) -> ()>} : (memref<f32>, index) -> memref<?xf32>
  %26 = polygeist.submap(%alloca_3, %0) {map = affine_map<(d0) -> ()>} : (memref<f32>, index) -> memref<?xf32>
  linalg.generic {indexing_maps = [affine_map<(d0) -> (d0)>, affine_map<(d0) -> (d0)>, affine_map<(d0) -> (d0)>, affine_map<(d0) -> (d0)>, affine_map<(d0) -> (d0)>, affine_map<(d0) -> (d0)>, affine_map<(d0) -> (d0)>], iterator_types = ["reduction"]} ins(%20, %21, %22 : memref<?xf32>, memref<?xf32>, memref<?xf32>) outs(%23, %24, %25, %26 : memref<?xf32>, memref<?xf32>, memref<?xf32>, memref<?xf32>) {
  ^bb0(%in: f32, %in_5: f32, %in_6: f32, %out: f32, %out_7: f32, %out_8: f32, %out_9: f32):
    %27 = arith.mulf %11, %in : f32
    %28 = arith.mulf %14, %out_7 : f32
    %29 = arith.addf %27, %28 : f32
    %30 = arith.mulf %15, %out_9 : f32
    %31 = arith.addf %29, %30 : f32
    %32 = arith.mulf %18, %out_8 : f32
    %33 = arith.addf %31, %32 : f32
    linalg.yield %33, %in_5, %out_9, %in_6 : f32, f32, f32, f32
  }
}

Pattern recognition complete:
  Loads: 0
  Stores: 3
  LinalgGenerics: 1

Loop bounds:
  lbMap: () -> (0)
  ubMap: ()[s0] -> (s0)

--- Processing Linalg Generics ---
Processing linalg.generic:
linalg.generic {indexing_maps = [affine_map<(d0) -> (d0)>, affine_map<(d0) -> (d0)>, affine_map<(d0) -> (d0)>, affine_map<(d0) -> (d0)>, affine_map<(d0) -> (d0)>, affine_map<(d0) -> (d0)>, affine_map<(d0) -> (d0)>], iterator_types = ["reduction"]} ins(%23, %24, %25 : memref<?xf32>, memref<?xf32>, memref<?xf32>) outs(%26, %27, %28, %29 : memref<?xf32>, memref<?xf32>, memref<?xf32>, memref<?xf32>) {
^bb0(%in: f32, %in_5: f32, %in_6: f32, %out: f32, %out_7: f32, %out_8: f32, %out_9: f32):
  %30 = arith.mulf %11, %in : f32
  %31 = arith.mulf %14, %out_7 : f32
  %32 = arith.addf %30, %31 : f32
  %33 = arith.mulf %15, %out_9 : f32
  %34 = arith.addf %32, %33 : f32
  %35 = arith.mulf %18, %out_8 : f32
  %36 = arith.addf %34, %35 : f32
  linalg.yield %36, %in_5, %out_9, %in_6 : f32, f32, f32, f32
}
  Processing 3 inputs
  Input 0 indexing map: (d0) -> (d0)

=== getLinalgArgMap ===
  Initial lgMap: (d0) -> (d0)
  Found SubmapOp with map: (d0)[s0] -> (s0, d0)
  Composed map: (d0)[s0] -> (s0, d0)
  Final lgMap: (d0)[s0] -> (s0, d0)
=== getLinalgArgMap END ===

  Calling remap_in_affine_dim for input 0

=== remap_in_affine_dim ===
  oldmap: (d0)[s0] -> (s0, d0)
  firstNDims: 1
  check_reduction (input): 0
  lower_bound_val: 0
  dimidx: 1
  check_reduction (output): 0
  new map (map2): (d0, d1) -> (d1, d0)
  validDims: 2, validSims: 0
  Created SubmapOp with type: memref<?x?xf32>
=== remap_in_affine_dim END ===

  Input 1 indexing map: (d0) -> (d0)

=== getLinalgArgMap ===
  Initial lgMap: (d0) -> (d0)
  Found SubmapOp with map: (d0)[s0] -> (s0, d0)
  Composed map: (d0)[s0] -> (s0, d0)
  Final lgMap: (d0)[s0] -> (s0, d0)
=== getLinalgArgMap END ===

  Calling remap_in_affine_dim for input 1

=== remap_in_affine_dim ===
  oldmap: (d0)[s0] -> (s0, d0)
  firstNDims: 1
  check_reduction (input): 0
  lower_bound_val: 0
  dimidx: 1
  check_reduction (output): 0
  new map (map2): (d0, d1) -> (d1, d0)
  validDims: 2, validSims: 0
  Created SubmapOp with type: memref<?x?xf32>
=== remap_in_affine_dim END ===

  Input 2 indexing map: (d0) -> (d0)

=== getLinalgArgMap ===
  Initial lgMap: (d0) -> (d0)
  Found SubmapOp with map: (d0)[s0] -> (s0, d0)
  Composed map: (d0)[s0] -> (s0, d0)
  Final lgMap: (d0)[s0] -> (s0, d0)
=== getLinalgArgMap END ===

  Calling remap_in_affine_dim for input 2

=== remap_in_affine_dim ===
  oldmap: (d0)[s0] -> (s0, d0)
  firstNDims: 1
  check_reduction (input): 0
  lower_bound_val: 0
  dimidx: 1
  check_reduction (output): 0
  new map (map2): (d0, d1) -> (d1, d0)
  validDims: 2, validSims: 0
  Created SubmapOp with type: memref<?x?xf32>
=== remap_in_affine_dim END ===

  Processing 4 outputs

=== getLinalgArgMap ===
  Initial lgMap: (d0) -> (d0)
  Found SubmapOp with map: (d0)[s0] -> (s0, d0)
  Composed map: (d0)[s0] -> (s0, d0)
  Final lgMap: (d0)[s0] -> (s0, d0)
=== getLinalgArgMap END ===

  Calling remap_in_affine_dim for output 0

=== remap_in_affine_dim ===
  oldmap: (d0)[s0] -> (s0, d0)
  firstNDims: 1
  check_reduction (input): 1
  lower_bound_val: 0
  dimidx: 1
  check_reduction (output): 0
  new map (map2): (d0, d1) -> (d1, d0)
  validDims: 2, validSims: 0
  Created SubmapOp with type: memref<?x?xf32>
=== remap_in_affine_dim END ===


=== getLinalgArgMap ===
  Initial lgMap: (d0) -> (d0)
  Found SubmapOp with map: (d0) -> ()
  Composed map: (d0) -> ()
  Input defined outside loop, breaking
  Final lgMap: (d0) -> ()
=== getLinalgArgMap END ===

  Calling remap_in_affine_dim for output 0

=== remap_in_affine_dim ===
  oldmap: (d0) -> ()
  firstNDims: 1
  check_reduction (input): 1
  lower_bound_val: 0
  dimidx: -1
  check_reduction (output): 1
  new map (map2): (d0, d1) -> ()
  validDims: 1, validSims: 0
  Created SubmapOp with type: memref<?x?xf32>
=== remap_in_affine_dim END ===


=== getLinalgArgMap ===
  Initial lgMap: (d0) -> (d0)
  Found SubmapOp with map: (d0) -> ()
  Composed map: (d0) -> ()
  Input defined outside loop, breaking
  Final lgMap: (d0) -> ()
=== getLinalgArgMap END ===

  Calling remap_in_affine_dim for output 0

=== remap_in_affine_dim ===
  oldmap: (d0) -> ()
  firstNDims: 1
  check_reduction (input): 1
  lower_bound_val: 0
  dimidx: -1
  check_reduction (output): 1
  new map (map2): (d0, d1) -> ()
  validDims: 1, validSims: 0
  Created SubmapOp with type: memref<?x?xf32>
=== remap_in_affine_dim END ===


=== getLinalgArgMap ===
  Initial lgMap: (d0) -> (d0)
  Found SubmapOp with map: (d0) -> ()
  Composed map: (d0) -> ()
  Input defined outside loop, breaking
  Final lgMap: (d0) -> ()
=== getLinalgArgMap END ===

  Calling remap_in_affine_dim for output 0

=== remap_in_affine_dim ===
  oldmap: (d0) -> ()
  firstNDims: 1
  check_reduction (input): 1
  lower_bound_val: 0
  dimidx: -1
  check_reduction (output): 1
  new map (map2): (d0, d1) -> ()
  validDims: 1, validSims: 0
  Created SubmapOp with type: memref<?x?xf32>
=== remap_in_affine_dim END ===


--- Processing Loads ---

--- Processing Stores ---
Processing store: affine.store %cst_2, %alloca_3[] : memref<f32>

=== remap_in_affine_dim ===
  oldmap: () -> ()
  firstNDims: 0
  check_reduction (input): 1
  lower_bound_val: 0
  dimidx: -1
  check_reduction (output): 1
  new map (map2): (d0) -> ()
  validDims: 0, validSims: 0
  Created SubmapOp with type: memref<?xf32>
=== remap_in_affine_dim END ===

Processing store: affine.store %cst_2, %alloca[] : memref<f32>

=== remap_in_affine_dim ===
  oldmap: () -> ()
  firstNDims: 0
  check_reduction (input): 1
  lower_bound_val: 0
  dimidx: -1
  check_reduction (output): 1
  new map (map2): (d0) -> ()
  validDims: 0, validSims: 0
  Created SubmapOp with type: memref<?xf32>
=== remap_in_affine_dim END ===

Processing store: affine.store %cst_2, %alloca_4[] : memref<f32>

=== remap_in_affine_dim ===
  oldmap: () -> ()
  firstNDims: 0
  check_reduction (input): 1
  lower_bound_val: 0
  dimidx: -1
  check_reduction (output): 1
  new map (map2): (d0) -> ()
  validDims: 0, validSims: 0
  Created SubmapOp with type: memref<?xf32>
=== remap_in_affine_dim END ===

REJECTED: Linalg generic exists with loads/stores


========================================
=== AffineForOpRaising::matchAndRewrite ===
========================================
Processing loop:
affine.for %arg7 = 0 to %19 {
  affine.store %cst_2, %alloca_3[] : memref<f32>
  affine.store %cst_2, %alloca[] : memref<f32>
  affine.store %cst_2, %alloca_4[] : memref<f32>
  %20 = polygeist.submap(%arg3, %arg7, %0) {map = affine_map<(d0)[s0] -> (s0, d0)>} : (memref<?x64xf32>, index, index) -> memref<?xf32>
  %21 = polygeist.submap(%arg3, %arg7, %0) {map = affine_map<(d0)[s0] -> (s0, d0)>} : (memref<?x64xf32>, index, index) -> memref<?xf32>
  %22 = polygeist.submap(%arg5, %arg7, %0) {map = affine_map<(d0)[s0] -> (s0, d0)>} : (memref<?x64xf32>, index, index) -> memref<?xf32>
  %23 = polygeist.submap(%arg5, %arg7, %0) {map = affine_map<(d0)[s0] -> (s0, d0)>} : (memref<?x64xf32>, index, index) -> memref<?xf32>
  %24 = polygeist.submap(%alloca_4, %0) {map = affine_map<(d0) -> ()>} : (memref<f32>, index) -> memref<?xf32>
  %25 = polygeist.submap(%alloca, %0) {map = affine_map<(d0) -> ()>} : (memref<f32>, index) -> memref<?xf32>
  %26 = polygeist.submap(%alloca_3, %0) {map = affine_map<(d0) -> ()>} : (memref<f32>, index) -> memref<?xf32>
  linalg.generic {indexing_maps = [affine_map<(d0) -> (d0)>, affine_map<(d0) -> (d0)>, affine_map<(d0) -> (d0)>, affine_map<(d0) -> (d0)>, affine_map<(d0) -> (d0)>, affine_map<(d0) -> (d0)>, affine_map<(d0) -> (d0)>], iterator_types = ["reduction"]} ins(%20, %21, %22 : memref<?xf32>, memref<?xf32>, memref<?xf32>) outs(%23, %24, %25, %26 : memref<?xf32>, memref<?xf32>, memref<?xf32>, memref<?xf32>) {
  ^bb0(%in: f32, %in_5: f32, %in_6: f32, %out: f32, %out_7: f32, %out_8: f32, %out_9: f32):
    %27 = arith.mulf %11, %in : f32
    %28 = arith.mulf %14, %out_7 : f32
    %29 = arith.addf %27, %28 : f32
    %30 = arith.mulf %15, %out_9 : f32
    %31 = arith.addf %29, %30 : f32
    %32 = arith.mulf %18, %out_8 : f32
    %33 = arith.addf %31, %32 : f32
    linalg.yield %33, %in_5, %out_9, %in_6 : f32, f32, f32, f32
  }
}

Pattern recognition complete:
  Loads: 0
  Stores: 3
  LinalgGenerics: 1

Loop bounds:
  lbMap: () -> (0)
  ubMap: ()[s0] -> (s0)

--- Processing Linalg Generics ---
Processing linalg.generic:
linalg.generic {indexing_maps = [affine_map<(d0) -> (d0)>, affine_map<(d0) -> (d0)>, affine_map<(d0) -> (d0)>, affine_map<(d0) -> (d0)>, affine_map<(d0) -> (d0)>, affine_map<(d0) -> (d0)>, affine_map<(d0) -> (d0)>], iterator_types = ["reduction"]} ins(%23, %24, %25 : memref<?xf32>, memref<?xf32>, memref<?xf32>) outs(%26, %27, %28, %29 : memref<?xf32>, memref<?xf32>, memref<?xf32>, memref<?xf32>) {
^bb0(%in: f32, %in_5: f32, %in_6: f32, %out: f32, %out_7: f32, %out_8: f32, %out_9: f32):
  %30 = arith.mulf %11, %in : f32
  %31 = arith.mulf %14, %out_7 : f32
  %32 = arith.addf %30, %31 : f32
  %33 = arith.mulf %15, %out_9 : f32
  %34 = arith.addf %32, %33 : f32
  %35 = arith.mulf %18, %out_8 : f32
  %36 = arith.addf %34, %35 : f32
  linalg.yield %36, %in_5, %out_9, %in_6 : f32, f32, f32, f32
}
  Processing 3 inputs
  Input 0 indexing map: (d0) -> (d0)

=== getLinalgArgMap ===
  Initial lgMap: (d0) -> (d0)
  Found SubmapOp with map: (d0)[s0] -> (s0, d0)
  Composed map: (d0)[s0] -> (s0, d0)
  Final lgMap: (d0)[s0] -> (s0, d0)
=== getLinalgArgMap END ===

  Calling remap_in_affine_dim for input 0

=== remap_in_affine_dim ===
  oldmap: (d0)[s0] -> (s0, d0)
  firstNDims: 1
  check_reduction (input): 0
  lower_bound_val: 0
  dimidx: 1
  check_reduction (output): 0
  new map (map2): (d0, d1) -> (d1, d0)
  validDims: 2, validSims: 0
  Created SubmapOp with type: memref<?x?xf32>
=== remap_in_affine_dim END ===

  Input 1 indexing map: (d0) -> (d0)

=== getLinalgArgMap ===
  Initial lgMap: (d0) -> (d0)
  Found SubmapOp with map: (d0)[s0] -> (s0, d0)
  Composed map: (d0)[s0] -> (s0, d0)
  Final lgMap: (d0)[s0] -> (s0, d0)
=== getLinalgArgMap END ===

  Calling remap_in_affine_dim for input 1

=== remap_in_affine_dim ===
  oldmap: (d0)[s0] -> (s0, d0)
  firstNDims: 1
  check_reduction (input): 0
  lower_bound_val: 0
  dimidx: 1
  check_reduction (output): 0
  new map (map2): (d0, d1) -> (d1, d0)
  validDims: 2, validSims: 0
  Created SubmapOp with type: memref<?x?xf32>
=== remap_in_affine_dim END ===

  Input 2 indexing map: (d0) -> (d0)

=== getLinalgArgMap ===
  Initial lgMap: (d0) -> (d0)
  Found SubmapOp with map: (d0)[s0] -> (s0, d0)
  Composed map: (d0)[s0] -> (s0, d0)
  Final lgMap: (d0)[s0] -> (s0, d0)
=== getLinalgArgMap END ===

  Calling remap_in_affine_dim for input 2

=== remap_in_affine_dim ===
  oldmap: (d0)[s0] -> (s0, d0)
  firstNDims: 1
  check_reduction (input): 0
  lower_bound_val: 0
  dimidx: 1
  check_reduction (output): 0
  new map (map2): (d0, d1) -> (d1, d0)
  validDims: 2, validSims: 0
  Created SubmapOp with type: memref<?x?xf32>
=== remap_in_affine_dim END ===

  Processing 4 outputs

=== getLinalgArgMap ===
  Initial lgMap: (d0) -> (d0)
  Found SubmapOp with map: (d0)[s0] -> (s0, d0)
  Composed map: (d0)[s0] -> (s0, d0)
  Final lgMap: (d0)[s0] -> (s0, d0)
=== getLinalgArgMap END ===

  Calling remap_in_affine_dim for output 0

=== remap_in_affine_dim ===
  oldmap: (d0)[s0] -> (s0, d0)
  firstNDims: 1
  check_reduction (input): 1
  lower_bound_val: 0
  dimidx: 1
  check_reduction (output): 0
  new map (map2): (d0, d1) -> (d1, d0)
  validDims: 2, validSims: 0
  Created SubmapOp with type: memref<?x?xf32>
=== remap_in_affine_dim END ===


=== getLinalgArgMap ===
  Initial lgMap: (d0) -> (d0)
  Found SubmapOp with map: (d0) -> ()
  Composed map: (d0) -> ()
  Input defined outside loop, breaking
  Final lgMap: (d0) -> ()
=== getLinalgArgMap END ===

  Calling remap_in_affine_dim for output 0

=== remap_in_affine_dim ===
  oldmap: (d0) -> ()
  firstNDims: 1
  check_reduction (input): 1
  lower_bound_val: 0
  dimidx: -1
  check_reduction (output): 1
  new map (map2): (d0, d1) -> ()
  validDims: 1, validSims: 0
  Created SubmapOp with type: memref<?x?xf32>
=== remap_in_affine_dim END ===


=== getLinalgArgMap ===
  Initial lgMap: (d0) -> (d0)
  Found SubmapOp with map: (d0) -> ()
  Composed map: (d0) -> ()
  Input defined outside loop, breaking
  Final lgMap: (d0) -> ()
=== getLinalgArgMap END ===

  Calling remap_in_affine_dim for output 0

=== remap_in_affine_dim ===
  oldmap: (d0) -> ()
  firstNDims: 1
  check_reduction (input): 1
  lower_bound_val: 0
  dimidx: -1
  check_reduction (output): 1
  new map (map2): (d0, d1) -> ()
  validDims: 1, validSims: 0
  Created SubmapOp with type: memref<?x?xf32>
=== remap_in_affine_dim END ===


=== getLinalgArgMap ===
  Initial lgMap: (d0) -> (d0)
  Found SubmapOp with map: (d0) -> ()
  Composed map: (d0) -> ()
  Input defined outside loop, breaking
  Final lgMap: (d0) -> ()
=== getLinalgArgMap END ===

  Calling remap_in_affine_dim for output 0

=== remap_in_affine_dim ===
  oldmap: (d0) -> ()
  firstNDims: 1
  check_reduction (input): 1
  lower_bound_val: 0
  dimidx: -1
  check_reduction (output): 1
  new map (map2): (d0, d1) -> ()
  validDims: 1, validSims: 0
  Created SubmapOp with type: memref<?x?xf32>
=== remap_in_affine_dim END ===


--- Processing Loads ---

--- Processing Stores ---
Processing store: affine.store %cst_2, %alloca_3[] : memref<f32>

=== remap_in_affine_dim ===
  oldmap: () -> ()
  firstNDims: 0
  check_reduction (input): 1
  lower_bound_val: 0
  dimidx: -1
  check_reduction (output): 1
  new map (map2): (d0) -> ()
  validDims: 0, validSims: 0
  Created SubmapOp with type: memref<?xf32>
=== remap_in_affine_dim END ===

Processing store: affine.store %cst_2, %alloca[] : memref<f32>

=== remap_in_affine_dim ===
  oldmap: () -> ()
  firstNDims: 0
  check_reduction (input): 1
  lower_bound_val: 0
  dimidx: -1
  check_reduction (output): 1
  new map (map2): (d0) -> ()
  validDims: 0, validSims: 0
  Created SubmapOp with type: memref<?xf32>
=== remap_in_affine_dim END ===

Processing store: affine.store %cst_2, %alloca_4[] : memref<f32>

=== remap_in_affine_dim ===
  oldmap: () -> ()
  firstNDims: 0
  check_reduction (input): 1
  lower_bound_val: 0
  dimidx: -1
  check_reduction (output): 1
  new map (map2): (d0) -> ()
  validDims: 0, validSims: 0
  Created SubmapOp with type: memref<?xf32>
=== remap_in_affine_dim END ===

REJECTED: Linalg generic exists with loads/stores


========================================
=== AffineForOpRaising::matchAndRewrite ===
========================================
Processing loop:
affine.for %arg7 = 0 to %19 {
  affine.store %cst_2, %alloca_3[] : memref<f32>
  affine.store %cst_2, %alloca[] : memref<f32>
  affine.store %cst_2, %alloca_4[] : memref<f32>
  %20 = polygeist.submap(%arg3, %arg7, %0) {map = affine_map<(d0)[s0] -> (s0, d0)>} : (memref<?x64xf32>, index, index) -> memref<?xf32>
  %21 = polygeist.submap(%arg3, %arg7, %0) {map = affine_map<(d0)[s0] -> (s0, d0)>} : (memref<?x64xf32>, index, index) -> memref<?xf32>
  %22 = polygeist.submap(%arg5, %arg7, %0) {map = affine_map<(d0)[s0] -> (s0, d0)>} : (memref<?x64xf32>, index, index) -> memref<?xf32>
  %23 = polygeist.submap(%arg5, %arg7, %0) {map = affine_map<(d0)[s0] -> (s0, d0)>} : (memref<?x64xf32>, index, index) -> memref<?xf32>
  %24 = polygeist.submap(%alloca_4, %0) {map = affine_map<(d0) -> ()>} : (memref<f32>, index) -> memref<?xf32>
  %25 = polygeist.submap(%alloca, %0) {map = affine_map<(d0) -> ()>} : (memref<f32>, index) -> memref<?xf32>
  %26 = polygeist.submap(%alloca_3, %0) {map = affine_map<(d0) -> ()>} : (memref<f32>, index) -> memref<?xf32>
  linalg.generic {indexing_maps = [affine_map<(d0) -> (d0)>, affine_map<(d0) -> (d0)>, affine_map<(d0) -> (d0)>, affine_map<(d0) -> (d0)>, affine_map<(d0) -> (d0)>, affine_map<(d0) -> (d0)>, affine_map<(d0) -> (d0)>], iterator_types = ["reduction"]} ins(%20, %21, %22 : memref<?xf32>, memref<?xf32>, memref<?xf32>) outs(%23, %24, %25, %26 : memref<?xf32>, memref<?xf32>, memref<?xf32>, memref<?xf32>) {
  ^bb0(%in: f32, %in_5: f32, %in_6: f32, %out: f32, %out_7: f32, %out_8: f32, %out_9: f32):
    %27 = arith.mulf %11, %in : f32
    %28 = arith.mulf %14, %out_7 : f32
    %29 = arith.addf %27, %28 : f32
    %30 = arith.mulf %15, %out_9 : f32
    %31 = arith.addf %29, %30 : f32
    %32 = arith.mulf %18, %out_8 : f32
    %33 = arith.addf %31, %32 : f32
    linalg.yield %33, %in_5, %out_9, %in_6 : f32, f32, f32, f32
  }
}

Pattern recognition complete:
  Loads: 0
  Stores: 3
  LinalgGenerics: 1

Loop bounds:
  lbMap: () -> (0)
  ubMap: ()[s0] -> (s0)

--- Processing Linalg Generics ---
Processing linalg.generic:
linalg.generic {indexing_maps = [affine_map<(d0) -> (d0)>, affine_map<(d0) -> (d0)>, affine_map<(d0) -> (d0)>, affine_map<(d0) -> (d0)>, affine_map<(d0) -> (d0)>, affine_map<(d0) -> (d0)>, affine_map<(d0) -> (d0)>], iterator_types = ["reduction"]} ins(%23, %24, %25 : memref<?xf32>, memref<?xf32>, memref<?xf32>) outs(%26, %27, %28, %29 : memref<?xf32>, memref<?xf32>, memref<?xf32>, memref<?xf32>) {
^bb0(%in: f32, %in_5: f32, %in_6: f32, %out: f32, %out_7: f32, %out_8: f32, %out_9: f32):
  %30 = arith.mulf %11, %in : f32
  %31 = arith.mulf %14, %out_7 : f32
  %32 = arith.addf %30, %31 : f32
  %33 = arith.mulf %15, %out_9 : f32
  %34 = arith.addf %32, %33 : f32
  %35 = arith.mulf %18, %out_8 : f32
  %36 = arith.addf %34, %35 : f32
  linalg.yield %36, %in_5, %out_9, %in_6 : f32, f32, f32, f32
}
  Processing 3 inputs
  Input 0 indexing map: (d0) -> (d0)

=== getLinalgArgMap ===
  Initial lgMap: (d0) -> (d0)
  Found SubmapOp with map: (d0)[s0] -> (s0, d0)
  Composed map: (d0)[s0] -> (s0, d0)
  Final lgMap: (d0)[s0] -> (s0, d0)
=== getLinalgArgMap END ===

  Calling remap_in_affine_dim for input 0

=== remap_in_affine_dim ===
  oldmap: (d0)[s0] -> (s0, d0)
  firstNDims: 1
  check_reduction (input): 0
  lower_bound_val: 0
  dimidx: 1
  check_reduction (output): 0
  new map (map2): (d0, d1) -> (d1, d0)
  validDims: 2, validSims: 0
  Created SubmapOp with type: memref<?x?xf32>
=== remap_in_affine_dim END ===

  Input 1 indexing map: (d0) -> (d0)

=== getLinalgArgMap ===
  Initial lgMap: (d0) -> (d0)
  Found SubmapOp with map: (d0)[s0] -> (s0, d0)
  Composed map: (d0)[s0] -> (s0, d0)
  Final lgMap: (d0)[s0] -> (s0, d0)
=== getLinalgArgMap END ===

  Calling remap_in_affine_dim for input 1

=== remap_in_affine_dim ===
  oldmap: (d0)[s0] -> (s0, d0)
  firstNDims: 1
  check_reduction (input): 0
  lower_bound_val: 0
  dimidx: 1
  check_reduction (output): 0
  new map (map2): (d0, d1) -> (d1, d0)
  validDims: 2, validSims: 0
  Created SubmapOp with type: memref<?x?xf32>
=== remap_in_affine_dim END ===

  Input 2 indexing map: (d0) -> (d0)

=== getLinalgArgMap ===
  Initial lgMap: (d0) -> (d0)
  Found SubmapOp with map: (d0)[s0] -> (s0, d0)
  Composed map: (d0)[s0] -> (s0, d0)
  Final lgMap: (d0)[s0] -> (s0, d0)
=== getLinalgArgMap END ===

  Calling remap_in_affine_dim for input 2

=== remap_in_affine_dim ===
  oldmap: (d0)[s0] -> (s0, d0)
  firstNDims: 1
  check_reduction (input): 0
  lower_bound_val: 0
  dimidx: 1
  check_reduction (output): 0
  new map (map2): (d0, d1) -> (d1, d0)
  validDims: 2, validSims: 0
  Created SubmapOp with type: memref<?x?xf32>
=== remap_in_affine_dim END ===

  Processing 4 outputs

=== getLinalgArgMap ===
  Initial lgMap: (d0) -> (d0)
  Found SubmapOp with map: (d0)[s0] -> (s0, d0)
  Composed map: (d0)[s0] -> (s0, d0)
  Final lgMap: (d0)[s0] -> (s0, d0)
=== getLinalgArgMap END ===

  Calling remap_in_affine_dim for output 0

=== remap_in_affine_dim ===
  oldmap: (d0)[s0] -> (s0, d0)
  firstNDims: 1
  check_reduction (input): 1
  lower_bound_val: 0
  dimidx: 1
  check_reduction (output): 0
  new map (map2): (d0, d1) -> (d1, d0)
  validDims: 2, validSims: 0
  Created SubmapOp with type: memref<?x?xf32>
=== remap_in_affine_dim END ===


=== getLinalgArgMap ===
  Initial lgMap: (d0) -> (d0)
  Found SubmapOp with map: (d0) -> ()
  Composed map: (d0) -> ()
  Input defined outside loop, breaking
  Final lgMap: (d0) -> ()
=== getLinalgArgMap END ===

  Calling remap_in_affine_dim for output 0

=== remap_in_affine_dim ===
  oldmap: (d0) -> ()
  firstNDims: 1
  check_reduction (input): 1
  lower_bound_val: 0
  dimidx: -1
  check_reduction (output): 1
  new map (map2): (d0, d1) -> ()
  validDims: 1, validSims: 0
  Created SubmapOp with type: memref<?x?xf32>
=== remap_in_affine_dim END ===


=== getLinalgArgMap ===
  Initial lgMap: (d0) -> (d0)
  Found SubmapOp with map: (d0) -> ()
  Composed map: (d0) -> ()
  Input defined outside loop, breaking
  Final lgMap: (d0) -> ()
=== getLinalgArgMap END ===

  Calling remap_in_affine_dim for output 0

=== remap_in_affine_dim ===
  oldmap: (d0) -> ()
  firstNDims: 1
  check_reduction (input): 1
  lower_bound_val: 0
  dimidx: -1
  check_reduction (output): 1
  new map (map2): (d0, d1) -> ()
  validDims: 1, validSims: 0
  Created SubmapOp with type: memref<?x?xf32>
=== remap_in_affine_dim END ===


=== getLinalgArgMap ===
  Initial lgMap: (d0) -> (d0)
  Found SubmapOp with map: (d0) -> ()
  Composed map: (d0) -> ()
  Input defined outside loop, breaking
  Final lgMap: (d0) -> ()
=== getLinalgArgMap END ===

  Calling remap_in_affine_dim for output 0

=== remap_in_affine_dim ===
  oldmap: (d0) -> ()
  firstNDims: 1
  check_reduction (input): 1
  lower_bound_val: 0
  dimidx: -1
  check_reduction (output): 1
  new map (map2): (d0, d1) -> ()
  validDims: 1, validSims: 0
  Created SubmapOp with type: memref<?x?xf32>
=== remap_in_affine_dim END ===


--- Processing Loads ---

--- Processing Stores ---
Processing store: affine.store %cst_2, %alloca_3[] : memref<f32>

=== remap_in_affine_dim ===
  oldmap: () -> ()
  firstNDims: 0
  check_reduction (input): 1
  lower_bound_val: 0
  dimidx: -1
  check_reduction (output): 1
  new map (map2): (d0) -> ()
  validDims: 0, validSims: 0
  Created SubmapOp with type: memref<?xf32>
=== remap_in_affine_dim END ===

Processing store: affine.store %cst_2, %alloca[] : memref<f32>

=== remap_in_affine_dim ===
  oldmap: () -> ()
  firstNDims: 0
  check_reduction (input): 1
  lower_bound_val: 0
  dimidx: -1
  check_reduction (output): 1
  new map (map2): (d0) -> ()
  validDims: 0, validSims: 0
  Created SubmapOp with type: memref<?xf32>
=== remap_in_affine_dim END ===

Processing store: affine.store %cst_2, %alloca_4[] : memref<f32>

=== remap_in_affine_dim ===
  oldmap: () -> ()
  firstNDims: 0
  check_reduction (input): 1
  lower_bound_val: 0
  dimidx: -1
  check_reduction (output): 1
  new map (map2): (d0) -> ()
  validDims: 0, validSims: 0
  Created SubmapOp with type: memref<?xf32>
=== remap_in_affine_dim END ===

REJECTED: Linalg generic exists with loads/stores


========================================
=== AffineForOpRaising::matchAndRewrite ===
========================================
Processing loop:
affine.for %arg7 = 0 to %19 {
  affine.store %cst_2, %alloca_3[] : memref<f32>
  affine.store %cst_2, %alloca[] : memref<f32>
  affine.store %cst_2, %alloca_4[] : memref<f32>
  %20 = polygeist.submap(%arg3, %arg7, %0) {map = affine_map<(d0)[s0] -> (s0, d0)>} : (memref<?x64xf32>, index, index) -> memref<?xf32>
  %21 = polygeist.submap(%arg3, %arg7, %0) {map = affine_map<(d0)[s0] -> (s0, d0)>} : (memref<?x64xf32>, index, index) -> memref<?xf32>
  %22 = polygeist.submap(%arg5, %arg7, %0) {map = affine_map<(d0)[s0] -> (s0, d0)>} : (memref<?x64xf32>, index, index) -> memref<?xf32>
  %23 = polygeist.submap(%arg5, %arg7, %0) {map = affine_map<(d0)[s0] -> (s0, d0)>} : (memref<?x64xf32>, index, index) -> memref<?xf32>
  %24 = polygeist.submap(%alloca_4, %0) {map = affine_map<(d0) -> ()>} : (memref<f32>, index) -> memref<?xf32>
  %25 = polygeist.submap(%alloca, %0) {map = affine_map<(d0) -> ()>} : (memref<f32>, index) -> memref<?xf32>
  %26 = polygeist.submap(%alloca_3, %0) {map = affine_map<(d0) -> ()>} : (memref<f32>, index) -> memref<?xf32>
  linalg.generic {indexing_maps = [affine_map<(d0) -> (d0)>, affine_map<(d0) -> (d0)>, affine_map<(d0) -> (d0)>, affine_map<(d0) -> (d0)>, affine_map<(d0) -> (d0)>, affine_map<(d0) -> (d0)>, affine_map<(d0) -> (d0)>], iterator_types = ["reduction"]} ins(%20, %21, %22 : memref<?xf32>, memref<?xf32>, memref<?xf32>) outs(%23, %24, %25, %26 : memref<?xf32>, memref<?xf32>, memref<?xf32>, memref<?xf32>) {
  ^bb0(%in: f32, %in_5: f32, %in_6: f32, %out: f32, %out_7: f32, %out_8: f32, %out_9: f32):
    %27 = arith.mulf %11, %in : f32
    %28 = arith.mulf %14, %out_7 : f32
    %29 = arith.addf %27, %28 : f32
    %30 = arith.mulf %15, %out_9 : f32
    %31 = arith.addf %29, %30 : f32
    %32 = arith.mulf %18, %out_8 : f32
    %33 = arith.addf %31, %32 : f32
    linalg.yield %33, %in_5, %out_9, %in_6 : f32, f32, f32, f32
  }
}

Pattern recognition complete:
  Loads: 0
  Stores: 3
  LinalgGenerics: 1

Loop bounds:
  lbMap: () -> (0)
  ubMap: ()[s0] -> (s0)

--- Processing Linalg Generics ---
Processing linalg.generic:
linalg.generic {indexing_maps = [affine_map<(d0) -> (d0)>, affine_map<(d0) -> (d0)>, affine_map<(d0) -> (d0)>, affine_map<(d0) -> (d0)>, affine_map<(d0) -> (d0)>, affine_map<(d0) -> (d0)>, affine_map<(d0) -> (d0)>], iterator_types = ["reduction"]} ins(%23, %24, %25 : memref<?xf32>, memref<?xf32>, memref<?xf32>) outs(%26, %27, %28, %29 : memref<?xf32>, memref<?xf32>, memref<?xf32>, memref<?xf32>) {
^bb0(%in: f32, %in_5: f32, %in_6: f32, %out: f32, %out_7: f32, %out_8: f32, %out_9: f32):
  %30 = arith.mulf %11, %in : f32
  %31 = arith.mulf %14, %out_7 : f32
  %32 = arith.addf %30, %31 : f32
  %33 = arith.mulf %15, %out_9 : f32
  %34 = arith.addf %32, %33 : f32
  %35 = arith.mulf %18, %out_8 : f32
  %36 = arith.addf %34, %35 : f32
  linalg.yield %36, %in_5, %out_9, %in_6 : f32, f32, f32, f32
}
  Processing 3 inputs
  Input 0 indexing map: (d0) -> (d0)

=== getLinalgArgMap ===
  Initial lgMap: (d0) -> (d0)
  Found SubmapOp with map: (d0)[s0] -> (s0, d0)
  Composed map: (d0)[s0] -> (s0, d0)
  Final lgMap: (d0)[s0] -> (s0, d0)
=== getLinalgArgMap END ===

  Calling remap_in_affine_dim for input 0

=== remap_in_affine_dim ===
  oldmap: (d0)[s0] -> (s0, d0)
  firstNDims: 1
  check_reduction (input): 0
  lower_bound_val: 0
  dimidx: 1
  check_reduction (output): 0
  new map (map2): (d0, d1) -> (d1, d0)
  validDims: 2, validSims: 0
  Created SubmapOp with type: memref<?x?xf32>
=== remap_in_affine_dim END ===

  Input 1 indexing map: (d0) -> (d0)

=== getLinalgArgMap ===
  Initial lgMap: (d0) -> (d0)
  Found SubmapOp with map: (d0)[s0] -> (s0, d0)
  Composed map: (d0)[s0] -> (s0, d0)
  Final lgMap: (d0)[s0] -> (s0, d0)
=== getLinalgArgMap END ===

  Calling remap_in_affine_dim for input 1

=== remap_in_affine_dim ===
  oldmap: (d0)[s0] -> (s0, d0)
  firstNDims: 1
  check_reduction (input): 0
  lower_bound_val: 0
  dimidx: 1
  check_reduction (output): 0
  new map (map2): (d0, d1) -> (d1, d0)
  validDims: 2, validSims: 0
  Created SubmapOp with type: memref<?x?xf32>
=== remap_in_affine_dim END ===

  Input 2 indexing map: (d0) -> (d0)

=== getLinalgArgMap ===
  Initial lgMap: (d0) -> (d0)
  Found SubmapOp with map: (d0)[s0] -> (s0, d0)
  Composed map: (d0)[s0] -> (s0, d0)
  Final lgMap: (d0)[s0] -> (s0, d0)
=== getLinalgArgMap END ===

  Calling remap_in_affine_dim for input 2

=== remap_in_affine_dim ===
  oldmap: (d0)[s0] -> (s0, d0)
  firstNDims: 1
  check_reduction (input): 0
  lower_bound_val: 0
  dimidx: 1
  check_reduction (output): 0
  new map (map2): (d0, d1) -> (d1, d0)
  validDims: 2, validSims: 0
  Created SubmapOp with type: memref<?x?xf32>
=== remap_in_affine_dim END ===

  Processing 4 outputs

=== getLinalgArgMap ===
  Initial lgMap: (d0) -> (d0)
  Found SubmapOp with map: (d0)[s0] -> (s0, d0)
  Composed map: (d0)[s0] -> (s0, d0)
  Final lgMap: (d0)[s0] -> (s0, d0)
=== getLinalgArgMap END ===

  Calling remap_in_affine_dim for output 0

=== remap_in_affine_dim ===
  oldmap: (d0)[s0] -> (s0, d0)
  firstNDims: 1
  check_reduction (input): 1
  lower_bound_val: 0
  dimidx: 1
  check_reduction (output): 0
  new map (map2): (d0, d1) -> (d1, d0)
  validDims: 2, validSims: 0
  Created SubmapOp with type: memref<?x?xf32>
=== remap_in_affine_dim END ===


=== getLinalgArgMap ===
  Initial lgMap: (d0) -> (d0)
  Found SubmapOp with map: (d0) -> ()
  Composed map: (d0) -> ()
  Input defined outside loop, breaking
  Final lgMap: (d0) -> ()
=== getLinalgArgMap END ===

  Calling remap_in_affine_dim for output 0

=== remap_in_affine_dim ===
  oldmap: (d0) -> ()
  firstNDims: 1
  check_reduction (input): 1
  lower_bound_val: 0
  dimidx: -1
  check_reduction (output): 1
  new map (map2): (d0, d1) -> ()
  validDims: 1, validSims: 0
  Created SubmapOp with type: memref<?x?xf32>
=== remap_in_affine_dim END ===


=== getLinalgArgMap ===
  Initial lgMap: (d0) -> (d0)
  Found SubmapOp with map: (d0) -> ()
  Composed map: (d0) -> ()
  Input defined outside loop, breaking
  Final lgMap: (d0) -> ()
=== getLinalgArgMap END ===

  Calling remap_in_affine_dim for output 0

=== remap_in_affine_dim ===
  oldmap: (d0) -> ()
  firstNDims: 1
  check_reduction (input): 1
  lower_bound_val: 0
  dimidx: -1
  check_reduction (output): 1
  new map (map2): (d0, d1) -> ()
  validDims: 1, validSims: 0
  Created SubmapOp with type: memref<?x?xf32>
=== remap_in_affine_dim END ===


=== getLinalgArgMap ===
  Initial lgMap: (d0) -> (d0)
  Found SubmapOp with map: (d0) -> ()
  Composed map: (d0) -> ()
  Input defined outside loop, breaking
  Final lgMap: (d0) -> ()
=== getLinalgArgMap END ===

  Calling remap_in_affine_dim for output 0

=== remap_in_affine_dim ===
  oldmap: (d0) -> ()
  firstNDims: 1
  check_reduction (input): 1
  lower_bound_val: 0
  dimidx: -1
  check_reduction (output): 1
  new map (map2): (d0, d1) -> ()
  validDims: 1, validSims: 0
  Created SubmapOp with type: memref<?x?xf32>
=== remap_in_affine_dim END ===


--- Processing Loads ---

--- Processing Stores ---
Processing store: affine.store %cst_2, %alloca_3[] : memref<f32>

=== remap_in_affine_dim ===
  oldmap: () -> ()
  firstNDims: 0
  check_reduction (input): 1
  lower_bound_val: 0
  dimidx: -1
  check_reduction (output): 1
  new map (map2): (d0) -> ()
  validDims: 0, validSims: 0
  Created SubmapOp with type: memref<?xf32>
=== remap_in_affine_dim END ===

Processing store: affine.store %cst_2, %alloca[] : memref<f32>

=== remap_in_affine_dim ===
  oldmap: () -> ()
  firstNDims: 0
  check_reduction (input): 1
  lower_bound_val: 0
  dimidx: -1
  check_reduction (output): 1
  new map (map2): (d0) -> ()
  validDims: 0, validSims: 0
  Created SubmapOp with type: memref<?xf32>
=== remap_in_affine_dim END ===

Processing store: affine.store %cst_2, %alloca_4[] : memref<f32>

=== remap_in_affine_dim ===
  oldmap: () -> ()
  firstNDims: 0
  check_reduction (input): 1
  lower_bound_val: 0
  dimidx: -1
  check_reduction (output): 1
  new map (map2): (d0) -> ()
  validDims: 0, validSims: 0
  Created SubmapOp with type: memref<?xf32>
=== remap_in_affine_dim END ===

REJECTED: Linalg generic exists with loads/stores

WARNING: AffineForOpRaising didn't converge
deriche.mlir:2:3: warning: AffineForOpRaising didn't converge, continuing anyway
  func.func @kernel_deriche(%arg0: i32, %arg1: i32, %arg2: f32, %arg3: memref<?x64xf32>, %arg4: memref<?x64xf32>, %arg5: memref<?x64xf32>, %arg6: memref<?x64xf32>) attributes {llvm.linkage = #llvm.linkage<external>} {
  ^
deriche.mlir:2:3: note: see current operation: 
func.func @kernel_deriche(%arg0: i32, %arg1: i32, %arg2: f32, %arg3: memref<?x64xf32>, %arg4: memref<?x64xf32>, %arg5: memref<?x64xf32>, %arg6: memref<?x64xf32>) attributes {llvm.linkage = #llvm.linkage<external>} {
  %cst = arith.constant 1.000000e+00 : f32
  %cst_0 = arith.constant 2.000000e+00 : f32
  %cst_1 = arith.constant -2.000000e+00 : f32
  %cst_2 = arith.constant 0.000000e+00 : f32
  %0 = arith.index_cast %arg1 : i32 to index
  %1 = llvm.mlir.undef : f32
  %alloca = memref.alloca() : memref<f32>
  affine.store %1, %alloca[] : memref<f32>
  %alloca_3 = memref.alloca() : memref<f32>
  affine.store %1, %alloca_3[] : memref<f32>
  %alloca_4 = memref.alloca() : memref<f32>
  affine.store %1, %alloca_4[] : memref<f32>
  %2 = arith.negf %arg2 : f32
  %3 = math.exp %2 : f32
  %4 = arith.subf %cst, %3 : f32
  %5 = arith.mulf %4, %4 : f32
  %6 = arith.mulf %arg2, %cst_0 : f32
  %7 = arith.mulf %6, %3 : f32
  %8 = arith.addf %7, %cst : f32
  %9 = math.exp %6 : f32
  %10 = arith.subf %8, %9 : f32
  %11 = arith.divf %5, %10 : f32
  %12 = arith.mulf %11, %3 : f32
  %13 = arith.subf %arg2, %cst : f32
  %14 = arith.mulf %12, %13 : f32
  %15 = math.powf %cst_0, %2 : f32
  %16 = arith.mulf %arg2, %cst_1 : f32
  %17 = math.exp %16 : f32
  %18 = arith.negf %17 : f32
  %19 = arith.index_cast %arg0 : i32 to index
  affine.for %arg7 = 0 to %19 {
    affine.store %cst_2, %alloca_3[] : memref<f32>
    affine.store %cst_2, %alloca[] : memref<f32>
    affine.store %cst_2, %alloca_4[] : memref<f32>
    %20 = polygeist.submap(%arg3, %arg7, %0) {map = affine_map<(d0)[s0] -> (s0, d0)>} : (memref<?x64xf32>, index, index) -> memref<?xf32>
    %21 = polygeist.submap(%arg3, %arg7, %0) {map = affine_map<(d0)[s0] -> (s0, d0)>} : (memref<?x64xf32>, index, index) -> memref<?xf32>
    %22 = polygeist.submap(%arg5, %arg7, %0) {map = affine_map<(d0)[s0] -> (s0, d0)>} : (memref<?x64xf32>, index, index) -> memref<?xf32>
    %23 = polygeist.submap(%arg5, %arg7, %0) {map = affine_map<(d0)[s0] -> (s0, d0)>} : (memref<?x64xf32>, index, index) -> memref<?xf32>
    %24 = polygeist.submap(%alloca_4, %0) {map = affine_map<(d0) -> ()>} : (memref<f32>, index) -> memref<?xf32>
    %25 = polygeist.submap(%alloca, %0) {map = affine_map<(d0) -> ()>} : (memref<f32>, index) -> memref<?xf32>
    %26 = polygeist.submap(%alloca_3, %0) {map = affine_map<(d0) -> ()>} : (memref<f32>, index) -> memref<?xf32>
    linalg.generic {indexing_maps = [affine_map<(d0) -> (d0)>, affine_map<(d0) -> (d0)>, affine_map<(d0) -> (d0)>, affine_map<(d0) -> (d0)>, affine_map<(d0) -> (d0)>, affine_map<(d0) -> (d0)>, affine_map<(d0) -> (d0)>], iterator_types = ["reduction"]} ins(%20, %21, %22 : memref<?xf32>, memref<?xf32>, memref<?xf32>) outs(%23, %24, %25, %26 : memref<?xf32>, memref<?xf32>, memref<?xf32>, memref<?xf32>) {
    ^bb0(%in: f32, %in_5: f32, %in_6: f32, %out: f32, %out_7: f32, %out_8: f32, %out_9: f32):
      %27 = arith.mulf %11, %in : f32
      %28 = arith.mulf %14, %out_7 : f32
      %29 = arith.addf %27, %28 : f32
      %30 = arith.mulf %15, %out_9 : f32
      %31 = arith.addf %29, %30 : f32
      %32 = arith.mulf %18, %out_8 : f32
      %33 = arith.addf %31, %32 : f32
      linalg.yield %33, %in_5, %out_9, %in_6 : f32, f32, f32, f32
    }
  }
  return
}
### Step 3 Complete ###

****************************************
*** RaiseAffineToLinalg END ***
****************************************


****************************************
*** RaiseAffineToLinalgPipeline END ***
****************************************

