
****************************************
*** RaiseAffineToLinalgPipeline START ***
****************************************

Running pipeline...

****************************************
*** RaiseAffineToLinalg START ***
****************************************

### Step 1: Applying AffineParallelFission ###

=== AffineParallelFission ===
Processing affine.parallel:
affine.parallel (%arg4) = (0) to (%arg3) {
  %16 = affine.load %alloca_3[%arg4] : memref<40xf64>
  affine.store %16, %arg2[%arg4] : memref<?xf64>
}

=== AffineParallelFission ===
Processing affine.parallel:
affine.parallel (%arg4) = (0) to (%arg3) {
  %16 = affine.load %arg2[%arg4] : memref<?xf64>
  %17 = affine.load %arg2[%arg3 - %arg4 - 1] : memref<?xf64>
  %18 = arith.mulf %15, %17 : f64
  %19 = arith.addf %16, %18 : f64
  affine.store %19, %alloca_3[%arg4] : memref<40xf64>
}
### Step 1 Complete ###

### Step 2: Applying AffineParallelToFor ###

=== AffineParallelToFor ===
Processing affine.parallel:
affine.parallel (%arg4) = (0) to (%arg3) {
  %16 = affine.load %alloca_3[%arg4] : memref<40xf64>
  affine.store %16, %arg2[%arg4] : memref<?xf64>
}
Converting parallel loop with 1 induction variables
=== AffineParallelToFor SUCCESS ===


=== AffineParallelToFor ===
Processing affine.parallel:
affine.parallel (%arg4) = (0) to (%arg3) {
  %16 = affine.load %arg2[%arg4] : memref<?xf64>
  %17 = affine.load %arg2[%arg3 - %arg4 - 1] : memref<?xf64>
  %18 = arith.mulf %15, %17 : f64
  %19 = arith.addf %16, %18 : f64
  affine.store %19, %alloca_3[%arg4] : memref<40xf64>
}
Converting parallel loop with 1 induction variables
=== AffineParallelToFor SUCCESS ===

### Step 2 Complete ###

### Step 3: Applying AffineForOpRaising ###

========================================
=== AffineForOpRaising::matchAndRewrite ===
========================================
Processing loop:
affine.for %arg4 = 0 to affine_map<(d0) -> (d0)>(%arg3) {
  %16 = affine.load %alloca_3[%arg4] : memref<40xf64>
  affine.store %16, %arg2[%arg4] : memref<?xf64>
}

Pattern recognition complete:
  Loads: 1
  Stores: 1
  LinalgGenerics: 0

Loop bounds:
  lbMap: () -> (0)
  ubMap: (d0) -> (d0)

--- Processing Linalg Generics ---

--- Processing Loads ---
Processing load: %19 = affine.load %alloca_3[%arg4] : memref<40xf64>

=== remap_in_affine_dim ===
  oldmap: (d0) -> (d0)
  firstNDims: 0
  check_reduction (input): 0
  lower_bound_val: 0
  dimidx: 0
  check_reduction (output): 0
  new map (map2): (d0) -> (d0)
  validDims: 1, validSims: 0
  Created SubmapOp with type: memref<?xf64>
=== remap_in_affine_dim END ===


--- Processing Stores ---
Processing store: affine.store %20, %arg2[%arg4] : memref<?xf64>

=== remap_in_affine_dim ===
  oldmap: (d0) -> (d0)
  firstNDims: 0
  check_reduction (input): 1
  lower_bound_val: 0
  dimidx: 0
  check_reduction (output): 0
  new map (map2): (d0) -> (d0)
  validDims: 1, validSims: 0
  Created SubmapOp with type: memref<?xf64>
=== remap_in_affine_dim END ===


--- Creating linalg.generic ---
Iterator type for this loop: parallel
Total iterator types: 1
Total inputs: 1
Total outputs: 1

=== AffineForOpRaising SUCCESS ===
========================================


========================================
=== AffineForOpRaising::matchAndRewrite ===
========================================
Processing loop:
affine.for %arg4 = 0 to affine_map<(d0) -> (d0)>(%arg3) {
  %18 = affine.load %arg2[%arg4] : memref<?xf64>
  %19 = affine.load %arg2[%arg3 - %arg4 - 1] : memref<?xf64>
  %20 = arith.mulf %15, %19 : f64
  %21 = arith.addf %18, %20 : f64
  affine.store %21, %alloca_3[%arg4] : memref<40xf64>
}

Pattern recognition complete:
  Loads: 2
  Stores: 1
  LinalgGenerics: 0

Loop bounds:
  lbMap: () -> (0)
  ubMap: (d0) -> (d0)

--- Processing Linalg Generics ---

--- Processing Loads ---
Processing load: %21 = affine.load %arg2[%arg4] : memref<?xf64>

=== remap_in_affine_dim ===
  oldmap: (d0) -> (d0)
  firstNDims: 0
  check_reduction (input): 0
  lower_bound_val: 0
  dimidx: 0
  check_reduction (output): 0
  new map (map2): (d0) -> (d0)
  validDims: 1, validSims: 0
  Created SubmapOp with type: memref<?xf64>
=== remap_in_affine_dim END ===

Processing load: %23 = affine.load %arg2[%arg3 - %arg4 - 1] : memref<?xf64>

=== remap_in_affine_dim ===
  oldmap: (d0, d1) -> (d0 - d1 - 1)
  firstNDims: 0
  check_reduction (input): 0
  lower_bound_val: 0
  dimidx: 1
  check_reduction (output): 0
  new map (map2): (d0)[s0] -> (-d0 + s0 - 1)
  validDims: 1, validSims: 1
  Created SubmapOp with type: memref<?xf64>
=== remap_in_affine_dim END ===


--- Processing Stores ---
Processing store: affine.store %26, %alloca_3[%arg4] : memref<40xf64>

=== remap_in_affine_dim ===
  oldmap: (d0) -> (d0)
  firstNDims: 0
  check_reduction (input): 1
  lower_bound_val: 0
  dimidx: 0
  check_reduction (output): 0
  new map (map2): (d0) -> (d0)
  validDims: 1, validSims: 0
  Created SubmapOp with type: memref<?xf64>
=== remap_in_affine_dim END ===


--- Creating linalg.generic ---
Iterator type for this loop: parallel
Total iterator types: 1
Total inputs: 2
Total outputs: 1

=== AffineForOpRaising SUCCESS ===
========================================


========================================
=== AffineForOpRaising::matchAndRewrite ===
========================================
Processing loop:
affine.for %arg4 = 0 to affine_map<(d0) -> (d0)>(%arg3) {
  %21 = affine.load %arg1[%arg3 - %arg4 - 1] : memref<?xf64>
  %22 = affine.load %arg2[%arg4] : memref<?xf64>
  %23 = arith.mulf %21, %22 : f64
  %24 = affine.load %alloca[] : memref<f64>
  %25 = arith.addf %24, %23 : f64
  affine.store %25, %alloca[] : memref<f64>
}

Pattern recognition complete:
  Loads: 3
  Stores: 1
  LinalgGenerics: 0

Loop bounds:
  lbMap: () -> (0)
  ubMap: (d0) -> (d0)

--- Processing Linalg Generics ---

--- Processing Loads ---
Processing load: %24 = affine.load %arg1[%arg3 - %arg4 - 1] : memref<?xf64>

=== remap_in_affine_dim ===
  oldmap: (d0, d1) -> (d0 - d1 - 1)
  firstNDims: 0
  check_reduction (input): 0
  lower_bound_val: 0
  dimidx: 1
  check_reduction (output): 0
  new map (map2): (d0)[s0] -> (-d0 + s0 - 1)
  validDims: 1, validSims: 1
  Created SubmapOp with type: memref<?xf64>
=== remap_in_affine_dim END ===

Processing load: %26 = affine.load %arg2[%arg4] : memref<?xf64>

=== remap_in_affine_dim ===
  oldmap: (d0) -> (d0)
  firstNDims: 0
  check_reduction (input): 0
  lower_bound_val: 0
  dimidx: 0
  check_reduction (output): 0
  new map (map2): (d0) -> (d0)
  validDims: 1, validSims: 0
  Created SubmapOp with type: memref<?xf64>
=== remap_in_affine_dim END ===

Processing load: %29 = affine.load %alloca[] : memref<f64>

--- Processing Stores ---
Processing store: affine.store %30, %alloca[] : memref<f64>

=== remap_in_affine_dim ===
  oldmap: () -> ()
  firstNDims: 0
  check_reduction (input): 1
  lower_bound_val: 0
  dimidx: -1
  check_reduction (output): 1
  new map (map2): (d0) -> ()
  validDims: 0, validSims: 0
  Created SubmapOp with type: memref<?xf64>
=== remap_in_affine_dim END ===


--- Creating linalg.generic ---
Iterator type for this loop: reduction
Total iterator types: 1
Total inputs: 2
Total outputs: 1

=== AffineForOpRaising SUCCESS ===
========================================


========================================
=== AffineForOpRaising::matchAndRewrite ===
========================================
Processing loop:
affine.for %arg3 = 1 to %5 {
  %6 = affine.load %alloca_2[] : memref<f64>
  %7 = arith.mulf %6, %6 : f64
  %8 = arith.subf %cst_0, %7 : f64
  %9 = affine.load %alloca_1[] : memref<f64>
  %10 = arith.mulf %8, %9 : f64
  affine.store %10, %alloca_1[] : memref<f64>
  affine.store %cst, %alloca[] : memref<f64>
  %11 = polygeist.submap(%arg1, %arg3, %arg3) {map = affine_map<(d0)[s0] -> (-d0 + s0 - 1)>} : (memref<?xf64>, index, index) -> memref<?xf64>
  %12 = polygeist.submap(%arg2, %arg3) {map = affine_map<(d0) -> (d0)>} : (memref<?xf64>, index) -> memref<?xf64>
  %13 = polygeist.submap(%alloca, %arg3) {map = affine_map<(d0) -> ()>} : (memref<f64>, index) -> memref<?xf64>
  linalg.generic {indexing_maps = [affine_map<(d0) -> (d0)>, affine_map<(d0) -> (d0)>, affine_map<(d0) -> (d0)>], iterator_types = ["reduction"]} ins(%11, %12 : memref<?xf64>, memref<?xf64>) outs(%13 : memref<?xf64>) {
  ^bb0(%in: f64, %in_4: f64, %out: f64):
    %24 = arith.mulf %in, %in_4 : f64
    %25 = arith.addf %out, %24 : f64
    linalg.yield %25 : f64
  }
  %14 = affine.load %arg1[%arg3] : memref<?xf64>
  %15 = affine.load %alloca[] : memref<f64>
  %16 = arith.addf %14, %15 : f64
  %17 = arith.negf %16 : f64
  %18 = arith.divf %17, %10 : f64
  affine.store %18, %alloca_2[] : memref<f64>
  %19 = polygeist.submap(%arg2, %arg3) {map = affine_map<(d0) -> (d0)>} : (memref<?xf64>, index) -> memref<?xf64>
  %20 = polygeist.submap(%arg2, %arg3, %arg3) {map = affine_map<(d0)[s0] -> (-d0 + s0 - 1)>} : (memref<?xf64>, index, index) -> memref<?xf64>
  %21 = polygeist.submap(%alloca_3, %arg3) {map = affine_map<(d0) -> (d0)>} : (memref<40xf64>, index) -> memref<?xf64>
  linalg.generic {indexing_maps = [affine_map<(d0) -> (d0)>, affine_map<(d0) -> (d0)>, affine_map<(d0) -> (d0)>], iterator_types = ["parallel"]} ins(%19, %20 : memref<?xf64>, memref<?xf64>) outs(%21 : memref<?xf64>) {
  ^bb0(%in: f64, %in_4: f64, %out: f64):
    %24 = arith.mulf %18, %in_4 : f64
    %25 = arith.addf %in, %24 : f64
    linalg.yield %25 : f64
  }
  %22 = polygeist.submap(%alloca_3, %arg3) {map = affine_map<(d0) -> (d0)>} : (memref<40xf64>, index) -> memref<?xf64>
  %23 = polygeist.submap(%arg2, %arg3) {map = affine_map<(d0) -> (d0)>} : (memref<?xf64>, index) -> memref<?xf64>
  linalg.generic {indexing_maps = [affine_map<(d0) -> (d0)>, affine_map<(d0) -> (d0)>], iterator_types = ["parallel"]} ins(%22 : memref<?xf64>) outs(%23 : memref<?xf64>) {
  ^bb0(%in: f64, %out: f64):
    linalg.yield %in : f64
  }
  affine.store %18, %arg2[%arg3] : memref<?xf64>
}

Pattern recognition complete:
  Loads: 4
  Stores: 4
  LinalgGenerics: 3


========================================
=== AffineForOpRaising::matchAndRewrite ===
========================================
Processing loop:
affine.for %arg3 = 1 to %5 {
  %6 = affine.load %alloca_2[] : memref<f64>
  %7 = arith.mulf %6, %6 : f64
  %8 = arith.subf %cst_0, %7 : f64
  %9 = affine.load %alloca_1[] : memref<f64>
  %10 = arith.mulf %8, %9 : f64
  affine.store %10, %alloca_1[] : memref<f64>
  affine.store %cst, %alloca[] : memref<f64>
  %11 = polygeist.submap(%arg1, %arg3, %arg3) {map = affine_map<(d0)[s0] -> (-d0 + s0 - 1)>} : (memref<?xf64>, index, index) -> memref<?xf64>
  %12 = polygeist.submap(%arg2, %arg3) {map = affine_map<(d0) -> (d0)>} : (memref<?xf64>, index) -> memref<?xf64>
  %13 = polygeist.submap(%alloca, %arg3) {map = affine_map<(d0) -> ()>} : (memref<f64>, index) -> memref<?xf64>
  linalg.generic {indexing_maps = [affine_map<(d0) -> (d0)>, affine_map<(d0) -> (d0)>, affine_map<(d0) -> (d0)>], iterator_types = ["reduction"]} ins(%11, %12 : memref<?xf64>, memref<?xf64>) outs(%13 : memref<?xf64>) {
  ^bb0(%in: f64, %in_4: f64, %out: f64):
    %24 = arith.mulf %in, %in_4 : f64
    %25 = arith.addf %out, %24 : f64
    linalg.yield %25 : f64
  }
  %14 = affine.load %arg1[%arg3] : memref<?xf64>
  %15 = affine.load %alloca[] : memref<f64>
  %16 = arith.addf %14, %15 : f64
  %17 = arith.negf %16 : f64
  %18 = arith.divf %17, %10 : f64
  affine.store %18, %alloca_2[] : memref<f64>
  %19 = polygeist.submap(%arg2, %arg3) {map = affine_map<(d0) -> (d0)>} : (memref<?xf64>, index) -> memref<?xf64>
  %20 = polygeist.submap(%arg2, %arg3, %arg3) {map = affine_map<(d0)[s0] -> (-d0 + s0 - 1)>} : (memref<?xf64>, index, index) -> memref<?xf64>
  %21 = polygeist.submap(%alloca_3, %arg3) {map = affine_map<(d0) -> (d0)>} : (memref<40xf64>, index) -> memref<?xf64>
  linalg.generic {indexing_maps = [affine_map<(d0) -> (d0)>, affine_map<(d0) -> (d0)>, affine_map<(d0) -> (d0)>], iterator_types = ["parallel"]} ins(%19, %20 : memref<?xf64>, memref<?xf64>) outs(%21 : memref<?xf64>) {
  ^bb0(%in: f64, %in_4: f64, %out: f64):
    %24 = arith.mulf %18, %in_4 : f64
    %25 = arith.addf %in, %24 : f64
    linalg.yield %25 : f64
  }
  %22 = polygeist.submap(%alloca_3, %arg3) {map = affine_map<(d0) -> (d0)>} : (memref<40xf64>, index) -> memref<?xf64>
  %23 = polygeist.submap(%arg2, %arg3) {map = affine_map<(d0) -> (d0)>} : (memref<?xf64>, index) -> memref<?xf64>
  linalg.generic {indexing_maps = [affine_map<(d0) -> (d0)>, affine_map<(d0) -> (d0)>], iterator_types = ["parallel"]} ins(%22 : memref<?xf64>) outs(%23 : memref<?xf64>) {
  ^bb0(%in: f64, %out: f64):
    linalg.yield %in : f64
  }
  affine.store %18, %arg2[%arg3] : memref<?xf64>
}

Pattern recognition complete:
  Loads: 4
  Stores: 4
  LinalgGenerics: 3

### Step 3 Complete ###

****************************************
*** RaiseAffineToLinalg END ***
****************************************


****************************************
*** RaiseAffineToLinalgPipeline END ***
****************************************

