
****************************************
*** RaiseAffineToLinalgPipeline START ***
****************************************

Running pipeline...

****************************************
*** RaiseAffineToLinalg START ***
****************************************

### Step 1: Applying AffineParallelFission ###

=== AffineParallelFission ===
Processing affine.parallel:
affine.parallel (%arg10) = (0) to (symbol(%0)) {
  %3 = affine.load %arg6[%arg8, %arg9] : memref<?x30xf64>
  %4 = arith.mulf %arg3, %3 : f64
  %5 = affine.load %arg7[%arg9, %arg10] : memref<?x25xf64>
  %6 = arith.mulf %4, %5 : f64
  %7 = affine.load %arg5[%arg8, %arg10] : memref<?x25xf64>
  %8 = arith.addf %7, %6 : f64
  affine.store %8, %arg5[%arg8, %arg10] : memref<?x25xf64>
}

=== AffineParallelFission ===
Processing affine.parallel:
affine.parallel (%arg8) = (0) to (symbol(%2)) {
  affine.parallel (%arg9) = (0) to (symbol(%0)) {
    %3 = affine.load %arg5[%arg8, %arg9] : memref<?x25xf64>
    %4 = arith.mulf %3, %arg4 : f64
    affine.store %4, %arg5[%arg8, %arg9] : memref<?x25xf64>
  }
  affine.for %arg9 = 0 to %1 {
    affine.parallel (%arg10) = (0) to (symbol(%0)) {
      %3 = affine.load %arg6[%arg8, %arg9] : memref<?x30xf64>
      %4 = arith.mulf %arg3, %3 : f64
      %5 = affine.load %arg7[%arg9, %arg10] : memref<?x25xf64>
      %6 = arith.mulf %4, %5 : f64
      %7 = affine.load %arg5[%arg8, %arg10] : memref<?x25xf64>
      %8 = arith.addf %7, %6 : f64
      affine.store %8, %arg5[%arg8, %arg10] : memref<?x25xf64>
    }
  }
}
Found 2 nested loops to fission

=== AffineParallelFission ===
Processing affine.parallel:
affine.parallel (%arg8) = (0) to (symbol(%2)) {
  affine.for %arg9 = 0 to %1 {
    affine.parallel (%arg10) = (0) to (symbol(%0)) {
      %3 = affine.load %arg6[%arg8, %arg9] : memref<?x30xf64>
      %4 = arith.mulf %arg3, %3 : f64
      %5 = affine.load %arg7[%arg9, %arg10] : memref<?x25xf64>
      %6 = arith.mulf %4, %5 : f64
      %7 = affine.load %arg5[%arg8, %arg10] : memref<?x25xf64>
      %8 = arith.addf %7, %6 : f64
      affine.store %8, %arg5[%arg8, %arg10] : memref<?x25xf64>
    }
  }
}
REJECTED: Less than 2 nested loops (found 1)


=== AffineParallelFission ===
Processing affine.parallel:
affine.parallel (%arg9) = (0) to (symbol(%0)) {
  %3 = affine.load %arg5[%arg8, %arg9] : memref<?x25xf64>
  %4 = arith.mulf %3, %arg4 : f64
  affine.store %4, %arg5[%arg8, %arg9] : memref<?x25xf64>
}

=== AffineParallelFission ===
Processing affine.parallel:
affine.parallel (%arg8) = (0) to (symbol(%2)) {
  affine.parallel (%arg9) = (0) to (symbol(%0)) {
    %3 = affine.load %arg5[%arg8, %arg9] : memref<?x25xf64>
    %4 = arith.mulf %3, %arg4 : f64
    affine.store %4, %arg5[%arg8, %arg9] : memref<?x25xf64>
  }
}
REJECTED: Less than 2 nested loops (found 1)


=== AffineParallelFission ===
Processing affine.parallel:
affine.parallel (%arg8) = (0) to (symbol(%2)) {
  affine.for %arg9 = 0 to %1 {
    affine.parallel (%arg10) = (0) to (symbol(%0)) {
      %3 = affine.load %arg6[%arg8, %arg9] : memref<?x30xf64>
      %4 = arith.mulf %arg3, %3 : f64
      %5 = affine.load %arg7[%arg9, %arg10] : memref<?x25xf64>
      %6 = arith.mulf %4, %5 : f64
      %7 = affine.load %arg5[%arg8, %arg10] : memref<?x25xf64>
      %8 = arith.addf %7, %6 : f64
      affine.store %8, %arg5[%arg8, %arg10] : memref<?x25xf64>
    }
  }
}
REJECTED: Less than 2 nested loops (found 1)


=== AffineParallelFission ===
Processing affine.parallel:
affine.parallel (%arg10) = (0) to (symbol(%0)) {
  %3 = affine.load %arg6[%arg8, %arg9] : memref<?x30xf64>
  %4 = arith.mulf %arg3, %3 : f64
  %5 = affine.load %arg7[%arg9, %arg10] : memref<?x25xf64>
  %6 = arith.mulf %4, %5 : f64
  %7 = affine.load %arg5[%arg8, %arg10] : memref<?x25xf64>
  %8 = arith.addf %7, %6 : f64
  affine.store %8, %arg5[%arg8, %arg10] : memref<?x25xf64>
}

=== AffineParallelFission ===
Processing affine.parallel:
affine.parallel (%arg8) = (0) to (symbol(%2)) {
  affine.parallel (%arg9) = (0) to (symbol(%0)) {
    %3 = affine.load %arg5[%arg8, %arg9] : memref<?x25xf64>
    %4 = arith.mulf %3, %arg4 : f64
    affine.store %4, %arg5[%arg8, %arg9] : memref<?x25xf64>
  }
}
REJECTED: Less than 2 nested loops (found 1)


=== AffineParallelFission ===
Processing affine.parallel:
affine.parallel (%arg9) = (0) to (symbol(%0)) {
  %3 = affine.load %arg5[%arg8, %arg9] : memref<?x25xf64>
  %4 = arith.mulf %3, %arg4 : f64
  affine.store %4, %arg5[%arg8, %arg9] : memref<?x25xf64>
}
### Step 1 Complete ###

### Step 2: Applying AffineParallelToFor ###

=== AffineParallelToFor ===
Processing affine.parallel:
affine.parallel (%arg8) = (0) to (symbol(%2)) {
  affine.for %arg9 = 0 to %1 {
    affine.parallel (%arg10) = (0) to (symbol(%0)) {
      %3 = affine.load %arg6[%arg8, %arg9] : memref<?x30xf64>
      %4 = arith.mulf %arg3, %3 : f64
      %5 = affine.load %arg7[%arg9, %arg10] : memref<?x25xf64>
      %6 = arith.mulf %4, %5 : f64
      %7 = affine.load %arg5[%arg8, %arg10] : memref<?x25xf64>
      %8 = arith.addf %7, %6 : f64
      affine.store %8, %arg5[%arg8, %arg10] : memref<?x25xf64>
    }
  }
}
Converting parallel loop with 1 induction variables
=== AffineParallelToFor SUCCESS ===


=== AffineParallelToFor ===
Processing affine.parallel:
affine.parallel (%arg8) = (0) to (symbol(%2)) {
  affine.parallel (%arg9) = (0) to (symbol(%0)) {
    %3 = affine.load %arg5[%arg8, %arg9] : memref<?x25xf64>
    %4 = arith.mulf %3, %arg4 : f64
    affine.store %4, %arg5[%arg8, %arg9] : memref<?x25xf64>
  }
}
Converting parallel loop with 1 induction variables
=== AffineParallelToFor SUCCESS ===


=== AffineParallelToFor ===
Processing affine.parallel:
affine.parallel (%arg9) = (0) to (symbol(%0)) {
  %3 = affine.load %arg5[%arg8, %arg9] : memref<?x25xf64>
  %4 = arith.mulf %3, %arg4 : f64
  affine.store %4, %arg5[%arg8, %arg9] : memref<?x25xf64>
}
Converting parallel loop with 1 induction variables
=== AffineParallelToFor SUCCESS ===


=== AffineParallelToFor ===
Processing affine.parallel:
affine.parallel (%arg10) = (0) to (symbol(%0)) {
  %3 = affine.load %arg6[%arg8, %arg9] : memref<?x30xf64>
  %4 = arith.mulf %arg3, %3 : f64
  %5 = affine.load %arg7[%arg9, %arg10] : memref<?x25xf64>
  %6 = arith.mulf %4, %5 : f64
  %7 = affine.load %arg5[%arg8, %arg10] : memref<?x25xf64>
  %8 = arith.addf %7, %6 : f64
  affine.store %8, %arg5[%arg8, %arg10] : memref<?x25xf64>
}
Converting parallel loop with 1 induction variables
=== AffineParallelToFor SUCCESS ===

### Step 2 Complete ###

### Step 3: Applying AffineForOpRaising ###

========================================
=== AffineForOpRaising::matchAndRewrite ===
========================================
Processing loop:
affine.for %arg8 = 0 to %2 {
  affine.for %arg9 = 0 to %1 {
    affine.for %arg10 = 0 to %0 {
      %3 = affine.load %arg6[%arg8, %arg9] : memref<?x30xf64>
      %4 = arith.mulf %arg3, %3 : f64
      %5 = affine.load %arg7[%arg9, %arg10] : memref<?x25xf64>
      %6 = arith.mulf %4, %5 : f64
      %7 = affine.load %arg5[%arg8, %arg10] : memref<?x25xf64>
      %8 = arith.addf %7, %6 : f64
      affine.store %8, %arg5[%arg8, %arg10] : memref<?x25xf64>
    }
  }
}

REJECTED: Walk was interrupted (invalid operations found)


========================================
=== AffineForOpRaising::matchAndRewrite ===
========================================
Processing loop:
affine.for %arg9 = 0 to %1 {
  affine.for %arg10 = 0 to %0 {
    %3 = affine.load %arg6[%arg8, %arg9] : memref<?x30xf64>
    %4 = arith.mulf %arg3, %3 : f64
    %5 = affine.load %arg7[%arg9, %arg10] : memref<?x25xf64>
    %6 = arith.mulf %4, %5 : f64
    %7 = affine.load %arg5[%arg8, %arg10] : memref<?x25xf64>
    %8 = arith.addf %7, %6 : f64
    affine.store %8, %arg5[%arg8, %arg10] : memref<?x25xf64>
  }
}

REJECTED: Walk was interrupted (invalid operations found)


========================================
=== AffineForOpRaising::matchAndRewrite ===
========================================
Processing loop:
affine.for %arg10 = 0 to %0 {
  %3 = affine.load %arg6[%arg8, %arg9] : memref<?x30xf64>
  %4 = arith.mulf %arg3, %3 : f64
  %5 = affine.load %arg7[%arg9, %arg10] : memref<?x25xf64>
  %6 = arith.mulf %4, %5 : f64
  %7 = affine.load %arg5[%arg8, %arg10] : memref<?x25xf64>
  %8 = arith.addf %7, %6 : f64
  affine.store %8, %arg5[%arg8, %arg10] : memref<?x25xf64>
}

Pattern recognition complete:
  Loads: 3
  Stores: 1
  LinalgGenerics: 0

Loop bounds:
  lbMap: () -> (0)
  ubMap: ()[s0] -> (s0)

--- Processing Linalg Generics ---

--- Processing Loads ---
Processing load: %6 = affine.load %arg6[%arg8, %arg9] : memref<?x30xf64>

=== remap_in_affine_dim ===
  oldmap: (d0, d1) -> (d0, d1)
  firstNDims: 0
  check_reduction (input): 0
  lower_bound_val: 0
  dimidx: -1
  check_reduction (output): 0
  new map (map2): (d0)[s0, s1] -> (s0, s1)
  validDims: 0, validSims: 2
  Created SubmapOp with type: memref<?xf64>
=== remap_in_affine_dim END ===

Processing load: %9 = affine.load %arg7[%arg9, %arg10] : memref<?x25xf64>

=== remap_in_affine_dim ===
  oldmap: (d0, d1) -> (d0, d1)
  firstNDims: 0
  check_reduction (input): 0
  lower_bound_val: 0
  dimidx: 1
  check_reduction (output): 0
  new map (map2): (d0)[s0] -> (s0, d0)
  validDims: 1, validSims: 1
  Created SubmapOp with type: memref<?xf64>
=== remap_in_affine_dim END ===

Processing load: %12 = affine.load %arg5[%arg8, %arg10] : memref<?x25xf64>

--- Processing Stores ---
Processing store: affine.store %13, %arg5[%arg8, %arg10] : memref<?x25xf64>

=== remap_in_affine_dim ===
  oldmap: (d0, d1) -> (d0, d1)
  firstNDims: 0
  check_reduction (input): 1
  lower_bound_val: 0
  dimidx: 1
  check_reduction (output): 0
  new map (map2): (d0)[s0] -> (s0, d0)
  validDims: 1, validSims: 1
  Created SubmapOp with type: memref<?xf64>
=== remap_in_affine_dim END ===


--- Creating linalg.generic ---
Iterator type for this loop: parallel
Total iterator types: 1
Total inputs: 2
Total outputs: 1

=== AffineForOpRaising SUCCESS ===
========================================


========================================
=== AffineForOpRaising::matchAndRewrite ===
========================================
Processing loop:
affine.for %arg8 = 0 to %2 {
  affine.for %arg9 = 0 to %1 {
    %3 = affine.apply affine_map<()[s0] -> (s0)>()[%0]
    %4 = polygeist.submap(%arg6, %arg8, %arg9, %3) {map = affine_map<(d0)[s0, s1] -> (s0, s1)>} : (memref<?x30xf64>, index, index, index) -> memref<?xf64>
    %5 = polygeist.submap(%arg7, %arg9, %3) {map = affine_map<(d0)[s0] -> (s0, d0)>} : (memref<?x25xf64>, index, index) -> memref<?xf64>
    %6 = polygeist.submap(%arg5, %arg8, %3) {map = affine_map<(d0)[s0] -> (s0, d0)>} : (memref<?x25xf64>, index, index) -> memref<?xf64>
    linalg.generic {indexing_maps = [affine_map<(d0) -> (d0)>, affine_map<(d0) -> (d0)>, affine_map<(d0) -> (d0)>], iterator_types = ["parallel"]} ins(%4, %5 : memref<?xf64>, memref<?xf64>) outs(%6 : memref<?xf64>) {
    ^bb0(%in: f64, %in_0: f64, %out: f64):
      %7 = arith.mulf %arg3, %in : f64
      %8 = arith.mulf %7, %in_0 : f64
      %9 = arith.addf %out, %8 : f64
      linalg.yield %9 : f64
    }
  }
}

REJECTED: Walk was interrupted (invalid operations found)


========================================
=== AffineForOpRaising::matchAndRewrite ===
========================================
Processing loop:
affine.for %arg9 = 0 to %1 {
  %3 = affine.apply affine_map<()[s0] -> (s0)>()[%0]
  %4 = polygeist.submap(%arg6, %arg8, %arg9, %3) {map = affine_map<(d0)[s0, s1] -> (s0, s1)>} : (memref<?x30xf64>, index, index, index) -> memref<?xf64>
  %5 = polygeist.submap(%arg7, %arg9, %3) {map = affine_map<(d0)[s0] -> (s0, d0)>} : (memref<?x25xf64>, index, index) -> memref<?xf64>
  %6 = polygeist.submap(%arg5, %arg8, %3) {map = affine_map<(d0)[s0] -> (s0, d0)>} : (memref<?x25xf64>, index, index) -> memref<?xf64>
  linalg.generic {indexing_maps = [affine_map<(d0) -> (d0)>, affine_map<(d0) -> (d0)>, affine_map<(d0) -> (d0)>], iterator_types = ["parallel"]} ins(%4, %5 : memref<?xf64>, memref<?xf64>) outs(%6 : memref<?xf64>) {
  ^bb0(%in: f64, %in_0: f64, %out: f64):
    %7 = arith.mulf %arg3, %in : f64
    %8 = arith.mulf %7, %in_0 : f64
    %9 = arith.addf %out, %8 : f64
    linalg.yield %9 : f64
  }
}

Pattern recognition complete:
  Loads: 0
  Stores: 0
  LinalgGenerics: 1

Loop bounds:
  lbMap: () -> (0)
  ubMap: ()[s0] -> (s0)

--- Processing Linalg Generics ---
Processing linalg.generic:
linalg.generic {indexing_maps = [affine_map<(d0) -> (d0)>, affine_map<(d0) -> (d0)>, affine_map<(d0) -> (d0)>], iterator_types = ["parallel"]} ins(%7, %8 : memref<?xf64>, memref<?xf64>) outs(%9 : memref<?xf64>) {
^bb0(%in: f64, %in_0: f64, %out: f64):
  %10 = arith.mulf %arg3, %in : f64
  %11 = arith.mulf %10, %in_0 : f64
  %12 = arith.addf %out, %11 : f64
  linalg.yield %12 : f64
}
  Processing 2 inputs
  Input 0 indexing map: (d0) -> (d0)

=== getLinalgArgMap ===
  Initial lgMap: (d0) -> (d0)
  Found SubmapOp with map: (d0)[s0, s1] -> (s0, s1)
  Composed map: (d0)[s0, s1] -> (s0, s1)
  Final lgMap: (d0)[s0, s1] -> (s0, s1)
=== getLinalgArgMap END ===

  Calling remap_in_affine_dim for input 0

=== remap_in_affine_dim ===
  oldmap: (d0)[s0, s1] -> (s0, s1)
  firstNDims: 1
  check_reduction (input): 0
  lower_bound_val: 0
  dimidx: 2
  check_reduction (output): 0
  new map (map2): (d0, d1)[s0] -> (s0, d1)
  validDims: 2, validSims: 1
  Created SubmapOp with type: memref<?x?xf64>
=== remap_in_affine_dim END ===

  Input 1 indexing map: (d0) -> (d0)

=== getLinalgArgMap ===
  Initial lgMap: (d0) -> (d0)
  Found SubmapOp with map: (d0)[s0] -> (s0, d0)
  Composed map: (d0)[s0] -> (s0, d0)
  Final lgMap: (d0)[s0] -> (s0, d0)
=== getLinalgArgMap END ===

  Calling remap_in_affine_dim for input 1

=== remap_in_affine_dim ===
  oldmap: (d0)[s0] -> (s0, d0)
  firstNDims: 1
  check_reduction (input): 0
  lower_bound_val: 0
  dimidx: 1
  check_reduction (output): 0
  new map (map2): (d0, d1) -> (d1, d0)
  validDims: 2, validSims: 0
  Created SubmapOp with type: memref<?x?xf64>
=== remap_in_affine_dim END ===

  Processing 1 outputs

=== getLinalgArgMap ===
  Initial lgMap: (d0) -> (d0)
  Found SubmapOp with map: (d0)[s0] -> (s0, d0)
  Composed map: (d0)[s0] -> (s0, d0)
  Final lgMap: (d0)[s0] -> (s0, d0)
=== getLinalgArgMap END ===

  Calling remap_in_affine_dim for output 0

=== remap_in_affine_dim ===
  oldmap: (d0)[s0] -> (s0, d0)
  firstNDims: 1
  check_reduction (input): 1
  lower_bound_val: 0
  dimidx: -1
  check_reduction (output): 1
  new map (map2): (d0, d1)[s0] -> (s0, d0)
  validDims: 1, validSims: 1
  Created SubmapOp with type: memref<?x?xf64>
=== remap_in_affine_dim END ===


--- Processing Loads ---

--- Processing Stores ---

--- Creating linalg.generic ---
Iterator type for this loop: reduction
Extending iterator types from nested linalg.generic
Total iterator types: 2
Total inputs: 2
Total outputs: 1

=== AffineForOpRaising SUCCESS ===
========================================


========================================
=== AffineForOpRaising::matchAndRewrite ===
========================================
Processing loop:
affine.for %arg8 = 0 to %2 {
  %3 = affine.apply affine_map<()[s0] -> (s0)>()[%1]
  %4 = polygeist.submap(%arg6, %arg8, %0, %3) {map = affine_map<(d0, d1)[s0] -> (s0, d1)>} : (memref<?x30xf64>, index, index, index) -> memref<?x?xf64>
  %5 = polygeist.submap(%arg7, %0, %3) {map = affine_map<(d0, d1) -> (d1, d0)>} : (memref<?x25xf64>, index, index) -> memref<?x?xf64>
  %6 = polygeist.submap(%arg5, %arg8, %0, %3) {map = affine_map<(d0, d1)[s0] -> (s0, d0)>} : (memref<?x25xf64>, index, index, index) -> memref<?x?xf64>
  linalg.generic {indexing_maps = [affine_map<(d0, d1) -> (d0, d1)>, affine_map<(d0, d1) -> (d0, d1)>, affine_map<(d0, d1) -> (d0, d1)>], iterator_types = ["reduction", "parallel"]} ins(%4, %5 : memref<?x?xf64>, memref<?x?xf64>) outs(%6 : memref<?x?xf64>) {
  ^bb0(%in: f64, %in_0: f64, %out: f64):
    %7 = affine.apply affine_map<()[s0] -> (s0)>()[%0]
    %8 = arith.mulf %arg3, %in : f64
    %9 = arith.mulf %8, %in_0 : f64
    %10 = arith.addf %out, %9 : f64
    linalg.yield %10 : f64
  }
}

Pattern recognition complete:
  Loads: 0
  Stores: 0
  LinalgGenerics: 1

Loop bounds:
  lbMap: () -> (0)
  ubMap: ()[s0] -> (s0)

--- Processing Linalg Generics ---
Processing linalg.generic:
linalg.generic {indexing_maps = [affine_map<(d0, d1) -> (d0, d1)>, affine_map<(d0, d1) -> (d0, d1)>, affine_map<(d0, d1) -> (d0, d1)>], iterator_types = ["reduction", "parallel"]} ins(%7, %8 : memref<?x?xf64>, memref<?x?xf64>) outs(%9 : memref<?x?xf64>) {
^bb0(%in: f64, %in_0: f64, %out: f64):
  %10 = affine.apply affine_map<()[s0] -> (s0)>()[%0]
  %11 = arith.mulf %arg3, %in : f64
  %12 = arith.mulf %11, %in_0 : f64
  %13 = arith.addf %out, %12 : f64
  linalg.yield %13 : f64
}
  Processing 2 inputs
  Input 0 indexing map: (d0, d1) -> (d0, d1)

=== getLinalgArgMap ===
  Initial lgMap: (d0, d1) -> (d0, d1)
  Found SubmapOp with map: (d0, d1)[s0] -> (s0, d1)
  Composed map: (d0, d1)[s0] -> (s0, d1)
  Final lgMap: (d0, d1)[s0] -> (s0, d1)
=== getLinalgArgMap END ===

  Calling remap_in_affine_dim for input 0

=== remap_in_affine_dim ===
  oldmap: (d0, d1)[s0] -> (s0, d1)
  firstNDims: 2
  check_reduction (input): 0
  lower_bound_val: 0
  dimidx: 2
  check_reduction (output): 0
  new map (map2): (d0, d1, d2) -> (d2, d1)
  validDims: 3, validSims: 0
  Created SubmapOp with type: memref<?x?x?xf64>
=== remap_in_affine_dim END ===

  Input 1 indexing map: (d0, d1) -> (d0, d1)

=== getLinalgArgMap ===
  Initial lgMap: (d0, d1) -> (d0, d1)
  Found SubmapOp with map: (d0, d1) -> (d1, d0)
  Composed map: (d0, d1) -> (d1, d0)
  Final lgMap: (d0, d1) -> (d1, d0)
=== getLinalgArgMap END ===

  Calling remap_in_affine_dim for input 1

=== remap_in_affine_dim ===
  oldmap: (d0, d1) -> (d1, d0)
  firstNDims: 2
  check_reduction (input): 0
  lower_bound_val: 0
  dimidx: -1
  check_reduction (output): 0
  new map (map2): (d0, d1, d2) -> (d1, d0)
  validDims: 2, validSims: 0
  Created SubmapOp with type: memref<?x?x?xf64>
=== remap_in_affine_dim END ===

  Processing 1 outputs

=== getLinalgArgMap ===
  Initial lgMap: (d0, d1) -> (d0, d1)
  Found SubmapOp with map: (d0, d1)[s0] -> (s0, d0)
  Composed map: (d0, d1)[s0] -> (s0, d0)
  Final lgMap: (d0, d1)[s0] -> (s0, d0)
=== getLinalgArgMap END ===

  Calling remap_in_affine_dim for output 0

=== remap_in_affine_dim ===
  oldmap: (d0, d1)[s0] -> (s0, d0)
  firstNDims: 2
  check_reduction (input): 1
  lower_bound_val: 0
  dimidx: 2
  check_reduction (output): 0
  new map (map2): (d0, d1, d2) -> (d2, d0)
  validDims: 3, validSims: 0
  Created SubmapOp with type: memref<?x?x?xf64>
=== remap_in_affine_dim END ===


--- Processing Loads ---

--- Processing Stores ---

--- Creating linalg.generic ---
Iterator type for this loop: parallel
Extending iterator types from nested linalg.generic
Total iterator types: 3
Total inputs: 2
Total outputs: 1

=== AffineForOpRaising SUCCESS ===
========================================


========================================
=== AffineForOpRaising::matchAndRewrite ===
========================================
Processing loop:
affine.for %arg8 = 0 to %2 {
  affine.for %arg9 = 0 to %0 {
    %6 = affine.load %arg5[%arg8, %arg9] : memref<?x25xf64>
    %7 = arith.mulf %6, %arg4 : f64
    affine.store %7, %arg5[%arg8, %arg9] : memref<?x25xf64>
  }
}

REJECTED: Walk was interrupted (invalid operations found)


========================================
=== AffineForOpRaising::matchAndRewrite ===
========================================
Processing loop:
affine.for %arg9 = 0 to %0 {
  %6 = affine.load %arg5[%arg8, %arg9] : memref<?x25xf64>
  %7 = arith.mulf %6, %arg4 : f64
  affine.store %7, %arg5[%arg8, %arg9] : memref<?x25xf64>
}

Pattern recognition complete:
  Loads: 1
  Stores: 1
  LinalgGenerics: 0

Loop bounds:
  lbMap: () -> (0)
  ubMap: ()[s0] -> (s0)

--- Processing Linalg Generics ---

--- Processing Loads ---
Processing load: %9 = affine.load %arg5[%arg8, %arg9] : memref<?x25xf64>

--- Processing Stores ---
Processing store: affine.store %10, %arg5[%arg8, %arg9] : memref<?x25xf64>

=== remap_in_affine_dim ===
  oldmap: (d0, d1) -> (d0, d1)
  firstNDims: 0
  check_reduction (input): 1
  lower_bound_val: 0
  dimidx: 1
  check_reduction (output): 0
  new map (map2): (d0)[s0] -> (s0, d0)
  validDims: 1, validSims: 1
  Created SubmapOp with type: memref<?xf64>
=== remap_in_affine_dim END ===


--- Creating linalg.generic ---
Iterator type for this loop: parallel
Total iterator types: 1
Total inputs: 0
Total outputs: 1

=== AffineForOpRaising SUCCESS ===
========================================


========================================
=== AffineForOpRaising::matchAndRewrite ===
========================================
Processing loop:
affine.for %arg8 = 0 to %2 {
  %6 = affine.apply affine_map<()[s0] -> (s0)>()[%0]
  %7 = polygeist.submap(%arg5, %arg8, %6) {map = affine_map<(d0)[s0] -> (s0, d0)>} : (memref<?x25xf64>, index, index) -> memref<?xf64>
  linalg.generic {indexing_maps = [affine_map<(d0) -> (d0)>], iterator_types = ["parallel"]} outs(%7 : memref<?xf64>) {
  ^bb0(%out: f64):
    %8 = arith.mulf %out, %arg4 : f64
    linalg.yield %8 : f64
  }
}

Pattern recognition complete:
  Loads: 0
  Stores: 0
  LinalgGenerics: 1

Loop bounds:
  lbMap: () -> (0)
  ubMap: ()[s0] -> (s0)

--- Processing Linalg Generics ---
Processing linalg.generic:
linalg.generic {indexing_maps = [affine_map<(d0) -> (d0)>], iterator_types = ["parallel"]} outs(%10 : memref<?xf64>) {
^bb0(%out: f64):
  %11 = arith.mulf %out, %arg4 : f64
  linalg.yield %11 : f64
}
  Processing 0 inputs
  Processing 1 outputs

=== getLinalgArgMap ===
  Initial lgMap: (d0) -> (d0)
  Found SubmapOp with map: (d0)[s0] -> (s0, d0)
  Composed map: (d0)[s0] -> (s0, d0)
  Final lgMap: (d0)[s0] -> (s0, d0)
=== getLinalgArgMap END ===

  Calling remap_in_affine_dim for output 0

=== remap_in_affine_dim ===
  oldmap: (d0)[s0] -> (s0, d0)
  firstNDims: 1
  check_reduction (input): 1
  lower_bound_val: 0
  dimidx: 1
  check_reduction (output): 0
  new map (map2): (d0, d1) -> (d1, d0)
  validDims: 2, validSims: 0
  Created SubmapOp with type: memref<?x?xf64>
=== remap_in_affine_dim END ===


--- Processing Loads ---

--- Processing Stores ---

--- Creating linalg.generic ---
Iterator type for this loop: parallel
Extending iterator types from nested linalg.generic
Total iterator types: 2
Total inputs: 0
Total outputs: 1

=== AffineForOpRaising SUCCESS ===
========================================

### Step 3 Complete ###

****************************************
*** RaiseAffineToLinalg END ***
****************************************


****************************************
*** RaiseAffineToLinalgPipeline END ***
****************************************

