
****************************************
*** RaiseAffineToLinalgPipeline START ***
****************************************

Running pipeline...

****************************************
*** RaiseAffineToLinalg START ***
****************************************

### Step 1: Applying AffineParallelFission ###

=== AffineParallelFission ===
Processing affine.parallel:
affine.parallel (%arg12) = (0) to (symbol(%0)) {
  affine.parallel (%arg13) = (0) to (symbol(%0)) {
    %1 = affine.load %arg8[%arg12] : memref<?xf64>
    %2 = affine.load %arg3[%arg12, %arg13] : memref<?x40xf64>
    %3 = arith.mulf %arg1, %2 : f64
    %4 = affine.load %arg9[%arg13] : memref<?xf64>
    %5 = arith.mulf %3, %4 : f64
    %6 = arith.addf %1, %5 : f64
    affine.store %6, %arg8[%arg12] : memref<?xf64>
  }
}
REJECTED: Less than 2 nested loops (found 1)


=== AffineParallelFission ===
Processing affine.parallel:
affine.parallel (%arg13) = (0) to (symbol(%0)) {
  %1 = affine.load %arg8[%arg12] : memref<?xf64>
  %2 = affine.load %arg3[%arg12, %arg13] : memref<?x40xf64>
  %3 = arith.mulf %arg1, %2 : f64
  %4 = affine.load %arg9[%arg13] : memref<?xf64>
  %5 = arith.mulf %3, %4 : f64
  %6 = arith.addf %1, %5 : f64
  affine.store %6, %arg8[%arg12] : memref<?xf64>
}

=== AffineParallelFission ===
Processing affine.parallel:
affine.parallel (%arg12) = (0) to (symbol(%0)) {
  %1 = affine.load %arg9[%arg12] : memref<?xf64>
  %2 = affine.load %arg11[%arg12] : memref<?xf64>
  %3 = arith.addf %1, %2 : f64
  affine.store %3, %arg9[%arg12] : memref<?xf64>
}

=== AffineParallelFission ===
Processing affine.parallel:
affine.parallel (%arg12) = (0) to (symbol(%0)) {
  affine.parallel (%arg13) = (0) to (symbol(%0)) {
    %1 = affine.load %arg9[%arg12] : memref<?xf64>
    %2 = affine.load %arg3[%arg13, %arg12] : memref<?x40xf64>
    %3 = arith.mulf %arg2, %2 : f64
    %4 = affine.load %arg10[%arg13] : memref<?xf64>
    %5 = arith.mulf %3, %4 : f64
    %6 = arith.addf %1, %5 : f64
    affine.store %6, %arg9[%arg12] : memref<?xf64>
  }
}
REJECTED: Less than 2 nested loops (found 1)


=== AffineParallelFission ===
Processing affine.parallel:
affine.parallel (%arg13) = (0) to (symbol(%0)) {
  %1 = affine.load %arg9[%arg12] : memref<?xf64>
  %2 = affine.load %arg3[%arg13, %arg12] : memref<?x40xf64>
  %3 = arith.mulf %arg2, %2 : f64
  %4 = affine.load %arg10[%arg13] : memref<?xf64>
  %5 = arith.mulf %3, %4 : f64
  %6 = arith.addf %1, %5 : f64
  affine.store %6, %arg9[%arg12] : memref<?xf64>
}

=== AffineParallelFission ===
Processing affine.parallel:
affine.parallel (%arg12) = (0) to (symbol(%0)) {
  affine.parallel (%arg13) = (0) to (symbol(%0)) {
    %1 = affine.load %arg3[%arg12, %arg13] : memref<?x40xf64>
    %2 = affine.load %arg4[%arg12] : memref<?xf64>
    %3 = affine.load %arg5[%arg13] : memref<?xf64>
    %4 = arith.mulf %2, %3 : f64
    %5 = arith.addf %1, %4 : f64
    %6 = affine.load %arg6[%arg12] : memref<?xf64>
    %7 = affine.load %arg7[%arg13] : memref<?xf64>
    %8 = arith.mulf %6, %7 : f64
    %9 = arith.addf %5, %8 : f64
    affine.store %9, %arg3[%arg12, %arg13] : memref<?x40xf64>
  }
}
REJECTED: Less than 2 nested loops (found 1)


=== AffineParallelFission ===
Processing affine.parallel:
affine.parallel (%arg13) = (0) to (symbol(%0)) {
  %1 = affine.load %arg3[%arg12, %arg13] : memref<?x40xf64>
  %2 = affine.load %arg4[%arg12] : memref<?xf64>
  %3 = affine.load %arg5[%arg13] : memref<?xf64>
  %4 = arith.mulf %2, %3 : f64
  %5 = arith.addf %1, %4 : f64
  %6 = affine.load %arg6[%arg12] : memref<?xf64>
  %7 = affine.load %arg7[%arg13] : memref<?xf64>
  %8 = arith.mulf %6, %7 : f64
  %9 = arith.addf %5, %8 : f64
  affine.store %9, %arg3[%arg12, %arg13] : memref<?x40xf64>
}
### Step 1 Complete ###

### Step 2: Applying AffineParallelToFor ###

=== AffineParallelToFor ===
Processing affine.parallel:
affine.parallel (%arg12) = (0) to (symbol(%0)) {
  affine.parallel (%arg13) = (0) to (symbol(%0)) {
    %1 = affine.load %arg8[%arg12] : memref<?xf64>
    %2 = affine.load %arg3[%arg12, %arg13] : memref<?x40xf64>
    %3 = arith.mulf %arg1, %2 : f64
    %4 = affine.load %arg9[%arg13] : memref<?xf64>
    %5 = arith.mulf %3, %4 : f64
    %6 = arith.addf %1, %5 : f64
    affine.store %6, %arg8[%arg12] : memref<?xf64>
  }
}
Converting parallel loop with 1 induction variables
=== AffineParallelToFor SUCCESS ===


=== AffineParallelToFor ===
Processing affine.parallel:
affine.parallel (%arg13) = (0) to (symbol(%0)) {
  %1 = affine.load %arg8[%arg12] : memref<?xf64>
  %2 = affine.load %arg3[%arg12, %arg13] : memref<?x40xf64>
  %3 = arith.mulf %arg1, %2 : f64
  %4 = affine.load %arg9[%arg13] : memref<?xf64>
  %5 = arith.mulf %3, %4 : f64
  %6 = arith.addf %1, %5 : f64
  affine.store %6, %arg8[%arg12] : memref<?xf64>
}
Converting parallel loop with 1 induction variables
=== AffineParallelToFor SUCCESS ===


=== AffineParallelToFor ===
Processing affine.parallel:
affine.parallel (%arg12) = (0) to (symbol(%0)) {
  %1 = affine.load %arg9[%arg12] : memref<?xf64>
  %2 = affine.load %arg11[%arg12] : memref<?xf64>
  %3 = arith.addf %1, %2 : f64
  affine.store %3, %arg9[%arg12] : memref<?xf64>
}
Converting parallel loop with 1 induction variables
=== AffineParallelToFor SUCCESS ===


=== AffineParallelToFor ===
Processing affine.parallel:
affine.parallel (%arg12) = (0) to (symbol(%0)) {
  affine.parallel (%arg13) = (0) to (symbol(%0)) {
    %1 = affine.load %arg9[%arg12] : memref<?xf64>
    %2 = affine.load %arg3[%arg13, %arg12] : memref<?x40xf64>
    %3 = arith.mulf %arg2, %2 : f64
    %4 = affine.load %arg10[%arg13] : memref<?xf64>
    %5 = arith.mulf %3, %4 : f64
    %6 = arith.addf %1, %5 : f64
    affine.store %6, %arg9[%arg12] : memref<?xf64>
  }
}
Converting parallel loop with 1 induction variables
=== AffineParallelToFor SUCCESS ===


=== AffineParallelToFor ===
Processing affine.parallel:
affine.parallel (%arg13) = (0) to (symbol(%0)) {
  %1 = affine.load %arg9[%arg12] : memref<?xf64>
  %2 = affine.load %arg3[%arg13, %arg12] : memref<?x40xf64>
  %3 = arith.mulf %arg2, %2 : f64
  %4 = affine.load %arg10[%arg13] : memref<?xf64>
  %5 = arith.mulf %3, %4 : f64
  %6 = arith.addf %1, %5 : f64
  affine.store %6, %arg9[%arg12] : memref<?xf64>
}
Converting parallel loop with 1 induction variables
=== AffineParallelToFor SUCCESS ===


=== AffineParallelToFor ===
Processing affine.parallel:
affine.parallel (%arg12) = (0) to (symbol(%0)) {
  affine.parallel (%arg13) = (0) to (symbol(%0)) {
    %1 = affine.load %arg3[%arg12, %arg13] : memref<?x40xf64>
    %2 = affine.load %arg4[%arg12] : memref<?xf64>
    %3 = affine.load %arg5[%arg13] : memref<?xf64>
    %4 = arith.mulf %2, %3 : f64
    %5 = arith.addf %1, %4 : f64
    %6 = affine.load %arg6[%arg12] : memref<?xf64>
    %7 = affine.load %arg7[%arg13] : memref<?xf64>
    %8 = arith.mulf %6, %7 : f64
    %9 = arith.addf %5, %8 : f64
    affine.store %9, %arg3[%arg12, %arg13] : memref<?x40xf64>
  }
}
Converting parallel loop with 1 induction variables
=== AffineParallelToFor SUCCESS ===


=== AffineParallelToFor ===
Processing affine.parallel:
affine.parallel (%arg13) = (0) to (symbol(%0)) {
  %1 = affine.load %arg3[%arg12, %arg13] : memref<?x40xf64>
  %2 = affine.load %arg4[%arg12] : memref<?xf64>
  %3 = affine.load %arg5[%arg13] : memref<?xf64>
  %4 = arith.mulf %2, %3 : f64
  %5 = arith.addf %1, %4 : f64
  %6 = affine.load %arg6[%arg12] : memref<?xf64>
  %7 = affine.load %arg7[%arg13] : memref<?xf64>
  %8 = arith.mulf %6, %7 : f64
  %9 = arith.addf %5, %8 : f64
  affine.store %9, %arg3[%arg12, %arg13] : memref<?x40xf64>
}
Converting parallel loop with 1 induction variables
=== AffineParallelToFor SUCCESS ===

### Step 2 Complete ###

### Step 3: Applying AffineForOpRaising ###

========================================
=== AffineForOpRaising::matchAndRewrite ===
========================================
Processing loop:
affine.for %arg12 = 0 to %0 {
  affine.for %arg13 = 0 to %0 {
    %1 = affine.load %arg8[%arg12] : memref<?xf64>
    %2 = affine.load %arg3[%arg12, %arg13] : memref<?x40xf64>
    %3 = arith.mulf %arg1, %2 : f64
    %4 = affine.load %arg9[%arg13] : memref<?xf64>
    %5 = arith.mulf %3, %4 : f64
    %6 = arith.addf %1, %5 : f64
    affine.store %6, %arg8[%arg12] : memref<?xf64>
  }
}

REJECTED: Walk was interrupted (invalid operations found)


========================================
=== AffineForOpRaising::matchAndRewrite ===
========================================
Processing loop:
affine.for %arg13 = 0 to %0 {
  %1 = affine.load %arg8[%arg12] : memref<?xf64>
  %2 = affine.load %arg3[%arg12, %arg13] : memref<?x40xf64>
  %3 = arith.mulf %arg1, %2 : f64
  %4 = affine.load %arg9[%arg13] : memref<?xf64>
  %5 = arith.mulf %3, %4 : f64
  %6 = arith.addf %1, %5 : f64
  affine.store %6, %arg8[%arg12] : memref<?xf64>
}

Pattern recognition complete:
  Loads: 3
  Stores: 1
  LinalgGenerics: 0

Loop bounds:
  lbMap: () -> (0)
  ubMap: ()[s0] -> (s0)

--- Processing Linalg Generics ---

--- Processing Loads ---
Processing load: %4 = affine.load %arg8[%arg12] : memref<?xf64>
Processing load: %5 = affine.load %arg3[%arg12, %arg13] : memref<?x40xf64>

=== remap_in_affine_dim ===
  oldmap: (d0, d1) -> (d0, d1)
  firstNDims: 0
  check_reduction (input): 0
  lower_bound_val: 0
  dimidx: 1
  check_reduction (output): 0
  new map (map2): (d0)[s0] -> (s0, d0)
  validDims: 1, validSims: 1
  Created SubmapOp with type: memref<?xf64>
=== remap_in_affine_dim END ===

Processing load: %8 = affine.load %arg9[%arg13] : memref<?xf64>

=== remap_in_affine_dim ===
  oldmap: (d0) -> (d0)
  firstNDims: 0
  check_reduction (input): 0
  lower_bound_val: 0
  dimidx: 0
  check_reduction (output): 0
  new map (map2): (d0) -> (d0)
  validDims: 1, validSims: 0
  Created SubmapOp with type: memref<?xf64>
=== remap_in_affine_dim END ===


--- Processing Stores ---
Processing store: affine.store %11, %arg8[%arg12] : memref<?xf64>

=== remap_in_affine_dim ===
  oldmap: (d0) -> (d0)
  firstNDims: 0
  check_reduction (input): 1
  lower_bound_val: 0
  dimidx: -1
  check_reduction (output): 1
  new map (map2): (d0)[s0] -> (s0)
  validDims: 0, validSims: 1
  Created SubmapOp with type: memref<?xf64>
=== remap_in_affine_dim END ===


--- Creating linalg.generic ---
Iterator type for this loop: reduction
Total iterator types: 1
Total inputs: 2
Total outputs: 1

=== AffineForOpRaising SUCCESS ===
========================================


========================================
=== AffineForOpRaising::matchAndRewrite ===
========================================
Processing loop:
affine.for %arg12 = 0 to %0 {
  %1 = affine.apply affine_map<()[s0] -> (s0)>()[%0]
  %2 = polygeist.submap(%arg3, %arg12, %1) {map = affine_map<(d0)[s0] -> (s0, d0)>} : (memref<?x40xf64>, index, index) -> memref<?xf64>
  %3 = polygeist.submap(%arg9, %1) {map = affine_map<(d0) -> (d0)>} : (memref<?xf64>, index) -> memref<?xf64>
  %4 = polygeist.submap(%arg8, %arg12, %1) {map = affine_map<(d0)[s0] -> (s0)>} : (memref<?xf64>, index, index) -> memref<?xf64>
  linalg.generic {indexing_maps = [affine_map<(d0) -> (d0)>, affine_map<(d0) -> (d0)>, affine_map<(d0) -> (d0)>], iterator_types = ["reduction"]} ins(%2, %3 : memref<?xf64>, memref<?xf64>) outs(%4 : memref<?xf64>) {
  ^bb0(%in: f64, %in_0: f64, %out: f64):
    %5 = arith.mulf %arg1, %in : f64
    %6 = arith.mulf %5, %in_0 : f64
    %7 = arith.addf %out, %6 : f64
    linalg.yield %7 : f64
  }
}

Pattern recognition complete:
  Loads: 0
  Stores: 0
  LinalgGenerics: 1

Loop bounds:
  lbMap: () -> (0)
  ubMap: ()[s0] -> (s0)

--- Processing Linalg Generics ---
Processing linalg.generic:
linalg.generic {indexing_maps = [affine_map<(d0) -> (d0)>, affine_map<(d0) -> (d0)>, affine_map<(d0) -> (d0)>], iterator_types = ["reduction"]} ins(%5, %6 : memref<?xf64>, memref<?xf64>) outs(%7 : memref<?xf64>) {
^bb0(%in: f64, %in_0: f64, %out: f64):
  %8 = arith.mulf %arg1, %in : f64
  %9 = arith.mulf %8, %in_0 : f64
  %10 = arith.addf %out, %9 : f64
  linalg.yield %10 : f64
}
  Processing 2 inputs
  Input 0 indexing map: (d0) -> (d0)

=== getLinalgArgMap ===
  Initial lgMap: (d0) -> (d0)
  Found SubmapOp with map: (d0)[s0] -> (s0, d0)
  Composed map: (d0)[s0] -> (s0, d0)
  Final lgMap: (d0)[s0] -> (s0, d0)
=== getLinalgArgMap END ===

  Calling remap_in_affine_dim for input 0

=== remap_in_affine_dim ===
  oldmap: (d0)[s0] -> (s0, d0)
  firstNDims: 1
  check_reduction (input): 0
  lower_bound_val: 0
  dimidx: 1
  check_reduction (output): 0
  new map (map2): (d0, d1) -> (d1, d0)
  validDims: 2, validSims: 0
  Created SubmapOp with type: memref<?x?xf64>
=== remap_in_affine_dim END ===

  Input 1 indexing map: (d0) -> (d0)

=== getLinalgArgMap ===
  Initial lgMap: (d0) -> (d0)
  Found SubmapOp with map: (d0) -> (d0)
  Composed map: (d0) -> (d0)
  Final lgMap: (d0) -> (d0)
=== getLinalgArgMap END ===

  Calling remap_in_affine_dim for input 1

=== remap_in_affine_dim ===
  oldmap: (d0) -> (d0)
  firstNDims: 1
  check_reduction (input): 0
  lower_bound_val: 0
  dimidx: -1
  check_reduction (output): 0
  new map (map2): (d0, d1) -> (d0)
  validDims: 1, validSims: 0
  Created SubmapOp with type: memref<?x?xf64>
=== remap_in_affine_dim END ===

  Processing 1 outputs

=== getLinalgArgMap ===
  Initial lgMap: (d0) -> (d0)
  Found SubmapOp with map: (d0)[s0] -> (s0)
  Composed map: (d0)[s0] -> (s0)
  Final lgMap: (d0)[s0] -> (s0)
=== getLinalgArgMap END ===

  Calling remap_in_affine_dim for output 0

=== remap_in_affine_dim ===
  oldmap: (d0)[s0] -> (s0)
  firstNDims: 1
  check_reduction (input): 1
  lower_bound_val: 0
  dimidx: 1
  check_reduction (output): 0
  new map (map2): (d0, d1) -> (d1)
  validDims: 2, validSims: 0
  Created SubmapOp with type: memref<?x?xf64>
=== remap_in_affine_dim END ===


--- Processing Loads ---

--- Processing Stores ---

--- Creating linalg.generic ---
Iterator type for this loop: parallel
Extending iterator types from nested linalg.generic
Total iterator types: 2
Total inputs: 2
Total outputs: 1

=== AffineForOpRaising SUCCESS ===
========================================


========================================
=== AffineForOpRaising::matchAndRewrite ===
========================================
Processing loop:
affine.for %arg12 = 0 to %0 {
  %4 = affine.load %arg9[%arg12] : memref<?xf64>
  %5 = affine.load %arg11[%arg12] : memref<?xf64>
  %6 = arith.addf %4, %5 : f64
  affine.store %6, %arg9[%arg12] : memref<?xf64>
}

Pattern recognition complete:
  Loads: 2
  Stores: 1
  LinalgGenerics: 0

Loop bounds:
  lbMap: () -> (0)
  ubMap: ()[s0] -> (s0)

--- Processing Linalg Generics ---

--- Processing Loads ---
Processing load: %7 = affine.load %arg9[%arg12] : memref<?xf64>
Processing load: %8 = affine.load %arg11[%arg12] : memref<?xf64>

=== remap_in_affine_dim ===
  oldmap: (d0) -> (d0)
  firstNDims: 0
  check_reduction (input): 0
  lower_bound_val: 0
  dimidx: 0
  check_reduction (output): 0
  new map (map2): (d0) -> (d0)
  validDims: 1, validSims: 0
  Created SubmapOp with type: memref<?xf64>
=== remap_in_affine_dim END ===


--- Processing Stores ---
Processing store: affine.store %10, %arg9[%arg12] : memref<?xf64>

=== remap_in_affine_dim ===
  oldmap: (d0) -> (d0)
  firstNDims: 0
  check_reduction (input): 1
  lower_bound_val: 0
  dimidx: 0
  check_reduction (output): 0
  new map (map2): (d0) -> (d0)
  validDims: 1, validSims: 0
  Created SubmapOp with type: memref<?xf64>
=== remap_in_affine_dim END ===


--- Creating linalg.generic ---
Iterator type for this loop: parallel
Total iterator types: 1
Total inputs: 1
Total outputs: 1

=== AffineForOpRaising SUCCESS ===
========================================


========================================
=== AffineForOpRaising::matchAndRewrite ===
========================================
Processing loop:
affine.for %arg12 = 0 to %0 {
  affine.for %arg13 = 0 to %0 {
    %6 = affine.load %arg9[%arg12] : memref<?xf64>
    %7 = affine.load %arg3[%arg13, %arg12] : memref<?x40xf64>
    %8 = arith.mulf %arg2, %7 : f64
    %9 = affine.load %arg10[%arg13] : memref<?xf64>
    %10 = arith.mulf %8, %9 : f64
    %11 = arith.addf %6, %10 : f64
    affine.store %11, %arg9[%arg12] : memref<?xf64>
  }
}

REJECTED: Walk was interrupted (invalid operations found)


========================================
=== AffineForOpRaising::matchAndRewrite ===
========================================
Processing loop:
affine.for %arg13 = 0 to %0 {
  %6 = affine.load %arg9[%arg12] : memref<?xf64>
  %7 = affine.load %arg3[%arg13, %arg12] : memref<?x40xf64>
  %8 = arith.mulf %arg2, %7 : f64
  %9 = affine.load %arg10[%arg13] : memref<?xf64>
  %10 = arith.mulf %8, %9 : f64
  %11 = arith.addf %6, %10 : f64
  affine.store %11, %arg9[%arg12] : memref<?xf64>
}

Pattern recognition complete:
  Loads: 3
  Stores: 1
  LinalgGenerics: 0

Loop bounds:
  lbMap: () -> (0)
  ubMap: ()[s0] -> (s0)

--- Processing Linalg Generics ---

--- Processing Loads ---
Processing load: %9 = affine.load %arg9[%arg12] : memref<?xf64>
Processing load: %10 = affine.load %arg3[%arg13, %arg12] : memref<?x40xf64>

=== remap_in_affine_dim ===
  oldmap: (d0, d1) -> (d0, d1)
  firstNDims: 0
  check_reduction (input): 0
  lower_bound_val: 0
  dimidx: 0
  check_reduction (output): 0
  new map (map2): (d0)[s0] -> (d0, s0)
  validDims: 1, validSims: 1
  Created SubmapOp with type: memref<?xf64>
=== remap_in_affine_dim END ===

Processing load: %13 = affine.load %arg10[%arg13] : memref<?xf64>

=== remap_in_affine_dim ===
  oldmap: (d0) -> (d0)
  firstNDims: 0
  check_reduction (input): 0
  lower_bound_val: 0
  dimidx: 0
  check_reduction (output): 0
  new map (map2): (d0) -> (d0)
  validDims: 1, validSims: 0
  Created SubmapOp with type: memref<?xf64>
=== remap_in_affine_dim END ===


--- Processing Stores ---
Processing store: affine.store %16, %arg9[%arg12] : memref<?xf64>

=== remap_in_affine_dim ===
  oldmap: (d0) -> (d0)
  firstNDims: 0
  check_reduction (input): 1
  lower_bound_val: 0
  dimidx: -1
  check_reduction (output): 1
  new map (map2): (d0)[s0] -> (s0)
  validDims: 0, validSims: 1
  Created SubmapOp with type: memref<?xf64>
=== remap_in_affine_dim END ===


--- Creating linalg.generic ---
Iterator type for this loop: reduction
Total iterator types: 1
Total inputs: 2
Total outputs: 1

=== AffineForOpRaising SUCCESS ===
========================================


========================================
=== AffineForOpRaising::matchAndRewrite ===
========================================
Processing loop:
affine.for %arg12 = 0 to %0 {
  %6 = affine.apply affine_map<()[s0] -> (s0)>()[%0]
  %7 = polygeist.submap(%arg3, %arg12, %6) {map = affine_map<(d0)[s0] -> (d0, s0)>} : (memref<?x40xf64>, index, index) -> memref<?xf64>
  %8 = polygeist.submap(%arg10, %6) {map = affine_map<(d0) -> (d0)>} : (memref<?xf64>, index) -> memref<?xf64>
  %9 = polygeist.submap(%arg9, %arg12, %6) {map = affine_map<(d0)[s0] -> (s0)>} : (memref<?xf64>, index, index) -> memref<?xf64>
  linalg.generic {indexing_maps = [affine_map<(d0) -> (d0)>, affine_map<(d0) -> (d0)>, affine_map<(d0) -> (d0)>], iterator_types = ["reduction"]} ins(%7, %8 : memref<?xf64>, memref<?xf64>) outs(%9 : memref<?xf64>) {
  ^bb0(%in: f64, %in_0: f64, %out: f64):
    %10 = arith.mulf %arg2, %in : f64
    %11 = arith.mulf %10, %in_0 : f64
    %12 = arith.addf %out, %11 : f64
    linalg.yield %12 : f64
  }
}

Pattern recognition complete:
  Loads: 0
  Stores: 0
  LinalgGenerics: 1

Loop bounds:
  lbMap: () -> (0)
  ubMap: ()[s0] -> (s0)

--- Processing Linalg Generics ---
Processing linalg.generic:
linalg.generic {indexing_maps = [affine_map<(d0) -> (d0)>, affine_map<(d0) -> (d0)>, affine_map<(d0) -> (d0)>], iterator_types = ["reduction"]} ins(%10, %11 : memref<?xf64>, memref<?xf64>) outs(%12 : memref<?xf64>) {
^bb0(%in: f64, %in_0: f64, %out: f64):
  %13 = arith.mulf %arg2, %in : f64
  %14 = arith.mulf %13, %in_0 : f64
  %15 = arith.addf %out, %14 : f64
  linalg.yield %15 : f64
}
  Processing 2 inputs
  Input 0 indexing map: (d0) -> (d0)

=== getLinalgArgMap ===
  Initial lgMap: (d0) -> (d0)
  Found SubmapOp with map: (d0)[s0] -> (d0, s0)
  Composed map: (d0)[s0] -> (d0, s0)
  Final lgMap: (d0)[s0] -> (d0, s0)
=== getLinalgArgMap END ===

  Calling remap_in_affine_dim for input 0

=== remap_in_affine_dim ===
  oldmap: (d0)[s0] -> (d0, s0)
  firstNDims: 1
  check_reduction (input): 0
  lower_bound_val: 0
  dimidx: 1
  check_reduction (output): 0
  new map (map2): (d0, d1) -> (d0, d1)
  validDims: 2, validSims: 0
  Created SubmapOp with type: memref<?x?xf64>
=== remap_in_affine_dim END ===

  Input 1 indexing map: (d0) -> (d0)

=== getLinalgArgMap ===
  Initial lgMap: (d0) -> (d0)
  Found SubmapOp with map: (d0) -> (d0)
  Composed map: (d0) -> (d0)
  Final lgMap: (d0) -> (d0)
=== getLinalgArgMap END ===

  Calling remap_in_affine_dim for input 1

=== remap_in_affine_dim ===
  oldmap: (d0) -> (d0)
  firstNDims: 1
  check_reduction (input): 0
  lower_bound_val: 0
  dimidx: -1
  check_reduction (output): 0
  new map (map2): (d0, d1) -> (d0)
  validDims: 1, validSims: 0
  Created SubmapOp with type: memref<?x?xf64>
=== remap_in_affine_dim END ===

  Processing 1 outputs

=== getLinalgArgMap ===
  Initial lgMap: (d0) -> (d0)
  Found SubmapOp with map: (d0)[s0] -> (s0)
  Composed map: (d0)[s0] -> (s0)
  Final lgMap: (d0)[s0] -> (s0)
=== getLinalgArgMap END ===

  Calling remap_in_affine_dim for output 0

=== remap_in_affine_dim ===
  oldmap: (d0)[s0] -> (s0)
  firstNDims: 1
  check_reduction (input): 1
  lower_bound_val: 0
  dimidx: 1
  check_reduction (output): 0
  new map (map2): (d0, d1) -> (d1)
  validDims: 2, validSims: 0
  Created SubmapOp with type: memref<?x?xf64>
=== remap_in_affine_dim END ===


--- Processing Loads ---

--- Processing Stores ---

--- Creating linalg.generic ---
Iterator type for this loop: parallel
Extending iterator types from nested linalg.generic
Total iterator types: 2
Total inputs: 2
Total outputs: 1

=== AffineForOpRaising SUCCESS ===
========================================


========================================
=== AffineForOpRaising::matchAndRewrite ===
========================================
Processing loop:
affine.for %arg12 = 0 to %0 {
  affine.for %arg13 = 0 to %0 {
    %9 = affine.load %arg3[%arg12, %arg13] : memref<?x40xf64>
    %10 = affine.load %arg4[%arg12] : memref<?xf64>
    %11 = affine.load %arg5[%arg13] : memref<?xf64>
    %12 = arith.mulf %10, %11 : f64
    %13 = arith.addf %9, %12 : f64
    %14 = affine.load %arg6[%arg12] : memref<?xf64>
    %15 = affine.load %arg7[%arg13] : memref<?xf64>
    %16 = arith.mulf %14, %15 : f64
    %17 = arith.addf %13, %16 : f64
    affine.store %17, %arg3[%arg12, %arg13] : memref<?x40xf64>
  }
}

REJECTED: Walk was interrupted (invalid operations found)


========================================
=== AffineForOpRaising::matchAndRewrite ===
========================================
Processing loop:
affine.for %arg13 = 0 to %0 {
  %9 = affine.load %arg3[%arg12, %arg13] : memref<?x40xf64>
  %10 = affine.load %arg4[%arg12] : memref<?xf64>
  %11 = affine.load %arg5[%arg13] : memref<?xf64>
  %12 = arith.mulf %10, %11 : f64
  %13 = arith.addf %9, %12 : f64
  %14 = affine.load %arg6[%arg12] : memref<?xf64>
  %15 = affine.load %arg7[%arg13] : memref<?xf64>
  %16 = arith.mulf %14, %15 : f64
  %17 = arith.addf %13, %16 : f64
  affine.store %17, %arg3[%arg12, %arg13] : memref<?x40xf64>
}

Pattern recognition complete:
  Loads: 5
  Stores: 1
  LinalgGenerics: 0

Loop bounds:
  lbMap: () -> (0)
  ubMap: ()[s0] -> (s0)

--- Processing Linalg Generics ---

--- Processing Loads ---
Processing load: %12 = affine.load %arg3[%arg12, %arg13] : memref<?x40xf64>
Processing load: %13 = affine.load %arg4[%arg12] : memref<?xf64>

=== remap_in_affine_dim ===
  oldmap: (d0) -> (d0)
  firstNDims: 0
  check_reduction (input): 0
  lower_bound_val: 0
  dimidx: -1
  check_reduction (output): 0
  new map (map2): (d0)[s0] -> (s0)
  validDims: 0, validSims: 1
  Created SubmapOp with type: memref<?xf64>
=== remap_in_affine_dim END ===

Processing load: %15 = affine.load %arg5[%arg13] : memref<?xf64>

=== remap_in_affine_dim ===
  oldmap: (d0) -> (d0)
  firstNDims: 0
  check_reduction (input): 0
  lower_bound_val: 0
  dimidx: 0
  check_reduction (output): 0
  new map (map2): (d0) -> (d0)
  validDims: 1, validSims: 0
  Created SubmapOp with type: memref<?xf64>
=== remap_in_affine_dim END ===

Processing load: %19 = affine.load %arg6[%arg12] : memref<?xf64>

=== remap_in_affine_dim ===
  oldmap: (d0) -> (d0)
  firstNDims: 0
  check_reduction (input): 0
  lower_bound_val: 0
  dimidx: -1
  check_reduction (output): 0
  new map (map2): (d0)[s0] -> (s0)
  validDims: 0, validSims: 1
  Created SubmapOp with type: memref<?xf64>
=== remap_in_affine_dim END ===

Processing load: %21 = affine.load %arg7[%arg13] : memref<?xf64>

=== remap_in_affine_dim ===
  oldmap: (d0) -> (d0)
  firstNDims: 0
  check_reduction (input): 0
  lower_bound_val: 0
  dimidx: 0
  check_reduction (output): 0
  new map (map2): (d0) -> (d0)
  validDims: 1, validSims: 0
  Created SubmapOp with type: memref<?xf64>
=== remap_in_affine_dim END ===


--- Processing Stores ---
Processing store: affine.store %24, %arg3[%arg12, %arg13] : memref<?x40xf64>

=== remap_in_affine_dim ===
  oldmap: (d0, d1) -> (d0, d1)
  firstNDims: 0
  check_reduction (input): 1
  lower_bound_val: 0
  dimidx: 1
  check_reduction (output): 0
  new map (map2): (d0)[s0] -> (s0, d0)
  validDims: 1, validSims: 1
  Created SubmapOp with type: memref<?xf64>
=== remap_in_affine_dim END ===


--- Creating linalg.generic ---
Iterator type for this loop: parallel
Total iterator types: 1
Total inputs: 4
Total outputs: 1

=== AffineForOpRaising SUCCESS ===
========================================


========================================
=== AffineForOpRaising::matchAndRewrite ===
========================================
Processing loop:
affine.for %arg12 = 0 to %0 {
  %9 = affine.apply affine_map<()[s0] -> (s0)>()[%0]
  %10 = polygeist.submap(%arg4, %arg12, %9) {map = affine_map<(d0)[s0] -> (s0)>} : (memref<?xf64>, index, index) -> memref<?xf64>
  %11 = polygeist.submap(%arg5, %9) {map = affine_map<(d0) -> (d0)>} : (memref<?xf64>, index) -> memref<?xf64>
  %12 = polygeist.submap(%arg6, %arg12, %9) {map = affine_map<(d0)[s0] -> (s0)>} : (memref<?xf64>, index, index) -> memref<?xf64>
  %13 = polygeist.submap(%arg7, %9) {map = affine_map<(d0) -> (d0)>} : (memref<?xf64>, index) -> memref<?xf64>
  %14 = polygeist.submap(%arg3, %arg12, %9) {map = affine_map<(d0)[s0] -> (s0, d0)>} : (memref<?x40xf64>, index, index) -> memref<?xf64>
  linalg.generic {indexing_maps = [affine_map<(d0) -> (d0)>, affine_map<(d0) -> (d0)>, affine_map<(d0) -> (d0)>, affine_map<(d0) -> (d0)>, affine_map<(d0) -> (d0)>], iterator_types = ["parallel"]} ins(%10, %11, %12, %13 : memref<?xf64>, memref<?xf64>, memref<?xf64>, memref<?xf64>) outs(%14 : memref<?xf64>) {
  ^bb0(%in: f64, %in_0: f64, %in_1: f64, %in_2: f64, %out: f64):
    %15 = arith.mulf %in, %in_0 : f64
    %16 = arith.addf %out, %15 : f64
    %17 = arith.mulf %in_1, %in_2 : f64
    %18 = arith.addf %16, %17 : f64
    linalg.yield %18 : f64
  }
}

Pattern recognition complete:
  Loads: 0
  Stores: 0
  LinalgGenerics: 1

Loop bounds:
  lbMap: () -> (0)
  ubMap: ()[s0] -> (s0)

--- Processing Linalg Generics ---
Processing linalg.generic:
linalg.generic {indexing_maps = [affine_map<(d0) -> (d0)>, affine_map<(d0) -> (d0)>, affine_map<(d0) -> (d0)>, affine_map<(d0) -> (d0)>, affine_map<(d0) -> (d0)>], iterator_types = ["parallel"]} ins(%13, %14, %15, %16 : memref<?xf64>, memref<?xf64>, memref<?xf64>, memref<?xf64>) outs(%17 : memref<?xf64>) {
^bb0(%in: f64, %in_0: f64, %in_1: f64, %in_2: f64, %out: f64):
  %18 = arith.mulf %in, %in_0 : f64
  %19 = arith.addf %out, %18 : f64
  %20 = arith.mulf %in_1, %in_2 : f64
  %21 = arith.addf %19, %20 : f64
  linalg.yield %21 : f64
}
  Processing 4 inputs
  Input 0 indexing map: (d0) -> (d0)

=== getLinalgArgMap ===
  Initial lgMap: (d0) -> (d0)
  Found SubmapOp with map: (d0)[s0] -> (s0)
  Composed map: (d0)[s0] -> (s0)
  Final lgMap: (d0)[s0] -> (s0)
=== getLinalgArgMap END ===

  Calling remap_in_affine_dim for input 0

=== remap_in_affine_dim ===
  oldmap: (d0)[s0] -> (s0)
  firstNDims: 1
  check_reduction (input): 0
  lower_bound_val: 0
  dimidx: 1
  check_reduction (output): 0
  new map (map2): (d0, d1) -> (d1)
  validDims: 2, validSims: 0
  Created SubmapOp with type: memref<?x?xf64>
=== remap_in_affine_dim END ===

  Input 1 indexing map: (d0) -> (d0)

=== getLinalgArgMap ===
  Initial lgMap: (d0) -> (d0)
  Found SubmapOp with map: (d0) -> (d0)
  Composed map: (d0) -> (d0)
  Final lgMap: (d0) -> (d0)
=== getLinalgArgMap END ===

  Calling remap_in_affine_dim for input 1

=== remap_in_affine_dim ===
  oldmap: (d0) -> (d0)
  firstNDims: 1
  check_reduction (input): 0
  lower_bound_val: 0
  dimidx: -1
  check_reduction (output): 0
  new map (map2): (d0, d1) -> (d0)
  validDims: 1, validSims: 0
  Created SubmapOp with type: memref<?x?xf64>
=== remap_in_affine_dim END ===

  Input 2 indexing map: (d0) -> (d0)

=== getLinalgArgMap ===
  Initial lgMap: (d0) -> (d0)
  Found SubmapOp with map: (d0)[s0] -> (s0)
  Composed map: (d0)[s0] -> (s0)
  Final lgMap: (d0)[s0] -> (s0)
=== getLinalgArgMap END ===

  Calling remap_in_affine_dim for input 2

=== remap_in_affine_dim ===
  oldmap: (d0)[s0] -> (s0)
  firstNDims: 1
  check_reduction (input): 0
  lower_bound_val: 0
  dimidx: 1
  check_reduction (output): 0
  new map (map2): (d0, d1) -> (d1)
  validDims: 2, validSims: 0
  Created SubmapOp with type: memref<?x?xf64>
=== remap_in_affine_dim END ===

  Input 3 indexing map: (d0) -> (d0)

=== getLinalgArgMap ===
  Initial lgMap: (d0) -> (d0)
  Found SubmapOp with map: (d0) -> (d0)
  Composed map: (d0) -> (d0)
  Final lgMap: (d0) -> (d0)
=== getLinalgArgMap END ===

  Calling remap_in_affine_dim for input 3

=== remap_in_affine_dim ===
  oldmap: (d0) -> (d0)
  firstNDims: 1
  check_reduction (input): 0
  lower_bound_val: 0
  dimidx: -1
  check_reduction (output): 0
  new map (map2): (d0, d1) -> (d0)
  validDims: 1, validSims: 0
  Created SubmapOp with type: memref<?x?xf64>
=== remap_in_affine_dim END ===

  Processing 1 outputs

=== getLinalgArgMap ===
  Initial lgMap: (d0) -> (d0)
  Found SubmapOp with map: (d0)[s0] -> (s0, d0)
  Composed map: (d0)[s0] -> (s0, d0)
  Final lgMap: (d0)[s0] -> (s0, d0)
=== getLinalgArgMap END ===

  Calling remap_in_affine_dim for output 0

=== remap_in_affine_dim ===
  oldmap: (d0)[s0] -> (s0, d0)
  firstNDims: 1
  check_reduction (input): 1
  lower_bound_val: 0
  dimidx: 1
  check_reduction (output): 0
  new map (map2): (d0, d1) -> (d1, d0)
  validDims: 2, validSims: 0
  Created SubmapOp with type: memref<?x?xf64>
=== remap_in_affine_dim END ===


--- Processing Loads ---

--- Processing Stores ---

--- Creating linalg.generic ---
Iterator type for this loop: parallel
Extending iterator types from nested linalg.generic
Total iterator types: 2
Total inputs: 4
Total outputs: 1

=== AffineForOpRaising SUCCESS ===
========================================

### Step 3 Complete ###

****************************************
*** RaiseAffineToLinalg END ***
****************************************


****************************************
*** RaiseAffineToLinalgPipeline END ***
****************************************

