
****************************************
*** RaiseAffineToLinalgPipeline START ***
****************************************

Running pipeline...

****************************************
*** RaiseAffineToLinalg START ***
****************************************

### Step 1: Applying AffineParallelFission ###

=== AffineParallelFission ===
Processing affine.parallel:
affine.parallel (%arg7) = (0) to (symbol(%1)) {
  %4 = affine.load %arg2[%arg7, %arg6] : memref<?x30xf64>
  %5 = affine.load %arg4[%arg7, %arg5] : memref<?x30xf64>
  %6 = affine.load %arg3[%arg5, %arg6] : memref<?x30xf64>
  %7 = arith.mulf %5, %6 : f64
  %8 = arith.subf %4, %7 : f64
  affine.store %8, %arg2[%arg7, %arg6] : memref<?x30xf64>
}

=== AffineParallelFission ===
Processing affine.parallel:
affine.parallel (%arg7) = (0) to (symbol(%1)) {
  %4 = affine.load %arg4[%arg7, %arg5] : memref<?x30xf64>
  %5 = affine.load %arg2[%arg7, %arg6] : memref<?x30xf64>
  %6 = arith.mulf %4, %5 : f64
  %7 = affine.load %arg3[%arg5, %arg6] : memref<?x30xf64>
  %8 = arith.addf %7, %6 : f64
  affine.store %8, %arg3[%arg5, %arg6] : memref<?x30xf64>
}

=== AffineParallelFission ===
Processing affine.parallel:
affine.parallel (%arg6) = (%arg5 + 1) to (symbol(%0)) {
  affine.store %cst, %arg3[%arg5, %arg6] : memref<?x30xf64>
  affine.parallel (%arg7) = (0) to (symbol(%1)) {
    %4 = affine.load %arg4[%arg7, %arg5] : memref<?x30xf64>
    %5 = affine.load %arg2[%arg7, %arg6] : memref<?x30xf64>
    %6 = arith.mulf %4, %5 : f64
    %7 = affine.load %arg3[%arg5, %arg6] : memref<?x30xf64>
    %8 = arith.addf %7, %6 : f64
    affine.store %8, %arg3[%arg5, %arg6] : memref<?x30xf64>
  }
  affine.parallel (%arg7) = (0) to (symbol(%1)) {
    %4 = affine.load %arg2[%arg7, %arg6] : memref<?x30xf64>
    %5 = affine.load %arg4[%arg7, %arg5] : memref<?x30xf64>
    %6 = affine.load %arg3[%arg5, %arg6] : memref<?x30xf64>
    %7 = arith.mulf %5, %6 : f64
    %8 = arith.subf %4, %7 : f64
    affine.store %8, %arg2[%arg7, %arg6] : memref<?x30xf64>
  }
}

=== AffineParallelFission ===
Processing affine.parallel:
affine.parallel (%arg6) = (0) to (symbol(%1)) {
  %4 = affine.load %arg2[%arg6, %arg5] : memref<?x30xf64>
  %5 = affine.load %arg3[%arg5, %arg5] : memref<?x30xf64>
  %6 = arith.divf %4, %5 : f64
  affine.store %6, %arg4[%arg6, %arg5] : memref<?x30xf64>
}
### Step 1 Complete ###

### Step 2: Applying AffineParallelToFor ###

=== AffineParallelToFor ===
Processing affine.parallel:
affine.parallel (%arg7) = (0) to (symbol(%1)) {
  %4 = affine.load %arg2[%arg7, %arg6] : memref<?x30xf64>
  %5 = affine.load %arg4[%arg7, %arg5] : memref<?x30xf64>
  %6 = affine.load %arg3[%arg5, %arg6] : memref<?x30xf64>
  %7 = arith.mulf %5, %6 : f64
  %8 = arith.subf %4, %7 : f64
  affine.store %8, %arg2[%arg7, %arg6] : memref<?x30xf64>
}
Converting parallel loop with 1 induction variables
=== AffineParallelToFor SUCCESS ===


=== AffineParallelToFor ===
Processing affine.parallel:
affine.parallel (%arg7) = (0) to (symbol(%1)) {
  %4 = affine.load %arg4[%arg7, %arg5] : memref<?x30xf64>
  %5 = affine.load %arg2[%arg7, %arg6] : memref<?x30xf64>
  %6 = arith.mulf %4, %5 : f64
  %7 = affine.load %arg3[%arg5, %arg6] : memref<?x30xf64>
  %8 = arith.addf %7, %6 : f64
  affine.store %8, %arg3[%arg5, %arg6] : memref<?x30xf64>
}
Converting parallel loop with 1 induction variables
=== AffineParallelToFor SUCCESS ===


=== AffineParallelToFor ===
Processing affine.parallel:
affine.parallel (%arg6) = (%arg5 + 1) to (symbol(%0)) {
  affine.store %cst, %arg3[%arg5, %arg6] : memref<?x30xf64>
  affine.for %arg7 = 0 to %1 {
    %4 = affine.load %arg4[%arg7, %arg5] : memref<?x30xf64>
    %5 = affine.load %arg2[%arg7, %arg6] : memref<?x30xf64>
    %6 = arith.mulf %4, %5 : f64
    %7 = affine.load %arg3[%arg5, %arg6] : memref<?x30xf64>
    %8 = arith.addf %7, %6 : f64
    affine.store %8, %arg3[%arg5, %arg6] : memref<?x30xf64>
  }
  affine.for %arg7 = 0 to %1 {
    %4 = affine.load %arg2[%arg7, %arg6] : memref<?x30xf64>
    %5 = affine.load %arg4[%arg7, %arg5] : memref<?x30xf64>
    %6 = affine.load %arg3[%arg5, %arg6] : memref<?x30xf64>
    %7 = arith.mulf %5, %6 : f64
    %8 = arith.subf %4, %7 : f64
    affine.store %8, %arg2[%arg7, %arg6] : memref<?x30xf64>
  }
}
Converting parallel loop with 1 induction variables
=== AffineParallelToFor SUCCESS ===


=== AffineParallelToFor ===
Processing affine.parallel:
affine.parallel (%arg6) = (0) to (symbol(%1)) {
  %4 = affine.load %arg2[%arg6, %arg5] : memref<?x30xf64>
  %5 = affine.load %arg3[%arg5, %arg5] : memref<?x30xf64>
  %6 = arith.divf %4, %5 : f64
  affine.store %6, %arg4[%arg6, %arg5] : memref<?x30xf64>
}
Converting parallel loop with 1 induction variables
=== AffineParallelToFor SUCCESS ===

### Step 2 Complete ###

### Step 3: Applying AffineForOpRaising ###

========================================
=== AffineForOpRaising::matchAndRewrite ===
========================================
Processing loop:
affine.for %arg7 = 0 to %1 {
  %4 = affine.load %arg2[%arg7, %arg6] : memref<?x30xf64>
  %5 = affine.load %arg4[%arg7, %arg5] : memref<?x30xf64>
  %6 = affine.load %arg3[%arg5, %arg6] : memref<?x30xf64>
  %7 = arith.mulf %5, %6 : f64
  %8 = arith.subf %4, %7 : f64
  affine.store %8, %arg2[%arg7, %arg6] : memref<?x30xf64>
}

Pattern recognition complete:
  Loads: 3
  Stores: 1
  LinalgGenerics: 0

Loop bounds:
  lbMap: () -> (0)
  ubMap: ()[s0] -> (s0)

--- Processing Linalg Generics ---

--- Processing Loads ---
Processing load: %7 = affine.load %arg2[%arg7, %arg6] : memref<?x30xf64>
Processing load: %8 = affine.load %arg4[%arg7, %arg5] : memref<?x30xf64>

=== remap_in_affine_dim ===
  oldmap: (d0, d1) -> (d0, d1)
  firstNDims: 0
  check_reduction (input): 0
  lower_bound_val: 0
  dimidx: 0
  check_reduction (output): 0
  new map (map2): (d0)[s0] -> (d0, s0)
  validDims: 1, validSims: 1
  Created SubmapOp with type: memref<?xf64>
=== remap_in_affine_dim END ===

Processing load: %10 = affine.load %arg3[%arg5, %arg6] : memref<?x30xf64>

=== remap_in_affine_dim ===
  oldmap: (d0, d1) -> (d0, d1)
  firstNDims: 0
  check_reduction (input): 0
  lower_bound_val: 0
  dimidx: -1
  check_reduction (output): 0
  new map (map2): (d0)[s0, s1] -> (s0, s1)
  validDims: 0, validSims: 2
  Created SubmapOp with type: memref<?xf64>
=== remap_in_affine_dim END ===


--- Processing Stores ---
Processing store: affine.store %13, %arg2[%arg7, %arg6] : memref<?x30xf64>

=== remap_in_affine_dim ===
  oldmap: (d0, d1) -> (d0, d1)
  firstNDims: 0
  check_reduction (input): 1
  lower_bound_val: 0
  dimidx: 0
  check_reduction (output): 0
  new map (map2): (d0)[s0] -> (d0, s0)
  validDims: 1, validSims: 1
  Created SubmapOp with type: memref<?xf64>
=== remap_in_affine_dim END ===


--- Creating linalg.generic ---
Iterator type for this loop: parallel
Total iterator types: 1
Total inputs: 2
Total outputs: 1

=== AffineForOpRaising SUCCESS ===
========================================


========================================
=== AffineForOpRaising::matchAndRewrite ===
========================================
Processing loop:
affine.for %arg7 = 0 to %1 {
  %7 = affine.load %arg4[%arg7, %arg5] : memref<?x30xf64>
  %8 = affine.load %arg2[%arg7, %arg6] : memref<?x30xf64>
  %9 = arith.mulf %7, %8 : f64
  %10 = affine.load %arg3[%arg5, %arg6] : memref<?x30xf64>
  %11 = arith.addf %10, %9 : f64
  affine.store %11, %arg3[%arg5, %arg6] : memref<?x30xf64>
}

Pattern recognition complete:
  Loads: 3
  Stores: 1
  LinalgGenerics: 0

Loop bounds:
  lbMap: () -> (0)
  ubMap: ()[s0] -> (s0)

--- Processing Linalg Generics ---

--- Processing Loads ---
Processing load: %10 = affine.load %arg4[%arg7, %arg5] : memref<?x30xf64>

=== remap_in_affine_dim ===
  oldmap: (d0, d1) -> (d0, d1)
  firstNDims: 0
  check_reduction (input): 0
  lower_bound_val: 0
  dimidx: 0
  check_reduction (output): 0
  new map (map2): (d0)[s0] -> (d0, s0)
  validDims: 1, validSims: 1
  Created SubmapOp with type: memref<?xf64>
=== remap_in_affine_dim END ===

Processing load: %12 = affine.load %arg2[%arg7, %arg6] : memref<?x30xf64>

=== remap_in_affine_dim ===
  oldmap: (d0, d1) -> (d0, d1)
  firstNDims: 0
  check_reduction (input): 0
  lower_bound_val: 0
  dimidx: 0
  check_reduction (output): 0
  new map (map2): (d0)[s0] -> (d0, s0)
  validDims: 1, validSims: 1
  Created SubmapOp with type: memref<?xf64>
=== remap_in_affine_dim END ===

Processing load: %15 = affine.load %arg3[%arg5, %arg6] : memref<?x30xf64>

--- Processing Stores ---
Processing store: affine.store %16, %arg3[%arg5, %arg6] : memref<?x30xf64>

=== remap_in_affine_dim ===
  oldmap: (d0, d1) -> (d0, d1)
  firstNDims: 0
  check_reduction (input): 1
  lower_bound_val: 0
  dimidx: -1
  check_reduction (output): 1
  new map (map2): (d0)[s0, s1] -> (s0, s1)
  validDims: 0, validSims: 2
  Created SubmapOp with type: memref<?xf64>
=== remap_in_affine_dim END ===


--- Creating linalg.generic ---
Iterator type for this loop: reduction
Total iterator types: 1
Total inputs: 2
Total outputs: 1

=== AffineForOpRaising SUCCESS ===
========================================


========================================
=== AffineForOpRaising::matchAndRewrite ===
========================================
Processing loop:
affine.for %arg6 = affine_map<(d0) -> (d0 + 1)>(%arg5) to %0 {
  affine.store %cst, %arg3[%arg5, %arg6] : memref<?x30xf64>
  %4 = polygeist.submap(%arg4, %arg5, %1) {map = affine_map<(d0)[s0] -> (d0, s0)>} : (memref<?x30xf64>, index, index) -> memref<?xf64>
  %5 = polygeist.submap(%arg2, %arg6, %1) {map = affine_map<(d0)[s0] -> (d0, s0)>} : (memref<?x30xf64>, index, index) -> memref<?xf64>
  %6 = polygeist.submap(%arg3, %arg5, %arg6, %1) {map = affine_map<(d0)[s0, s1] -> (s0, s1)>} : (memref<?x30xf64>, index, index, index) -> memref<?xf64>
  linalg.generic {indexing_maps = [affine_map<(d0) -> (d0)>, affine_map<(d0) -> (d0)>, affine_map<(d0) -> (d0)>], iterator_types = ["reduction"]} ins(%4, %5 : memref<?xf64>, memref<?xf64>) outs(%6 : memref<?xf64>) {
  ^bb0(%in: f64, %in_0: f64, %out: f64):
    %10 = arith.mulf %in, %in_0 : f64
    %11 = arith.addf %out, %10 : f64
    linalg.yield %11 : f64
  }
  %7 = polygeist.submap(%arg4, %arg5, %1) {map = affine_map<(d0)[s0] -> (d0, s0)>} : (memref<?x30xf64>, index, index) -> memref<?xf64>
  %8 = polygeist.submap(%arg3, %arg5, %arg6, %1) {map = affine_map<(d0)[s0, s1] -> (s0, s1)>} : (memref<?x30xf64>, index, index, index) -> memref<?xf64>
  %9 = polygeist.submap(%arg2, %arg6, %1) {map = affine_map<(d0)[s0] -> (d0, s0)>} : (memref<?x30xf64>, index, index) -> memref<?xf64>
  linalg.generic {indexing_maps = [affine_map<(d0) -> (d0)>, affine_map<(d0) -> (d0)>, affine_map<(d0) -> (d0)>], iterator_types = ["parallel"]} ins(%7, %8 : memref<?xf64>, memref<?xf64>) outs(%9 : memref<?xf64>) {
  ^bb0(%in: f64, %in_0: f64, %out: f64):
    %10 = arith.mulf %in, %in_0 : f64
    %11 = arith.subf %out, %10 : f64
    linalg.yield %11 : f64
  }
}

Pattern recognition complete:
  Loads: 0
  Stores: 1
  LinalgGenerics: 2

REJECTED: Loop doesn't have constant lower bound


========================================
=== AffineForOpRaising::matchAndRewrite ===
========================================
Processing loop:
affine.for %arg6 = 0 to %1 {
  %4 = affine.load %arg2[%arg6, %arg5] : memref<?x30xf64>
  %5 = affine.load %arg3[%arg5, %arg5] : memref<?x30xf64>
  %6 = arith.divf %4, %5 : f64
  affine.store %6, %arg4[%arg6, %arg5] : memref<?x30xf64>
}

Pattern recognition complete:
  Loads: 2
  Stores: 1
  LinalgGenerics: 0

Loop bounds:
  lbMap: () -> (0)
  ubMap: ()[s0] -> (s0)

--- Processing Linalg Generics ---

--- Processing Loads ---
Processing load: %7 = affine.load %arg2[%arg6, %arg5] : memref<?x30xf64>

=== remap_in_affine_dim ===
  oldmap: (d0, d1) -> (d0, d1)
  firstNDims: 0
  check_reduction (input): 0
  lower_bound_val: 0
  dimidx: 0
  check_reduction (output): 0
  new map (map2): (d0)[s0] -> (d0, s0)
  validDims: 1, validSims: 1
  Created SubmapOp with type: memref<?xf64>
=== remap_in_affine_dim END ===

Processing load: %9 = affine.load %arg3[%arg5, %arg5] : memref<?x30xf64>

=== remap_in_affine_dim ===
  oldmap: (d0) -> (d0, d0)
  firstNDims: 0
  check_reduction (input): 0
  lower_bound_val: 0
  dimidx: -1
  check_reduction (output): 0
  new map (map2): (d0)[s0] -> (s0, s0)
  validDims: 0, validSims: 1
  Created SubmapOp with type: memref<?xf64>
=== remap_in_affine_dim END ===


--- Processing Stores ---
Processing store: affine.store %11, %arg4[%arg6, %arg5] : memref<?x30xf64>

=== remap_in_affine_dim ===
  oldmap: (d0, d1) -> (d0, d1)
  firstNDims: 0
  check_reduction (input): 1
  lower_bound_val: 0
  dimidx: 0
  check_reduction (output): 0
  new map (map2): (d0)[s0] -> (d0, s0)
  validDims: 1, validSims: 1
  Created SubmapOp with type: memref<?xf64>
=== remap_in_affine_dim END ===


--- Creating linalg.generic ---
Iterator type for this loop: parallel
Total iterator types: 1
Total inputs: 2
Total outputs: 1

=== AffineForOpRaising SUCCESS ===
========================================


========================================
=== AffineForOpRaising::matchAndRewrite ===
========================================
Processing loop:
affine.for %arg6 = 0 to %1 {
  %7 = affine.load %alloca[] : memref<f64>
  %8 = affine.load %arg2[%arg6, %arg5] : memref<?x30xf64>
  %9 = arith.mulf %8, %8 : f64
  %10 = arith.addf %7, %9 : f64
  affine.store %10, %alloca[] : memref<f64>
}

Pattern recognition complete:
  Loads: 2
  Stores: 1
  LinalgGenerics: 0

Loop bounds:
  lbMap: () -> (0)
  ubMap: ()[s0] -> (s0)

--- Processing Linalg Generics ---

--- Processing Loads ---
Processing load: %10 = affine.load %alloca[] : memref<f64>
Processing load: %11 = affine.load %arg2[%arg6, %arg5] : memref<?x30xf64>

=== remap_in_affine_dim ===
  oldmap: (d0, d1) -> (d0, d1)
  firstNDims: 0
  check_reduction (input): 0
  lower_bound_val: 0
  dimidx: 0
  check_reduction (output): 0
  new map (map2): (d0)[s0] -> (d0, s0)
  validDims: 1, validSims: 1
  Created SubmapOp with type: memref<?xf64>
=== remap_in_affine_dim END ===


--- Processing Stores ---
Processing store: affine.store %14, %alloca[] : memref<f64>

=== remap_in_affine_dim ===
  oldmap: () -> ()
  firstNDims: 0
  check_reduction (input): 1
  lower_bound_val: 0
  dimidx: -1
  check_reduction (output): 1
  new map (map2): (d0) -> ()
  validDims: 0, validSims: 0
  Created SubmapOp with type: memref<?xf64>
=== remap_in_affine_dim END ===


--- Creating linalg.generic ---
Iterator type for this loop: reduction
Total iterator types: 1
Total inputs: 1
Total outputs: 1

=== AffineForOpRaising SUCCESS ===
========================================


========================================
=== AffineForOpRaising::matchAndRewrite ===
========================================
Processing loop:
affine.for %arg5 = 0 to %0 {
  %alloca = memref.alloca() : memref<f64>
  affine.store %cst, %alloca[] : memref<f64>
  %2 = polygeist.submap(%arg2, %arg5, %1) {map = affine_map<(d0)[s0] -> (d0, s0)>} : (memref<?x30xf64>, index, index) -> memref<?xf64>
  %3 = polygeist.submap(%alloca, %1) {map = affine_map<(d0) -> ()>} : (memref<f64>, index) -> memref<?xf64>
  linalg.generic {indexing_maps = [affine_map<(d0) -> (d0)>, affine_map<(d0) -> (d0)>], iterator_types = ["reduction"]} ins(%2 : memref<?xf64>) outs(%3 : memref<?xf64>) {
  ^bb0(%in: f64, %out: f64):
    %9 = arith.mulf %in, %in : f64
    %10 = arith.addf %out, %9 : f64
    linalg.yield %10 : f64
  }
  %4 = affine.load %alloca[] : memref<f64>
  %5 = math.sqrt %4 : f64
  affine.store %5, %arg3[%arg5, %arg5] : memref<?x30xf64>
  %6 = polygeist.submap(%arg2, %arg5, %1) {map = affine_map<(d0)[s0] -> (d0, s0)>} : (memref<?x30xf64>, index, index) -> memref<?xf64>
  %7 = polygeist.submap(%arg3, %arg5, %1) {map = affine_map<(d0)[s0] -> (s0, s0)>} : (memref<?x30xf64>, index, index) -> memref<?xf64>
  %8 = polygeist.submap(%arg4, %arg5, %1) {map = affine_map<(d0)[s0] -> (d0, s0)>} : (memref<?x30xf64>, index, index) -> memref<?xf64>
  linalg.generic {indexing_maps = [affine_map<(d0) -> (d0)>, affine_map<(d0) -> (d0)>, affine_map<(d0) -> (d0)>], iterator_types = ["parallel"]} ins(%6, %7 : memref<?xf64>, memref<?xf64>) outs(%8 : memref<?xf64>) {
  ^bb0(%in: f64, %in_0: f64, %out: f64):
    %9 = arith.divf %in, %in_0 : f64
    linalg.yield %9 : f64
  }
  affine.for %arg6 = affine_map<(d0) -> (d0 + 1)>(%arg5) to %0 {
    affine.store %cst, %arg3[%arg5, %arg6] : memref<?x30xf64>
    %9 = polygeist.submap(%arg4, %arg5, %1) {map = affine_map<(d0)[s0] -> (d0, s0)>} : (memref<?x30xf64>, index, index) -> memref<?xf64>
    %10 = polygeist.submap(%arg2, %arg6, %1) {map = affine_map<(d0)[s0] -> (d0, s0)>} : (memref<?x30xf64>, index, index) -> memref<?xf64>
    %11 = polygeist.submap(%arg3, %arg5, %arg6, %1) {map = affine_map<(d0)[s0, s1] -> (s0, s1)>} : (memref<?x30xf64>, index, index, index) -> memref<?xf64>
    linalg.generic {indexing_maps = [affine_map<(d0) -> (d0)>, affine_map<(d0) -> (d0)>, affine_map<(d0) -> (d0)>], iterator_types = ["reduction"]} ins(%9, %10 : memref<?xf64>, memref<?xf64>) outs(%11 : memref<?xf64>) {
    ^bb0(%in: f64, %in_0: f64, %out: f64):
      %15 = arith.mulf %in, %in_0 : f64
      %16 = arith.addf %out, %15 : f64
      linalg.yield %16 : f64
    }
    %12 = polygeist.submap(%arg4, %arg5, %1) {map = affine_map<(d0)[s0] -> (d0, s0)>} : (memref<?x30xf64>, index, index) -> memref<?xf64>
    %13 = polygeist.submap(%arg3, %arg5, %arg6, %1) {map = affine_map<(d0)[s0, s1] -> (s0, s1)>} : (memref<?x30xf64>, index, index, index) -> memref<?xf64>
    %14 = polygeist.submap(%arg2, %arg6, %1) {map = affine_map<(d0)[s0] -> (d0, s0)>} : (memref<?x30xf64>, index, index) -> memref<?xf64>
    linalg.generic {indexing_maps = [affine_map<(d0) -> (d0)>, affine_map<(d0) -> (d0)>, affine_map<(d0) -> (d0)>], iterator_types = ["parallel"]} ins(%12, %13 : memref<?xf64>, memref<?xf64>) outs(%14 : memref<?xf64>) {
    ^bb0(%in: f64, %in_0: f64, %out: f64):
      %15 = arith.mulf %in, %in_0 : f64
      %16 = arith.subf %out, %15 : f64
      linalg.yield %16 : f64
    }
  }
}

REJECTED: Walk was interrupted (invalid operations found)


========================================
=== AffineForOpRaising::matchAndRewrite ===
========================================
Processing loop:
affine.for %arg6 = affine_map<(d0) -> (d0 + 1)>(%arg5) to %0 {
  affine.store %cst, %arg3[%arg5, %arg6] : memref<?x30xf64>
  %9 = polygeist.submap(%arg4, %arg5, %1) {map = affine_map<(d0)[s0] -> (d0, s0)>} : (memref<?x30xf64>, index, index) -> memref<?xf64>
  %10 = polygeist.submap(%arg2, %arg6, %1) {map = affine_map<(d0)[s0] -> (d0, s0)>} : (memref<?x30xf64>, index, index) -> memref<?xf64>
  %11 = polygeist.submap(%arg3, %arg5, %arg6, %1) {map = affine_map<(d0)[s0, s1] -> (s0, s1)>} : (memref<?x30xf64>, index, index, index) -> memref<?xf64>
  linalg.generic {indexing_maps = [affine_map<(d0) -> (d0)>, affine_map<(d0) -> (d0)>, affine_map<(d0) -> (d0)>], iterator_types = ["reduction"]} ins(%9, %10 : memref<?xf64>, memref<?xf64>) outs(%11 : memref<?xf64>) {
  ^bb0(%in: f64, %in_0: f64, %out: f64):
    %15 = arith.mulf %in, %in_0 : f64
    %16 = arith.addf %out, %15 : f64
    linalg.yield %16 : f64
  }
  %12 = polygeist.submap(%arg4, %arg5, %1) {map = affine_map<(d0)[s0] -> (d0, s0)>} : (memref<?x30xf64>, index, index) -> memref<?xf64>
  %13 = polygeist.submap(%arg3, %arg5, %arg6, %1) {map = affine_map<(d0)[s0, s1] -> (s0, s1)>} : (memref<?x30xf64>, index, index, index) -> memref<?xf64>
  %14 = polygeist.submap(%arg2, %arg6, %1) {map = affine_map<(d0)[s0] -> (d0, s0)>} : (memref<?x30xf64>, index, index) -> memref<?xf64>
  linalg.generic {indexing_maps = [affine_map<(d0) -> (d0)>, affine_map<(d0) -> (d0)>, affine_map<(d0) -> (d0)>], iterator_types = ["parallel"]} ins(%12, %13 : memref<?xf64>, memref<?xf64>) outs(%14 : memref<?xf64>) {
  ^bb0(%in: f64, %in_0: f64, %out: f64):
    %15 = arith.mulf %in, %in_0 : f64
    %16 = arith.subf %out, %15 : f64
    linalg.yield %16 : f64
  }
}

Pattern recognition complete:
  Loads: 0
  Stores: 1
  LinalgGenerics: 2

REJECTED: Loop doesn't have constant lower bound


========================================
=== AffineForOpRaising::matchAndRewrite ===
========================================
Processing loop:
affine.for %arg5 = 0 to %0 {
  %alloca = memref.alloca() : memref<f64>
  affine.store %cst, %alloca[] : memref<f64>
  %2 = polygeist.submap(%arg2, %arg5, %1) {map = affine_map<(d0)[s0] -> (d0, s0)>} : (memref<?x30xf64>, index, index) -> memref<?xf64>
  %3 = polygeist.submap(%alloca, %1) {map = affine_map<(d0) -> ()>} : (memref<f64>, index) -> memref<?xf64>
  linalg.generic {indexing_maps = [affine_map<(d0) -> (d0)>, affine_map<(d0) -> (d0)>], iterator_types = ["reduction"]} ins(%2 : memref<?xf64>) outs(%3 : memref<?xf64>) {
  ^bb0(%in: f64, %out: f64):
    %9 = arith.mulf %in, %in : f64
    %10 = arith.addf %out, %9 : f64
    linalg.yield %10 : f64
  }
  %4 = affine.load %alloca[] : memref<f64>
  %5 = math.sqrt %4 : f64
  affine.store %5, %arg3[%arg5, %arg5] : memref<?x30xf64>
  %6 = polygeist.submap(%arg2, %arg5, %1) {map = affine_map<(d0)[s0] -> (d0, s0)>} : (memref<?x30xf64>, index, index) -> memref<?xf64>
  %7 = polygeist.submap(%arg3, %arg5, %1) {map = affine_map<(d0)[s0] -> (s0, s0)>} : (memref<?x30xf64>, index, index) -> memref<?xf64>
  %8 = polygeist.submap(%arg4, %arg5, %1) {map = affine_map<(d0)[s0] -> (d0, s0)>} : (memref<?x30xf64>, index, index) -> memref<?xf64>
  linalg.generic {indexing_maps = [affine_map<(d0) -> (d0)>, affine_map<(d0) -> (d0)>, affine_map<(d0) -> (d0)>], iterator_types = ["parallel"]} ins(%6, %7 : memref<?xf64>, memref<?xf64>) outs(%8 : memref<?xf64>) {
  ^bb0(%in: f64, %in_0: f64, %out: f64):
    %9 = arith.divf %in, %in_0 : f64
    linalg.yield %9 : f64
  }
  affine.for %arg6 = affine_map<(d0) -> (d0 + 1)>(%arg5) to %0 {
    affine.store %cst, %arg3[%arg5, %arg6] : memref<?x30xf64>
    %9 = polygeist.submap(%arg4, %arg5, %1) {map = affine_map<(d0)[s0] -> (d0, s0)>} : (memref<?x30xf64>, index, index) -> memref<?xf64>
    %10 = polygeist.submap(%arg2, %arg6, %1) {map = affine_map<(d0)[s0] -> (d0, s0)>} : (memref<?x30xf64>, index, index) -> memref<?xf64>
    %11 = polygeist.submap(%arg3, %arg5, %arg6, %1) {map = affine_map<(d0)[s0, s1] -> (s0, s1)>} : (memref<?x30xf64>, index, index, index) -> memref<?xf64>
    linalg.generic {indexing_maps = [affine_map<(d0) -> (d0)>, affine_map<(d0) -> (d0)>, affine_map<(d0) -> (d0)>], iterator_types = ["reduction"]} ins(%9, %10 : memref<?xf64>, memref<?xf64>) outs(%11 : memref<?xf64>) {
    ^bb0(%in: f64, %in_0: f64, %out: f64):
      %15 = arith.mulf %in, %in_0 : f64
      %16 = arith.addf %out, %15 : f64
      linalg.yield %16 : f64
    }
    %12 = polygeist.submap(%arg4, %arg5, %1) {map = affine_map<(d0)[s0] -> (d0, s0)>} : (memref<?x30xf64>, index, index) -> memref<?xf64>
    %13 = polygeist.submap(%arg3, %arg5, %arg6, %1) {map = affine_map<(d0)[s0, s1] -> (s0, s1)>} : (memref<?x30xf64>, index, index, index) -> memref<?xf64>
    %14 = polygeist.submap(%arg2, %arg6, %1) {map = affine_map<(d0)[s0] -> (d0, s0)>} : (memref<?x30xf64>, index, index) -> memref<?xf64>
    linalg.generic {indexing_maps = [affine_map<(d0) -> (d0)>, affine_map<(d0) -> (d0)>, affine_map<(d0) -> (d0)>], iterator_types = ["parallel"]} ins(%12, %13 : memref<?xf64>, memref<?xf64>) outs(%14 : memref<?xf64>) {
    ^bb0(%in: f64, %in_0: f64, %out: f64):
      %15 = arith.mulf %in, %in_0 : f64
      %16 = arith.subf %out, %15 : f64
      linalg.yield %16 : f64
    }
  }
}

REJECTED: Walk was interrupted (invalid operations found)

### Step 3 Complete ###

****************************************
*** RaiseAffineToLinalg END ***
****************************************


****************************************
*** RaiseAffineToLinalgPipeline END ***
****************************************

