
****************************************
*** RaiseAffineToLinalgPipeline START ***
****************************************

Running pipeline...

****************************************
*** RaiseAffineToLinalg START ***
****************************************

### Step 1: Applying AffineParallelFission ###

=== AffineParallelFission ===
Processing affine.parallel:
affine.parallel (%arg5) = (1) to (symbol(%0) - 1) {
  %2 = affine.load %arg3[%arg5 - 1] : memref<?xf64>
  %3 = affine.load %arg3[%arg5] : memref<?xf64>
  %4 = arith.addf %2, %3 : f64
  %5 = affine.load %arg3[%arg5 + 1] : memref<?xf64>
  %6 = arith.addf %4, %5 : f64
  %7 = arith.mulf %6, %cst : f64
  affine.store %7, %arg2[%arg5] : memref<?xf64>
}

=== AffineParallelFission ===
Processing affine.parallel:
affine.parallel (%arg5) = (1) to (symbol(%0) - 1) {
  %2 = affine.load %arg2[%arg5 - 1] : memref<?xf64>
  %3 = affine.load %arg2[%arg5] : memref<?xf64>
  %4 = arith.addf %2, %3 : f64
  %5 = affine.load %arg2[%arg5 + 1] : memref<?xf64>
  %6 = arith.addf %4, %5 : f64
  %7 = arith.mulf %6, %cst : f64
  affine.store %7, %arg3[%arg5] : memref<?xf64>
}
### Step 1 Complete ###

### Step 2: Applying AffineParallelToFor ###

=== AffineParallelToFor ===
Processing affine.parallel:
affine.parallel (%arg5) = (1) to (symbol(%0) - 1) {
  %2 = affine.load %arg3[%arg5 - 1] : memref<?xf64>
  %3 = affine.load %arg3[%arg5] : memref<?xf64>
  %4 = arith.addf %2, %3 : f64
  %5 = affine.load %arg3[%arg5 + 1] : memref<?xf64>
  %6 = arith.addf %4, %5 : f64
  %7 = arith.mulf %6, %cst : f64
  affine.store %7, %arg2[%arg5] : memref<?xf64>
}
Converting parallel loop with 1 induction variables
=== AffineParallelToFor SUCCESS ===


=== AffineParallelToFor ===
Processing affine.parallel:
affine.parallel (%arg5) = (1) to (symbol(%0) - 1) {
  %2 = affine.load %arg2[%arg5 - 1] : memref<?xf64>
  %3 = affine.load %arg2[%arg5] : memref<?xf64>
  %4 = arith.addf %2, %3 : f64
  %5 = affine.load %arg2[%arg5 + 1] : memref<?xf64>
  %6 = arith.addf %4, %5 : f64
  %7 = arith.mulf %6, %cst : f64
  affine.store %7, %arg3[%arg5] : memref<?xf64>
}
Converting parallel loop with 1 induction variables
=== AffineParallelToFor SUCCESS ===

### Step 2 Complete ###

### Step 3: Applying AffineForOpRaising ###

========================================
=== AffineForOpRaising::matchAndRewrite ===
========================================
Processing loop:
affine.for %arg5 = 1 to affine_map<()[s0] -> (s0 - 1)>()[%0] {
  %2 = affine.load %arg3[%arg5 - 1] : memref<?xf64>
  %3 = affine.load %arg3[%arg5] : memref<?xf64>
  %4 = arith.addf %2, %3 : f64
  %5 = affine.load %arg3[%arg5 + 1] : memref<?xf64>
  %6 = arith.addf %4, %5 : f64
  %7 = arith.mulf %6, %cst : f64
  affine.store %7, %arg2[%arg5] : memref<?xf64>
}

Pattern recognition complete:
  Loads: 3
  Stores: 1
  LinalgGenerics: 0

Loop bounds:
  lbMap: () -> (1)
  ubMap: ()[s0] -> (s0 - 1)

--- Processing Linalg Generics ---

--- Processing Loads ---
Processing load: %5 = affine.load %arg3[%arg5 - 1] : memref<?xf64>

=== remap_in_affine_dim ===
  oldmap: (d0) -> (d0 - 1)
  firstNDims: 0
  check_reduction (input): 0
  lower_bound_val: 1
  dimidx: 0
  check_reduction (output): 0
  new map (map2): (d0) -> (d0)
  validDims: 1, validSims: 0
  Created SubmapOp with type: memref<?xf64>
=== remap_in_affine_dim END ===

Processing load: %7 = affine.load %arg3[%arg5] : memref<?xf64>

=== remap_in_affine_dim ===
  oldmap: (d0) -> (d0)
  firstNDims: 0
  check_reduction (input): 0
  lower_bound_val: 1
  dimidx: 0
  check_reduction (output): 0
  new map (map2): (d0) -> (d0 + 1)
  validDims: 1, validSims: 0
  Created SubmapOp with type: memref<?xf64>
=== remap_in_affine_dim END ===

Processing load: %10 = affine.load %arg3[%arg5 + 1] : memref<?xf64>

=== remap_in_affine_dim ===
  oldmap: (d0) -> (d0 + 1)
  firstNDims: 0
  check_reduction (input): 0
  lower_bound_val: 1
  dimidx: 0
  check_reduction (output): 0
  new map (map2): (d0) -> (d0 + 2)
  validDims: 1, validSims: 0
  Created SubmapOp with type: memref<?xf64>
=== remap_in_affine_dim END ===


--- Processing Stores ---
Processing store: affine.store %13, %arg2[%arg5] : memref<?xf64>

=== remap_in_affine_dim ===
  oldmap: (d0) -> (d0)
  firstNDims: 0
  check_reduction (input): 1
  lower_bound_val: 1
  dimidx: 0
  check_reduction (output): 0
  new map (map2): (d0) -> (d0 + 1)
  validDims: 1, validSims: 0
  Created SubmapOp with type: memref<?xf64>
=== remap_in_affine_dim END ===


--- Creating linalg.generic ---
Iterator type for this loop: parallel
Total iterator types: 1
Total inputs: 3
Total outputs: 1

=== AffineForOpRaising SUCCESS ===
========================================


========================================
=== AffineForOpRaising::matchAndRewrite ===
========================================
Processing loop:
affine.for %arg4 = 0 to %1 {
  affine.for %arg5 = 1 to affine_map<()[s0] -> (s0 - 1)>()[%0] {
    %8 = affine.load %arg2[%arg5 - 1] : memref<?xf64>
    %9 = affine.load %arg2[%arg5] : memref<?xf64>
    %10 = arith.addf %8, %9 : f64
    %11 = affine.load %arg2[%arg5 + 1] : memref<?xf64>
    %12 = arith.addf %10, %11 : f64
    %13 = arith.mulf %12, %cst : f64
    affine.store %13, %arg3[%arg5] : memref<?xf64>
  }
  %2 = affine.apply affine_map<()[s0] -> (s0 - 1)>()[%0]
  %3 = arith.subi %2, %c1 : index
  %4 = polygeist.submap(%arg3, %3) {map = affine_map<(d0) -> (d0)>} : (memref<?xf64>, index) -> memref<?xf64>
  %5 = polygeist.submap(%arg3, %3) {map = affine_map<(d0) -> (d0 + 1)>} : (memref<?xf64>, index) -> memref<?xf64>
  %6 = polygeist.submap(%arg3, %3) {map = affine_map<(d0) -> (d0 + 2)>} : (memref<?xf64>, index) -> memref<?xf64>
  %7 = polygeist.submap(%arg2, %3) {map = affine_map<(d0) -> (d0 + 1)>} : (memref<?xf64>, index) -> memref<?xf64>
  linalg.generic {indexing_maps = [affine_map<(d0) -> (d0)>, affine_map<(d0) -> (d0)>, affine_map<(d0) -> (d0)>, affine_map<(d0) -> (d0)>], iterator_types = ["parallel"]} ins(%4, %5, %6 : memref<?xf64>, memref<?xf64>, memref<?xf64>) outs(%7 : memref<?xf64>) {
  ^bb0(%in: f64, %in_0: f64, %in_1: f64, %out: f64):
    %8 = arith.addf %in, %in_0 : f64
    %9 = arith.addf %8, %in_1 : f64
    %10 = arith.mulf %9, %cst : f64
    linalg.yield %10 : f64
  }
}

REJECTED: Walk was interrupted (invalid operations found)


========================================
=== AffineForOpRaising::matchAndRewrite ===
========================================
Processing loop:
affine.for %arg5 = 1 to affine_map<()[s0] -> (s0 - 1)>()[%0] {
  %8 = affine.load %arg2[%arg5 - 1] : memref<?xf64>
  %9 = affine.load %arg2[%arg5] : memref<?xf64>
  %10 = arith.addf %8, %9 : f64
  %11 = affine.load %arg2[%arg5 + 1] : memref<?xf64>
  %12 = arith.addf %10, %11 : f64
  %13 = arith.mulf %12, %cst : f64
  affine.store %13, %arg3[%arg5] : memref<?xf64>
}

Pattern recognition complete:
  Loads: 3
  Stores: 1
  LinalgGenerics: 0

Loop bounds:
  lbMap: () -> (1)
  ubMap: ()[s0] -> (s0 - 1)

--- Processing Linalg Generics ---

--- Processing Loads ---
Processing load: %11 = affine.load %arg2[%arg5 - 1] : memref<?xf64>

=== remap_in_affine_dim ===
  oldmap: (d0) -> (d0 - 1)
  firstNDims: 0
  check_reduction (input): 0
  lower_bound_val: 1
  dimidx: 0
  check_reduction (output): 0
  new map (map2): (d0) -> (d0)
  validDims: 1, validSims: 0
  Created SubmapOp with type: memref<?xf64>
=== remap_in_affine_dim END ===

Processing load: %13 = affine.load %arg2[%arg5] : memref<?xf64>

=== remap_in_affine_dim ===
  oldmap: (d0) -> (d0)
  firstNDims: 0
  check_reduction (input): 0
  lower_bound_val: 1
  dimidx: 0
  check_reduction (output): 0
  new map (map2): (d0) -> (d0 + 1)
  validDims: 1, validSims: 0
  Created SubmapOp with type: memref<?xf64>
=== remap_in_affine_dim END ===

Processing load: %16 = affine.load %arg2[%arg5 + 1] : memref<?xf64>

=== remap_in_affine_dim ===
  oldmap: (d0) -> (d0 + 1)
  firstNDims: 0
  check_reduction (input): 0
  lower_bound_val: 1
  dimidx: 0
  check_reduction (output): 0
  new map (map2): (d0) -> (d0 + 2)
  validDims: 1, validSims: 0
  Created SubmapOp with type: memref<?xf64>
=== remap_in_affine_dim END ===


--- Processing Stores ---
Processing store: affine.store %19, %arg3[%arg5] : memref<?xf64>

=== remap_in_affine_dim ===
  oldmap: (d0) -> (d0)
  firstNDims: 0
  check_reduction (input): 1
  lower_bound_val: 1
  dimidx: 0
  check_reduction (output): 0
  new map (map2): (d0) -> (d0 + 1)
  validDims: 1, validSims: 0
  Created SubmapOp with type: memref<?xf64>
=== remap_in_affine_dim END ===


--- Creating linalg.generic ---
Iterator type for this loop: parallel
Total iterator types: 1
Total inputs: 3
Total outputs: 1

=== AffineForOpRaising SUCCESS ===
========================================


========================================
=== AffineForOpRaising::matchAndRewrite ===
========================================
Processing loop:
affine.for %arg4 = 0 to %1 {
  %2 = affine.apply affine_map<()[s0] -> (s0 - 1)>()[%0]
  %3 = arith.subi %2, %c1 : index
  %4 = polygeist.submap(%arg2, %3) {map = affine_map<(d0) -> (d0)>} : (memref<?xf64>, index) -> memref<?xf64>
  %5 = polygeist.submap(%arg2, %3) {map = affine_map<(d0) -> (d0 + 1)>} : (memref<?xf64>, index) -> memref<?xf64>
  %6 = polygeist.submap(%arg2, %3) {map = affine_map<(d0) -> (d0 + 2)>} : (memref<?xf64>, index) -> memref<?xf64>
  %7 = polygeist.submap(%arg3, %3) {map = affine_map<(d0) -> (d0 + 1)>} : (memref<?xf64>, index) -> memref<?xf64>
  linalg.generic {indexing_maps = [affine_map<(d0) -> (d0)>, affine_map<(d0) -> (d0)>, affine_map<(d0) -> (d0)>, affine_map<(d0) -> (d0)>], iterator_types = ["parallel"]} ins(%4, %5, %6 : memref<?xf64>, memref<?xf64>, memref<?xf64>) outs(%7 : memref<?xf64>) {
  ^bb0(%in: f64, %in_0: f64, %in_1: f64, %out: f64):
    %14 = arith.addf %in, %in_0 : f64
    %15 = arith.addf %14, %in_1 : f64
    %16 = arith.mulf %15, %cst : f64
    linalg.yield %16 : f64
  }
  %8 = affine.apply affine_map<()[s0] -> (s0 - 1)>()[%0]
  %9 = arith.subi %8, %c1 : index
  %10 = polygeist.submap(%arg3, %9) {map = affine_map<(d0) -> (d0)>} : (memref<?xf64>, index) -> memref<?xf64>
  %11 = polygeist.submap(%arg3, %9) {map = affine_map<(d0) -> (d0 + 1)>} : (memref<?xf64>, index) -> memref<?xf64>
  %12 = polygeist.submap(%arg3, %9) {map = affine_map<(d0) -> (d0 + 2)>} : (memref<?xf64>, index) -> memref<?xf64>
  %13 = polygeist.submap(%arg2, %9) {map = affine_map<(d0) -> (d0 + 1)>} : (memref<?xf64>, index) -> memref<?xf64>
  linalg.generic {indexing_maps = [affine_map<(d0) -> (d0)>, affine_map<(d0) -> (d0)>, affine_map<(d0) -> (d0)>, affine_map<(d0) -> (d0)>], iterator_types = ["parallel"]} ins(%10, %11, %12 : memref<?xf64>, memref<?xf64>, memref<?xf64>) outs(%13 : memref<?xf64>) {
  ^bb0(%in: f64, %in_0: f64, %in_1: f64, %out: f64):
    %14 = arith.addf %in, %in_0 : f64
    %15 = arith.addf %14, %in_1 : f64
    %16 = arith.mulf %15, %cst : f64
    linalg.yield %16 : f64
  }
}

Pattern recognition complete:
  Loads: 0
  Stores: 0
  LinalgGenerics: 2

Loop bounds:
  lbMap: () -> (0)
  ubMap: ()[s0] -> (s0)

--- Processing Linalg Generics ---
Processing linalg.generic:
linalg.generic {indexing_maps = [affine_map<(d0) -> (d0)>, affine_map<(d0) -> (d0)>, affine_map<(d0) -> (d0)>, affine_map<(d0) -> (d0)>], iterator_types = ["parallel"]} ins(%7, %8, %9 : memref<?xf64>, memref<?xf64>, memref<?xf64>) outs(%10 : memref<?xf64>) {
^bb0(%in: f64, %in_0: f64, %in_1: f64, %out: f64):
  %17 = arith.addf %in, %in_0 : f64
  %18 = arith.addf %17, %in_1 : f64
  %19 = arith.mulf %18, %cst : f64
  linalg.yield %19 : f64
}
  Processing 3 inputs
  Input 0 indexing map: (d0) -> (d0)

=== getLinalgArgMap ===
  Initial lgMap: (d0) -> (d0)
  Found SubmapOp with map: (d0) -> (d0)
  Composed map: (d0) -> (d0)
  Final lgMap: (d0) -> (d0)
=== getLinalgArgMap END ===

  Calling remap_in_affine_dim for input 0

=== remap_in_affine_dim ===
  oldmap: (d0) -> (d0)
  firstNDims: 1
  check_reduction (input): 0
  lower_bound_val: 0
  dimidx: -1
  check_reduction (output): 0
  new map (map2): (d0, d1) -> (d0)
  validDims: 1, validSims: 0
  Created SubmapOp with type: memref<?x?xf64>
=== remap_in_affine_dim END ===

  Input 1 indexing map: (d0) -> (d0)

=== getLinalgArgMap ===
  Initial lgMap: (d0) -> (d0)
  Found SubmapOp with map: (d0) -> (d0 + 1)
  Composed map: (d0) -> (d0 + 1)
  Final lgMap: (d0) -> (d0 + 1)
=== getLinalgArgMap END ===

  Calling remap_in_affine_dim for input 1

=== remap_in_affine_dim ===
  oldmap: (d0) -> (d0 + 1)
  firstNDims: 1
  check_reduction (input): 0
  lower_bound_val: 0
  dimidx: -1
  check_reduction (output): 0
  new map (map2): (d0, d1) -> (d0 + 1)
  validDims: 1, validSims: 0
  Created SubmapOp with type: memref<?x?xf64>
=== remap_in_affine_dim END ===

  Input 2 indexing map: (d0) -> (d0)

=== getLinalgArgMap ===
  Initial lgMap: (d0) -> (d0)
  Found SubmapOp with map: (d0) -> (d0 + 2)
  Composed map: (d0) -> (d0 + 2)
  Final lgMap: (d0) -> (d0 + 2)
=== getLinalgArgMap END ===

  Calling remap_in_affine_dim for input 2

=== remap_in_affine_dim ===
  oldmap: (d0) -> (d0 + 2)
  firstNDims: 1
  check_reduction (input): 0
  lower_bound_val: 0
  dimidx: -1
  check_reduction (output): 0
  new map (map2): (d0, d1) -> (d0 + 2)
  validDims: 1, validSims: 0
  Created SubmapOp with type: memref<?x?xf64>
=== remap_in_affine_dim END ===

  Processing 1 outputs

=== getLinalgArgMap ===
  Initial lgMap: (d0) -> (d0)
  Found SubmapOp with map: (d0) -> (d0 + 1)
  Composed map: (d0) -> (d0 + 1)
  Final lgMap: (d0) -> (d0 + 1)
=== getLinalgArgMap END ===

  Calling remap_in_affine_dim for output 0

=== remap_in_affine_dim ===
  oldmap: (d0) -> (d0 + 1)
  firstNDims: 1
  check_reduction (input): 1
  lower_bound_val: 0
  dimidx: -1
  check_reduction (output): 1
  new map (map2): (d0, d1) -> (d0 + 1)
  validDims: 1, validSims: 0
  Created SubmapOp with type: memref<?x?xf64>
=== remap_in_affine_dim END ===

Processing linalg.generic:
linalg.generic {indexing_maps = [affine_map<(d0) -> (d0)>, affine_map<(d0) -> (d0)>, affine_map<(d0) -> (d0)>, affine_map<(d0) -> (d0)>], iterator_types = ["parallel"]} ins(%25, %26, %27 : memref<?xf64>, memref<?xf64>, memref<?xf64>) outs(%28 : memref<?xf64>) {
^bb0(%in: f64, %in_0: f64, %in_1: f64, %out: f64):
  %29 = arith.addf %in, %in_0 : f64
  %30 = arith.addf %29, %in_1 : f64
  %31 = arith.mulf %30, %cst : f64
  linalg.yield %31 : f64
}
  Processing 3 inputs
  Input 0 indexing map: (d0) -> (d0)

=== getLinalgArgMap ===
  Initial lgMap: (d0) -> (d0)
  Found SubmapOp with map: (d0) -> (d0)
  Composed map: (d0) -> (d0)
  Final lgMap: (d0) -> (d0)
=== getLinalgArgMap END ===

  Calling remap_in_affine_dim for input 0

=== remap_in_affine_dim ===
  oldmap: (d0) -> (d0)
  firstNDims: 1
  check_reduction (input): 0
  lower_bound_val: 0
  dimidx: -1
  check_reduction (output): 0
  new map (map2): (d0, d1) -> (d0)
  validDims: 1, validSims: 0
  Created SubmapOp with type: memref<?x?xf64>
=== remap_in_affine_dim END ===

  Input 1 indexing map: (d0) -> (d0)

=== getLinalgArgMap ===
  Initial lgMap: (d0) -> (d0)
  Found SubmapOp with map: (d0) -> (d0 + 1)
  Composed map: (d0) -> (d0 + 1)
  Final lgMap: (d0) -> (d0 + 1)
=== getLinalgArgMap END ===

  Calling remap_in_affine_dim for input 1

=== remap_in_affine_dim ===
  oldmap: (d0) -> (d0 + 1)
  firstNDims: 1
  check_reduction (input): 0
  lower_bound_val: 0
  dimidx: -1
  check_reduction (output): 0
  new map (map2): (d0, d1) -> (d0 + 1)
  validDims: 1, validSims: 0
  Created SubmapOp with type: memref<?x?xf64>
=== remap_in_affine_dim END ===

  Input 2 indexing map: (d0) -> (d0)

=== getLinalgArgMap ===
  Initial lgMap: (d0) -> (d0)
  Found SubmapOp with map: (d0) -> (d0 + 2)
  Composed map: (d0) -> (d0 + 2)
  Final lgMap: (d0) -> (d0 + 2)
=== getLinalgArgMap END ===

  Calling remap_in_affine_dim for input 2

=== remap_in_affine_dim ===
  oldmap: (d0) -> (d0 + 2)
  firstNDims: 1
  check_reduction (input): 0
  lower_bound_val: 0
  dimidx: -1
  check_reduction (output): 0
  new map (map2): (d0, d1) -> (d0 + 2)
  validDims: 1, validSims: 0
  Created SubmapOp with type: memref<?x?xf64>
=== remap_in_affine_dim END ===

  Processing 1 outputs

=== getLinalgArgMap ===
  Initial lgMap: (d0) -> (d0)
  Found SubmapOp with map: (d0) -> (d0 + 1)
  Composed map: (d0) -> (d0 + 1)
  Final lgMap: (d0) -> (d0 + 1)
=== getLinalgArgMap END ===

  Calling remap_in_affine_dim for output 0

=== remap_in_affine_dim ===
  oldmap: (d0) -> (d0 + 1)
  firstNDims: 1
  check_reduction (input): 1
  lower_bound_val: 0
  dimidx: -1
  check_reduction (output): 1
  new map (map2): (d0, d1) -> (d0 + 1)
  validDims: 1, validSims: 0
  Created SubmapOp with type: memref<?x?xf64>
=== remap_in_affine_dim END ===


--- Processing Loads ---

--- Processing Stores ---
REJECTED: More than one linalg generic


========================================
=== AffineForOpRaising::matchAndRewrite ===
========================================
Processing loop:
affine.for %arg4 = 0 to %1 {
  %2 = affine.apply affine_map<()[s0] -> (s0 - 1)>()[%0]
  %3 = arith.subi %2, %c1 : index
  %4 = polygeist.submap(%arg2, %3) {map = affine_map<(d0) -> (d0)>} : (memref<?xf64>, index) -> memref<?xf64>
  %5 = polygeist.submap(%arg2, %3) {map = affine_map<(d0) -> (d0 + 1)>} : (memref<?xf64>, index) -> memref<?xf64>
  %6 = polygeist.submap(%arg2, %3) {map = affine_map<(d0) -> (d0 + 2)>} : (memref<?xf64>, index) -> memref<?xf64>
  %7 = polygeist.submap(%arg3, %3) {map = affine_map<(d0) -> (d0 + 1)>} : (memref<?xf64>, index) -> memref<?xf64>
  linalg.generic {indexing_maps = [affine_map<(d0) -> (d0)>, affine_map<(d0) -> (d0)>, affine_map<(d0) -> (d0)>, affine_map<(d0) -> (d0)>], iterator_types = ["parallel"]} ins(%4, %5, %6 : memref<?xf64>, memref<?xf64>, memref<?xf64>) outs(%7 : memref<?xf64>) {
  ^bb0(%in: f64, %in_0: f64, %in_1: f64, %out: f64):
    %14 = arith.addf %in, %in_0 : f64
    %15 = arith.addf %14, %in_1 : f64
    %16 = arith.mulf %15, %cst : f64
    linalg.yield %16 : f64
  }
  %8 = affine.apply affine_map<()[s0] -> (s0 - 1)>()[%0]
  %9 = arith.subi %8, %c1 : index
  %10 = polygeist.submap(%arg3, %9) {map = affine_map<(d0) -> (d0)>} : (memref<?xf64>, index) -> memref<?xf64>
  %11 = polygeist.submap(%arg3, %9) {map = affine_map<(d0) -> (d0 + 1)>} : (memref<?xf64>, index) -> memref<?xf64>
  %12 = polygeist.submap(%arg3, %9) {map = affine_map<(d0) -> (d0 + 2)>} : (memref<?xf64>, index) -> memref<?xf64>
  %13 = polygeist.submap(%arg2, %9) {map = affine_map<(d0) -> (d0 + 1)>} : (memref<?xf64>, index) -> memref<?xf64>
  linalg.generic {indexing_maps = [affine_map<(d0) -> (d0)>, affine_map<(d0) -> (d0)>, affine_map<(d0) -> (d0)>, affine_map<(d0) -> (d0)>], iterator_types = ["parallel"]} ins(%10, %11, %12 : memref<?xf64>, memref<?xf64>, memref<?xf64>) outs(%13 : memref<?xf64>) {
  ^bb0(%in: f64, %in_0: f64, %in_1: f64, %out: f64):
    %14 = arith.addf %in, %in_0 : f64
    %15 = arith.addf %14, %in_1 : f64
    %16 = arith.mulf %15, %cst : f64
    linalg.yield %16 : f64
  }
}

Pattern recognition complete:
  Loads: 0
  Stores: 0
  LinalgGenerics: 2

Loop bounds:
  lbMap: () -> (0)
  ubMap: ()[s0] -> (s0)

--- Processing Linalg Generics ---
Processing linalg.generic:
linalg.generic {indexing_maps = [affine_map<(d0) -> (d0)>, affine_map<(d0) -> (d0)>, affine_map<(d0) -> (d0)>, affine_map<(d0) -> (d0)>], iterator_types = ["parallel"]} ins(%7, %8, %9 : memref<?xf64>, memref<?xf64>, memref<?xf64>) outs(%10 : memref<?xf64>) {
^bb0(%in: f64, %in_0: f64, %in_1: f64, %out: f64):
  %17 = arith.addf %in, %in_0 : f64
  %18 = arith.addf %17, %in_1 : f64
  %19 = arith.mulf %18, %cst : f64
  linalg.yield %19 : f64
}
  Processing 3 inputs
  Input 0 indexing map: (d0) -> (d0)

=== getLinalgArgMap ===
  Initial lgMap: (d0) -> (d0)
  Found SubmapOp with map: (d0) -> (d0)
  Composed map: (d0) -> (d0)
  Final lgMap: (d0) -> (d0)
=== getLinalgArgMap END ===

  Calling remap_in_affine_dim for input 0

=== remap_in_affine_dim ===
  oldmap: (d0) -> (d0)
  firstNDims: 1
  check_reduction (input): 0
  lower_bound_val: 0
  dimidx: -1
  check_reduction (output): 0
  new map (map2): (d0, d1) -> (d0)
  validDims: 1, validSims: 0
  Created SubmapOp with type: memref<?x?xf64>
=== remap_in_affine_dim END ===

  Input 1 indexing map: (d0) -> (d0)

=== getLinalgArgMap ===
  Initial lgMap: (d0) -> (d0)
  Found SubmapOp with map: (d0) -> (d0 + 1)
  Composed map: (d0) -> (d0 + 1)
  Final lgMap: (d0) -> (d0 + 1)
=== getLinalgArgMap END ===

  Calling remap_in_affine_dim for input 1

=== remap_in_affine_dim ===
  oldmap: (d0) -> (d0 + 1)
  firstNDims: 1
  check_reduction (input): 0
  lower_bound_val: 0
  dimidx: -1
  check_reduction (output): 0
  new map (map2): (d0, d1) -> (d0 + 1)
  validDims: 1, validSims: 0
  Created SubmapOp with type: memref<?x?xf64>
=== remap_in_affine_dim END ===

  Input 2 indexing map: (d0) -> (d0)

=== getLinalgArgMap ===
  Initial lgMap: (d0) -> (d0)
  Found SubmapOp with map: (d0) -> (d0 + 2)
  Composed map: (d0) -> (d0 + 2)
  Final lgMap: (d0) -> (d0 + 2)
=== getLinalgArgMap END ===

  Calling remap_in_affine_dim for input 2

=== remap_in_affine_dim ===
  oldmap: (d0) -> (d0 + 2)
  firstNDims: 1
  check_reduction (input): 0
  lower_bound_val: 0
  dimidx: -1
  check_reduction (output): 0
  new map (map2): (d0, d1) -> (d0 + 2)
  validDims: 1, validSims: 0
  Created SubmapOp with type: memref<?x?xf64>
=== remap_in_affine_dim END ===

  Processing 1 outputs

=== getLinalgArgMap ===
  Initial lgMap: (d0) -> (d0)
  Found SubmapOp with map: (d0) -> (d0 + 1)
  Composed map: (d0) -> (d0 + 1)
  Final lgMap: (d0) -> (d0 + 1)
=== getLinalgArgMap END ===

  Calling remap_in_affine_dim for output 0

=== remap_in_affine_dim ===
  oldmap: (d0) -> (d0 + 1)
  firstNDims: 1
  check_reduction (input): 1
  lower_bound_val: 0
  dimidx: -1
  check_reduction (output): 1
  new map (map2): (d0, d1) -> (d0 + 1)
  validDims: 1, validSims: 0
  Created SubmapOp with type: memref<?x?xf64>
=== remap_in_affine_dim END ===

Processing linalg.generic:
linalg.generic {indexing_maps = [affine_map<(d0) -> (d0)>, affine_map<(d0) -> (d0)>, affine_map<(d0) -> (d0)>, affine_map<(d0) -> (d0)>], iterator_types = ["parallel"]} ins(%25, %26, %27 : memref<?xf64>, memref<?xf64>, memref<?xf64>) outs(%28 : memref<?xf64>) {
^bb0(%in: f64, %in_0: f64, %in_1: f64, %out: f64):
  %29 = arith.addf %in, %in_0 : f64
  %30 = arith.addf %29, %in_1 : f64
  %31 = arith.mulf %30, %cst : f64
  linalg.yield %31 : f64
}
  Processing 3 inputs
  Input 0 indexing map: (d0) -> (d0)

=== getLinalgArgMap ===
  Initial lgMap: (d0) -> (d0)
  Found SubmapOp with map: (d0) -> (d0)
  Composed map: (d0) -> (d0)
  Final lgMap: (d0) -> (d0)
=== getLinalgArgMap END ===

  Calling remap_in_affine_dim for input 0

=== remap_in_affine_dim ===
  oldmap: (d0) -> (d0)
  firstNDims: 1
  check_reduction (input): 0
  lower_bound_val: 0
  dimidx: -1
  check_reduction (output): 0
  new map (map2): (d0, d1) -> (d0)
  validDims: 1, validSims: 0
  Created SubmapOp with type: memref<?x?xf64>
=== remap_in_affine_dim END ===

  Input 1 indexing map: (d0) -> (d0)

=== getLinalgArgMap ===
  Initial lgMap: (d0) -> (d0)
  Found SubmapOp with map: (d0) -> (d0 + 1)
  Composed map: (d0) -> (d0 + 1)
  Final lgMap: (d0) -> (d0 + 1)
=== getLinalgArgMap END ===

  Calling remap_in_affine_dim for input 1

=== remap_in_affine_dim ===
  oldmap: (d0) -> (d0 + 1)
  firstNDims: 1
  check_reduction (input): 0
  lower_bound_val: 0
  dimidx: -1
  check_reduction (output): 0
  new map (map2): (d0, d1) -> (d0 + 1)
  validDims: 1, validSims: 0
  Created SubmapOp with type: memref<?x?xf64>
=== remap_in_affine_dim END ===

  Input 2 indexing map: (d0) -> (d0)

=== getLinalgArgMap ===
  Initial lgMap: (d0) -> (d0)
  Found SubmapOp with map: (d0) -> (d0 + 2)
  Composed map: (d0) -> (d0 + 2)
  Final lgMap: (d0) -> (d0 + 2)
=== getLinalgArgMap END ===

  Calling remap_in_affine_dim for input 2

=== remap_in_affine_dim ===
  oldmap: (d0) -> (d0 + 2)
  firstNDims: 1
  check_reduction (input): 0
  lower_bound_val: 0
  dimidx: -1
  check_reduction (output): 0
  new map (map2): (d0, d1) -> (d0 + 2)
  validDims: 1, validSims: 0
  Created SubmapOp with type: memref<?x?xf64>
=== remap_in_affine_dim END ===

  Processing 1 outputs

=== getLinalgArgMap ===
  Initial lgMap: (d0) -> (d0)
  Found SubmapOp with map: (d0) -> (d0 + 1)
  Composed map: (d0) -> (d0 + 1)
  Final lgMap: (d0) -> (d0 + 1)
=== getLinalgArgMap END ===

  Calling remap_in_affine_dim for output 0

=== remap_in_affine_dim ===
  oldmap: (d0) -> (d0 + 1)
  firstNDims: 1
  check_reduction (input): 1
  lower_bound_val: 0
  dimidx: -1
  check_reduction (output): 1
  new map (map2): (d0, d1) -> (d0 + 1)
  validDims: 1, validSims: 0
  Created SubmapOp with type: memref<?x?xf64>
=== remap_in_affine_dim END ===


--- Processing Loads ---

--- Processing Stores ---
REJECTED: More than one linalg generic


========================================
=== AffineForOpRaising::matchAndRewrite ===
========================================
Processing loop:
affine.for %arg4 = 0 to %1 {
  %2 = affine.apply affine_map<()[s0] -> (s0 - 1)>()[%0]
  %3 = arith.subi %2, %c1 : index
  %4 = polygeist.submap(%arg2, %3) {map = affine_map<(d0) -> (d0)>} : (memref<?xf64>, index) -> memref<?xf64>
  %5 = polygeist.submap(%arg2, %3) {map = affine_map<(d0) -> (d0 + 1)>} : (memref<?xf64>, index) -> memref<?xf64>
  %6 = polygeist.submap(%arg2, %3) {map = affine_map<(d0) -> (d0 + 2)>} : (memref<?xf64>, index) -> memref<?xf64>
  %7 = polygeist.submap(%arg3, %3) {map = affine_map<(d0) -> (d0 + 1)>} : (memref<?xf64>, index) -> memref<?xf64>
  linalg.generic {indexing_maps = [affine_map<(d0) -> (d0)>, affine_map<(d0) -> (d0)>, affine_map<(d0) -> (d0)>, affine_map<(d0) -> (d0)>], iterator_types = ["parallel"]} ins(%4, %5, %6 : memref<?xf64>, memref<?xf64>, memref<?xf64>) outs(%7 : memref<?xf64>) {
  ^bb0(%in: f64, %in_0: f64, %in_1: f64, %out: f64):
    %14 = arith.addf %in, %in_0 : f64
    %15 = arith.addf %14, %in_1 : f64
    %16 = arith.mulf %15, %cst : f64
    linalg.yield %16 : f64
  }
  %8 = affine.apply affine_map<()[s0] -> (s0 - 1)>()[%0]
  %9 = arith.subi %8, %c1 : index
  %10 = polygeist.submap(%arg3, %9) {map = affine_map<(d0) -> (d0)>} : (memref<?xf64>, index) -> memref<?xf64>
  %11 = polygeist.submap(%arg3, %9) {map = affine_map<(d0) -> (d0 + 1)>} : (memref<?xf64>, index) -> memref<?xf64>
  %12 = polygeist.submap(%arg3, %9) {map = affine_map<(d0) -> (d0 + 2)>} : (memref<?xf64>, index) -> memref<?xf64>
  %13 = polygeist.submap(%arg2, %9) {map = affine_map<(d0) -> (d0 + 1)>} : (memref<?xf64>, index) -> memref<?xf64>
  linalg.generic {indexing_maps = [affine_map<(d0) -> (d0)>, affine_map<(d0) -> (d0)>, affine_map<(d0) -> (d0)>, affine_map<(d0) -> (d0)>], iterator_types = ["parallel"]} ins(%10, %11, %12 : memref<?xf64>, memref<?xf64>, memref<?xf64>) outs(%13 : memref<?xf64>) {
  ^bb0(%in: f64, %in_0: f64, %in_1: f64, %out: f64):
    %14 = arith.addf %in, %in_0 : f64
    %15 = arith.addf %14, %in_1 : f64
    %16 = arith.mulf %15, %cst : f64
    linalg.yield %16 : f64
  }
}

Pattern recognition complete:
  Loads: 0
  Stores: 0
  LinalgGenerics: 2

Loop bounds:
  lbMap: () -> (0)
  ubMap: ()[s0] -> (s0)

--- Processing Linalg Generics ---
Processing linalg.generic:
linalg.generic {indexing_maps = [affine_map<(d0) -> (d0)>, affine_map<(d0) -> (d0)>, affine_map<(d0) -> (d0)>, affine_map<(d0) -> (d0)>], iterator_types = ["parallel"]} ins(%7, %8, %9 : memref<?xf64>, memref<?xf64>, memref<?xf64>) outs(%10 : memref<?xf64>) {
^bb0(%in: f64, %in_0: f64, %in_1: f64, %out: f64):
  %17 = arith.addf %in, %in_0 : f64
  %18 = arith.addf %17, %in_1 : f64
  %19 = arith.mulf %18, %cst : f64
  linalg.yield %19 : f64
}
  Processing 3 inputs
  Input 0 indexing map: (d0) -> (d0)

=== getLinalgArgMap ===
  Initial lgMap: (d0) -> (d0)
  Found SubmapOp with map: (d0) -> (d0)
  Composed map: (d0) -> (d0)
  Final lgMap: (d0) -> (d0)
=== getLinalgArgMap END ===

  Calling remap_in_affine_dim for input 0

=== remap_in_affine_dim ===
  oldmap: (d0) -> (d0)
  firstNDims: 1
  check_reduction (input): 0
  lower_bound_val: 0
  dimidx: -1
  check_reduction (output): 0
  new map (map2): (d0, d1) -> (d0)
  validDims: 1, validSims: 0
  Created SubmapOp with type: memref<?x?xf64>
=== remap_in_affine_dim END ===

  Input 1 indexing map: (d0) -> (d0)

=== getLinalgArgMap ===
  Initial lgMap: (d0) -> (d0)
  Found SubmapOp with map: (d0) -> (d0 + 1)
  Composed map: (d0) -> (d0 + 1)
  Final lgMap: (d0) -> (d0 + 1)
=== getLinalgArgMap END ===

  Calling remap_in_affine_dim for input 1

=== remap_in_affine_dim ===
  oldmap: (d0) -> (d0 + 1)
  firstNDims: 1
  check_reduction (input): 0
  lower_bound_val: 0
  dimidx: -1
  check_reduction (output): 0
  new map (map2): (d0, d1) -> (d0 + 1)
  validDims: 1, validSims: 0
  Created SubmapOp with type: memref<?x?xf64>
=== remap_in_affine_dim END ===

  Input 2 indexing map: (d0) -> (d0)

=== getLinalgArgMap ===
  Initial lgMap: (d0) -> (d0)
  Found SubmapOp with map: (d0) -> (d0 + 2)
  Composed map: (d0) -> (d0 + 2)
  Final lgMap: (d0) -> (d0 + 2)
=== getLinalgArgMap END ===

  Calling remap_in_affine_dim for input 2

=== remap_in_affine_dim ===
  oldmap: (d0) -> (d0 + 2)
  firstNDims: 1
  check_reduction (input): 0
  lower_bound_val: 0
  dimidx: -1
  check_reduction (output): 0
  new map (map2): (d0, d1) -> (d0 + 2)
  validDims: 1, validSims: 0
  Created SubmapOp with type: memref<?x?xf64>
=== remap_in_affine_dim END ===

  Processing 1 outputs

=== getLinalgArgMap ===
  Initial lgMap: (d0) -> (d0)
  Found SubmapOp with map: (d0) -> (d0 + 1)
  Composed map: (d0) -> (d0 + 1)
  Final lgMap: (d0) -> (d0 + 1)
=== getLinalgArgMap END ===

  Calling remap_in_affine_dim for output 0

=== remap_in_affine_dim ===
  oldmap: (d0) -> (d0 + 1)
  firstNDims: 1
  check_reduction (input): 1
  lower_bound_val: 0
  dimidx: -1
  check_reduction (output): 1
  new map (map2): (d0, d1) -> (d0 + 1)
  validDims: 1, validSims: 0
  Created SubmapOp with type: memref<?x?xf64>
=== remap_in_affine_dim END ===

Processing linalg.generic:
linalg.generic {indexing_maps = [affine_map<(d0) -> (d0)>, affine_map<(d0) -> (d0)>, affine_map<(d0) -> (d0)>, affine_map<(d0) -> (d0)>], iterator_types = ["parallel"]} ins(%25, %26, %27 : memref<?xf64>, memref<?xf64>, memref<?xf64>) outs(%28 : memref<?xf64>) {
^bb0(%in: f64, %in_0: f64, %in_1: f64, %out: f64):
  %29 = arith.addf %in, %in_0 : f64
  %30 = arith.addf %29, %in_1 : f64
  %31 = arith.mulf %30, %cst : f64
  linalg.yield %31 : f64
}
  Processing 3 inputs
  Input 0 indexing map: (d0) -> (d0)

=== getLinalgArgMap ===
  Initial lgMap: (d0) -> (d0)
  Found SubmapOp with map: (d0) -> (d0)
  Composed map: (d0) -> (d0)
  Final lgMap: (d0) -> (d0)
=== getLinalgArgMap END ===

  Calling remap_in_affine_dim for input 0

=== remap_in_affine_dim ===
  oldmap: (d0) -> (d0)
  firstNDims: 1
  check_reduction (input): 0
  lower_bound_val: 0
  dimidx: -1
  check_reduction (output): 0
  new map (map2): (d0, d1) -> (d0)
  validDims: 1, validSims: 0
  Created SubmapOp with type: memref<?x?xf64>
=== remap_in_affine_dim END ===

  Input 1 indexing map: (d0) -> (d0)

=== getLinalgArgMap ===
  Initial lgMap: (d0) -> (d0)
  Found SubmapOp with map: (d0) -> (d0 + 1)
  Composed map: (d0) -> (d0 + 1)
  Final lgMap: (d0) -> (d0 + 1)
=== getLinalgArgMap END ===

  Calling remap_in_affine_dim for input 1

=== remap_in_affine_dim ===
  oldmap: (d0) -> (d0 + 1)
  firstNDims: 1
  check_reduction (input): 0
  lower_bound_val: 0
  dimidx: -1
  check_reduction (output): 0
  new map (map2): (d0, d1) -> (d0 + 1)
  validDims: 1, validSims: 0
  Created SubmapOp with type: memref<?x?xf64>
=== remap_in_affine_dim END ===

  Input 2 indexing map: (d0) -> (d0)

=== getLinalgArgMap ===
  Initial lgMap: (d0) -> (d0)
  Found SubmapOp with map: (d0) -> (d0 + 2)
  Composed map: (d0) -> (d0 + 2)
  Final lgMap: (d0) -> (d0 + 2)
=== getLinalgArgMap END ===

  Calling remap_in_affine_dim for input 2

=== remap_in_affine_dim ===
  oldmap: (d0) -> (d0 + 2)
  firstNDims: 1
  check_reduction (input): 0
  lower_bound_val: 0
  dimidx: -1
  check_reduction (output): 0
  new map (map2): (d0, d1) -> (d0 + 2)
  validDims: 1, validSims: 0
  Created SubmapOp with type: memref<?x?xf64>
=== remap_in_affine_dim END ===

  Processing 1 outputs

=== getLinalgArgMap ===
  Initial lgMap: (d0) -> (d0)
  Found SubmapOp with map: (d0) -> (d0 + 1)
  Composed map: (d0) -> (d0 + 1)
  Final lgMap: (d0) -> (d0 + 1)
=== getLinalgArgMap END ===

  Calling remap_in_affine_dim for output 0

=== remap_in_affine_dim ===
  oldmap: (d0) -> (d0 + 1)
  firstNDims: 1
  check_reduction (input): 1
  lower_bound_val: 0
  dimidx: -1
  check_reduction (output): 1
  new map (map2): (d0, d1) -> (d0 + 1)
  validDims: 1, validSims: 0
  Created SubmapOp with type: memref<?x?xf64>
=== remap_in_affine_dim END ===


--- Processing Loads ---

--- Processing Stores ---
REJECTED: More than one linalg generic


========================================
=== AffineForOpRaising::matchAndRewrite ===
========================================
Processing loop:
affine.for %arg4 = 0 to %1 {
  %2 = affine.apply affine_map<()[s0] -> (s0 - 1)>()[%0]
  %3 = arith.subi %2, %c1 : index
  %4 = polygeist.submap(%arg2, %3) {map = affine_map<(d0) -> (d0)>} : (memref<?xf64>, index) -> memref<?xf64>
  %5 = polygeist.submap(%arg2, %3) {map = affine_map<(d0) -> (d0 + 1)>} : (memref<?xf64>, index) -> memref<?xf64>
  %6 = polygeist.submap(%arg2, %3) {map = affine_map<(d0) -> (d0 + 2)>} : (memref<?xf64>, index) -> memref<?xf64>
  %7 = polygeist.submap(%arg3, %3) {map = affine_map<(d0) -> (d0 + 1)>} : (memref<?xf64>, index) -> memref<?xf64>
  linalg.generic {indexing_maps = [affine_map<(d0) -> (d0)>, affine_map<(d0) -> (d0)>, affine_map<(d0) -> (d0)>, affine_map<(d0) -> (d0)>], iterator_types = ["parallel"]} ins(%4, %5, %6 : memref<?xf64>, memref<?xf64>, memref<?xf64>) outs(%7 : memref<?xf64>) {
  ^bb0(%in: f64, %in_0: f64, %in_1: f64, %out: f64):
    %14 = arith.addf %in, %in_0 : f64
    %15 = arith.addf %14, %in_1 : f64
    %16 = arith.mulf %15, %cst : f64
    linalg.yield %16 : f64
  }
  %8 = affine.apply affine_map<()[s0] -> (s0 - 1)>()[%0]
  %9 = arith.subi %8, %c1 : index
  %10 = polygeist.submap(%arg3, %9) {map = affine_map<(d0) -> (d0)>} : (memref<?xf64>, index) -> memref<?xf64>
  %11 = polygeist.submap(%arg3, %9) {map = affine_map<(d0) -> (d0 + 1)>} : (memref<?xf64>, index) -> memref<?xf64>
  %12 = polygeist.submap(%arg3, %9) {map = affine_map<(d0) -> (d0 + 2)>} : (memref<?xf64>, index) -> memref<?xf64>
  %13 = polygeist.submap(%arg2, %9) {map = affine_map<(d0) -> (d0 + 1)>} : (memref<?xf64>, index) -> memref<?xf64>
  linalg.generic {indexing_maps = [affine_map<(d0) -> (d0)>, affine_map<(d0) -> (d0)>, affine_map<(d0) -> (d0)>, affine_map<(d0) -> (d0)>], iterator_types = ["parallel"]} ins(%10, %11, %12 : memref<?xf64>, memref<?xf64>, memref<?xf64>) outs(%13 : memref<?xf64>) {
  ^bb0(%in: f64, %in_0: f64, %in_1: f64, %out: f64):
    %14 = arith.addf %in, %in_0 : f64
    %15 = arith.addf %14, %in_1 : f64
    %16 = arith.mulf %15, %cst : f64
    linalg.yield %16 : f64
  }
}

Pattern recognition complete:
  Loads: 0
  Stores: 0
  LinalgGenerics: 2

Loop bounds:
  lbMap: () -> (0)
  ubMap: ()[s0] -> (s0)

--- Processing Linalg Generics ---
Processing linalg.generic:
linalg.generic {indexing_maps = [affine_map<(d0) -> (d0)>, affine_map<(d0) -> (d0)>, affine_map<(d0) -> (d0)>, affine_map<(d0) -> (d0)>], iterator_types = ["parallel"]} ins(%7, %8, %9 : memref<?xf64>, memref<?xf64>, memref<?xf64>) outs(%10 : memref<?xf64>) {
^bb0(%in: f64, %in_0: f64, %in_1: f64, %out: f64):
  %17 = arith.addf %in, %in_0 : f64
  %18 = arith.addf %17, %in_1 : f64
  %19 = arith.mulf %18, %cst : f64
  linalg.yield %19 : f64
}
  Processing 3 inputs
  Input 0 indexing map: (d0) -> (d0)

=== getLinalgArgMap ===
  Initial lgMap: (d0) -> (d0)
  Found SubmapOp with map: (d0) -> (d0)
  Composed map: (d0) -> (d0)
  Final lgMap: (d0) -> (d0)
=== getLinalgArgMap END ===

  Calling remap_in_affine_dim for input 0

=== remap_in_affine_dim ===
  oldmap: (d0) -> (d0)
  firstNDims: 1
  check_reduction (input): 0
  lower_bound_val: 0
  dimidx: -1
  check_reduction (output): 0
  new map (map2): (d0, d1) -> (d0)
  validDims: 1, validSims: 0
  Created SubmapOp with type: memref<?x?xf64>
=== remap_in_affine_dim END ===

  Input 1 indexing map: (d0) -> (d0)

=== getLinalgArgMap ===
  Initial lgMap: (d0) -> (d0)
  Found SubmapOp with map: (d0) -> (d0 + 1)
  Composed map: (d0) -> (d0 + 1)
  Final lgMap: (d0) -> (d0 + 1)
=== getLinalgArgMap END ===

  Calling remap_in_affine_dim for input 1

=== remap_in_affine_dim ===
  oldmap: (d0) -> (d0 + 1)
  firstNDims: 1
  check_reduction (input): 0
  lower_bound_val: 0
  dimidx: -1
  check_reduction (output): 0
  new map (map2): (d0, d1) -> (d0 + 1)
  validDims: 1, validSims: 0
  Created SubmapOp with type: memref<?x?xf64>
=== remap_in_affine_dim END ===

  Input 2 indexing map: (d0) -> (d0)

=== getLinalgArgMap ===
  Initial lgMap: (d0) -> (d0)
  Found SubmapOp with map: (d0) -> (d0 + 2)
  Composed map: (d0) -> (d0 + 2)
  Final lgMap: (d0) -> (d0 + 2)
=== getLinalgArgMap END ===

  Calling remap_in_affine_dim for input 2

=== remap_in_affine_dim ===
  oldmap: (d0) -> (d0 + 2)
  firstNDims: 1
  check_reduction (input): 0
  lower_bound_val: 0
  dimidx: -1
  check_reduction (output): 0
  new map (map2): (d0, d1) -> (d0 + 2)
  validDims: 1, validSims: 0
  Created SubmapOp with type: memref<?x?xf64>
=== remap_in_affine_dim END ===

  Processing 1 outputs

=== getLinalgArgMap ===
  Initial lgMap: (d0) -> (d0)
  Found SubmapOp with map: (d0) -> (d0 + 1)
  Composed map: (d0) -> (d0 + 1)
  Final lgMap: (d0) -> (d0 + 1)
=== getLinalgArgMap END ===

  Calling remap_in_affine_dim for output 0

=== remap_in_affine_dim ===
  oldmap: (d0) -> (d0 + 1)
  firstNDims: 1
  check_reduction (input): 1
  lower_bound_val: 0
  dimidx: -1
  check_reduction (output): 1
  new map (map2): (d0, d1) -> (d0 + 1)
  validDims: 1, validSims: 0
  Created SubmapOp with type: memref<?x?xf64>
=== remap_in_affine_dim END ===

Processing linalg.generic:
linalg.generic {indexing_maps = [affine_map<(d0) -> (d0)>, affine_map<(d0) -> (d0)>, affine_map<(d0) -> (d0)>, affine_map<(d0) -> (d0)>], iterator_types = ["parallel"]} ins(%25, %26, %27 : memref<?xf64>, memref<?xf64>, memref<?xf64>) outs(%28 : memref<?xf64>) {
^bb0(%in: f64, %in_0: f64, %in_1: f64, %out: f64):
  %29 = arith.addf %in, %in_0 : f64
  %30 = arith.addf %29, %in_1 : f64
  %31 = arith.mulf %30, %cst : f64
  linalg.yield %31 : f64
}
  Processing 3 inputs
  Input 0 indexing map: (d0) -> (d0)

=== getLinalgArgMap ===
  Initial lgMap: (d0) -> (d0)
  Found SubmapOp with map: (d0) -> (d0)
  Composed map: (d0) -> (d0)
  Final lgMap: (d0) -> (d0)
=== getLinalgArgMap END ===

  Calling remap_in_affine_dim for input 0

=== remap_in_affine_dim ===
  oldmap: (d0) -> (d0)
  firstNDims: 1
  check_reduction (input): 0
  lower_bound_val: 0
  dimidx: -1
  check_reduction (output): 0
  new map (map2): (d0, d1) -> (d0)
  validDims: 1, validSims: 0
  Created SubmapOp with type: memref<?x?xf64>
=== remap_in_affine_dim END ===

  Input 1 indexing map: (d0) -> (d0)

=== getLinalgArgMap ===
  Initial lgMap: (d0) -> (d0)
  Found SubmapOp with map: (d0) -> (d0 + 1)
  Composed map: (d0) -> (d0 + 1)
  Final lgMap: (d0) -> (d0 + 1)
=== getLinalgArgMap END ===

  Calling remap_in_affine_dim for input 1

=== remap_in_affine_dim ===
  oldmap: (d0) -> (d0 + 1)
  firstNDims: 1
  check_reduction (input): 0
  lower_bound_val: 0
  dimidx: -1
  check_reduction (output): 0
  new map (map2): (d0, d1) -> (d0 + 1)
  validDims: 1, validSims: 0
  Created SubmapOp with type: memref<?x?xf64>
=== remap_in_affine_dim END ===

  Input 2 indexing map: (d0) -> (d0)

=== getLinalgArgMap ===
  Initial lgMap: (d0) -> (d0)
  Found SubmapOp with map: (d0) -> (d0 + 2)
  Composed map: (d0) -> (d0 + 2)
  Final lgMap: (d0) -> (d0 + 2)
=== getLinalgArgMap END ===

  Calling remap_in_affine_dim for input 2

=== remap_in_affine_dim ===
  oldmap: (d0) -> (d0 + 2)
  firstNDims: 1
  check_reduction (input): 0
  lower_bound_val: 0
  dimidx: -1
  check_reduction (output): 0
  new map (map2): (d0, d1) -> (d0 + 2)
  validDims: 1, validSims: 0
  Created SubmapOp with type: memref<?x?xf64>
=== remap_in_affine_dim END ===

  Processing 1 outputs

=== getLinalgArgMap ===
  Initial lgMap: (d0) -> (d0)
  Found SubmapOp with map: (d0) -> (d0 + 1)
  Composed map: (d0) -> (d0 + 1)
  Final lgMap: (d0) -> (d0 + 1)
=== getLinalgArgMap END ===

  Calling remap_in_affine_dim for output 0

=== remap_in_affine_dim ===
  oldmap: (d0) -> (d0 + 1)
  firstNDims: 1
  check_reduction (input): 1
  lower_bound_val: 0
  dimidx: -1
  check_reduction (output): 1
  new map (map2): (d0, d1) -> (d0 + 1)
  validDims: 1, validSims: 0
  Created SubmapOp with type: memref<?x?xf64>
=== remap_in_affine_dim END ===


--- Processing Loads ---

--- Processing Stores ---
REJECTED: More than one linalg generic


========================================
=== AffineForOpRaising::matchAndRewrite ===
========================================
Processing loop:
affine.for %arg4 = 0 to %1 {
  %2 = affine.apply affine_map<()[s0] -> (s0 - 1)>()[%0]
  %3 = arith.subi %2, %c1 : index
  %4 = polygeist.submap(%arg2, %3) {map = affine_map<(d0) -> (d0)>} : (memref<?xf64>, index) -> memref<?xf64>
  %5 = polygeist.submap(%arg2, %3) {map = affine_map<(d0) -> (d0 + 1)>} : (memref<?xf64>, index) -> memref<?xf64>
  %6 = polygeist.submap(%arg2, %3) {map = affine_map<(d0) -> (d0 + 2)>} : (memref<?xf64>, index) -> memref<?xf64>
  %7 = polygeist.submap(%arg3, %3) {map = affine_map<(d0) -> (d0 + 1)>} : (memref<?xf64>, index) -> memref<?xf64>
  linalg.generic {indexing_maps = [affine_map<(d0) -> (d0)>, affine_map<(d0) -> (d0)>, affine_map<(d0) -> (d0)>, affine_map<(d0) -> (d0)>], iterator_types = ["parallel"]} ins(%4, %5, %6 : memref<?xf64>, memref<?xf64>, memref<?xf64>) outs(%7 : memref<?xf64>) {
  ^bb0(%in: f64, %in_0: f64, %in_1: f64, %out: f64):
    %14 = arith.addf %in, %in_0 : f64
    %15 = arith.addf %14, %in_1 : f64
    %16 = arith.mulf %15, %cst : f64
    linalg.yield %16 : f64
  }
  %8 = affine.apply affine_map<()[s0] -> (s0 - 1)>()[%0]
  %9 = arith.subi %8, %c1 : index
  %10 = polygeist.submap(%arg3, %9) {map = affine_map<(d0) -> (d0)>} : (memref<?xf64>, index) -> memref<?xf64>
  %11 = polygeist.submap(%arg3, %9) {map = affine_map<(d0) -> (d0 + 1)>} : (memref<?xf64>, index) -> memref<?xf64>
  %12 = polygeist.submap(%arg3, %9) {map = affine_map<(d0) -> (d0 + 2)>} : (memref<?xf64>, index) -> memref<?xf64>
  %13 = polygeist.submap(%arg2, %9) {map = affine_map<(d0) -> (d0 + 1)>} : (memref<?xf64>, index) -> memref<?xf64>
  linalg.generic {indexing_maps = [affine_map<(d0) -> (d0)>, affine_map<(d0) -> (d0)>, affine_map<(d0) -> (d0)>, affine_map<(d0) -> (d0)>], iterator_types = ["parallel"]} ins(%10, %11, %12 : memref<?xf64>, memref<?xf64>, memref<?xf64>) outs(%13 : memref<?xf64>) {
  ^bb0(%in: f64, %in_0: f64, %in_1: f64, %out: f64):
    %14 = arith.addf %in, %in_0 : f64
    %15 = arith.addf %14, %in_1 : f64
    %16 = arith.mulf %15, %cst : f64
    linalg.yield %16 : f64
  }
}

Pattern recognition complete:
  Loads: 0
  Stores: 0
  LinalgGenerics: 2

Loop bounds:
  lbMap: () -> (0)
  ubMap: ()[s0] -> (s0)

--- Processing Linalg Generics ---
Processing linalg.generic:
linalg.generic {indexing_maps = [affine_map<(d0) -> (d0)>, affine_map<(d0) -> (d0)>, affine_map<(d0) -> (d0)>, affine_map<(d0) -> (d0)>], iterator_types = ["parallel"]} ins(%7, %8, %9 : memref<?xf64>, memref<?xf64>, memref<?xf64>) outs(%10 : memref<?xf64>) {
^bb0(%in: f64, %in_0: f64, %in_1: f64, %out: f64):
  %17 = arith.addf %in, %in_0 : f64
  %18 = arith.addf %17, %in_1 : f64
  %19 = arith.mulf %18, %cst : f64
  linalg.yield %19 : f64
}
  Processing 3 inputs
  Input 0 indexing map: (d0) -> (d0)

=== getLinalgArgMap ===
  Initial lgMap: (d0) -> (d0)
  Found SubmapOp with map: (d0) -> (d0)
  Composed map: (d0) -> (d0)
  Final lgMap: (d0) -> (d0)
=== getLinalgArgMap END ===

  Calling remap_in_affine_dim for input 0

=== remap_in_affine_dim ===
  oldmap: (d0) -> (d0)
  firstNDims: 1
  check_reduction (input): 0
  lower_bound_val: 0
  dimidx: -1
  check_reduction (output): 0
  new map (map2): (d0, d1) -> (d0)
  validDims: 1, validSims: 0
  Created SubmapOp with type: memref<?x?xf64>
=== remap_in_affine_dim END ===

  Input 1 indexing map: (d0) -> (d0)

=== getLinalgArgMap ===
  Initial lgMap: (d0) -> (d0)
  Found SubmapOp with map: (d0) -> (d0 + 1)
  Composed map: (d0) -> (d0 + 1)
  Final lgMap: (d0) -> (d0 + 1)
=== getLinalgArgMap END ===

  Calling remap_in_affine_dim for input 1

=== remap_in_affine_dim ===
  oldmap: (d0) -> (d0 + 1)
  firstNDims: 1
  check_reduction (input): 0
  lower_bound_val: 0
  dimidx: -1
  check_reduction (output): 0
  new map (map2): (d0, d1) -> (d0 + 1)
  validDims: 1, validSims: 0
  Created SubmapOp with type: memref<?x?xf64>
=== remap_in_affine_dim END ===

  Input 2 indexing map: (d0) -> (d0)

=== getLinalgArgMap ===
  Initial lgMap: (d0) -> (d0)
  Found SubmapOp with map: (d0) -> (d0 + 2)
  Composed map: (d0) -> (d0 + 2)
  Final lgMap: (d0) -> (d0 + 2)
=== getLinalgArgMap END ===

  Calling remap_in_affine_dim for input 2

=== remap_in_affine_dim ===
  oldmap: (d0) -> (d0 + 2)
  firstNDims: 1
  check_reduction (input): 0
  lower_bound_val: 0
  dimidx: -1
  check_reduction (output): 0
  new map (map2): (d0, d1) -> (d0 + 2)
  validDims: 1, validSims: 0
  Created SubmapOp with type: memref<?x?xf64>
=== remap_in_affine_dim END ===

  Processing 1 outputs

=== getLinalgArgMap ===
  Initial lgMap: (d0) -> (d0)
  Found SubmapOp with map: (d0) -> (d0 + 1)
  Composed map: (d0) -> (d0 + 1)
  Final lgMap: (d0) -> (d0 + 1)
=== getLinalgArgMap END ===

  Calling remap_in_affine_dim for output 0

=== remap_in_affine_dim ===
  oldmap: (d0) -> (d0 + 1)
  firstNDims: 1
  check_reduction (input): 1
  lower_bound_val: 0
  dimidx: -1
  check_reduction (output): 1
  new map (map2): (d0, d1) -> (d0 + 1)
  validDims: 1, validSims: 0
  Created SubmapOp with type: memref<?x?xf64>
=== remap_in_affine_dim END ===

Processing linalg.generic:
linalg.generic {indexing_maps = [affine_map<(d0) -> (d0)>, affine_map<(d0) -> (d0)>, affine_map<(d0) -> (d0)>, affine_map<(d0) -> (d0)>], iterator_types = ["parallel"]} ins(%25, %26, %27 : memref<?xf64>, memref<?xf64>, memref<?xf64>) outs(%28 : memref<?xf64>) {
^bb0(%in: f64, %in_0: f64, %in_1: f64, %out: f64):
  %29 = arith.addf %in, %in_0 : f64
  %30 = arith.addf %29, %in_1 : f64
  %31 = arith.mulf %30, %cst : f64
  linalg.yield %31 : f64
}
  Processing 3 inputs
  Input 0 indexing map: (d0) -> (d0)

=== getLinalgArgMap ===
  Initial lgMap: (d0) -> (d0)
  Found SubmapOp with map: (d0) -> (d0)
  Composed map: (d0) -> (d0)
  Final lgMap: (d0) -> (d0)
=== getLinalgArgMap END ===

  Calling remap_in_affine_dim for input 0

=== remap_in_affine_dim ===
  oldmap: (d0) -> (d0)
  firstNDims: 1
  check_reduction (input): 0
  lower_bound_val: 0
  dimidx: -1
  check_reduction (output): 0
  new map (map2): (d0, d1) -> (d0)
  validDims: 1, validSims: 0
  Created SubmapOp with type: memref<?x?xf64>
=== remap_in_affine_dim END ===

  Input 1 indexing map: (d0) -> (d0)

=== getLinalgArgMap ===
  Initial lgMap: (d0) -> (d0)
  Found SubmapOp with map: (d0) -> (d0 + 1)
  Composed map: (d0) -> (d0 + 1)
  Final lgMap: (d0) -> (d0 + 1)
=== getLinalgArgMap END ===

  Calling remap_in_affine_dim for input 1

=== remap_in_affine_dim ===
  oldmap: (d0) -> (d0 + 1)
  firstNDims: 1
  check_reduction (input): 0
  lower_bound_val: 0
  dimidx: -1
  check_reduction (output): 0
  new map (map2): (d0, d1) -> (d0 + 1)
  validDims: 1, validSims: 0
  Created SubmapOp with type: memref<?x?xf64>
=== remap_in_affine_dim END ===

  Input 2 indexing map: (d0) -> (d0)

=== getLinalgArgMap ===
  Initial lgMap: (d0) -> (d0)
  Found SubmapOp with map: (d0) -> (d0 + 2)
  Composed map: (d0) -> (d0 + 2)
  Final lgMap: (d0) -> (d0 + 2)
=== getLinalgArgMap END ===

  Calling remap_in_affine_dim for input 2

=== remap_in_affine_dim ===
  oldmap: (d0) -> (d0 + 2)
  firstNDims: 1
  check_reduction (input): 0
  lower_bound_val: 0
  dimidx: -1
  check_reduction (output): 0
  new map (map2): (d0, d1) -> (d0 + 2)
  validDims: 1, validSims: 0
  Created SubmapOp with type: memref<?x?xf64>
=== remap_in_affine_dim END ===

  Processing 1 outputs

=== getLinalgArgMap ===
  Initial lgMap: (d0) -> (d0)
  Found SubmapOp with map: (d0) -> (d0 + 1)
  Composed map: (d0) -> (d0 + 1)
  Final lgMap: (d0) -> (d0 + 1)
=== getLinalgArgMap END ===

  Calling remap_in_affine_dim for output 0

=== remap_in_affine_dim ===
  oldmap: (d0) -> (d0 + 1)
  firstNDims: 1
  check_reduction (input): 1
  lower_bound_val: 0
  dimidx: -1
  check_reduction (output): 1
  new map (map2): (d0, d1) -> (d0 + 1)
  validDims: 1, validSims: 0
  Created SubmapOp with type: memref<?x?xf64>
=== remap_in_affine_dim END ===


--- Processing Loads ---

--- Processing Stores ---
REJECTED: More than one linalg generic


========================================
=== AffineForOpRaising::matchAndRewrite ===
========================================
Processing loop:
affine.for %arg4 = 0 to %1 {
  %2 = affine.apply affine_map<()[s0] -> (s0 - 1)>()[%0]
  %3 = arith.subi %2, %c1 : index
  %4 = polygeist.submap(%arg2, %3) {map = affine_map<(d0) -> (d0)>} : (memref<?xf64>, index) -> memref<?xf64>
  %5 = polygeist.submap(%arg2, %3) {map = affine_map<(d0) -> (d0 + 1)>} : (memref<?xf64>, index) -> memref<?xf64>
  %6 = polygeist.submap(%arg2, %3) {map = affine_map<(d0) -> (d0 + 2)>} : (memref<?xf64>, index) -> memref<?xf64>
  %7 = polygeist.submap(%arg3, %3) {map = affine_map<(d0) -> (d0 + 1)>} : (memref<?xf64>, index) -> memref<?xf64>
  linalg.generic {indexing_maps = [affine_map<(d0) -> (d0)>, affine_map<(d0) -> (d0)>, affine_map<(d0) -> (d0)>, affine_map<(d0) -> (d0)>], iterator_types = ["parallel"]} ins(%4, %5, %6 : memref<?xf64>, memref<?xf64>, memref<?xf64>) outs(%7 : memref<?xf64>) {
  ^bb0(%in: f64, %in_0: f64, %in_1: f64, %out: f64):
    %14 = arith.addf %in, %in_0 : f64
    %15 = arith.addf %14, %in_1 : f64
    %16 = arith.mulf %15, %cst : f64
    linalg.yield %16 : f64
  }
  %8 = affine.apply affine_map<()[s0] -> (s0 - 1)>()[%0]
  %9 = arith.subi %8, %c1 : index
  %10 = polygeist.submap(%arg3, %9) {map = affine_map<(d0) -> (d0)>} : (memref<?xf64>, index) -> memref<?xf64>
  %11 = polygeist.submap(%arg3, %9) {map = affine_map<(d0) -> (d0 + 1)>} : (memref<?xf64>, index) -> memref<?xf64>
  %12 = polygeist.submap(%arg3, %9) {map = affine_map<(d0) -> (d0 + 2)>} : (memref<?xf64>, index) -> memref<?xf64>
  %13 = polygeist.submap(%arg2, %9) {map = affine_map<(d0) -> (d0 + 1)>} : (memref<?xf64>, index) -> memref<?xf64>
  linalg.generic {indexing_maps = [affine_map<(d0) -> (d0)>, affine_map<(d0) -> (d0)>, affine_map<(d0) -> (d0)>, affine_map<(d0) -> (d0)>], iterator_types = ["parallel"]} ins(%10, %11, %12 : memref<?xf64>, memref<?xf64>, memref<?xf64>) outs(%13 : memref<?xf64>) {
  ^bb0(%in: f64, %in_0: f64, %in_1: f64, %out: f64):
    %14 = arith.addf %in, %in_0 : f64
    %15 = arith.addf %14, %in_1 : f64
    %16 = arith.mulf %15, %cst : f64
    linalg.yield %16 : f64
  }
}

Pattern recognition complete:
  Loads: 0
  Stores: 0
  LinalgGenerics: 2

Loop bounds:
  lbMap: () -> (0)
  ubMap: ()[s0] -> (s0)

--- Processing Linalg Generics ---
Processing linalg.generic:
linalg.generic {indexing_maps = [affine_map<(d0) -> (d0)>, affine_map<(d0) -> (d0)>, affine_map<(d0) -> (d0)>, affine_map<(d0) -> (d0)>], iterator_types = ["parallel"]} ins(%7, %8, %9 : memref<?xf64>, memref<?xf64>, memref<?xf64>) outs(%10 : memref<?xf64>) {
^bb0(%in: f64, %in_0: f64, %in_1: f64, %out: f64):
  %17 = arith.addf %in, %in_0 : f64
  %18 = arith.addf %17, %in_1 : f64
  %19 = arith.mulf %18, %cst : f64
  linalg.yield %19 : f64
}
  Processing 3 inputs
  Input 0 indexing map: (d0) -> (d0)

=== getLinalgArgMap ===
  Initial lgMap: (d0) -> (d0)
  Found SubmapOp with map: (d0) -> (d0)
  Composed map: (d0) -> (d0)
  Final lgMap: (d0) -> (d0)
=== getLinalgArgMap END ===

  Calling remap_in_affine_dim for input 0

=== remap_in_affine_dim ===
  oldmap: (d0) -> (d0)
  firstNDims: 1
  check_reduction (input): 0
  lower_bound_val: 0
  dimidx: -1
  check_reduction (output): 0
  new map (map2): (d0, d1) -> (d0)
  validDims: 1, validSims: 0
  Created SubmapOp with type: memref<?x?xf64>
=== remap_in_affine_dim END ===

  Input 1 indexing map: (d0) -> (d0)

=== getLinalgArgMap ===
  Initial lgMap: (d0) -> (d0)
  Found SubmapOp with map: (d0) -> (d0 + 1)
  Composed map: (d0) -> (d0 + 1)
  Final lgMap: (d0) -> (d0 + 1)
=== getLinalgArgMap END ===

  Calling remap_in_affine_dim for input 1

=== remap_in_affine_dim ===
  oldmap: (d0) -> (d0 + 1)
  firstNDims: 1
  check_reduction (input): 0
  lower_bound_val: 0
  dimidx: -1
  check_reduction (output): 0
  new map (map2): (d0, d1) -> (d0 + 1)
  validDims: 1, validSims: 0
  Created SubmapOp with type: memref<?x?xf64>
=== remap_in_affine_dim END ===

  Input 2 indexing map: (d0) -> (d0)

=== getLinalgArgMap ===
  Initial lgMap: (d0) -> (d0)
  Found SubmapOp with map: (d0) -> (d0 + 2)
  Composed map: (d0) -> (d0 + 2)
  Final lgMap: (d0) -> (d0 + 2)
=== getLinalgArgMap END ===

  Calling remap_in_affine_dim for input 2

=== remap_in_affine_dim ===
  oldmap: (d0) -> (d0 + 2)
  firstNDims: 1
  check_reduction (input): 0
  lower_bound_val: 0
  dimidx: -1
  check_reduction (output): 0
  new map (map2): (d0, d1) -> (d0 + 2)
  validDims: 1, validSims: 0
  Created SubmapOp with type: memref<?x?xf64>
=== remap_in_affine_dim END ===

  Processing 1 outputs

=== getLinalgArgMap ===
  Initial lgMap: (d0) -> (d0)
  Found SubmapOp with map: (d0) -> (d0 + 1)
  Composed map: (d0) -> (d0 + 1)
  Final lgMap: (d0) -> (d0 + 1)
=== getLinalgArgMap END ===

  Calling remap_in_affine_dim for output 0

=== remap_in_affine_dim ===
  oldmap: (d0) -> (d0 + 1)
  firstNDims: 1
  check_reduction (input): 1
  lower_bound_val: 0
  dimidx: -1
  check_reduction (output): 1
  new map (map2): (d0, d1) -> (d0 + 1)
  validDims: 1, validSims: 0
  Created SubmapOp with type: memref<?x?xf64>
=== remap_in_affine_dim END ===

Processing linalg.generic:
linalg.generic {indexing_maps = [affine_map<(d0) -> (d0)>, affine_map<(d0) -> (d0)>, affine_map<(d0) -> (d0)>, affine_map<(d0) -> (d0)>], iterator_types = ["parallel"]} ins(%25, %26, %27 : memref<?xf64>, memref<?xf64>, memref<?xf64>) outs(%28 : memref<?xf64>) {
^bb0(%in: f64, %in_0: f64, %in_1: f64, %out: f64):
  %29 = arith.addf %in, %in_0 : f64
  %30 = arith.addf %29, %in_1 : f64
  %31 = arith.mulf %30, %cst : f64
  linalg.yield %31 : f64
}
  Processing 3 inputs
  Input 0 indexing map: (d0) -> (d0)

=== getLinalgArgMap ===
  Initial lgMap: (d0) -> (d0)
  Found SubmapOp with map: (d0) -> (d0)
  Composed map: (d0) -> (d0)
  Final lgMap: (d0) -> (d0)
=== getLinalgArgMap END ===

  Calling remap_in_affine_dim for input 0

=== remap_in_affine_dim ===
  oldmap: (d0) -> (d0)
  firstNDims: 1
  check_reduction (input): 0
  lower_bound_val: 0
  dimidx: -1
  check_reduction (output): 0
  new map (map2): (d0, d1) -> (d0)
  validDims: 1, validSims: 0
  Created SubmapOp with type: memref<?x?xf64>
=== remap_in_affine_dim END ===

  Input 1 indexing map: (d0) -> (d0)

=== getLinalgArgMap ===
  Initial lgMap: (d0) -> (d0)
  Found SubmapOp with map: (d0) -> (d0 + 1)
  Composed map: (d0) -> (d0 + 1)
  Final lgMap: (d0) -> (d0 + 1)
=== getLinalgArgMap END ===

  Calling remap_in_affine_dim for input 1

=== remap_in_affine_dim ===
  oldmap: (d0) -> (d0 + 1)
  firstNDims: 1
  check_reduction (input): 0
  lower_bound_val: 0
  dimidx: -1
  check_reduction (output): 0
  new map (map2): (d0, d1) -> (d0 + 1)
  validDims: 1, validSims: 0
  Created SubmapOp with type: memref<?x?xf64>
=== remap_in_affine_dim END ===

  Input 2 indexing map: (d0) -> (d0)

=== getLinalgArgMap ===
  Initial lgMap: (d0) -> (d0)
  Found SubmapOp with map: (d0) -> (d0 + 2)
  Composed map: (d0) -> (d0 + 2)
  Final lgMap: (d0) -> (d0 + 2)
=== getLinalgArgMap END ===

  Calling remap_in_affine_dim for input 2

=== remap_in_affine_dim ===
  oldmap: (d0) -> (d0 + 2)
  firstNDims: 1
  check_reduction (input): 0
  lower_bound_val: 0
  dimidx: -1
  check_reduction (output): 0
  new map (map2): (d0, d1) -> (d0 + 2)
  validDims: 1, validSims: 0
  Created SubmapOp with type: memref<?x?xf64>
=== remap_in_affine_dim END ===

  Processing 1 outputs

=== getLinalgArgMap ===
  Initial lgMap: (d0) -> (d0)
  Found SubmapOp with map: (d0) -> (d0 + 1)
  Composed map: (d0) -> (d0 + 1)
  Final lgMap: (d0) -> (d0 + 1)
=== getLinalgArgMap END ===

  Calling remap_in_affine_dim for output 0

=== remap_in_affine_dim ===
  oldmap: (d0) -> (d0 + 1)
  firstNDims: 1
  check_reduction (input): 1
  lower_bound_val: 0
  dimidx: -1
  check_reduction (output): 1
  new map (map2): (d0, d1) -> (d0 + 1)
  validDims: 1, validSims: 0
  Created SubmapOp with type: memref<?x?xf64>
=== remap_in_affine_dim END ===


--- Processing Loads ---

--- Processing Stores ---
REJECTED: More than one linalg generic


========================================
=== AffineForOpRaising::matchAndRewrite ===
========================================
Processing loop:
affine.for %arg4 = 0 to %1 {
  %2 = affine.apply affine_map<()[s0] -> (s0 - 1)>()[%0]
  %3 = arith.subi %2, %c1 : index
  %4 = polygeist.submap(%arg2, %3) {map = affine_map<(d0) -> (d0)>} : (memref<?xf64>, index) -> memref<?xf64>
  %5 = polygeist.submap(%arg2, %3) {map = affine_map<(d0) -> (d0 + 1)>} : (memref<?xf64>, index) -> memref<?xf64>
  %6 = polygeist.submap(%arg2, %3) {map = affine_map<(d0) -> (d0 + 2)>} : (memref<?xf64>, index) -> memref<?xf64>
  %7 = polygeist.submap(%arg3, %3) {map = affine_map<(d0) -> (d0 + 1)>} : (memref<?xf64>, index) -> memref<?xf64>
  linalg.generic {indexing_maps = [affine_map<(d0) -> (d0)>, affine_map<(d0) -> (d0)>, affine_map<(d0) -> (d0)>, affine_map<(d0) -> (d0)>], iterator_types = ["parallel"]} ins(%4, %5, %6 : memref<?xf64>, memref<?xf64>, memref<?xf64>) outs(%7 : memref<?xf64>) {
  ^bb0(%in: f64, %in_0: f64, %in_1: f64, %out: f64):
    %14 = arith.addf %in, %in_0 : f64
    %15 = arith.addf %14, %in_1 : f64
    %16 = arith.mulf %15, %cst : f64
    linalg.yield %16 : f64
  }
  %8 = affine.apply affine_map<()[s0] -> (s0 - 1)>()[%0]
  %9 = arith.subi %8, %c1 : index
  %10 = polygeist.submap(%arg3, %9) {map = affine_map<(d0) -> (d0)>} : (memref<?xf64>, index) -> memref<?xf64>
  %11 = polygeist.submap(%arg3, %9) {map = affine_map<(d0) -> (d0 + 1)>} : (memref<?xf64>, index) -> memref<?xf64>
  %12 = polygeist.submap(%arg3, %9) {map = affine_map<(d0) -> (d0 + 2)>} : (memref<?xf64>, index) -> memref<?xf64>
  %13 = polygeist.submap(%arg2, %9) {map = affine_map<(d0) -> (d0 + 1)>} : (memref<?xf64>, index) -> memref<?xf64>
  linalg.generic {indexing_maps = [affine_map<(d0) -> (d0)>, affine_map<(d0) -> (d0)>, affine_map<(d0) -> (d0)>, affine_map<(d0) -> (d0)>], iterator_types = ["parallel"]} ins(%10, %11, %12 : memref<?xf64>, memref<?xf64>, memref<?xf64>) outs(%13 : memref<?xf64>) {
  ^bb0(%in: f64, %in_0: f64, %in_1: f64, %out: f64):
    %14 = arith.addf %in, %in_0 : f64
    %15 = arith.addf %14, %in_1 : f64
    %16 = arith.mulf %15, %cst : f64
    linalg.yield %16 : f64
  }
}

Pattern recognition complete:
  Loads: 0
  Stores: 0
  LinalgGenerics: 2

Loop bounds:
  lbMap: () -> (0)
  ubMap: ()[s0] -> (s0)

--- Processing Linalg Generics ---
Processing linalg.generic:
linalg.generic {indexing_maps = [affine_map<(d0) -> (d0)>, affine_map<(d0) -> (d0)>, affine_map<(d0) -> (d0)>, affine_map<(d0) -> (d0)>], iterator_types = ["parallel"]} ins(%7, %8, %9 : memref<?xf64>, memref<?xf64>, memref<?xf64>) outs(%10 : memref<?xf64>) {
^bb0(%in: f64, %in_0: f64, %in_1: f64, %out: f64):
  %17 = arith.addf %in, %in_0 : f64
  %18 = arith.addf %17, %in_1 : f64
  %19 = arith.mulf %18, %cst : f64
  linalg.yield %19 : f64
}
  Processing 3 inputs
  Input 0 indexing map: (d0) -> (d0)

=== getLinalgArgMap ===
  Initial lgMap: (d0) -> (d0)
  Found SubmapOp with map: (d0) -> (d0)
  Composed map: (d0) -> (d0)
  Final lgMap: (d0) -> (d0)
=== getLinalgArgMap END ===

  Calling remap_in_affine_dim for input 0

=== remap_in_affine_dim ===
  oldmap: (d0) -> (d0)
  firstNDims: 1
  check_reduction (input): 0
  lower_bound_val: 0
  dimidx: -1
  check_reduction (output): 0
  new map (map2): (d0, d1) -> (d0)
  validDims: 1, validSims: 0
  Created SubmapOp with type: memref<?x?xf64>
=== remap_in_affine_dim END ===

  Input 1 indexing map: (d0) -> (d0)

=== getLinalgArgMap ===
  Initial lgMap: (d0) -> (d0)
  Found SubmapOp with map: (d0) -> (d0 + 1)
  Composed map: (d0) -> (d0 + 1)
  Final lgMap: (d0) -> (d0 + 1)
=== getLinalgArgMap END ===

  Calling remap_in_affine_dim for input 1

=== remap_in_affine_dim ===
  oldmap: (d0) -> (d0 + 1)
  firstNDims: 1
  check_reduction (input): 0
  lower_bound_val: 0
  dimidx: -1
  check_reduction (output): 0
  new map (map2): (d0, d1) -> (d0 + 1)
  validDims: 1, validSims: 0
  Created SubmapOp with type: memref<?x?xf64>
=== remap_in_affine_dim END ===

  Input 2 indexing map: (d0) -> (d0)

=== getLinalgArgMap ===
  Initial lgMap: (d0) -> (d0)
  Found SubmapOp with map: (d0) -> (d0 + 2)
  Composed map: (d0) -> (d0 + 2)
  Final lgMap: (d0) -> (d0 + 2)
=== getLinalgArgMap END ===

  Calling remap_in_affine_dim for input 2

=== remap_in_affine_dim ===
  oldmap: (d0) -> (d0 + 2)
  firstNDims: 1
  check_reduction (input): 0
  lower_bound_val: 0
  dimidx: -1
  check_reduction (output): 0
  new map (map2): (d0, d1) -> (d0 + 2)
  validDims: 1, validSims: 0
  Created SubmapOp with type: memref<?x?xf64>
=== remap_in_affine_dim END ===

  Processing 1 outputs

=== getLinalgArgMap ===
  Initial lgMap: (d0) -> (d0)
  Found SubmapOp with map: (d0) -> (d0 + 1)
  Composed map: (d0) -> (d0 + 1)
  Final lgMap: (d0) -> (d0 + 1)
=== getLinalgArgMap END ===

  Calling remap_in_affine_dim for output 0

=== remap_in_affine_dim ===
  oldmap: (d0) -> (d0 + 1)
  firstNDims: 1
  check_reduction (input): 1
  lower_bound_val: 0
  dimidx: -1
  check_reduction (output): 1
  new map (map2): (d0, d1) -> (d0 + 1)
  validDims: 1, validSims: 0
  Created SubmapOp with type: memref<?x?xf64>
=== remap_in_affine_dim END ===

Processing linalg.generic:
linalg.generic {indexing_maps = [affine_map<(d0) -> (d0)>, affine_map<(d0) -> (d0)>, affine_map<(d0) -> (d0)>, affine_map<(d0) -> (d0)>], iterator_types = ["parallel"]} ins(%25, %26, %27 : memref<?xf64>, memref<?xf64>, memref<?xf64>) outs(%28 : memref<?xf64>) {
^bb0(%in: f64, %in_0: f64, %in_1: f64, %out: f64):
  %29 = arith.addf %in, %in_0 : f64
  %30 = arith.addf %29, %in_1 : f64
  %31 = arith.mulf %30, %cst : f64
  linalg.yield %31 : f64
}
  Processing 3 inputs
  Input 0 indexing map: (d0) -> (d0)

=== getLinalgArgMap ===
  Initial lgMap: (d0) -> (d0)
  Found SubmapOp with map: (d0) -> (d0)
  Composed map: (d0) -> (d0)
  Final lgMap: (d0) -> (d0)
=== getLinalgArgMap END ===

  Calling remap_in_affine_dim for input 0

=== remap_in_affine_dim ===
  oldmap: (d0) -> (d0)
  firstNDims: 1
  check_reduction (input): 0
  lower_bound_val: 0
  dimidx: -1
  check_reduction (output): 0
  new map (map2): (d0, d1) -> (d0)
  validDims: 1, validSims: 0
  Created SubmapOp with type: memref<?x?xf64>
=== remap_in_affine_dim END ===

  Input 1 indexing map: (d0) -> (d0)

=== getLinalgArgMap ===
  Initial lgMap: (d0) -> (d0)
  Found SubmapOp with map: (d0) -> (d0 + 1)
  Composed map: (d0) -> (d0 + 1)
  Final lgMap: (d0) -> (d0 + 1)
=== getLinalgArgMap END ===

  Calling remap_in_affine_dim for input 1

=== remap_in_affine_dim ===
  oldmap: (d0) -> (d0 + 1)
  firstNDims: 1
  check_reduction (input): 0
  lower_bound_val: 0
  dimidx: -1
  check_reduction (output): 0
  new map (map2): (d0, d1) -> (d0 + 1)
  validDims: 1, validSims: 0
  Created SubmapOp with type: memref<?x?xf64>
=== remap_in_affine_dim END ===

  Input 2 indexing map: (d0) -> (d0)

=== getLinalgArgMap ===
  Initial lgMap: (d0) -> (d0)
  Found SubmapOp with map: (d0) -> (d0 + 2)
  Composed map: (d0) -> (d0 + 2)
  Final lgMap: (d0) -> (d0 + 2)
=== getLinalgArgMap END ===

  Calling remap_in_affine_dim for input 2

=== remap_in_affine_dim ===
  oldmap: (d0) -> (d0 + 2)
  firstNDims: 1
  check_reduction (input): 0
  lower_bound_val: 0
  dimidx: -1
  check_reduction (output): 0
  new map (map2): (d0, d1) -> (d0 + 2)
  validDims: 1, validSims: 0
  Created SubmapOp with type: memref<?x?xf64>
=== remap_in_affine_dim END ===

  Processing 1 outputs

=== getLinalgArgMap ===
  Initial lgMap: (d0) -> (d0)
  Found SubmapOp with map: (d0) -> (d0 + 1)
  Composed map: (d0) -> (d0 + 1)
  Final lgMap: (d0) -> (d0 + 1)
=== getLinalgArgMap END ===

  Calling remap_in_affine_dim for output 0

=== remap_in_affine_dim ===
  oldmap: (d0) -> (d0 + 1)
  firstNDims: 1
  check_reduction (input): 1
  lower_bound_val: 0
  dimidx: -1
  check_reduction (output): 1
  new map (map2): (d0, d1) -> (d0 + 1)
  validDims: 1, validSims: 0
  Created SubmapOp with type: memref<?x?xf64>
=== remap_in_affine_dim END ===


--- Processing Loads ---

--- Processing Stores ---
REJECTED: More than one linalg generic


========================================
=== AffineForOpRaising::matchAndRewrite ===
========================================
Processing loop:
affine.for %arg4 = 0 to %1 {
  %2 = affine.apply affine_map<()[s0] -> (s0 - 1)>()[%0]
  %3 = arith.subi %2, %c1 : index
  %4 = polygeist.submap(%arg2, %3) {map = affine_map<(d0) -> (d0)>} : (memref<?xf64>, index) -> memref<?xf64>
  %5 = polygeist.submap(%arg2, %3) {map = affine_map<(d0) -> (d0 + 1)>} : (memref<?xf64>, index) -> memref<?xf64>
  %6 = polygeist.submap(%arg2, %3) {map = affine_map<(d0) -> (d0 + 2)>} : (memref<?xf64>, index) -> memref<?xf64>
  %7 = polygeist.submap(%arg3, %3) {map = affine_map<(d0) -> (d0 + 1)>} : (memref<?xf64>, index) -> memref<?xf64>
  linalg.generic {indexing_maps = [affine_map<(d0) -> (d0)>, affine_map<(d0) -> (d0)>, affine_map<(d0) -> (d0)>, affine_map<(d0) -> (d0)>], iterator_types = ["parallel"]} ins(%4, %5, %6 : memref<?xf64>, memref<?xf64>, memref<?xf64>) outs(%7 : memref<?xf64>) {
  ^bb0(%in: f64, %in_0: f64, %in_1: f64, %out: f64):
    %14 = arith.addf %in, %in_0 : f64
    %15 = arith.addf %14, %in_1 : f64
    %16 = arith.mulf %15, %cst : f64
    linalg.yield %16 : f64
  }
  %8 = affine.apply affine_map<()[s0] -> (s0 - 1)>()[%0]
  %9 = arith.subi %8, %c1 : index
  %10 = polygeist.submap(%arg3, %9) {map = affine_map<(d0) -> (d0)>} : (memref<?xf64>, index) -> memref<?xf64>
  %11 = polygeist.submap(%arg3, %9) {map = affine_map<(d0) -> (d0 + 1)>} : (memref<?xf64>, index) -> memref<?xf64>
  %12 = polygeist.submap(%arg3, %9) {map = affine_map<(d0) -> (d0 + 2)>} : (memref<?xf64>, index) -> memref<?xf64>
  %13 = polygeist.submap(%arg2, %9) {map = affine_map<(d0) -> (d0 + 1)>} : (memref<?xf64>, index) -> memref<?xf64>
  linalg.generic {indexing_maps = [affine_map<(d0) -> (d0)>, affine_map<(d0) -> (d0)>, affine_map<(d0) -> (d0)>, affine_map<(d0) -> (d0)>], iterator_types = ["parallel"]} ins(%10, %11, %12 : memref<?xf64>, memref<?xf64>, memref<?xf64>) outs(%13 : memref<?xf64>) {
  ^bb0(%in: f64, %in_0: f64, %in_1: f64, %out: f64):
    %14 = arith.addf %in, %in_0 : f64
    %15 = arith.addf %14, %in_1 : f64
    %16 = arith.mulf %15, %cst : f64
    linalg.yield %16 : f64
  }
}

Pattern recognition complete:
  Loads: 0
  Stores: 0
  LinalgGenerics: 2

Loop bounds:
  lbMap: () -> (0)
  ubMap: ()[s0] -> (s0)

--- Processing Linalg Generics ---
Processing linalg.generic:
linalg.generic {indexing_maps = [affine_map<(d0) -> (d0)>, affine_map<(d0) -> (d0)>, affine_map<(d0) -> (d0)>, affine_map<(d0) -> (d0)>], iterator_types = ["parallel"]} ins(%7, %8, %9 : memref<?xf64>, memref<?xf64>, memref<?xf64>) outs(%10 : memref<?xf64>) {
^bb0(%in: f64, %in_0: f64, %in_1: f64, %out: f64):
  %17 = arith.addf %in, %in_0 : f64
  %18 = arith.addf %17, %in_1 : f64
  %19 = arith.mulf %18, %cst : f64
  linalg.yield %19 : f64
}
  Processing 3 inputs
  Input 0 indexing map: (d0) -> (d0)

=== getLinalgArgMap ===
  Initial lgMap: (d0) -> (d0)
  Found SubmapOp with map: (d0) -> (d0)
  Composed map: (d0) -> (d0)
  Final lgMap: (d0) -> (d0)
=== getLinalgArgMap END ===

  Calling remap_in_affine_dim for input 0

=== remap_in_affine_dim ===
  oldmap: (d0) -> (d0)
  firstNDims: 1
  check_reduction (input): 0
  lower_bound_val: 0
  dimidx: -1
  check_reduction (output): 0
  new map (map2): (d0, d1) -> (d0)
  validDims: 1, validSims: 0
  Created SubmapOp with type: memref<?x?xf64>
=== remap_in_affine_dim END ===

  Input 1 indexing map: (d0) -> (d0)

=== getLinalgArgMap ===
  Initial lgMap: (d0) -> (d0)
  Found SubmapOp with map: (d0) -> (d0 + 1)
  Composed map: (d0) -> (d0 + 1)
  Final lgMap: (d0) -> (d0 + 1)
=== getLinalgArgMap END ===

  Calling remap_in_affine_dim for input 1

=== remap_in_affine_dim ===
  oldmap: (d0) -> (d0 + 1)
  firstNDims: 1
  check_reduction (input): 0
  lower_bound_val: 0
  dimidx: -1
  check_reduction (output): 0
  new map (map2): (d0, d1) -> (d0 + 1)
  validDims: 1, validSims: 0
  Created SubmapOp with type: memref<?x?xf64>
=== remap_in_affine_dim END ===

  Input 2 indexing map: (d0) -> (d0)

=== getLinalgArgMap ===
  Initial lgMap: (d0) -> (d0)
  Found SubmapOp with map: (d0) -> (d0 + 2)
  Composed map: (d0) -> (d0 + 2)
  Final lgMap: (d0) -> (d0 + 2)
=== getLinalgArgMap END ===

  Calling remap_in_affine_dim for input 2

=== remap_in_affine_dim ===
  oldmap: (d0) -> (d0 + 2)
  firstNDims: 1
  check_reduction (input): 0
  lower_bound_val: 0
  dimidx: -1
  check_reduction (output): 0
  new map (map2): (d0, d1) -> (d0 + 2)
  validDims: 1, validSims: 0
  Created SubmapOp with type: memref<?x?xf64>
=== remap_in_affine_dim END ===

  Processing 1 outputs

=== getLinalgArgMap ===
  Initial lgMap: (d0) -> (d0)
  Found SubmapOp with map: (d0) -> (d0 + 1)
  Composed map: (d0) -> (d0 + 1)
  Final lgMap: (d0) -> (d0 + 1)
=== getLinalgArgMap END ===

  Calling remap_in_affine_dim for output 0

=== remap_in_affine_dim ===
  oldmap: (d0) -> (d0 + 1)
  firstNDims: 1
  check_reduction (input): 1
  lower_bound_val: 0
  dimidx: -1
  check_reduction (output): 1
  new map (map2): (d0, d1) -> (d0 + 1)
  validDims: 1, validSims: 0
  Created SubmapOp with type: memref<?x?xf64>
=== remap_in_affine_dim END ===

Processing linalg.generic:
linalg.generic {indexing_maps = [affine_map<(d0) -> (d0)>, affine_map<(d0) -> (d0)>, affine_map<(d0) -> (d0)>, affine_map<(d0) -> (d0)>], iterator_types = ["parallel"]} ins(%25, %26, %27 : memref<?xf64>, memref<?xf64>, memref<?xf64>) outs(%28 : memref<?xf64>) {
^bb0(%in: f64, %in_0: f64, %in_1: f64, %out: f64):
  %29 = arith.addf %in, %in_0 : f64
  %30 = arith.addf %29, %in_1 : f64
  %31 = arith.mulf %30, %cst : f64
  linalg.yield %31 : f64
}
  Processing 3 inputs
  Input 0 indexing map: (d0) -> (d0)

=== getLinalgArgMap ===
  Initial lgMap: (d0) -> (d0)
  Found SubmapOp with map: (d0) -> (d0)
  Composed map: (d0) -> (d0)
  Final lgMap: (d0) -> (d0)
=== getLinalgArgMap END ===

  Calling remap_in_affine_dim for input 0

=== remap_in_affine_dim ===
  oldmap: (d0) -> (d0)
  firstNDims: 1
  check_reduction (input): 0
  lower_bound_val: 0
  dimidx: -1
  check_reduction (output): 0
  new map (map2): (d0, d1) -> (d0)
  validDims: 1, validSims: 0
  Created SubmapOp with type: memref<?x?xf64>
=== remap_in_affine_dim END ===

  Input 1 indexing map: (d0) -> (d0)

=== getLinalgArgMap ===
  Initial lgMap: (d0) -> (d0)
  Found SubmapOp with map: (d0) -> (d0 + 1)
  Composed map: (d0) -> (d0 + 1)
  Final lgMap: (d0) -> (d0 + 1)
=== getLinalgArgMap END ===

  Calling remap_in_affine_dim for input 1

=== remap_in_affine_dim ===
  oldmap: (d0) -> (d0 + 1)
  firstNDims: 1
  check_reduction (input): 0
  lower_bound_val: 0
  dimidx: -1
  check_reduction (output): 0
  new map (map2): (d0, d1) -> (d0 + 1)
  validDims: 1, validSims: 0
  Created SubmapOp with type: memref<?x?xf64>
=== remap_in_affine_dim END ===

  Input 2 indexing map: (d0) -> (d0)

=== getLinalgArgMap ===
  Initial lgMap: (d0) -> (d0)
  Found SubmapOp with map: (d0) -> (d0 + 2)
  Composed map: (d0) -> (d0 + 2)
  Final lgMap: (d0) -> (d0 + 2)
=== getLinalgArgMap END ===

  Calling remap_in_affine_dim for input 2

=== remap_in_affine_dim ===
  oldmap: (d0) -> (d0 + 2)
  firstNDims: 1
  check_reduction (input): 0
  lower_bound_val: 0
  dimidx: -1
  check_reduction (output): 0
  new map (map2): (d0, d1) -> (d0 + 2)
  validDims: 1, validSims: 0
  Created SubmapOp with type: memref<?x?xf64>
=== remap_in_affine_dim END ===

  Processing 1 outputs

=== getLinalgArgMap ===
  Initial lgMap: (d0) -> (d0)
  Found SubmapOp with map: (d0) -> (d0 + 1)
  Composed map: (d0) -> (d0 + 1)
  Final lgMap: (d0) -> (d0 + 1)
=== getLinalgArgMap END ===

  Calling remap_in_affine_dim for output 0

=== remap_in_affine_dim ===
  oldmap: (d0) -> (d0 + 1)
  firstNDims: 1
  check_reduction (input): 1
  lower_bound_val: 0
  dimidx: -1
  check_reduction (output): 1
  new map (map2): (d0, d1) -> (d0 + 1)
  validDims: 1, validSims: 0
  Created SubmapOp with type: memref<?x?xf64>
=== remap_in_affine_dim END ===


--- Processing Loads ---

--- Processing Stores ---
REJECTED: More than one linalg generic


========================================
=== AffineForOpRaising::matchAndRewrite ===
========================================
Processing loop:
affine.for %arg4 = 0 to %1 {
  %2 = affine.apply affine_map<()[s0] -> (s0 - 1)>()[%0]
  %3 = arith.subi %2, %c1 : index
  %4 = polygeist.submap(%arg2, %3) {map = affine_map<(d0) -> (d0)>} : (memref<?xf64>, index) -> memref<?xf64>
  %5 = polygeist.submap(%arg2, %3) {map = affine_map<(d0) -> (d0 + 1)>} : (memref<?xf64>, index) -> memref<?xf64>
  %6 = polygeist.submap(%arg2, %3) {map = affine_map<(d0) -> (d0 + 2)>} : (memref<?xf64>, index) -> memref<?xf64>
  %7 = polygeist.submap(%arg3, %3) {map = affine_map<(d0) -> (d0 + 1)>} : (memref<?xf64>, index) -> memref<?xf64>
  linalg.generic {indexing_maps = [affine_map<(d0) -> (d0)>, affine_map<(d0) -> (d0)>, affine_map<(d0) -> (d0)>, affine_map<(d0) -> (d0)>], iterator_types = ["parallel"]} ins(%4, %5, %6 : memref<?xf64>, memref<?xf64>, memref<?xf64>) outs(%7 : memref<?xf64>) {
  ^bb0(%in: f64, %in_0: f64, %in_1: f64, %out: f64):
    %14 = arith.addf %in, %in_0 : f64
    %15 = arith.addf %14, %in_1 : f64
    %16 = arith.mulf %15, %cst : f64
    linalg.yield %16 : f64
  }
  %8 = affine.apply affine_map<()[s0] -> (s0 - 1)>()[%0]
  %9 = arith.subi %8, %c1 : index
  %10 = polygeist.submap(%arg3, %9) {map = affine_map<(d0) -> (d0)>} : (memref<?xf64>, index) -> memref<?xf64>
  %11 = polygeist.submap(%arg3, %9) {map = affine_map<(d0) -> (d0 + 1)>} : (memref<?xf64>, index) -> memref<?xf64>
  %12 = polygeist.submap(%arg3, %9) {map = affine_map<(d0) -> (d0 + 2)>} : (memref<?xf64>, index) -> memref<?xf64>
  %13 = polygeist.submap(%arg2, %9) {map = affine_map<(d0) -> (d0 + 1)>} : (memref<?xf64>, index) -> memref<?xf64>
  linalg.generic {indexing_maps = [affine_map<(d0) -> (d0)>, affine_map<(d0) -> (d0)>, affine_map<(d0) -> (d0)>, affine_map<(d0) -> (d0)>], iterator_types = ["parallel"]} ins(%10, %11, %12 : memref<?xf64>, memref<?xf64>, memref<?xf64>) outs(%13 : memref<?xf64>) {
  ^bb0(%in: f64, %in_0: f64, %in_1: f64, %out: f64):
    %14 = arith.addf %in, %in_0 : f64
    %15 = arith.addf %14, %in_1 : f64
    %16 = arith.mulf %15, %cst : f64
    linalg.yield %16 : f64
  }
}

Pattern recognition complete:
  Loads: 0
  Stores: 0
  LinalgGenerics: 2

Loop bounds:
  lbMap: () -> (0)
  ubMap: ()[s0] -> (s0)

--- Processing Linalg Generics ---
Processing linalg.generic:
linalg.generic {indexing_maps = [affine_map<(d0) -> (d0)>, affine_map<(d0) -> (d0)>, affine_map<(d0) -> (d0)>, affine_map<(d0) -> (d0)>], iterator_types = ["parallel"]} ins(%7, %8, %9 : memref<?xf64>, memref<?xf64>, memref<?xf64>) outs(%10 : memref<?xf64>) {
^bb0(%in: f64, %in_0: f64, %in_1: f64, %out: f64):
  %17 = arith.addf %in, %in_0 : f64
  %18 = arith.addf %17, %in_1 : f64
  %19 = arith.mulf %18, %cst : f64
  linalg.yield %19 : f64
}
  Processing 3 inputs
  Input 0 indexing map: (d0) -> (d0)

=== getLinalgArgMap ===
  Initial lgMap: (d0) -> (d0)
  Found SubmapOp with map: (d0) -> (d0)
  Composed map: (d0) -> (d0)
  Final lgMap: (d0) -> (d0)
=== getLinalgArgMap END ===

  Calling remap_in_affine_dim for input 0

=== remap_in_affine_dim ===
  oldmap: (d0) -> (d0)
  firstNDims: 1
  check_reduction (input): 0
  lower_bound_val: 0
  dimidx: -1
  check_reduction (output): 0
  new map (map2): (d0, d1) -> (d0)
  validDims: 1, validSims: 0
  Created SubmapOp with type: memref<?x?xf64>
=== remap_in_affine_dim END ===

  Input 1 indexing map: (d0) -> (d0)

=== getLinalgArgMap ===
  Initial lgMap: (d0) -> (d0)
  Found SubmapOp with map: (d0) -> (d0 + 1)
  Composed map: (d0) -> (d0 + 1)
  Final lgMap: (d0) -> (d0 + 1)
=== getLinalgArgMap END ===

  Calling remap_in_affine_dim for input 1

=== remap_in_affine_dim ===
  oldmap: (d0) -> (d0 + 1)
  firstNDims: 1
  check_reduction (input): 0
  lower_bound_val: 0
  dimidx: -1
  check_reduction (output): 0
  new map (map2): (d0, d1) -> (d0 + 1)
  validDims: 1, validSims: 0
  Created SubmapOp with type: memref<?x?xf64>
=== remap_in_affine_dim END ===

  Input 2 indexing map: (d0) -> (d0)

=== getLinalgArgMap ===
  Initial lgMap: (d0) -> (d0)
  Found SubmapOp with map: (d0) -> (d0 + 2)
  Composed map: (d0) -> (d0 + 2)
  Final lgMap: (d0) -> (d0 + 2)
=== getLinalgArgMap END ===

  Calling remap_in_affine_dim for input 2

=== remap_in_affine_dim ===
  oldmap: (d0) -> (d0 + 2)
  firstNDims: 1
  check_reduction (input): 0
  lower_bound_val: 0
  dimidx: -1
  check_reduction (output): 0
  new map (map2): (d0, d1) -> (d0 + 2)
  validDims: 1, validSims: 0
  Created SubmapOp with type: memref<?x?xf64>
=== remap_in_affine_dim END ===

  Processing 1 outputs

=== getLinalgArgMap ===
  Initial lgMap: (d0) -> (d0)
  Found SubmapOp with map: (d0) -> (d0 + 1)
  Composed map: (d0) -> (d0 + 1)
  Final lgMap: (d0) -> (d0 + 1)
=== getLinalgArgMap END ===

  Calling remap_in_affine_dim for output 0

=== remap_in_affine_dim ===
  oldmap: (d0) -> (d0 + 1)
  firstNDims: 1
  check_reduction (input): 1
  lower_bound_val: 0
  dimidx: -1
  check_reduction (output): 1
  new map (map2): (d0, d1) -> (d0 + 1)
  validDims: 1, validSims: 0
  Created SubmapOp with type: memref<?x?xf64>
=== remap_in_affine_dim END ===

Processing linalg.generic:
linalg.generic {indexing_maps = [affine_map<(d0) -> (d0)>, affine_map<(d0) -> (d0)>, affine_map<(d0) -> (d0)>, affine_map<(d0) -> (d0)>], iterator_types = ["parallel"]} ins(%25, %26, %27 : memref<?xf64>, memref<?xf64>, memref<?xf64>) outs(%28 : memref<?xf64>) {
^bb0(%in: f64, %in_0: f64, %in_1: f64, %out: f64):
  %29 = arith.addf %in, %in_0 : f64
  %30 = arith.addf %29, %in_1 : f64
  %31 = arith.mulf %30, %cst : f64
  linalg.yield %31 : f64
}
  Processing 3 inputs
  Input 0 indexing map: (d0) -> (d0)

=== getLinalgArgMap ===
  Initial lgMap: (d0) -> (d0)
  Found SubmapOp with map: (d0) -> (d0)
  Composed map: (d0) -> (d0)
  Final lgMap: (d0) -> (d0)
=== getLinalgArgMap END ===

  Calling remap_in_affine_dim for input 0

=== remap_in_affine_dim ===
  oldmap: (d0) -> (d0)
  firstNDims: 1
  check_reduction (input): 0
  lower_bound_val: 0
  dimidx: -1
  check_reduction (output): 0
  new map (map2): (d0, d1) -> (d0)
  validDims: 1, validSims: 0
  Created SubmapOp with type: memref<?x?xf64>
=== remap_in_affine_dim END ===

  Input 1 indexing map: (d0) -> (d0)

=== getLinalgArgMap ===
  Initial lgMap: (d0) -> (d0)
  Found SubmapOp with map: (d0) -> (d0 + 1)
  Composed map: (d0) -> (d0 + 1)
  Final lgMap: (d0) -> (d0 + 1)
=== getLinalgArgMap END ===

  Calling remap_in_affine_dim for input 1

=== remap_in_affine_dim ===
  oldmap: (d0) -> (d0 + 1)
  firstNDims: 1
  check_reduction (input): 0
  lower_bound_val: 0
  dimidx: -1
  check_reduction (output): 0
  new map (map2): (d0, d1) -> (d0 + 1)
  validDims: 1, validSims: 0
  Created SubmapOp with type: memref<?x?xf64>
=== remap_in_affine_dim END ===

  Input 2 indexing map: (d0) -> (d0)

=== getLinalgArgMap ===
  Initial lgMap: (d0) -> (d0)
  Found SubmapOp with map: (d0) -> (d0 + 2)
  Composed map: (d0) -> (d0 + 2)
  Final lgMap: (d0) -> (d0 + 2)
=== getLinalgArgMap END ===

  Calling remap_in_affine_dim for input 2

=== remap_in_affine_dim ===
  oldmap: (d0) -> (d0 + 2)
  firstNDims: 1
  check_reduction (input): 0
  lower_bound_val: 0
  dimidx: -1
  check_reduction (output): 0
  new map (map2): (d0, d1) -> (d0 + 2)
  validDims: 1, validSims: 0
  Created SubmapOp with type: memref<?x?xf64>
=== remap_in_affine_dim END ===

  Processing 1 outputs

=== getLinalgArgMap ===
  Initial lgMap: (d0) -> (d0)
  Found SubmapOp with map: (d0) -> (d0 + 1)
  Composed map: (d0) -> (d0 + 1)
  Final lgMap: (d0) -> (d0 + 1)
=== getLinalgArgMap END ===

  Calling remap_in_affine_dim for output 0

=== remap_in_affine_dim ===
  oldmap: (d0) -> (d0 + 1)
  firstNDims: 1
  check_reduction (input): 1
  lower_bound_val: 0
  dimidx: -1
  check_reduction (output): 1
  new map (map2): (d0, d1) -> (d0 + 1)
  validDims: 1, validSims: 0
  Created SubmapOp with type: memref<?x?xf64>
=== remap_in_affine_dim END ===


--- Processing Loads ---

--- Processing Stores ---
REJECTED: More than one linalg generic


========================================
=== AffineForOpRaising::matchAndRewrite ===
========================================
Processing loop:
affine.for %arg4 = 0 to %1 {
  %2 = affine.apply affine_map<()[s0] -> (s0 - 1)>()[%0]
  %3 = arith.subi %2, %c1 : index
  %4 = polygeist.submap(%arg2, %3) {map = affine_map<(d0) -> (d0)>} : (memref<?xf64>, index) -> memref<?xf64>
  %5 = polygeist.submap(%arg2, %3) {map = affine_map<(d0) -> (d0 + 1)>} : (memref<?xf64>, index) -> memref<?xf64>
  %6 = polygeist.submap(%arg2, %3) {map = affine_map<(d0) -> (d0 + 2)>} : (memref<?xf64>, index) -> memref<?xf64>
  %7 = polygeist.submap(%arg3, %3) {map = affine_map<(d0) -> (d0 + 1)>} : (memref<?xf64>, index) -> memref<?xf64>
  linalg.generic {indexing_maps = [affine_map<(d0) -> (d0)>, affine_map<(d0) -> (d0)>, affine_map<(d0) -> (d0)>, affine_map<(d0) -> (d0)>], iterator_types = ["parallel"]} ins(%4, %5, %6 : memref<?xf64>, memref<?xf64>, memref<?xf64>) outs(%7 : memref<?xf64>) {
  ^bb0(%in: f64, %in_0: f64, %in_1: f64, %out: f64):
    %14 = arith.addf %in, %in_0 : f64
    %15 = arith.addf %14, %in_1 : f64
    %16 = arith.mulf %15, %cst : f64
    linalg.yield %16 : f64
  }
  %8 = affine.apply affine_map<()[s0] -> (s0 - 1)>()[%0]
  %9 = arith.subi %8, %c1 : index
  %10 = polygeist.submap(%arg3, %9) {map = affine_map<(d0) -> (d0)>} : (memref<?xf64>, index) -> memref<?xf64>
  %11 = polygeist.submap(%arg3, %9) {map = affine_map<(d0) -> (d0 + 1)>} : (memref<?xf64>, index) -> memref<?xf64>
  %12 = polygeist.submap(%arg3, %9) {map = affine_map<(d0) -> (d0 + 2)>} : (memref<?xf64>, index) -> memref<?xf64>
  %13 = polygeist.submap(%arg2, %9) {map = affine_map<(d0) -> (d0 + 1)>} : (memref<?xf64>, index) -> memref<?xf64>
  linalg.generic {indexing_maps = [affine_map<(d0) -> (d0)>, affine_map<(d0) -> (d0)>, affine_map<(d0) -> (d0)>, affine_map<(d0) -> (d0)>], iterator_types = ["parallel"]} ins(%10, %11, %12 : memref<?xf64>, memref<?xf64>, memref<?xf64>) outs(%13 : memref<?xf64>) {
  ^bb0(%in: f64, %in_0: f64, %in_1: f64, %out: f64):
    %14 = arith.addf %in, %in_0 : f64
    %15 = arith.addf %14, %in_1 : f64
    %16 = arith.mulf %15, %cst : f64
    linalg.yield %16 : f64
  }
}

Pattern recognition complete:
  Loads: 0
  Stores: 0
  LinalgGenerics: 2

Loop bounds:
  lbMap: () -> (0)
  ubMap: ()[s0] -> (s0)

--- Processing Linalg Generics ---
Processing linalg.generic:
linalg.generic {indexing_maps = [affine_map<(d0) -> (d0)>, affine_map<(d0) -> (d0)>, affine_map<(d0) -> (d0)>, affine_map<(d0) -> (d0)>], iterator_types = ["parallel"]} ins(%7, %8, %9 : memref<?xf64>, memref<?xf64>, memref<?xf64>) outs(%10 : memref<?xf64>) {
^bb0(%in: f64, %in_0: f64, %in_1: f64, %out: f64):
  %17 = arith.addf %in, %in_0 : f64
  %18 = arith.addf %17, %in_1 : f64
  %19 = arith.mulf %18, %cst : f64
  linalg.yield %19 : f64
}
  Processing 3 inputs
  Input 0 indexing map: (d0) -> (d0)

=== getLinalgArgMap ===
  Initial lgMap: (d0) -> (d0)
  Found SubmapOp with map: (d0) -> (d0)
  Composed map: (d0) -> (d0)
  Final lgMap: (d0) -> (d0)
=== getLinalgArgMap END ===

  Calling remap_in_affine_dim for input 0

=== remap_in_affine_dim ===
  oldmap: (d0) -> (d0)
  firstNDims: 1
  check_reduction (input): 0
  lower_bound_val: 0
  dimidx: -1
  check_reduction (output): 0
  new map (map2): (d0, d1) -> (d0)
  validDims: 1, validSims: 0
  Created SubmapOp with type: memref<?x?xf64>
=== remap_in_affine_dim END ===

  Input 1 indexing map: (d0) -> (d0)

=== getLinalgArgMap ===
  Initial lgMap: (d0) -> (d0)
  Found SubmapOp with map: (d0) -> (d0 + 1)
  Composed map: (d0) -> (d0 + 1)
  Final lgMap: (d0) -> (d0 + 1)
=== getLinalgArgMap END ===

  Calling remap_in_affine_dim for input 1

=== remap_in_affine_dim ===
  oldmap: (d0) -> (d0 + 1)
  firstNDims: 1
  check_reduction (input): 0
  lower_bound_val: 0
  dimidx: -1
  check_reduction (output): 0
  new map (map2): (d0, d1) -> (d0 + 1)
  validDims: 1, validSims: 0
  Created SubmapOp with type: memref<?x?xf64>
=== remap_in_affine_dim END ===

  Input 2 indexing map: (d0) -> (d0)

=== getLinalgArgMap ===
  Initial lgMap: (d0) -> (d0)
  Found SubmapOp with map: (d0) -> (d0 + 2)
  Composed map: (d0) -> (d0 + 2)
  Final lgMap: (d0) -> (d0 + 2)
=== getLinalgArgMap END ===

  Calling remap_in_affine_dim for input 2

=== remap_in_affine_dim ===
  oldmap: (d0) -> (d0 + 2)
  firstNDims: 1
  check_reduction (input): 0
  lower_bound_val: 0
  dimidx: -1
  check_reduction (output): 0
  new map (map2): (d0, d1) -> (d0 + 2)
  validDims: 1, validSims: 0
  Created SubmapOp with type: memref<?x?xf64>
=== remap_in_affine_dim END ===

  Processing 1 outputs

=== getLinalgArgMap ===
  Initial lgMap: (d0) -> (d0)
  Found SubmapOp with map: (d0) -> (d0 + 1)
  Composed map: (d0) -> (d0 + 1)
  Final lgMap: (d0) -> (d0 + 1)
=== getLinalgArgMap END ===

  Calling remap_in_affine_dim for output 0

=== remap_in_affine_dim ===
  oldmap: (d0) -> (d0 + 1)
  firstNDims: 1
  check_reduction (input): 1
  lower_bound_val: 0
  dimidx: -1
  check_reduction (output): 1
  new map (map2): (d0, d1) -> (d0 + 1)
  validDims: 1, validSims: 0
  Created SubmapOp with type: memref<?x?xf64>
=== remap_in_affine_dim END ===

Processing linalg.generic:
linalg.generic {indexing_maps = [affine_map<(d0) -> (d0)>, affine_map<(d0) -> (d0)>, affine_map<(d0) -> (d0)>, affine_map<(d0) -> (d0)>], iterator_types = ["parallel"]} ins(%25, %26, %27 : memref<?xf64>, memref<?xf64>, memref<?xf64>) outs(%28 : memref<?xf64>) {
^bb0(%in: f64, %in_0: f64, %in_1: f64, %out: f64):
  %29 = arith.addf %in, %in_0 : f64
  %30 = arith.addf %29, %in_1 : f64
  %31 = arith.mulf %30, %cst : f64
  linalg.yield %31 : f64
}
  Processing 3 inputs
  Input 0 indexing map: (d0) -> (d0)

=== getLinalgArgMap ===
  Initial lgMap: (d0) -> (d0)
  Found SubmapOp with map: (d0) -> (d0)
  Composed map: (d0) -> (d0)
  Final lgMap: (d0) -> (d0)
=== getLinalgArgMap END ===

  Calling remap_in_affine_dim for input 0

=== remap_in_affine_dim ===
  oldmap: (d0) -> (d0)
  firstNDims: 1
  check_reduction (input): 0
  lower_bound_val: 0
  dimidx: -1
  check_reduction (output): 0
  new map (map2): (d0, d1) -> (d0)
  validDims: 1, validSims: 0
  Created SubmapOp with type: memref<?x?xf64>
=== remap_in_affine_dim END ===

  Input 1 indexing map: (d0) -> (d0)

=== getLinalgArgMap ===
  Initial lgMap: (d0) -> (d0)
  Found SubmapOp with map: (d0) -> (d0 + 1)
  Composed map: (d0) -> (d0 + 1)
  Final lgMap: (d0) -> (d0 + 1)
=== getLinalgArgMap END ===

  Calling remap_in_affine_dim for input 1

=== remap_in_affine_dim ===
  oldmap: (d0) -> (d0 + 1)
  firstNDims: 1
  check_reduction (input): 0
  lower_bound_val: 0
  dimidx: -1
  check_reduction (output): 0
  new map (map2): (d0, d1) -> (d0 + 1)
  validDims: 1, validSims: 0
  Created SubmapOp with type: memref<?x?xf64>
=== remap_in_affine_dim END ===

  Input 2 indexing map: (d0) -> (d0)

=== getLinalgArgMap ===
  Initial lgMap: (d0) -> (d0)
  Found SubmapOp with map: (d0) -> (d0 + 2)
  Composed map: (d0) -> (d0 + 2)
  Final lgMap: (d0) -> (d0 + 2)
=== getLinalgArgMap END ===

  Calling remap_in_affine_dim for input 2

=== remap_in_affine_dim ===
  oldmap: (d0) -> (d0 + 2)
  firstNDims: 1
  check_reduction (input): 0
  lower_bound_val: 0
  dimidx: -1
  check_reduction (output): 0
  new map (map2): (d0, d1) -> (d0 + 2)
  validDims: 1, validSims: 0
  Created SubmapOp with type: memref<?x?xf64>
=== remap_in_affine_dim END ===

  Processing 1 outputs

=== getLinalgArgMap ===
  Initial lgMap: (d0) -> (d0)
  Found SubmapOp with map: (d0) -> (d0 + 1)
  Composed map: (d0) -> (d0 + 1)
  Final lgMap: (d0) -> (d0 + 1)
=== getLinalgArgMap END ===

  Calling remap_in_affine_dim for output 0

=== remap_in_affine_dim ===
  oldmap: (d0) -> (d0 + 1)
  firstNDims: 1
  check_reduction (input): 1
  lower_bound_val: 0
  dimidx: -1
  check_reduction (output): 1
  new map (map2): (d0, d1) -> (d0 + 1)
  validDims: 1, validSims: 0
  Created SubmapOp with type: memref<?x?xf64>
=== remap_in_affine_dim END ===


--- Processing Loads ---

--- Processing Stores ---
REJECTED: More than one linalg generic

WARNING: AffineForOpRaising didn't converge
jacobi-1d.mlir:3:3: warning: AffineForOpRaising didn't converge, continuing anyway
  func.func @kernel_jacobi_1d(%arg0: i32, %arg1: i32, %arg2: memref<?xf64>, %arg3: memref<?xf64>) attributes {llvm.linkage = #llvm.linkage<external>} {
  ^
jacobi-1d.mlir:3:3: note: see current operation: 
func.func @kernel_jacobi_1d(%arg0: i32, %arg1: i32, %arg2: memref<?xf64>, %arg3: memref<?xf64>) attributes {llvm.linkage = #llvm.linkage<external>} {
  %c1 = arith.constant 1 : index
  %cst = arith.constant 3.333300e-01 : f64
  %0 = arith.index_cast %arg1 : i32 to index
  %1 = arith.index_cast %arg0 : i32 to index
  affine.for %arg4 = 0 to %1 {
    %2 = affine.apply affine_map<()[s0] -> (s0 - 1)>()[%0]
    %3 = arith.subi %2, %c1 : index
    %4 = polygeist.submap(%arg2, %3) {map = affine_map<(d0) -> (d0)>} : (memref<?xf64>, index) -> memref<?xf64>
    %5 = polygeist.submap(%arg2, %3) {map = affine_map<(d0) -> (d0 + 1)>} : (memref<?xf64>, index) -> memref<?xf64>
    %6 = polygeist.submap(%arg2, %3) {map = affine_map<(d0) -> (d0 + 2)>} : (memref<?xf64>, index) -> memref<?xf64>
    %7 = polygeist.submap(%arg3, %3) {map = affine_map<(d0) -> (d0 + 1)>} : (memref<?xf64>, index) -> memref<?xf64>
    linalg.generic {indexing_maps = [affine_map<(d0) -> (d0)>, affine_map<(d0) -> (d0)>, affine_map<(d0) -> (d0)>, affine_map<(d0) -> (d0)>], iterator_types = ["parallel"]} ins(%4, %5, %6 : memref<?xf64>, memref<?xf64>, memref<?xf64>) outs(%7 : memref<?xf64>) {
    ^bb0(%in: f64, %in_0: f64, %in_1: f64, %out: f64):
      %14 = arith.addf %in, %in_0 : f64
      %15 = arith.addf %14, %in_1 : f64
      %16 = arith.mulf %15, %cst : f64
      linalg.yield %16 : f64
    }
    %8 = affine.apply affine_map<()[s0] -> (s0 - 1)>()[%0]
    %9 = arith.subi %8, %c1 : index
    %10 = polygeist.submap(%arg3, %9) {map = affine_map<(d0) -> (d0)>} : (memref<?xf64>, index) -> memref<?xf64>
    %11 = polygeist.submap(%arg3, %9) {map = affine_map<(d0) -> (d0 + 1)>} : (memref<?xf64>, index) -> memref<?xf64>
    %12 = polygeist.submap(%arg3, %9) {map = affine_map<(d0) -> (d0 + 2)>} : (memref<?xf64>, index) -> memref<?xf64>
    %13 = polygeist.submap(%arg2, %9) {map = affine_map<(d0) -> (d0 + 1)>} : (memref<?xf64>, index) -> memref<?xf64>
    linalg.generic {indexing_maps = [affine_map<(d0) -> (d0)>, affine_map<(d0) -> (d0)>, affine_map<(d0) -> (d0)>, affine_map<(d0) -> (d0)>], iterator_types = ["parallel"]} ins(%10, %11, %12 : memref<?xf64>, memref<?xf64>, memref<?xf64>) outs(%13 : memref<?xf64>) {
    ^bb0(%in: f64, %in_0: f64, %in_1: f64, %out: f64):
      %14 = arith.addf %in, %in_0 : f64
      %15 = arith.addf %14, %in_1 : f64
      %16 = arith.mulf %15, %cst : f64
      linalg.yield %16 : f64
    }
  }
  return
}
### Step 3 Complete ###

****************************************
*** RaiseAffineToLinalg END ***
****************************************


****************************************
*** RaiseAffineToLinalgPipeline END ***
****************************************

