
****************************************
*** RaiseAffineToLinalgPipeline START ***
****************************************

Running pipeline...

****************************************
*** RaiseAffineToLinalg START ***
****************************************

### Step 1: Applying AffineParallelFission ###
### Step 1 Complete ###

### Step 2: Applying AffineParallelToFor ###
### Step 2 Complete ###

### Step 3: Applying AffineForOpRaising ###

========================================
=== AffineForOpRaising::matchAndRewrite ===
========================================
Processing loop:
affine.for %arg6 = affine_map<(d0)[s0] -> (-d0 + s0)>(%arg5)[%0] to %0 {
  %6 = affine.load %arg1[-%arg5 + symbol(%0) - 1, %arg6] : memref<?x40xf64>
  %7 = affine.load %arg3[%arg6] : memref<?xf64>
  %8 = arith.mulf %6, %7 : f64
  %9 = affine.load %alloca[] : memref<f64>
  %10 = arith.subf %9, %8 : f64
  affine.store %10, %alloca[] : memref<f64>
}

Pattern recognition complete:
  Loads: 3
  Stores: 1
  LinalgGenerics: 0

REJECTED: Loop doesn't have constant lower bound


========================================
=== AffineForOpRaising::matchAndRewrite ===
========================================
Processing loop:
affine.for %arg5 = 0 to %0 {
  %2 = affine.load %arg4[-%arg5 + symbol(%0) - 1] : memref<?xf64>
  affine.store %2, %alloca[] : memref<f64>
  affine.for %arg6 = affine_map<(d0)[s0] -> (-d0 + s0)>(%arg5)[%0] to %0 {
    %6 = affine.load %arg1[-%arg5 + symbol(%0) - 1, %arg6] : memref<?x40xf64>
    %7 = affine.load %arg3[%arg6] : memref<?xf64>
    %8 = arith.mulf %6, %7 : f64
    %9 = affine.load %alloca[] : memref<f64>
    %10 = arith.subf %9, %8 : f64
    affine.store %10, %alloca[] : memref<f64>
  }
  %3 = affine.load %alloca[] : memref<f64>
  %4 = affine.load %arg1[-%arg5 + symbol(%0) - 1, -%arg5 + symbol(%0) - 1] : memref<?x40xf64>
  %5 = arith.divf %3, %4 : f64
  affine.store %5, %arg3[-%arg5 + symbol(%0) - 1] : memref<?xf64>
}

REJECTED: Walk was interrupted (invalid operations found)


========================================
=== AffineForOpRaising::matchAndRewrite ===
========================================
Processing loop:
affine.for %arg6 = 0 to affine_map<(d0) -> (d0)>(%arg5) {
  %4 = affine.load %arg1[%arg5, %arg6] : memref<?x40xf64>
  %5 = affine.load %arg4[%arg6] : memref<?xf64>
  %6 = arith.mulf %4, %5 : f64
  %7 = affine.load %alloca[] : memref<f64>
  %8 = arith.subf %7, %6 : f64
  affine.store %8, %alloca[] : memref<f64>
}

Pattern recognition complete:
  Loads: 3
  Stores: 1
  LinalgGenerics: 0

Loop bounds:
  lbMap: () -> (0)
  ubMap: (d0) -> (d0)

--- Processing Linalg Generics ---

--- Processing Loads ---
Processing load: %7 = affine.load %arg1[%arg5, %arg6] : memref<?x40xf64>

=== remap_in_affine_dim ===
  oldmap: (d0, d1) -> (d0, d1)
  firstNDims: 0
  check_reduction (input): 0
  lower_bound_val: 0
  dimidx: 1
  check_reduction (output): 0
  new map (map2): (d0)[s0] -> (s0, d0)
  validDims: 1, validSims: 1
  Created SubmapOp with type: memref<?xf64>
=== remap_in_affine_dim END ===

Processing load: %9 = affine.load %arg4[%arg6] : memref<?xf64>

=== remap_in_affine_dim ===
  oldmap: (d0) -> (d0)
  firstNDims: 0
  check_reduction (input): 0
  lower_bound_val: 0
  dimidx: 0
  check_reduction (output): 0
  new map (map2): (d0) -> (d0)
  validDims: 1, validSims: 0
  Created SubmapOp with type: memref<?xf64>
=== remap_in_affine_dim END ===

Processing load: %12 = affine.load %alloca[] : memref<f64>

--- Processing Stores ---
Processing store: affine.store %13, %alloca[] : memref<f64>

=== remap_in_affine_dim ===
  oldmap: () -> ()
  firstNDims: 0
  check_reduction (input): 1
  lower_bound_val: 0
  dimidx: -1
  check_reduction (output): 1
  new map (map2): (d0) -> ()
  validDims: 0, validSims: 0
  Created SubmapOp with type: memref<?xf64>
=== remap_in_affine_dim END ===


--- Creating linalg.generic ---
Iterator type for this loop: reduction
Total iterator types: 1
Total inputs: 2
Total outputs: 1

=== AffineForOpRaising SUCCESS ===
========================================


========================================
=== AffineForOpRaising::matchAndRewrite ===
========================================
Processing loop:
affine.for %arg5 = 0 to %0 {
  %2 = affine.load %arg2[%arg5] : memref<?xf64>
  affine.store %2, %alloca[] : memref<f64>
  %3 = polygeist.submap(%arg1, %arg5, %arg5) {map = affine_map<(d0)[s0] -> (s0, d0)>} : (memref<?x40xf64>, index, index) -> memref<?xf64>
  %4 = polygeist.submap(%arg4, %arg5) {map = affine_map<(d0) -> (d0)>} : (memref<?xf64>, index) -> memref<?xf64>
  %5 = polygeist.submap(%alloca, %arg5) {map = affine_map<(d0) -> ()>} : (memref<f64>, index) -> memref<?xf64>
  linalg.generic {indexing_maps = [affine_map<(d0) -> (d0)>, affine_map<(d0) -> (d0)>, affine_map<(d0) -> (d0)>], iterator_types = ["reduction"]} ins(%3, %4 : memref<?xf64>, memref<?xf64>) outs(%5 : memref<?xf64>) {
  ^bb0(%in: f64, %in_0: f64, %out: f64):
    %7 = arith.mulf %in, %in_0 : f64
    %8 = arith.subf %out, %7 : f64
    linalg.yield %8 : f64
  }
  %6 = affine.load %alloca[] : memref<f64>
  affine.store %6, %arg4[%arg5] : memref<?xf64>
}

Pattern recognition complete:
  Loads: 2
  Stores: 2
  LinalgGenerics: 1


========================================
=== AffineForOpRaising::matchAndRewrite ===
========================================
Processing loop:
affine.for %arg7 = 0 to affine_map<(d0) -> (d0)>(%arg5) {
  %4 = affine.load %arg1[%arg5, %arg7] : memref<?x40xf64>
  %5 = affine.load %arg1[%arg7, %arg6] : memref<?x40xf64>
  %6 = arith.mulf %4, %5 : f64
  %7 = affine.load %alloca[] : memref<f64>
  %8 = arith.subf %7, %6 : f64
  affine.store %8, %alloca[] : memref<f64>
}

Pattern recognition complete:
  Loads: 3
  Stores: 1
  LinalgGenerics: 0

Loop bounds:
  lbMap: () -> (0)
  ubMap: (d0) -> (d0)

--- Processing Linalg Generics ---

--- Processing Loads ---
Processing load: %7 = affine.load %arg1[%arg5, %arg7] : memref<?x40xf64>

=== remap_in_affine_dim ===
  oldmap: (d0, d1) -> (d0, d1)
  firstNDims: 0
  check_reduction (input): 0
  lower_bound_val: 0
  dimidx: 1
  check_reduction (output): 0
  new map (map2): (d0)[s0] -> (s0, d0)
  validDims: 1, validSims: 1
  Created SubmapOp with type: memref<?xf64>
=== remap_in_affine_dim END ===

Processing load: %9 = affine.load %arg1[%arg7, %arg6] : memref<?x40xf64>

=== remap_in_affine_dim ===
  oldmap: (d0, d1) -> (d0, d1)
  firstNDims: 0
  check_reduction (input): 0
  lower_bound_val: 0
  dimidx: 0
  check_reduction (output): 0
  new map (map2): (d0)[s0] -> (d0, s0)
  validDims: 1, validSims: 1
  Created SubmapOp with type: memref<?xf64>
=== remap_in_affine_dim END ===

Processing load: %12 = affine.load %alloca[] : memref<f64>

--- Processing Stores ---
Processing store: affine.store %13, %alloca[] : memref<f64>

=== remap_in_affine_dim ===
  oldmap: () -> ()
  firstNDims: 0
  check_reduction (input): 1
  lower_bound_val: 0
  dimidx: -1
  check_reduction (output): 1
  new map (map2): (d0) -> ()
  validDims: 0, validSims: 0
  Created SubmapOp with type: memref<?xf64>
=== remap_in_affine_dim END ===


--- Creating linalg.generic ---
Iterator type for this loop: reduction
Total iterator types: 1
Total inputs: 2
Total outputs: 1

=== AffineForOpRaising SUCCESS ===
========================================


========================================
=== AffineForOpRaising::matchAndRewrite ===
========================================
Processing loop:
affine.for %arg6 = affine_map<(d0) -> (d0)>(%arg5) to %0 {
  %2 = affine.load %arg1[%arg5, %arg6] : memref<?x40xf64>
  affine.store %2, %alloca[] : memref<f64>
  %3 = polygeist.submap(%arg1, %arg5, %arg5) {map = affine_map<(d0)[s0] -> (s0, d0)>} : (memref<?x40xf64>, index, index) -> memref<?xf64>
  %4 = polygeist.submap(%arg1, %arg6, %arg5) {map = affine_map<(d0)[s0] -> (d0, s0)>} : (memref<?x40xf64>, index, index) -> memref<?xf64>
  %5 = polygeist.submap(%alloca, %arg5) {map = affine_map<(d0) -> ()>} : (memref<f64>, index) -> memref<?xf64>
  linalg.generic {indexing_maps = [affine_map<(d0) -> (d0)>, affine_map<(d0) -> (d0)>, affine_map<(d0) -> (d0)>], iterator_types = ["reduction"]} ins(%3, %4 : memref<?xf64>, memref<?xf64>) outs(%5 : memref<?xf64>) {
  ^bb0(%in: f64, %in_0: f64, %out: f64):
    %7 = arith.mulf %in, %in_0 : f64
    %8 = arith.subf %out, %7 : f64
    linalg.yield %8 : f64
  }
  %6 = affine.load %alloca[] : memref<f64>
  affine.store %6, %arg1[%arg5, %arg6] : memref<?x40xf64>
}

Pattern recognition complete:
  Loads: 2
  Stores: 2
  LinalgGenerics: 1


========================================
=== AffineForOpRaising::matchAndRewrite ===
========================================
Processing loop:
affine.for %arg7 = 0 to affine_map<(d0) -> (d0)>(%arg6) {
  %6 = affine.load %arg1[%arg5, %arg7] : memref<?x40xf64>
  %7 = affine.load %arg1[%arg7, %arg6] : memref<?x40xf64>
  %8 = arith.mulf %6, %7 : f64
  %9 = affine.load %alloca[] : memref<f64>
  %10 = arith.subf %9, %8 : f64
  affine.store %10, %alloca[] : memref<f64>
}

Pattern recognition complete:
  Loads: 3
  Stores: 1
  LinalgGenerics: 0

Loop bounds:
  lbMap: () -> (0)
  ubMap: (d0) -> (d0)

--- Processing Linalg Generics ---

--- Processing Loads ---
Processing load: %9 = affine.load %arg1[%arg5, %arg7] : memref<?x40xf64>

=== remap_in_affine_dim ===
  oldmap: (d0, d1) -> (d0, d1)
  firstNDims: 0
  check_reduction (input): 0
  lower_bound_val: 0
  dimidx: 1
  check_reduction (output): 0
  new map (map2): (d0)[s0] -> (s0, d0)
  validDims: 1, validSims: 1
  Created SubmapOp with type: memref<?xf64>
=== remap_in_affine_dim END ===

Processing load: %11 = affine.load %arg1[%arg7, %arg6] : memref<?x40xf64>

=== remap_in_affine_dim ===
  oldmap: (d0, d1) -> (d0, d1)
  firstNDims: 0
  check_reduction (input): 0
  lower_bound_val: 0
  dimidx: 0
  check_reduction (output): 0
  new map (map2): (d0)[s0] -> (d0, s0)
  validDims: 1, validSims: 1
  Created SubmapOp with type: memref<?xf64>
=== remap_in_affine_dim END ===

Processing load: %14 = affine.load %alloca[] : memref<f64>

--- Processing Stores ---
Processing store: affine.store %15, %alloca[] : memref<f64>

=== remap_in_affine_dim ===
  oldmap: () -> ()
  firstNDims: 0
  check_reduction (input): 1
  lower_bound_val: 0
  dimidx: -1
  check_reduction (output): 1
  new map (map2): (d0) -> ()
  validDims: 0, validSims: 0
  Created SubmapOp with type: memref<?xf64>
=== remap_in_affine_dim END ===


--- Creating linalg.generic ---
Iterator type for this loop: reduction
Total iterator types: 1
Total inputs: 2
Total outputs: 1

=== AffineForOpRaising SUCCESS ===
========================================


========================================
=== AffineForOpRaising::matchAndRewrite ===
========================================
Processing loop:
affine.for %arg5 = 0 to %0 {
  affine.for %arg6 = 0 to affine_map<(d0) -> (d0)>(%arg5) {
    %2 = affine.load %arg1[%arg5, %arg6] : memref<?x40xf64>
    affine.store %2, %alloca[] : memref<f64>
    %3 = polygeist.submap(%arg1, %arg5, %arg6) {map = affine_map<(d0)[s0] -> (s0, d0)>} : (memref<?x40xf64>, index, index) -> memref<?xf64>
    %4 = polygeist.submap(%arg1, %arg6, %arg6) {map = affine_map<(d0)[s0] -> (d0, s0)>} : (memref<?x40xf64>, index, index) -> memref<?xf64>
    %5 = polygeist.submap(%alloca, %arg6) {map = affine_map<(d0) -> ()>} : (memref<f64>, index) -> memref<?xf64>
    linalg.generic {indexing_maps = [affine_map<(d0) -> (d0)>, affine_map<(d0) -> (d0)>, affine_map<(d0) -> (d0)>], iterator_types = ["reduction"]} ins(%3, %4 : memref<?xf64>, memref<?xf64>) outs(%5 : memref<?xf64>) {
    ^bb0(%in: f64, %in_0: f64, %out: f64):
      %9 = arith.mulf %in, %in_0 : f64
      %10 = arith.subf %out, %9 : f64
      linalg.yield %10 : f64
    }
    %6 = affine.load %alloca[] : memref<f64>
    %7 = affine.load %arg1[%arg6, %arg6] : memref<?x40xf64>
    %8 = arith.divf %6, %7 : f64
    affine.store %8, %arg1[%arg5, %arg6] : memref<?x40xf64>
  }
  affine.for %arg6 = affine_map<(d0) -> (d0)>(%arg5) to %0 {
    %2 = affine.load %arg1[%arg5, %arg6] : memref<?x40xf64>
    affine.store %2, %alloca[] : memref<f64>
    %3 = polygeist.submap(%arg1, %arg5, %arg5) {map = affine_map<(d0)[s0] -> (s0, d0)>} : (memref<?x40xf64>, index, index) -> memref<?xf64>
    %4 = polygeist.submap(%arg1, %arg6, %arg5) {map = affine_map<(d0)[s0] -> (d0, s0)>} : (memref<?x40xf64>, index, index) -> memref<?xf64>
    %5 = polygeist.submap(%alloca, %arg5) {map = affine_map<(d0) -> ()>} : (memref<f64>, index) -> memref<?xf64>
    linalg.generic {indexing_maps = [affine_map<(d0) -> (d0)>, affine_map<(d0) -> (d0)>, affine_map<(d0) -> (d0)>], iterator_types = ["reduction"]} ins(%3, %4 : memref<?xf64>, memref<?xf64>) outs(%5 : memref<?xf64>) {
    ^bb0(%in: f64, %in_0: f64, %out: f64):
      %7 = arith.mulf %in, %in_0 : f64
      %8 = arith.subf %out, %7 : f64
      linalg.yield %8 : f64
    }
    %6 = affine.load %alloca[] : memref<f64>
    affine.store %6, %arg1[%arg5, %arg6] : memref<?x40xf64>
  }
}

REJECTED: Walk was interrupted (invalid operations found)


========================================
=== AffineForOpRaising::matchAndRewrite ===
========================================
Processing loop:
affine.for %arg6 = 0 to affine_map<(d0) -> (d0)>(%arg5) {
  %2 = affine.load %arg1[%arg5, %arg6] : memref<?x40xf64>
  affine.store %2, %alloca[] : memref<f64>
  %3 = polygeist.submap(%arg1, %arg5, %arg6) {map = affine_map<(d0)[s0] -> (s0, d0)>} : (memref<?x40xf64>, index, index) -> memref<?xf64>
  %4 = polygeist.submap(%arg1, %arg6, %arg6) {map = affine_map<(d0)[s0] -> (d0, s0)>} : (memref<?x40xf64>, index, index) -> memref<?xf64>
  %5 = polygeist.submap(%alloca, %arg6) {map = affine_map<(d0) -> ()>} : (memref<f64>, index) -> memref<?xf64>
  linalg.generic {indexing_maps = [affine_map<(d0) -> (d0)>, affine_map<(d0) -> (d0)>, affine_map<(d0) -> (d0)>], iterator_types = ["reduction"]} ins(%3, %4 : memref<?xf64>, memref<?xf64>) outs(%5 : memref<?xf64>) {
  ^bb0(%in: f64, %in_0: f64, %out: f64):
    %9 = arith.mulf %in, %in_0 : f64
    %10 = arith.subf %out, %9 : f64
    linalg.yield %10 : f64
  }
  %6 = affine.load %alloca[] : memref<f64>
  %7 = affine.load %arg1[%arg6, %arg6] : memref<?x40xf64>
  %8 = arith.divf %6, %7 : f64
  affine.store %8, %arg1[%arg5, %arg6] : memref<?x40xf64>
}

Pattern recognition complete:
  Loads: 3
  Stores: 2
  LinalgGenerics: 1


========================================
=== AffineForOpRaising::matchAndRewrite ===
========================================
Processing loop:
affine.for %arg6 = affine_map<(d0)[s0] -> (-d0 + s0)>(%arg5)[%0] to %0 {
  %6 = affine.load %arg1[-%arg5 + symbol(%0) - 1, %arg6] : memref<?x40xf64>
  %7 = affine.load %arg3[%arg6] : memref<?xf64>
  %8 = arith.mulf %6, %7 : f64
  %9 = affine.load %alloca[] : memref<f64>
  %10 = arith.subf %9, %8 : f64
  affine.store %10, %alloca[] : memref<f64>
}

Pattern recognition complete:
  Loads: 3
  Stores: 1
  LinalgGenerics: 0

REJECTED: Loop doesn't have constant lower bound


========================================
=== AffineForOpRaising::matchAndRewrite ===
========================================
Processing loop:
affine.for %arg5 = 0 to %0 {
  %2 = affine.load %arg4[-%arg5 + symbol(%0) - 1] : memref<?xf64>
  affine.store %2, %alloca[] : memref<f64>
  affine.for %arg6 = affine_map<(d0)[s0] -> (-d0 + s0)>(%arg5)[%0] to %0 {
    %6 = affine.load %arg1[-%arg5 + symbol(%0) - 1, %arg6] : memref<?x40xf64>
    %7 = affine.load %arg3[%arg6] : memref<?xf64>
    %8 = arith.mulf %6, %7 : f64
    %9 = affine.load %alloca[] : memref<f64>
    %10 = arith.subf %9, %8 : f64
    affine.store %10, %alloca[] : memref<f64>
  }
  %3 = affine.load %alloca[] : memref<f64>
  %4 = affine.load %arg1[-%arg5 + symbol(%0) - 1, -%arg5 + symbol(%0) - 1] : memref<?x40xf64>
  %5 = arith.divf %3, %4 : f64
  affine.store %5, %arg3[-%arg5 + symbol(%0) - 1] : memref<?xf64>
}

REJECTED: Walk was interrupted (invalid operations found)


========================================
=== AffineForOpRaising::matchAndRewrite ===
========================================
Processing loop:
affine.for %arg5 = 0 to %0 {
  %2 = affine.load %arg2[%arg5] : memref<?xf64>
  affine.store %2, %alloca[] : memref<f64>
  %3 = polygeist.submap(%arg1, %arg5, %arg5) {map = affine_map<(d0)[s0] -> (s0, d0)>} : (memref<?x40xf64>, index, index) -> memref<?xf64>
  %4 = polygeist.submap(%arg4, %arg5) {map = affine_map<(d0) -> (d0)>} : (memref<?xf64>, index) -> memref<?xf64>
  %5 = polygeist.submap(%alloca, %arg5) {map = affine_map<(d0) -> ()>} : (memref<f64>, index) -> memref<?xf64>
  linalg.generic {indexing_maps = [affine_map<(d0) -> (d0)>, affine_map<(d0) -> (d0)>, affine_map<(d0) -> (d0)>], iterator_types = ["reduction"]} ins(%3, %4 : memref<?xf64>, memref<?xf64>) outs(%5 : memref<?xf64>) {
  ^bb0(%in: f64, %in_0: f64, %out: f64):
    %7 = arith.mulf %in, %in_0 : f64
    %8 = arith.subf %out, %7 : f64
    linalg.yield %8 : f64
  }
  %6 = affine.load %alloca[] : memref<f64>
  affine.store %6, %arg4[%arg5] : memref<?xf64>
}

Pattern recognition complete:
  Loads: 2
  Stores: 2
  LinalgGenerics: 1


========================================
=== AffineForOpRaising::matchAndRewrite ===
========================================
Processing loop:
affine.for %arg6 = affine_map<(d0) -> (d0)>(%arg5) to %0 {
  %2 = affine.load %arg1[%arg5, %arg6] : memref<?x40xf64>
  affine.store %2, %alloca[] : memref<f64>
  %3 = polygeist.submap(%arg1, %arg5, %arg5) {map = affine_map<(d0)[s0] -> (s0, d0)>} : (memref<?x40xf64>, index, index) -> memref<?xf64>
  %4 = polygeist.submap(%arg1, %arg6, %arg5) {map = affine_map<(d0)[s0] -> (d0, s0)>} : (memref<?x40xf64>, index, index) -> memref<?xf64>
  %5 = polygeist.submap(%alloca, %arg5) {map = affine_map<(d0) -> ()>} : (memref<f64>, index) -> memref<?xf64>
  linalg.generic {indexing_maps = [affine_map<(d0) -> (d0)>, affine_map<(d0) -> (d0)>, affine_map<(d0) -> (d0)>], iterator_types = ["reduction"]} ins(%3, %4 : memref<?xf64>, memref<?xf64>) outs(%5 : memref<?xf64>) {
  ^bb0(%in: f64, %in_0: f64, %out: f64):
    %7 = arith.mulf %in, %in_0 : f64
    %8 = arith.subf %out, %7 : f64
    linalg.yield %8 : f64
  }
  %6 = affine.load %alloca[] : memref<f64>
  affine.store %6, %arg1[%arg5, %arg6] : memref<?x40xf64>
}

Pattern recognition complete:
  Loads: 2
  Stores: 2
  LinalgGenerics: 1


========================================
=== AffineForOpRaising::matchAndRewrite ===
========================================
Processing loop:
affine.for %arg5 = 0 to %0 {
  affine.for %arg6 = 0 to affine_map<(d0) -> (d0)>(%arg5) {
    %2 = affine.load %arg1[%arg5, %arg6] : memref<?x40xf64>
    affine.store %2, %alloca[] : memref<f64>
    %3 = polygeist.submap(%arg1, %arg5, %arg6) {map = affine_map<(d0)[s0] -> (s0, d0)>} : (memref<?x40xf64>, index, index) -> memref<?xf64>
    %4 = polygeist.submap(%arg1, %arg6, %arg6) {map = affine_map<(d0)[s0] -> (d0, s0)>} : (memref<?x40xf64>, index, index) -> memref<?xf64>
    %5 = polygeist.submap(%alloca, %arg6) {map = affine_map<(d0) -> ()>} : (memref<f64>, index) -> memref<?xf64>
    linalg.generic {indexing_maps = [affine_map<(d0) -> (d0)>, affine_map<(d0) -> (d0)>, affine_map<(d0) -> (d0)>], iterator_types = ["reduction"]} ins(%3, %4 : memref<?xf64>, memref<?xf64>) outs(%5 : memref<?xf64>) {
    ^bb0(%in: f64, %in_0: f64, %out: f64):
      %9 = arith.mulf %in, %in_0 : f64
      %10 = arith.subf %out, %9 : f64
      linalg.yield %10 : f64
    }
    %6 = affine.load %alloca[] : memref<f64>
    %7 = affine.load %arg1[%arg6, %arg6] : memref<?x40xf64>
    %8 = arith.divf %6, %7 : f64
    affine.store %8, %arg1[%arg5, %arg6] : memref<?x40xf64>
  }
  affine.for %arg6 = affine_map<(d0) -> (d0)>(%arg5) to %0 {
    %2 = affine.load %arg1[%arg5, %arg6] : memref<?x40xf64>
    affine.store %2, %alloca[] : memref<f64>
    %3 = polygeist.submap(%arg1, %arg5, %arg5) {map = affine_map<(d0)[s0] -> (s0, d0)>} : (memref<?x40xf64>, index, index) -> memref<?xf64>
    %4 = polygeist.submap(%arg1, %arg6, %arg5) {map = affine_map<(d0)[s0] -> (d0, s0)>} : (memref<?x40xf64>, index, index) -> memref<?xf64>
    %5 = polygeist.submap(%alloca, %arg5) {map = affine_map<(d0) -> ()>} : (memref<f64>, index) -> memref<?xf64>
    linalg.generic {indexing_maps = [affine_map<(d0) -> (d0)>, affine_map<(d0) -> (d0)>, affine_map<(d0) -> (d0)>], iterator_types = ["reduction"]} ins(%3, %4 : memref<?xf64>, memref<?xf64>) outs(%5 : memref<?xf64>) {
    ^bb0(%in: f64, %in_0: f64, %out: f64):
      %7 = arith.mulf %in, %in_0 : f64
      %8 = arith.subf %out, %7 : f64
      linalg.yield %8 : f64
    }
    %6 = affine.load %alloca[] : memref<f64>
    affine.store %6, %arg1[%arg5, %arg6] : memref<?x40xf64>
  }
}

REJECTED: Walk was interrupted (invalid operations found)


========================================
=== AffineForOpRaising::matchAndRewrite ===
========================================
Processing loop:
affine.for %arg6 = 0 to affine_map<(d0) -> (d0)>(%arg5) {
  %2 = affine.load %arg1[%arg5, %arg6] : memref<?x40xf64>
  affine.store %2, %alloca[] : memref<f64>
  %3 = polygeist.submap(%arg1, %arg5, %arg6) {map = affine_map<(d0)[s0] -> (s0, d0)>} : (memref<?x40xf64>, index, index) -> memref<?xf64>
  %4 = polygeist.submap(%arg1, %arg6, %arg6) {map = affine_map<(d0)[s0] -> (d0, s0)>} : (memref<?x40xf64>, index, index) -> memref<?xf64>
  %5 = polygeist.submap(%alloca, %arg6) {map = affine_map<(d0) -> ()>} : (memref<f64>, index) -> memref<?xf64>
  linalg.generic {indexing_maps = [affine_map<(d0) -> (d0)>, affine_map<(d0) -> (d0)>, affine_map<(d0) -> (d0)>], iterator_types = ["reduction"]} ins(%3, %4 : memref<?xf64>, memref<?xf64>) outs(%5 : memref<?xf64>) {
  ^bb0(%in: f64, %in_0: f64, %out: f64):
    %9 = arith.mulf %in, %in_0 : f64
    %10 = arith.subf %out, %9 : f64
    linalg.yield %10 : f64
  }
  %6 = affine.load %alloca[] : memref<f64>
  %7 = affine.load %arg1[%arg6, %arg6] : memref<?x40xf64>
  %8 = arith.divf %6, %7 : f64
  affine.store %8, %arg1[%arg5, %arg6] : memref<?x40xf64>
}

Pattern recognition complete:
  Loads: 3
  Stores: 2
  LinalgGenerics: 1

### Step 3 Complete ###

****************************************
*** RaiseAffineToLinalg END ***
****************************************


****************************************
*** RaiseAffineToLinalgPipeline END ***
****************************************

