
****************************************
*** RaiseAffineToLinalgPipeline START ***
****************************************

Running pipeline...

****************************************
*** RaiseAffineToLinalg START ***
****************************************

### Step 1: Applying AffineParallelFission ###

=== AffineParallelFission ===
Processing affine.parallel:
affine.parallel (%arg6) = (0) to (symbol(%0)) {
  affine.parallel (%arg7) = (0) to (symbol(%0)) {
    %1 = affine.load %arg2[%arg6] : memref<?xf64>
    %2 = affine.load %arg5[%arg7, %arg6] : memref<?x40xf64>
    %3 = affine.load %arg4[%arg7] : memref<?xf64>
    %4 = arith.mulf %2, %3 : f64
    %5 = arith.addf %1, %4 : f64
    affine.store %5, %arg2[%arg6] : memref<?xf64>
  }
}
REJECTED: Less than 2 nested loops (found 1)


=== AffineParallelFission ===
Processing affine.parallel:
affine.parallel (%arg7) = (0) to (symbol(%0)) {
  %1 = affine.load %arg2[%arg6] : memref<?xf64>
  %2 = affine.load %arg5[%arg7, %arg6] : memref<?x40xf64>
  %3 = affine.load %arg4[%arg7] : memref<?xf64>
  %4 = arith.mulf %2, %3 : f64
  %5 = arith.addf %1, %4 : f64
  affine.store %5, %arg2[%arg6] : memref<?xf64>
}

=== AffineParallelFission ===
Processing affine.parallel:
affine.parallel (%arg6) = (0) to (symbol(%0)) {
  affine.parallel (%arg7) = (0) to (symbol(%0)) {
    %1 = affine.load %arg1[%arg6] : memref<?xf64>
    %2 = affine.load %arg5[%arg6, %arg7] : memref<?x40xf64>
    %3 = affine.load %arg3[%arg7] : memref<?xf64>
    %4 = arith.mulf %2, %3 : f64
    %5 = arith.addf %1, %4 : f64
    affine.store %5, %arg1[%arg6] : memref<?xf64>
  }
}
REJECTED: Less than 2 nested loops (found 1)


=== AffineParallelFission ===
Processing affine.parallel:
affine.parallel (%arg7) = (0) to (symbol(%0)) {
  %1 = affine.load %arg1[%arg6] : memref<?xf64>
  %2 = affine.load %arg5[%arg6, %arg7] : memref<?x40xf64>
  %3 = affine.load %arg3[%arg7] : memref<?xf64>
  %4 = arith.mulf %2, %3 : f64
  %5 = arith.addf %1, %4 : f64
  affine.store %5, %arg1[%arg6] : memref<?xf64>
}
### Step 1 Complete ###

### Step 2: Applying AffineParallelToFor ###

=== AffineParallelToFor ===
Processing affine.parallel:
affine.parallel (%arg6) = (0) to (symbol(%0)) {
  affine.parallel (%arg7) = (0) to (symbol(%0)) {
    %1 = affine.load %arg2[%arg6] : memref<?xf64>
    %2 = affine.load %arg5[%arg7, %arg6] : memref<?x40xf64>
    %3 = affine.load %arg4[%arg7] : memref<?xf64>
    %4 = arith.mulf %2, %3 : f64
    %5 = arith.addf %1, %4 : f64
    affine.store %5, %arg2[%arg6] : memref<?xf64>
  }
}
Converting parallel loop with 1 induction variables
=== AffineParallelToFor SUCCESS ===


=== AffineParallelToFor ===
Processing affine.parallel:
affine.parallel (%arg7) = (0) to (symbol(%0)) {
  %1 = affine.load %arg2[%arg6] : memref<?xf64>
  %2 = affine.load %arg5[%arg7, %arg6] : memref<?x40xf64>
  %3 = affine.load %arg4[%arg7] : memref<?xf64>
  %4 = arith.mulf %2, %3 : f64
  %5 = arith.addf %1, %4 : f64
  affine.store %5, %arg2[%arg6] : memref<?xf64>
}
Converting parallel loop with 1 induction variables
=== AffineParallelToFor SUCCESS ===


=== AffineParallelToFor ===
Processing affine.parallel:
affine.parallel (%arg6) = (0) to (symbol(%0)) {
  affine.parallel (%arg7) = (0) to (symbol(%0)) {
    %1 = affine.load %arg1[%arg6] : memref<?xf64>
    %2 = affine.load %arg5[%arg6, %arg7] : memref<?x40xf64>
    %3 = affine.load %arg3[%arg7] : memref<?xf64>
    %4 = arith.mulf %2, %3 : f64
    %5 = arith.addf %1, %4 : f64
    affine.store %5, %arg1[%arg6] : memref<?xf64>
  }
}
Converting parallel loop with 1 induction variables
=== AffineParallelToFor SUCCESS ===


=== AffineParallelToFor ===
Processing affine.parallel:
affine.parallel (%arg7) = (0) to (symbol(%0)) {
  %1 = affine.load %arg1[%arg6] : memref<?xf64>
  %2 = affine.load %arg5[%arg6, %arg7] : memref<?x40xf64>
  %3 = affine.load %arg3[%arg7] : memref<?xf64>
  %4 = arith.mulf %2, %3 : f64
  %5 = arith.addf %1, %4 : f64
  affine.store %5, %arg1[%arg6] : memref<?xf64>
}
Converting parallel loop with 1 induction variables
=== AffineParallelToFor SUCCESS ===

### Step 2 Complete ###

### Step 3: Applying AffineForOpRaising ###

========================================
=== AffineForOpRaising::matchAndRewrite ===
========================================
Processing loop:
affine.for %arg6 = 0 to %0 {
  affine.for %arg7 = 0 to %0 {
    %1 = affine.load %arg2[%arg6] : memref<?xf64>
    %2 = affine.load %arg5[%arg7, %arg6] : memref<?x40xf64>
    %3 = affine.load %arg4[%arg7] : memref<?xf64>
    %4 = arith.mulf %2, %3 : f64
    %5 = arith.addf %1, %4 : f64
    affine.store %5, %arg2[%arg6] : memref<?xf64>
  }
}

REJECTED: Walk was interrupted (invalid operations found)


========================================
=== AffineForOpRaising::matchAndRewrite ===
========================================
Processing loop:
affine.for %arg7 = 0 to %0 {
  %1 = affine.load %arg2[%arg6] : memref<?xf64>
  %2 = affine.load %arg5[%arg7, %arg6] : memref<?x40xf64>
  %3 = affine.load %arg4[%arg7] : memref<?xf64>
  %4 = arith.mulf %2, %3 : f64
  %5 = arith.addf %1, %4 : f64
  affine.store %5, %arg2[%arg6] : memref<?xf64>
}

Pattern recognition complete:
  Loads: 3
  Stores: 1
  LinalgGenerics: 0

Loop bounds:
  lbMap: () -> (0)
  ubMap: ()[s0] -> (s0)

--- Processing Linalg Generics ---

--- Processing Loads ---
Processing load: %4 = affine.load %arg2[%arg6] : memref<?xf64>
Processing load: %5 = affine.load %arg5[%arg7, %arg6] : memref<?x40xf64>

=== remap_in_affine_dim ===
  oldmap: (d0, d1) -> (d0, d1)
  firstNDims: 0
  check_reduction (input): 0
  lower_bound_val: 0
  dimidx: 0
  check_reduction (output): 0
  new map (map2): (d0)[s0] -> (d0, s0)
  validDims: 1, validSims: 1
  Created SubmapOp with type: memref<?xf64>
=== remap_in_affine_dim END ===

Processing load: %7 = affine.load %arg4[%arg7] : memref<?xf64>

=== remap_in_affine_dim ===
  oldmap: (d0) -> (d0)
  firstNDims: 0
  check_reduction (input): 0
  lower_bound_val: 0
  dimidx: 0
  check_reduction (output): 0
  new map (map2): (d0) -> (d0)
  validDims: 1, validSims: 0
  Created SubmapOp with type: memref<?xf64>
=== remap_in_affine_dim END ===


--- Processing Stores ---
Processing store: affine.store %10, %arg2[%arg6] : memref<?xf64>

=== remap_in_affine_dim ===
  oldmap: (d0) -> (d0)
  firstNDims: 0
  check_reduction (input): 1
  lower_bound_val: 0
  dimidx: -1
  check_reduction (output): 1
  new map (map2): (d0)[s0] -> (s0)
  validDims: 0, validSims: 1
  Created SubmapOp with type: memref<?xf64>
=== remap_in_affine_dim END ===


--- Creating linalg.generic ---
Iterator type for this loop: reduction
Total iterator types: 1
Total inputs: 2
Total outputs: 1

=== AffineForOpRaising SUCCESS ===
========================================


========================================
=== AffineForOpRaising::matchAndRewrite ===
========================================
Processing loop:
affine.for %arg6 = 0 to %0 {
  %1 = affine.apply affine_map<()[s0] -> (s0)>()[%0]
  %2 = polygeist.submap(%arg5, %arg6, %1) {map = affine_map<(d0)[s0] -> (d0, s0)>} : (memref<?x40xf64>, index, index) -> memref<?xf64>
  %3 = polygeist.submap(%arg4, %1) {map = affine_map<(d0) -> (d0)>} : (memref<?xf64>, index) -> memref<?xf64>
  %4 = polygeist.submap(%arg2, %arg6, %1) {map = affine_map<(d0)[s0] -> (s0)>} : (memref<?xf64>, index, index) -> memref<?xf64>
  linalg.generic {indexing_maps = [affine_map<(d0) -> (d0)>, affine_map<(d0) -> (d0)>, affine_map<(d0) -> (d0)>], iterator_types = ["reduction"]} ins(%2, %3 : memref<?xf64>, memref<?xf64>) outs(%4 : memref<?xf64>) {
  ^bb0(%in: f64, %in_0: f64, %out: f64):
    %5 = arith.mulf %in, %in_0 : f64
    %6 = arith.addf %out, %5 : f64
    linalg.yield %6 : f64
  }
}

Pattern recognition complete:
  Loads: 0
  Stores: 0
  LinalgGenerics: 1

Loop bounds:
  lbMap: () -> (0)
  ubMap: ()[s0] -> (s0)

--- Processing Linalg Generics ---
Processing linalg.generic:
linalg.generic {indexing_maps = [affine_map<(d0) -> (d0)>, affine_map<(d0) -> (d0)>, affine_map<(d0) -> (d0)>], iterator_types = ["reduction"]} ins(%5, %6 : memref<?xf64>, memref<?xf64>) outs(%7 : memref<?xf64>) {
^bb0(%in: f64, %in_0: f64, %out: f64):
  %8 = arith.mulf %in, %in_0 : f64
  %9 = arith.addf %out, %8 : f64
  linalg.yield %9 : f64
}
  Processing 2 inputs
  Input 0 indexing map: (d0) -> (d0)

=== getLinalgArgMap ===
  Initial lgMap: (d0) -> (d0)
  Found SubmapOp with map: (d0)[s0] -> (d0, s0)
  Composed map: (d0)[s0] -> (d0, s0)
  Final lgMap: (d0)[s0] -> (d0, s0)
=== getLinalgArgMap END ===

  Calling remap_in_affine_dim for input 0

=== remap_in_affine_dim ===
  oldmap: (d0)[s0] -> (d0, s0)
  firstNDims: 1
  check_reduction (input): 0
  lower_bound_val: 0
  dimidx: 1
  check_reduction (output): 0
  new map (map2): (d0, d1) -> (d0, d1)
  validDims: 2, validSims: 0
  Created SubmapOp with type: memref<?x?xf64>
=== remap_in_affine_dim END ===

  Input 1 indexing map: (d0) -> (d0)

=== getLinalgArgMap ===
  Initial lgMap: (d0) -> (d0)
  Found SubmapOp with map: (d0) -> (d0)
  Composed map: (d0) -> (d0)
  Final lgMap: (d0) -> (d0)
=== getLinalgArgMap END ===

  Calling remap_in_affine_dim for input 1

=== remap_in_affine_dim ===
  oldmap: (d0) -> (d0)
  firstNDims: 1
  check_reduction (input): 0
  lower_bound_val: 0
  dimidx: -1
  check_reduction (output): 0
  new map (map2): (d0, d1) -> (d0)
  validDims: 1, validSims: 0
  Created SubmapOp with type: memref<?x?xf64>
=== remap_in_affine_dim END ===

  Processing 1 outputs

=== getLinalgArgMap ===
  Initial lgMap: (d0) -> (d0)
  Found SubmapOp with map: (d0)[s0] -> (s0)
  Composed map: (d0)[s0] -> (s0)
  Final lgMap: (d0)[s0] -> (s0)
=== getLinalgArgMap END ===

  Calling remap_in_affine_dim for output 0

=== remap_in_affine_dim ===
  oldmap: (d0)[s0] -> (s0)
  firstNDims: 1
  check_reduction (input): 1
  lower_bound_val: 0
  dimidx: 1
  check_reduction (output): 0
  new map (map2): (d0, d1) -> (d1)
  validDims: 2, validSims: 0
  Created SubmapOp with type: memref<?x?xf64>
=== remap_in_affine_dim END ===


--- Processing Loads ---

--- Processing Stores ---

--- Creating linalg.generic ---
Iterator type for this loop: parallel
Extending iterator types from nested linalg.generic
Total iterator types: 2
Total inputs: 2
Total outputs: 1

=== AffineForOpRaising SUCCESS ===
========================================


========================================
=== AffineForOpRaising::matchAndRewrite ===
========================================
Processing loop:
affine.for %arg6 = 0 to %0 {
  affine.for %arg7 = 0 to %0 {
    %4 = affine.load %arg1[%arg6] : memref<?xf64>
    %5 = affine.load %arg5[%arg6, %arg7] : memref<?x40xf64>
    %6 = affine.load %arg3[%arg7] : memref<?xf64>
    %7 = arith.mulf %5, %6 : f64
    %8 = arith.addf %4, %7 : f64
    affine.store %8, %arg1[%arg6] : memref<?xf64>
  }
}

REJECTED: Walk was interrupted (invalid operations found)


========================================
=== AffineForOpRaising::matchAndRewrite ===
========================================
Processing loop:
affine.for %arg7 = 0 to %0 {
  %4 = affine.load %arg1[%arg6] : memref<?xf64>
  %5 = affine.load %arg5[%arg6, %arg7] : memref<?x40xf64>
  %6 = affine.load %arg3[%arg7] : memref<?xf64>
  %7 = arith.mulf %5, %6 : f64
  %8 = arith.addf %4, %7 : f64
  affine.store %8, %arg1[%arg6] : memref<?xf64>
}

Pattern recognition complete:
  Loads: 3
  Stores: 1
  LinalgGenerics: 0

Loop bounds:
  lbMap: () -> (0)
  ubMap: ()[s0] -> (s0)

--- Processing Linalg Generics ---

--- Processing Loads ---
Processing load: %7 = affine.load %arg1[%arg6] : memref<?xf64>
Processing load: %8 = affine.load %arg5[%arg6, %arg7] : memref<?x40xf64>

=== remap_in_affine_dim ===
  oldmap: (d0, d1) -> (d0, d1)
  firstNDims: 0
  check_reduction (input): 0
  lower_bound_val: 0
  dimidx: 1
  check_reduction (output): 0
  new map (map2): (d0)[s0] -> (s0, d0)
  validDims: 1, validSims: 1
  Created SubmapOp with type: memref<?xf64>
=== remap_in_affine_dim END ===

Processing load: %10 = affine.load %arg3[%arg7] : memref<?xf64>

=== remap_in_affine_dim ===
  oldmap: (d0) -> (d0)
  firstNDims: 0
  check_reduction (input): 0
  lower_bound_val: 0
  dimidx: 0
  check_reduction (output): 0
  new map (map2): (d0) -> (d0)
  validDims: 1, validSims: 0
  Created SubmapOp with type: memref<?xf64>
=== remap_in_affine_dim END ===


--- Processing Stores ---
Processing store: affine.store %13, %arg1[%arg6] : memref<?xf64>

=== remap_in_affine_dim ===
  oldmap: (d0) -> (d0)
  firstNDims: 0
  check_reduction (input): 1
  lower_bound_val: 0
  dimidx: -1
  check_reduction (output): 1
  new map (map2): (d0)[s0] -> (s0)
  validDims: 0, validSims: 1
  Created SubmapOp with type: memref<?xf64>
=== remap_in_affine_dim END ===


--- Creating linalg.generic ---
Iterator type for this loop: reduction
Total iterator types: 1
Total inputs: 2
Total outputs: 1

=== AffineForOpRaising SUCCESS ===
========================================


========================================
=== AffineForOpRaising::matchAndRewrite ===
========================================
Processing loop:
affine.for %arg6 = 0 to %0 {
  %4 = affine.apply affine_map<()[s0] -> (s0)>()[%0]
  %5 = polygeist.submap(%arg5, %arg6, %4) {map = affine_map<(d0)[s0] -> (s0, d0)>} : (memref<?x40xf64>, index, index) -> memref<?xf64>
  %6 = polygeist.submap(%arg3, %4) {map = affine_map<(d0) -> (d0)>} : (memref<?xf64>, index) -> memref<?xf64>
  %7 = polygeist.submap(%arg1, %arg6, %4) {map = affine_map<(d0)[s0] -> (s0)>} : (memref<?xf64>, index, index) -> memref<?xf64>
  linalg.generic {indexing_maps = [affine_map<(d0) -> (d0)>, affine_map<(d0) -> (d0)>, affine_map<(d0) -> (d0)>], iterator_types = ["reduction"]} ins(%5, %6 : memref<?xf64>, memref<?xf64>) outs(%7 : memref<?xf64>) {
  ^bb0(%in: f64, %in_0: f64, %out: f64):
    %8 = arith.mulf %in, %in_0 : f64
    %9 = arith.addf %out, %8 : f64
    linalg.yield %9 : f64
  }
}

Pattern recognition complete:
  Loads: 0
  Stores: 0
  LinalgGenerics: 1

Loop bounds:
  lbMap: () -> (0)
  ubMap: ()[s0] -> (s0)

--- Processing Linalg Generics ---
Processing linalg.generic:
linalg.generic {indexing_maps = [affine_map<(d0) -> (d0)>, affine_map<(d0) -> (d0)>, affine_map<(d0) -> (d0)>], iterator_types = ["reduction"]} ins(%8, %9 : memref<?xf64>, memref<?xf64>) outs(%10 : memref<?xf64>) {
^bb0(%in: f64, %in_0: f64, %out: f64):
  %11 = arith.mulf %in, %in_0 : f64
  %12 = arith.addf %out, %11 : f64
  linalg.yield %12 : f64
}
  Processing 2 inputs
  Input 0 indexing map: (d0) -> (d0)

=== getLinalgArgMap ===
  Initial lgMap: (d0) -> (d0)
  Found SubmapOp with map: (d0)[s0] -> (s0, d0)
  Composed map: (d0)[s0] -> (s0, d0)
  Final lgMap: (d0)[s0] -> (s0, d0)
=== getLinalgArgMap END ===

  Calling remap_in_affine_dim for input 0

=== remap_in_affine_dim ===
  oldmap: (d0)[s0] -> (s0, d0)
  firstNDims: 1
  check_reduction (input): 0
  lower_bound_val: 0
  dimidx: 1
  check_reduction (output): 0
  new map (map2): (d0, d1) -> (d1, d0)
  validDims: 2, validSims: 0
  Created SubmapOp with type: memref<?x?xf64>
=== remap_in_affine_dim END ===

  Input 1 indexing map: (d0) -> (d0)

=== getLinalgArgMap ===
  Initial lgMap: (d0) -> (d0)
  Found SubmapOp with map: (d0) -> (d0)
  Composed map: (d0) -> (d0)
  Final lgMap: (d0) -> (d0)
=== getLinalgArgMap END ===

  Calling remap_in_affine_dim for input 1

=== remap_in_affine_dim ===
  oldmap: (d0) -> (d0)
  firstNDims: 1
  check_reduction (input): 0
  lower_bound_val: 0
  dimidx: -1
  check_reduction (output): 0
  new map (map2): (d0, d1) -> (d0)
  validDims: 1, validSims: 0
  Created SubmapOp with type: memref<?x?xf64>
=== remap_in_affine_dim END ===

  Processing 1 outputs

=== getLinalgArgMap ===
  Initial lgMap: (d0) -> (d0)
  Found SubmapOp with map: (d0)[s0] -> (s0)
  Composed map: (d0)[s0] -> (s0)
  Final lgMap: (d0)[s0] -> (s0)
=== getLinalgArgMap END ===

  Calling remap_in_affine_dim for output 0

=== remap_in_affine_dim ===
  oldmap: (d0)[s0] -> (s0)
  firstNDims: 1
  check_reduction (input): 1
  lower_bound_val: 0
  dimidx: 1
  check_reduction (output): 0
  new map (map2): (d0, d1) -> (d1)
  validDims: 2, validSims: 0
  Created SubmapOp with type: memref<?x?xf64>
=== remap_in_affine_dim END ===


--- Processing Loads ---

--- Processing Stores ---

--- Creating linalg.generic ---
Iterator type for this loop: parallel
Extending iterator types from nested linalg.generic
Total iterator types: 2
Total inputs: 2
Total outputs: 1

=== AffineForOpRaising SUCCESS ===
========================================

### Step 3 Complete ###

****************************************
*** RaiseAffineToLinalg END ***
****************************************


****************************************
*** RaiseAffineToLinalgPipeline END ***
****************************************

