
****************************************
*** RaiseAffineToLinalgPipeline START ***
****************************************

Running pipeline...

****************************************
*** RaiseAffineToLinalg START ***
****************************************

### Step 1: Applying AffineParallelFission ###
### Step 1 Complete ###

### Step 2: Applying AffineParallelToFor ###
### Step 2 Complete ###

### Step 3: Applying AffineForOpRaising ###

========================================
=== AffineForOpRaising::matchAndRewrite ===
========================================
Processing loop:
affine.for %arg5 = affine_map<(d0)[s0] -> (-d0 + s0)>(%arg3)[%0] to affine_map<(d0) -> (d0)>(%arg4) {
  %1 = affine.load %arg2[-%arg3 + symbol(%0) - 1, %arg4] : memref<?x60xi32>
  %2 = affine.load %arg2[-%arg3 + symbol(%0) - 1, %arg5] : memref<?x60xi32>
  %3 = affine.load %arg2[%arg5 + 1, %arg4] : memref<?x60xi32>
  %4 = arith.addi %2, %3 : i32
  %5 = arith.cmpi sge, %1, %4 : i32
  %6 = scf.if %5 -> (i32) {
    %7 = affine.load %arg2[-%arg3 + symbol(%0) - 1, %arg4] : memref<?x60xi32>
    scf.yield %7 : i32
  } else {
    %7 = affine.load %arg2[-%arg3 + symbol(%0) - 1, %arg5] : memref<?x60xi32>
    %8 = arith.addi %7, %3 : i32
    scf.yield %8 : i32
  }
  affine.store %6, %arg2[-%arg3 + symbol(%0) - 1, %arg4] : memref<?x60xi32>
}

REJECTED: Walk was interrupted (invalid operations found)


========================================
=== AffineForOpRaising::matchAndRewrite ===
========================================
Processing loop:
affine.for %arg3 = 0 to %0 {
  affine.for %arg4 = affine_map<(d0)[s0] -> (-d0 + s0)>(%arg3)[%0] to %0 {
    affine.if affine_set<(d0) : (d0 - 1 >= 0)>(%arg4) {
      %1 = affine.load %arg2[-%arg3 + symbol(%0) - 1, %arg4] : memref<?x60xi32>
      %2 = affine.load %arg2[-%arg3 + symbol(%0) - 1, %arg4 - 1] : memref<?x60xi32>
      %3 = arith.cmpi sge, %1, %2 : i32
      %4 = scf.if %3 -> (i32) {
        %5 = affine.load %arg2[-%arg3 + symbol(%0) - 1, %arg4] : memref<?x60xi32>
        scf.yield %5 : i32
      } else {
        %5 = affine.load %arg2[-%arg3 + symbol(%0) - 1, %arg4 - 1] : memref<?x60xi32>
        scf.yield %5 : i32
      }
      affine.store %4, %arg2[-%arg3 + symbol(%0) - 1, %arg4] : memref<?x60xi32>
    }
    affine.if affine_set<(d0) : (d0 - 1 >= 0)>(%arg3) {
      %1 = affine.load %arg2[-%arg3 + symbol(%0) - 1, %arg4] : memref<?x60xi32>
      %2 = affine.load %arg2[-%arg3 + symbol(%0), %arg4] : memref<?x60xi32>
      %3 = arith.cmpi sge, %1, %2 : i32
      %4 = scf.if %3 -> (i32) {
        %5 = affine.load %arg2[-%arg3 + symbol(%0) - 1, %arg4] : memref<?x60xi32>
        scf.yield %5 : i32
      } else {
        %5 = affine.load %arg2[-%arg3 + symbol(%0), %arg4] : memref<?x60xi32>
        scf.yield %5 : i32
      }
      affine.store %4, %arg2[-%arg3 + symbol(%0) - 1, %arg4] : memref<?x60xi32>
    }
    affine.if affine_set<(d0, d1) : (d0 - 1 >= 0, d1 - 1 >= 0)>(%arg4, %arg3) {
      affine.if affine_set<(d0, d1)[s0] : (d0 + d1 - s0 - 1 >= 0)>(%arg3, %arg4)[%0] {
        %1 = affine.load %arg2[-%arg3 + symbol(%0) - 1, %arg4] : memref<?x60xi32>
        %2 = affine.load %arg2[-%arg3 + symbol(%0), %arg4 - 1] : memref<?x60xi32>
        %3 = affine.load %arg1[-%arg3 + symbol(%0) - 1] : memref<?xi8>
        %4 = arith.extsi %3 : i8 to i32
        %5 = affine.load %arg1[%arg4] : memref<?xi8>
        %6 = arith.extsi %5 : i8 to i32
        %7 = arith.addi %4, %6 : i32
        %8 = arith.cmpi eq, %7, %c3_i32 : i32
        %9 = arith.extui %8 : i1 to i32
        %10 = arith.addi %2, %9 : i32
        %11 = arith.cmpi sge, %1, %10 : i32
        %12 = scf.if %11 -> (i32) {
          %13 = affine.load %arg2[-%arg3 + symbol(%0) - 1, %arg4] : memref<?x60xi32>
          scf.yield %13 : i32
        } else {
          %13 = affine.load %arg2[-%arg3 + symbol(%0), %arg4 - 1] : memref<?x60xi32>
          %14 = affine.load %arg1[-%arg3 + symbol(%0) - 1] : memref<?xi8>
          %15 = arith.extsi %14 : i8 to i32
          %16 = arith.addi %15, %6 : i32
          %17 = arith.cmpi eq, %16, %c3_i32 : i32
          %18 = arith.extui %17 : i1 to i32
          %19 = arith.addi %13, %18 : i32
          scf.yield %19 : i32
        }
        affine.store %12, %arg2[-%arg3 + symbol(%0) - 1, %arg4] : memref<?x60xi32>
      } else {
        %1 = affine.load %arg2[-%arg3 + symbol(%0) - 1, %arg4] : memref<?x60xi32>
        %2 = affine.load %arg2[-%arg3 + symbol(%0), %arg4 - 1] : memref<?x60xi32>
        %3 = arith.cmpi sge, %1, %2 : i32
        %4 = scf.if %3 -> (i32) {
          %5 = affine.load %arg2[-%arg3 + symbol(%0) - 1, %arg4] : memref<?x60xi32>
          scf.yield %5 : i32
        } else {
          %5 = affine.load %arg2[-%arg3 + symbol(%0), %arg4 - 1] : memref<?x60xi32>
          scf.yield %5 : i32
        }
        affine.store %4, %arg2[-%arg3 + symbol(%0) - 1, %arg4] : memref<?x60xi32>
      }
    }
    affine.for %arg5 = affine_map<(d0)[s0] -> (-d0 + s0)>(%arg3)[%0] to affine_map<(d0) -> (d0)>(%arg4) {
      %1 = affine.load %arg2[-%arg3 + symbol(%0) - 1, %arg4] : memref<?x60xi32>
      %2 = affine.load %arg2[-%arg3 + symbol(%0) - 1, %arg5] : memref<?x60xi32>
      %3 = affine.load %arg2[%arg5 + 1, %arg4] : memref<?x60xi32>
      %4 = arith.addi %2, %3 : i32
      %5 = arith.cmpi sge, %1, %4 : i32
      %6 = scf.if %5 -> (i32) {
        %7 = affine.load %arg2[-%arg3 + symbol(%0) - 1, %arg4] : memref<?x60xi32>
        scf.yield %7 : i32
      } else {
        %7 = affine.load %arg2[-%arg3 + symbol(%0) - 1, %arg5] : memref<?x60xi32>
        %8 = arith.addi %7, %3 : i32
        scf.yield %8 : i32
      }
      affine.store %6, %arg2[-%arg3 + symbol(%0) - 1, %arg4] : memref<?x60xi32>
    }
  }
}

REJECTED: Walk was interrupted (invalid operations found)


========================================
=== AffineForOpRaising::matchAndRewrite ===
========================================
Processing loop:
affine.for %arg4 = affine_map<(d0)[s0] -> (-d0 + s0)>(%arg3)[%0] to %0 {
  affine.if affine_set<(d0) : (d0 - 1 >= 0)>(%arg4) {
    %1 = affine.load %arg2[-%arg3 + symbol(%0) - 1, %arg4] : memref<?x60xi32>
    %2 = affine.load %arg2[-%arg3 + symbol(%0) - 1, %arg4 - 1] : memref<?x60xi32>
    %3 = arith.cmpi sge, %1, %2 : i32
    %4 = scf.if %3 -> (i32) {
      %5 = affine.load %arg2[-%arg3 + symbol(%0) - 1, %arg4] : memref<?x60xi32>
      scf.yield %5 : i32
    } else {
      %5 = affine.load %arg2[-%arg3 + symbol(%0) - 1, %arg4 - 1] : memref<?x60xi32>
      scf.yield %5 : i32
    }
    affine.store %4, %arg2[-%arg3 + symbol(%0) - 1, %arg4] : memref<?x60xi32>
  }
  affine.if affine_set<(d0) : (d0 - 1 >= 0)>(%arg3) {
    %1 = affine.load %arg2[-%arg3 + symbol(%0) - 1, %arg4] : memref<?x60xi32>
    %2 = affine.load %arg2[-%arg3 + symbol(%0), %arg4] : memref<?x60xi32>
    %3 = arith.cmpi sge, %1, %2 : i32
    %4 = scf.if %3 -> (i32) {
      %5 = affine.load %arg2[-%arg3 + symbol(%0) - 1, %arg4] : memref<?x60xi32>
      scf.yield %5 : i32
    } else {
      %5 = affine.load %arg2[-%arg3 + symbol(%0), %arg4] : memref<?x60xi32>
      scf.yield %5 : i32
    }
    affine.store %4, %arg2[-%arg3 + symbol(%0) - 1, %arg4] : memref<?x60xi32>
  }
  affine.if affine_set<(d0, d1) : (d0 - 1 >= 0, d1 - 1 >= 0)>(%arg4, %arg3) {
    affine.if affine_set<(d0, d1)[s0] : (d0 + d1 - s0 - 1 >= 0)>(%arg3, %arg4)[%0] {
      %1 = affine.load %arg2[-%arg3 + symbol(%0) - 1, %arg4] : memref<?x60xi32>
      %2 = affine.load %arg2[-%arg3 + symbol(%0), %arg4 - 1] : memref<?x60xi32>
      %3 = affine.load %arg1[-%arg3 + symbol(%0) - 1] : memref<?xi8>
      %4 = arith.extsi %3 : i8 to i32
      %5 = affine.load %arg1[%arg4] : memref<?xi8>
      %6 = arith.extsi %5 : i8 to i32
      %7 = arith.addi %4, %6 : i32
      %8 = arith.cmpi eq, %7, %c3_i32 : i32
      %9 = arith.extui %8 : i1 to i32
      %10 = arith.addi %2, %9 : i32
      %11 = arith.cmpi sge, %1, %10 : i32
      %12 = scf.if %11 -> (i32) {
        %13 = affine.load %arg2[-%arg3 + symbol(%0) - 1, %arg4] : memref<?x60xi32>
        scf.yield %13 : i32
      } else {
        %13 = affine.load %arg2[-%arg3 + symbol(%0), %arg4 - 1] : memref<?x60xi32>
        %14 = affine.load %arg1[-%arg3 + symbol(%0) - 1] : memref<?xi8>
        %15 = arith.extsi %14 : i8 to i32
        %16 = arith.addi %15, %6 : i32
        %17 = arith.cmpi eq, %16, %c3_i32 : i32
        %18 = arith.extui %17 : i1 to i32
        %19 = arith.addi %13, %18 : i32
        scf.yield %19 : i32
      }
      affine.store %12, %arg2[-%arg3 + symbol(%0) - 1, %arg4] : memref<?x60xi32>
    } else {
      %1 = affine.load %arg2[-%arg3 + symbol(%0) - 1, %arg4] : memref<?x60xi32>
      %2 = affine.load %arg2[-%arg3 + symbol(%0), %arg4 - 1] : memref<?x60xi32>
      %3 = arith.cmpi sge, %1, %2 : i32
      %4 = scf.if %3 -> (i32) {
        %5 = affine.load %arg2[-%arg3 + symbol(%0) - 1, %arg4] : memref<?x60xi32>
        scf.yield %5 : i32
      } else {
        %5 = affine.load %arg2[-%arg3 + symbol(%0), %arg4 - 1] : memref<?x60xi32>
        scf.yield %5 : i32
      }
      affine.store %4, %arg2[-%arg3 + symbol(%0) - 1, %arg4] : memref<?x60xi32>
    }
  }
  affine.for %arg5 = affine_map<(d0)[s0] -> (-d0 + s0)>(%arg3)[%0] to affine_map<(d0) -> (d0)>(%arg4) {
    %1 = affine.load %arg2[-%arg3 + symbol(%0) - 1, %arg4] : memref<?x60xi32>
    %2 = affine.load %arg2[-%arg3 + symbol(%0) - 1, %arg5] : memref<?x60xi32>
    %3 = affine.load %arg2[%arg5 + 1, %arg4] : memref<?x60xi32>
    %4 = arith.addi %2, %3 : i32
    %5 = arith.cmpi sge, %1, %4 : i32
    %6 = scf.if %5 -> (i32) {
      %7 = affine.load %arg2[-%arg3 + symbol(%0) - 1, %arg4] : memref<?x60xi32>
      scf.yield %7 : i32
    } else {
      %7 = affine.load %arg2[-%arg3 + symbol(%0) - 1, %arg5] : memref<?x60xi32>
      %8 = arith.addi %7, %3 : i32
      scf.yield %8 : i32
    }
    affine.store %6, %arg2[-%arg3 + symbol(%0) - 1, %arg4] : memref<?x60xi32>
  }
}

REJECTED: Walk was interrupted (invalid operations found)

### Step 3 Complete ###

****************************************
*** RaiseAffineToLinalg END ***
****************************************


****************************************
*** RaiseAffineToLinalgPipeline END ***
****************************************

