
****************************************
*** RaiseAffineToLinalgPipeline START ***
****************************************

Running pipeline...

****************************************
*** RaiseAffineToLinalg START ***
****************************************

### Step 1: Applying AffineParallelFission ###
### Step 1 Complete ###

### Step 2: Applying AffineParallelToFor ###
### Step 2 Complete ###

### Step 3: Applying AffineForOpRaising ###

========================================
=== AffineForOpRaising::matchAndRewrite ===
========================================
Processing loop:
affine.for %arg3 = 0 to %0 {
  affine.for %arg4 = 1 to affine_map<()[s0] -> (s0 - 1)>()[%1] {
    affine.for %arg5 = 1 to affine_map<()[s0] -> (s0 - 1)>()[%1] {
      %2 = affine.load %arg2[%arg4 - 1, %arg5 - 1] : memref<?x40xf64>
      %3 = affine.load %arg2[%arg4 - 1, %arg5] : memref<?x40xf64>
      %4 = arith.addf %2, %3 : f64
      %5 = affine.load %arg2[%arg4 - 1, %arg5 + 1] : memref<?x40xf64>
      %6 = arith.addf %4, %5 : f64
      %7 = affine.load %arg2[%arg4, %arg5 - 1] : memref<?x40xf64>
      %8 = arith.addf %6, %7 : f64
      %9 = affine.load %arg2[%arg4, %arg5] : memref<?x40xf64>
      %10 = arith.addf %8, %9 : f64
      %11 = affine.load %arg2[%arg4, %arg5 + 1] : memref<?x40xf64>
      %12 = arith.addf %10, %11 : f64
      %13 = affine.load %arg2[%arg4 + 1, %arg5 - 1] : memref<?x40xf64>
      %14 = arith.addf %12, %13 : f64
      %15 = affine.load %arg2[%arg4 + 1, %arg5] : memref<?x40xf64>
      %16 = arith.addf %14, %15 : f64
      %17 = affine.load %arg2[%arg4 + 1, %arg5 + 1] : memref<?x40xf64>
      %18 = arith.addf %16, %17 : f64
      %19 = arith.divf %18, %cst : f64
      affine.store %19, %arg2[%arg4, %arg5] : memref<?x40xf64>
    }
  }
}

REJECTED: Walk was interrupted (invalid operations found)


========================================
=== AffineForOpRaising::matchAndRewrite ===
========================================
Processing loop:
affine.for %arg4 = 1 to affine_map<()[s0] -> (s0 - 1)>()[%1] {
  affine.for %arg5 = 1 to affine_map<()[s0] -> (s0 - 1)>()[%1] {
    %2 = affine.load %arg2[%arg4 - 1, %arg5 - 1] : memref<?x40xf64>
    %3 = affine.load %arg2[%arg4 - 1, %arg5] : memref<?x40xf64>
    %4 = arith.addf %2, %3 : f64
    %5 = affine.load %arg2[%arg4 - 1, %arg5 + 1] : memref<?x40xf64>
    %6 = arith.addf %4, %5 : f64
    %7 = affine.load %arg2[%arg4, %arg5 - 1] : memref<?x40xf64>
    %8 = arith.addf %6, %7 : f64
    %9 = affine.load %arg2[%arg4, %arg5] : memref<?x40xf64>
    %10 = arith.addf %8, %9 : f64
    %11 = affine.load %arg2[%arg4, %arg5 + 1] : memref<?x40xf64>
    %12 = arith.addf %10, %11 : f64
    %13 = affine.load %arg2[%arg4 + 1, %arg5 - 1] : memref<?x40xf64>
    %14 = arith.addf %12, %13 : f64
    %15 = affine.load %arg2[%arg4 + 1, %arg5] : memref<?x40xf64>
    %16 = arith.addf %14, %15 : f64
    %17 = affine.load %arg2[%arg4 + 1, %arg5 + 1] : memref<?x40xf64>
    %18 = arith.addf %16, %17 : f64
    %19 = arith.divf %18, %cst : f64
    affine.store %19, %arg2[%arg4, %arg5] : memref<?x40xf64>
  }
}

REJECTED: Walk was interrupted (invalid operations found)


========================================
=== AffineForOpRaising::matchAndRewrite ===
========================================
Processing loop:
affine.for %arg5 = 1 to affine_map<()[s0] -> (s0 - 1)>()[%1] {
  %2 = affine.load %arg2[%arg4 - 1, %arg5 - 1] : memref<?x40xf64>
  %3 = affine.load %arg2[%arg4 - 1, %arg5] : memref<?x40xf64>
  %4 = arith.addf %2, %3 : f64
  %5 = affine.load %arg2[%arg4 - 1, %arg5 + 1] : memref<?x40xf64>
  %6 = arith.addf %4, %5 : f64
  %7 = affine.load %arg2[%arg4, %arg5 - 1] : memref<?x40xf64>
  %8 = arith.addf %6, %7 : f64
  %9 = affine.load %arg2[%arg4, %arg5] : memref<?x40xf64>
  %10 = arith.addf %8, %9 : f64
  %11 = affine.load %arg2[%arg4, %arg5 + 1] : memref<?x40xf64>
  %12 = arith.addf %10, %11 : f64
  %13 = affine.load %arg2[%arg4 + 1, %arg5 - 1] : memref<?x40xf64>
  %14 = arith.addf %12, %13 : f64
  %15 = affine.load %arg2[%arg4 + 1, %arg5] : memref<?x40xf64>
  %16 = arith.addf %14, %15 : f64
  %17 = affine.load %arg2[%arg4 + 1, %arg5 + 1] : memref<?x40xf64>
  %18 = arith.addf %16, %17 : f64
  %19 = arith.divf %18, %cst : f64
  affine.store %19, %arg2[%arg4, %arg5] : memref<?x40xf64>
}

Pattern recognition complete:
  Loads: 9
  Stores: 1
  LinalgGenerics: 0

Loop bounds:
  lbMap: () -> (1)
  ubMap: ()[s0] -> (s0 - 1)

--- Processing Linalg Generics ---

--- Processing Loads ---
Processing load: %5 = affine.load %arg2[%arg4 - 1, %arg5 - 1] : memref<?x40xf64>

=== remap_in_affine_dim ===
  oldmap: (d0, d1) -> (d0 - 1, d1 - 1)
  firstNDims: 0
  check_reduction (input): 0
  lower_bound_val: 1
  dimidx: 1
  check_reduction (output): 0
  new map (map2): (d0)[s0] -> (s0 - 1, d0)
  validDims: 1, validSims: 1
  Created SubmapOp with type: memref<?xf64>
=== remap_in_affine_dim END ===

Processing load: %7 = affine.load %arg2[%arg4 - 1, %arg5] : memref<?x40xf64>

=== remap_in_affine_dim ===
  oldmap: (d0, d1) -> (d0 - 1, d1)
  firstNDims: 0
  check_reduction (input): 0
  lower_bound_val: 1
  dimidx: 1
  check_reduction (output): 0
  new map (map2): (d0)[s0] -> (s0 - 1, d0 + 1)
  validDims: 1, validSims: 1
  Created SubmapOp with type: memref<?xf64>
=== remap_in_affine_dim END ===

Processing load: %10 = affine.load %arg2[%arg4 - 1, %arg5 + 1] : memref<?x40xf64>

=== remap_in_affine_dim ===
  oldmap: (d0, d1) -> (d0 - 1, d1 + 1)
  firstNDims: 0
  check_reduction (input): 0
  lower_bound_val: 1
  dimidx: 1
  check_reduction (output): 0
  new map (map2): (d0)[s0] -> (s0 - 1, d0 + 2)
  validDims: 1, validSims: 1
  Created SubmapOp with type: memref<?xf64>
=== remap_in_affine_dim END ===

Processing load: %13 = affine.load %arg2[%arg4, %arg5 - 1] : memref<?x40xf64>

=== remap_in_affine_dim ===
  oldmap: (d0, d1) -> (d0, d1 - 1)
  firstNDims: 0
  check_reduction (input): 0
  lower_bound_val: 1
  dimidx: 1
  check_reduction (output): 0
  new map (map2): (d0)[s0] -> (s0, d0)
  validDims: 1, validSims: 1
  Created SubmapOp with type: memref<?xf64>
=== remap_in_affine_dim END ===

Processing load: %16 = affine.load %arg2[%arg4, %arg5] : memref<?x40xf64>
Processing load: %18 = affine.load %arg2[%arg4, %arg5 + 1] : memref<?x40xf64>

=== remap_in_affine_dim ===
  oldmap: (d0, d1) -> (d0, d1 + 1)
  firstNDims: 0
  check_reduction (input): 0
  lower_bound_val: 1
  dimidx: 1
  check_reduction (output): 0
  new map (map2): (d0)[s0] -> (s0, d0 + 2)
  validDims: 1, validSims: 1
  Created SubmapOp with type: memref<?xf64>
=== remap_in_affine_dim END ===

Processing load: %21 = affine.load %arg2[%arg4 + 1, %arg5 - 1] : memref<?x40xf64>

=== remap_in_affine_dim ===
  oldmap: (d0, d1) -> (d0 + 1, d1 - 1)
  firstNDims: 0
  check_reduction (input): 0
  lower_bound_val: 1
  dimidx: 1
  check_reduction (output): 0
  new map (map2): (d0)[s0] -> (s0 + 1, d0)
  validDims: 1, validSims: 1
  Created SubmapOp with type: memref<?xf64>
=== remap_in_affine_dim END ===

Processing load: %24 = affine.load %arg2[%arg4 + 1, %arg5] : memref<?x40xf64>

=== remap_in_affine_dim ===
  oldmap: (d0, d1) -> (d0 + 1, d1)
  firstNDims: 0
  check_reduction (input): 0
  lower_bound_val: 1
  dimidx: 1
  check_reduction (output): 0
  new map (map2): (d0)[s0] -> (s0 + 1, d0 + 1)
  validDims: 1, validSims: 1
  Created SubmapOp with type: memref<?xf64>
=== remap_in_affine_dim END ===

Processing load: %27 = affine.load %arg2[%arg4 + 1, %arg5 + 1] : memref<?x40xf64>

=== remap_in_affine_dim ===
  oldmap: (d0, d1) -> (d0 + 1, d1 + 1)
  firstNDims: 0
  check_reduction (input): 0
  lower_bound_val: 1
  dimidx: 1
  check_reduction (output): 0
  new map (map2): (d0)[s0] -> (s0 + 1, d0 + 2)
  validDims: 1, validSims: 1
  Created SubmapOp with type: memref<?xf64>
=== remap_in_affine_dim END ===


--- Processing Stores ---
Processing store: affine.store %30, %arg2[%arg4, %arg5] : memref<?x40xf64>

=== remap_in_affine_dim ===
  oldmap: (d0, d1) -> (d0, d1)
  firstNDims: 0
  check_reduction (input): 1
  lower_bound_val: 1
  dimidx: 1
  check_reduction (output): 0
  new map (map2): (d0)[s0] -> (s0, d0 + 1)
  validDims: 1, validSims: 1
  Created SubmapOp with type: memref<?xf64>
=== remap_in_affine_dim END ===


--- Creating linalg.generic ---
Iterator type for this loop: parallel
Total iterator types: 1
Total inputs: 8
Total outputs: 1

=== AffineForOpRaising SUCCESS ===
========================================


========================================
=== AffineForOpRaising::matchAndRewrite ===
========================================
Processing loop:
affine.for %arg3 = 0 to %0 {
  affine.for %arg4 = 1 to affine_map<()[s0] -> (s0 - 1)>()[%1] {
    %2 = affine.apply affine_map<()[s0] -> (s0 - 1)>()[%1]
    %3 = arith.subi %2, %c1 : index
    %4 = polygeist.submap(%arg2, %arg4, %3) {map = affine_map<(d0)[s0] -> (s0 - 1, d0)>} : (memref<?x40xf64>, index, index) -> memref<?xf64>
    %5 = polygeist.submap(%arg2, %arg4, %3) {map = affine_map<(d0)[s0] -> (s0 - 1, d0 + 1)>} : (memref<?x40xf64>, index, index) -> memref<?xf64>
    %6 = polygeist.submap(%arg2, %arg4, %3) {map = affine_map<(d0)[s0] -> (s0 - 1, d0 + 2)>} : (memref<?x40xf64>, index, index) -> memref<?xf64>
    %7 = polygeist.submap(%arg2, %arg4, %3) {map = affine_map<(d0)[s0] -> (s0, d0)>} : (memref<?x40xf64>, index, index) -> memref<?xf64>
    %8 = polygeist.submap(%arg2, %arg4, %3) {map = affine_map<(d0)[s0] -> (s0, d0 + 2)>} : (memref<?x40xf64>, index, index) -> memref<?xf64>
    %9 = polygeist.submap(%arg2, %arg4, %3) {map = affine_map<(d0)[s0] -> (s0 + 1, d0)>} : (memref<?x40xf64>, index, index) -> memref<?xf64>
    %10 = polygeist.submap(%arg2, %arg4, %3) {map = affine_map<(d0)[s0] -> (s0 + 1, d0 + 1)>} : (memref<?x40xf64>, index, index) -> memref<?xf64>
    %11 = polygeist.submap(%arg2, %arg4, %3) {map = affine_map<(d0)[s0] -> (s0 + 1, d0 + 2)>} : (memref<?x40xf64>, index, index) -> memref<?xf64>
    %12 = polygeist.submap(%arg2, %arg4, %3) {map = affine_map<(d0)[s0] -> (s0, d0 + 1)>} : (memref<?x40xf64>, index, index) -> memref<?xf64>
    linalg.generic {indexing_maps = [affine_map<(d0) -> (d0)>, affine_map<(d0) -> (d0)>, affine_map<(d0) -> (d0)>, affine_map<(d0) -> (d0)>, affine_map<(d0) -> (d0)>, affine_map<(d0) -> (d0)>, affine_map<(d0) -> (d0)>, affine_map<(d0) -> (d0)>, affine_map<(d0) -> (d0)>], iterator_types = ["parallel"]} ins(%4, %5, %6, %7, %8, %9, %10, %11 : memref<?xf64>, memref<?xf64>, memref<?xf64>, memref<?xf64>, memref<?xf64>, memref<?xf64>, memref<?xf64>, memref<?xf64>) outs(%12 : memref<?xf64>) {
    ^bb0(%in: f64, %in_0: f64, %in_1: f64, %in_2: f64, %in_3: f64, %in_4: f64, %in_5: f64, %in_6: f64, %out: f64):
      %13 = arith.addf %in, %in_0 : f64
      %14 = arith.addf %13, %in_1 : f64
      %15 = arith.addf %14, %in_2 : f64
      %16 = arith.addf %15, %out : f64
      %17 = arith.addf %16, %in_3 : f64
      %18 = arith.addf %17, %in_4 : f64
      %19 = arith.addf %18, %in_5 : f64
      %20 = arith.addf %19, %in_6 : f64
      %21 = arith.divf %20, %cst : f64
      linalg.yield %21 : f64
    }
  }
}

REJECTED: Walk was interrupted (invalid operations found)


========================================
=== AffineForOpRaising::matchAndRewrite ===
========================================
Processing loop:
affine.for %arg4 = 1 to affine_map<()[s0] -> (s0 - 1)>()[%1] {
  %2 = affine.apply affine_map<()[s0] -> (s0 - 1)>()[%1]
  %3 = arith.subi %2, %c1 : index
  %4 = polygeist.submap(%arg2, %arg4, %3) {map = affine_map<(d0)[s0] -> (s0 - 1, d0)>} : (memref<?x40xf64>, index, index) -> memref<?xf64>
  %5 = polygeist.submap(%arg2, %arg4, %3) {map = affine_map<(d0)[s0] -> (s0 - 1, d0 + 1)>} : (memref<?x40xf64>, index, index) -> memref<?xf64>
  %6 = polygeist.submap(%arg2, %arg4, %3) {map = affine_map<(d0)[s0] -> (s0 - 1, d0 + 2)>} : (memref<?x40xf64>, index, index) -> memref<?xf64>
  %7 = polygeist.submap(%arg2, %arg4, %3) {map = affine_map<(d0)[s0] -> (s0, d0)>} : (memref<?x40xf64>, index, index) -> memref<?xf64>
  %8 = polygeist.submap(%arg2, %arg4, %3) {map = affine_map<(d0)[s0] -> (s0, d0 + 2)>} : (memref<?x40xf64>, index, index) -> memref<?xf64>
  %9 = polygeist.submap(%arg2, %arg4, %3) {map = affine_map<(d0)[s0] -> (s0 + 1, d0)>} : (memref<?x40xf64>, index, index) -> memref<?xf64>
  %10 = polygeist.submap(%arg2, %arg4, %3) {map = affine_map<(d0)[s0] -> (s0 + 1, d0 + 1)>} : (memref<?x40xf64>, index, index) -> memref<?xf64>
  %11 = polygeist.submap(%arg2, %arg4, %3) {map = affine_map<(d0)[s0] -> (s0 + 1, d0 + 2)>} : (memref<?x40xf64>, index, index) -> memref<?xf64>
  %12 = polygeist.submap(%arg2, %arg4, %3) {map = affine_map<(d0)[s0] -> (s0, d0 + 1)>} : (memref<?x40xf64>, index, index) -> memref<?xf64>
  linalg.generic {indexing_maps = [affine_map<(d0) -> (d0)>, affine_map<(d0) -> (d0)>, affine_map<(d0) -> (d0)>, affine_map<(d0) -> (d0)>, affine_map<(d0) -> (d0)>, affine_map<(d0) -> (d0)>, affine_map<(d0) -> (d0)>, affine_map<(d0) -> (d0)>, affine_map<(d0) -> (d0)>], iterator_types = ["parallel"]} ins(%4, %5, %6, %7, %8, %9, %10, %11 : memref<?xf64>, memref<?xf64>, memref<?xf64>, memref<?xf64>, memref<?xf64>, memref<?xf64>, memref<?xf64>, memref<?xf64>) outs(%12 : memref<?xf64>) {
  ^bb0(%in: f64, %in_0: f64, %in_1: f64, %in_2: f64, %in_3: f64, %in_4: f64, %in_5: f64, %in_6: f64, %out: f64):
    %13 = arith.addf %in, %in_0 : f64
    %14 = arith.addf %13, %in_1 : f64
    %15 = arith.addf %14, %in_2 : f64
    %16 = arith.addf %15, %out : f64
    %17 = arith.addf %16, %in_3 : f64
    %18 = arith.addf %17, %in_4 : f64
    %19 = arith.addf %18, %in_5 : f64
    %20 = arith.addf %19, %in_6 : f64
    %21 = arith.divf %20, %cst : f64
    linalg.yield %21 : f64
  }
}

Pattern recognition complete:
  Loads: 0
  Stores: 0
  LinalgGenerics: 1

Loop bounds:
  lbMap: () -> (1)
  ubMap: ()[s0] -> (s0 - 1)

--- Processing Linalg Generics ---
Processing linalg.generic:
linalg.generic {indexing_maps = [affine_map<(d0) -> (d0)>, affine_map<(d0) -> (d0)>, affine_map<(d0) -> (d0)>, affine_map<(d0) -> (d0)>, affine_map<(d0) -> (d0)>, affine_map<(d0) -> (d0)>, affine_map<(d0) -> (d0)>, affine_map<(d0) -> (d0)>, affine_map<(d0) -> (d0)>], iterator_types = ["parallel"]} ins(%7, %8, %9, %10, %11, %12, %13, %14 : memref<?xf64>, memref<?xf64>, memref<?xf64>, memref<?xf64>, memref<?xf64>, memref<?xf64>, memref<?xf64>, memref<?xf64>) outs(%15 : memref<?xf64>) {
^bb0(%in: f64, %in_0: f64, %in_1: f64, %in_2: f64, %in_3: f64, %in_4: f64, %in_5: f64, %in_6: f64, %out: f64):
  %16 = arith.addf %in, %in_0 : f64
  %17 = arith.addf %16, %in_1 : f64
  %18 = arith.addf %17, %in_2 : f64
  %19 = arith.addf %18, %out : f64
  %20 = arith.addf %19, %in_3 : f64
  %21 = arith.addf %20, %in_4 : f64
  %22 = arith.addf %21, %in_5 : f64
  %23 = arith.addf %22, %in_6 : f64
  %24 = arith.divf %23, %cst : f64
  linalg.yield %24 : f64
}
  Processing 8 inputs
  Input 0 indexing map: (d0) -> (d0)

=== getLinalgArgMap ===
  Initial lgMap: (d0) -> (d0)
  Found SubmapOp with map: (d0)[s0] -> (s0 - 1, d0)
  Composed map: (d0)[s0] -> (s0 - 1, d0)
  Final lgMap: (d0)[s0] -> (s0 - 1, d0)
=== getLinalgArgMap END ===

  Calling remap_in_affine_dim for input 0

=== remap_in_affine_dim ===
  oldmap: (d0)[s0] -> (s0 - 1, d0)
  firstNDims: 1
  check_reduction (input): 0
  lower_bound_val: 1
  dimidx: 1
  check_reduction (output): 0
  new map (map2): (d0, d1) -> (d1, d0)
  validDims: 2, validSims: 0
  Created SubmapOp with type: memref<?x?xf64>
=== remap_in_affine_dim END ===

  Input 1 indexing map: (d0) -> (d0)

=== getLinalgArgMap ===
  Initial lgMap: (d0) -> (d0)
  Found SubmapOp with map: (d0)[s0] -> (s0 - 1, d0 + 1)
  Composed map: (d0)[s0] -> (s0 - 1, d0 + 1)
  Final lgMap: (d0)[s0] -> (s0 - 1, d0 + 1)
=== getLinalgArgMap END ===

  Calling remap_in_affine_dim for input 1

=== remap_in_affine_dim ===
  oldmap: (d0)[s0] -> (s0 - 1, d0 + 1)
  firstNDims: 1
  check_reduction (input): 0
  lower_bound_val: 1
  dimidx: 1
  check_reduction (output): 0
  new map (map2): (d0, d1) -> (d1, d0 + 1)
  validDims: 2, validSims: 0
  Created SubmapOp with type: memref<?x?xf64>
=== remap_in_affine_dim END ===

  Input 2 indexing map: (d0) -> (d0)

=== getLinalgArgMap ===
  Initial lgMap: (d0) -> (d0)
  Found SubmapOp with map: (d0)[s0] -> (s0 - 1, d0 + 2)
  Composed map: (d0)[s0] -> (s0 - 1, d0 + 2)
  Final lgMap: (d0)[s0] -> (s0 - 1, d0 + 2)
=== getLinalgArgMap END ===

  Calling remap_in_affine_dim for input 2

=== remap_in_affine_dim ===
  oldmap: (d0)[s0] -> (s0 - 1, d0 + 2)
  firstNDims: 1
  check_reduction (input): 0
  lower_bound_val: 1
  dimidx: 1
  check_reduction (output): 0
  new map (map2): (d0, d1) -> (d1, d0 + 2)
  validDims: 2, validSims: 0
  Created SubmapOp with type: memref<?x?xf64>
=== remap_in_affine_dim END ===

  Input 3 indexing map: (d0) -> (d0)

=== getLinalgArgMap ===
  Initial lgMap: (d0) -> (d0)
  Found SubmapOp with map: (d0)[s0] -> (s0, d0)
  Composed map: (d0)[s0] -> (s0, d0)
  Final lgMap: (d0)[s0] -> (s0, d0)
=== getLinalgArgMap END ===

  Calling remap_in_affine_dim for input 3

=== remap_in_affine_dim ===
  oldmap: (d0)[s0] -> (s0, d0)
  firstNDims: 1
  check_reduction (input): 0
  lower_bound_val: 1
  dimidx: 1
  check_reduction (output): 0
  new map (map2): (d0, d1) -> (d1 + 1, d0)
  validDims: 2, validSims: 0
  Created SubmapOp with type: memref<?x?xf64>
=== remap_in_affine_dim END ===

  Input 4 indexing map: (d0) -> (d0)

=== getLinalgArgMap ===
  Initial lgMap: (d0) -> (d0)
  Found SubmapOp with map: (d0)[s0] -> (s0, d0 + 2)
  Composed map: (d0)[s0] -> (s0, d0 + 2)
  Final lgMap: (d0)[s0] -> (s0, d0 + 2)
=== getLinalgArgMap END ===

  Calling remap_in_affine_dim for input 4

=== remap_in_affine_dim ===
  oldmap: (d0)[s0] -> (s0, d0 + 2)
  firstNDims: 1
  check_reduction (input): 0
  lower_bound_val: 1
  dimidx: 1
  check_reduction (output): 0
  new map (map2): (d0, d1) -> (d1 + 1, d0 + 2)
  validDims: 2, validSims: 0
  Created SubmapOp with type: memref<?x?xf64>
=== remap_in_affine_dim END ===

  Input 5 indexing map: (d0) -> (d0)

=== getLinalgArgMap ===
  Initial lgMap: (d0) -> (d0)
  Found SubmapOp with map: (d0)[s0] -> (s0 + 1, d0)
  Composed map: (d0)[s0] -> (s0 + 1, d0)
  Final lgMap: (d0)[s0] -> (s0 + 1, d0)
=== getLinalgArgMap END ===

  Calling remap_in_affine_dim for input 5

=== remap_in_affine_dim ===
  oldmap: (d0)[s0] -> (s0 + 1, d0)
  firstNDims: 1
  check_reduction (input): 0
  lower_bound_val: 1
  dimidx: 1
  check_reduction (output): 0
  new map (map2): (d0, d1) -> (d1 + 2, d0)
  validDims: 2, validSims: 0
  Created SubmapOp with type: memref<?x?xf64>
=== remap_in_affine_dim END ===

  Input 6 indexing map: (d0) -> (d0)

=== getLinalgArgMap ===
  Initial lgMap: (d0) -> (d0)
  Found SubmapOp with map: (d0)[s0] -> (s0 + 1, d0 + 1)
  Composed map: (d0)[s0] -> (s0 + 1, d0 + 1)
  Final lgMap: (d0)[s0] -> (s0 + 1, d0 + 1)
=== getLinalgArgMap END ===

  Calling remap_in_affine_dim for input 6

=== remap_in_affine_dim ===
  oldmap: (d0)[s0] -> (s0 + 1, d0 + 1)
  firstNDims: 1
  check_reduction (input): 0
  lower_bound_val: 1
  dimidx: 1
  check_reduction (output): 0
  new map (map2): (d0, d1) -> (d1 + 2, d0 + 1)
  validDims: 2, validSims: 0
  Created SubmapOp with type: memref<?x?xf64>
=== remap_in_affine_dim END ===

  Input 7 indexing map: (d0) -> (d0)

=== getLinalgArgMap ===
  Initial lgMap: (d0) -> (d0)
  Found SubmapOp with map: (d0)[s0] -> (s0 + 1, d0 + 2)
  Composed map: (d0)[s0] -> (s0 + 1, d0 + 2)
  Final lgMap: (d0)[s0] -> (s0 + 1, d0 + 2)
=== getLinalgArgMap END ===

  Calling remap_in_affine_dim for input 7

=== remap_in_affine_dim ===
  oldmap: (d0)[s0] -> (s0 + 1, d0 + 2)
  firstNDims: 1
  check_reduction (input): 0
  lower_bound_val: 1
  dimidx: 1
  check_reduction (output): 0
  new map (map2): (d0, d1) -> (d1 + 2, d0 + 2)
  validDims: 2, validSims: 0
  Created SubmapOp with type: memref<?x?xf64>
=== remap_in_affine_dim END ===

  Processing 1 outputs

=== getLinalgArgMap ===
  Initial lgMap: (d0) -> (d0)
  Found SubmapOp with map: (d0)[s0] -> (s0, d0 + 1)
  Composed map: (d0)[s0] -> (s0, d0 + 1)
  Final lgMap: (d0)[s0] -> (s0, d0 + 1)
=== getLinalgArgMap END ===

  Calling remap_in_affine_dim for output 0

=== remap_in_affine_dim ===
  oldmap: (d0)[s0] -> (s0, d0 + 1)
  firstNDims: 1
  check_reduction (input): 1
  lower_bound_val: 1
  dimidx: 1
  check_reduction (output): 0
  new map (map2): (d0, d1) -> (d1 + 1, d0 + 1)
  validDims: 2, validSims: 0
  Created SubmapOp with type: memref<?x?xf64>
=== remap_in_affine_dim END ===


--- Processing Loads ---

--- Processing Stores ---

--- Creating linalg.generic ---
Iterator type for this loop: parallel
Extending iterator types from nested linalg.generic
Total iterator types: 2
Total inputs: 8
Total outputs: 1

=== AffineForOpRaising SUCCESS ===
========================================


========================================
=== AffineForOpRaising::matchAndRewrite ===
========================================
Processing loop:
affine.for %arg3 = 0 to %0 {
  %2 = affine.apply affine_map<()[s0] -> (s0 - 1)>()[%1]
  %3 = arith.subi %2, %c1 : index
  %4 = affine.apply affine_map<()[s0] -> (s0 - 1)>()[%1]
  %5 = arith.subi %4, %c1 : index
  %6 = polygeist.submap(%arg2, %5, %3) {map = affine_map<(d0, d1) -> (d1, d0)>} : (memref<?x40xf64>, index, index) -> memref<?x?xf64>
  %7 = affine.apply affine_map<()[s0] -> (s0 - 1)>()[%1]
  %8 = arith.subi %7, %c1 : index
  %9 = polygeist.submap(%arg2, %8, %3) {map = affine_map<(d0, d1) -> (d1, d0 + 1)>} : (memref<?x40xf64>, index, index) -> memref<?x?xf64>
  %10 = affine.apply affine_map<()[s0] -> (s0 - 1)>()[%1]
  %11 = arith.subi %10, %c1 : index
  %12 = polygeist.submap(%arg2, %11, %3) {map = affine_map<(d0, d1) -> (d1, d0 + 2)>} : (memref<?x40xf64>, index, index) -> memref<?x?xf64>
  %13 = affine.apply affine_map<()[s0] -> (s0 - 1)>()[%1]
  %14 = arith.subi %13, %c1 : index
  %15 = polygeist.submap(%arg2, %14, %3) {map = affine_map<(d0, d1) -> (d1 + 1, d0)>} : (memref<?x40xf64>, index, index) -> memref<?x?xf64>
  %16 = affine.apply affine_map<()[s0] -> (s0 - 1)>()[%1]
  %17 = arith.subi %16, %c1 : index
  %18 = polygeist.submap(%arg2, %17, %3) {map = affine_map<(d0, d1) -> (d1 + 1, d0 + 2)>} : (memref<?x40xf64>, index, index) -> memref<?x?xf64>
  %19 = affine.apply affine_map<()[s0] -> (s0 - 1)>()[%1]
  %20 = arith.subi %19, %c1 : index
  %21 = polygeist.submap(%arg2, %20, %3) {map = affine_map<(d0, d1) -> (d1 + 2, d0)>} : (memref<?x40xf64>, index, index) -> memref<?x?xf64>
  %22 = affine.apply affine_map<()[s0] -> (s0 - 1)>()[%1]
  %23 = arith.subi %22, %c1 : index
  %24 = polygeist.submap(%arg2, %23, %3) {map = affine_map<(d0, d1) -> (d1 + 2, d0 + 1)>} : (memref<?x40xf64>, index, index) -> memref<?x?xf64>
  %25 = affine.apply affine_map<()[s0] -> (s0 - 1)>()[%1]
  %26 = arith.subi %25, %c1 : index
  %27 = polygeist.submap(%arg2, %26, %3) {map = affine_map<(d0, d1) -> (d1 + 2, d0 + 2)>} : (memref<?x40xf64>, index, index) -> memref<?x?xf64>
  %28 = affine.apply affine_map<()[s0] -> (s0 - 1)>()[%1]
  %29 = arith.subi %28, %c1 : index
  %30 = polygeist.submap(%arg2, %29, %3) {map = affine_map<(d0, d1) -> (d1 + 1, d0 + 1)>} : (memref<?x40xf64>, index, index) -> memref<?x?xf64>
  linalg.generic {indexing_maps = [affine_map<(d0, d1) -> (d0, d1)>, affine_map<(d0, d1) -> (d0, d1)>, affine_map<(d0, d1) -> (d0, d1)>, affine_map<(d0, d1) -> (d0, d1)>, affine_map<(d0, d1) -> (d0, d1)>, affine_map<(d0, d1) -> (d0, d1)>, affine_map<(d0, d1) -> (d0, d1)>, affine_map<(d0, d1) -> (d0, d1)>, affine_map<(d0, d1) -> (d0, d1)>], iterator_types = ["parallel", "parallel"]} ins(%6, %9, %12, %15, %18, %21, %24, %27 : memref<?x?xf64>, memref<?x?xf64>, memref<?x?xf64>, memref<?x?xf64>, memref<?x?xf64>, memref<?x?xf64>, memref<?x?xf64>, memref<?x?xf64>) outs(%30 : memref<?x?xf64>) {
  ^bb0(%in: f64, %in_0: f64, %in_1: f64, %in_2: f64, %in_3: f64, %in_4: f64, %in_5: f64, %in_6: f64, %out: f64):
    %31 = affine.apply affine_map<()[s0] -> (s0 - 1)>()[%1]
    %32 = arith.addf %in, %in_0 : f64
    %33 = arith.addf %32, %in_1 : f64
    %34 = arith.addf %33, %in_2 : f64
    %35 = arith.addf %34, %out : f64
    %36 = arith.addf %35, %in_3 : f64
    %37 = arith.addf %36, %in_4 : f64
    %38 = arith.addf %37, %in_5 : f64
    %39 = arith.addf %38, %in_6 : f64
    %40 = arith.divf %39, %cst : f64
    linalg.yield %40 : f64
  }
}

Pattern recognition complete:
  Loads: 0
  Stores: 0
  LinalgGenerics: 1

Loop bounds:
  lbMap: () -> (0)
  ubMap: ()[s0] -> (s0)

--- Processing Linalg Generics ---
Processing linalg.generic:
linalg.generic {indexing_maps = [affine_map<(d0, d1) -> (d0, d1)>, affine_map<(d0, d1) -> (d0, d1)>, affine_map<(d0, d1) -> (d0, d1)>, affine_map<(d0, d1) -> (d0, d1)>, affine_map<(d0, d1) -> (d0, d1)>, affine_map<(d0, d1) -> (d0, d1)>, affine_map<(d0, d1) -> (d0, d1)>, affine_map<(d0, d1) -> (d0, d1)>, affine_map<(d0, d1) -> (d0, d1)>], iterator_types = ["parallel", "parallel"]} ins(%9, %12, %15, %18, %21, %24, %27, %30 : memref<?x?xf64>, memref<?x?xf64>, memref<?x?xf64>, memref<?x?xf64>, memref<?x?xf64>, memref<?x?xf64>, memref<?x?xf64>, memref<?x?xf64>) outs(%33 : memref<?x?xf64>) {
^bb0(%in: f64, %in_0: f64, %in_1: f64, %in_2: f64, %in_3: f64, %in_4: f64, %in_5: f64, %in_6: f64, %out: f64):
  %34 = affine.apply affine_map<()[s0] -> (s0 - 1)>()[%1]
  %35 = arith.addf %in, %in_0 : f64
  %36 = arith.addf %35, %in_1 : f64
  %37 = arith.addf %36, %in_2 : f64
  %38 = arith.addf %37, %out : f64
  %39 = arith.addf %38, %in_3 : f64
  %40 = arith.addf %39, %in_4 : f64
  %41 = arith.addf %40, %in_5 : f64
  %42 = arith.addf %41, %in_6 : f64
  %43 = arith.divf %42, %cst : f64
  linalg.yield %43 : f64
}
  Processing 8 inputs
  Input 0 indexing map: (d0, d1) -> (d0, d1)

=== getLinalgArgMap ===
  Initial lgMap: (d0, d1) -> (d0, d1)
  Found SubmapOp with map: (d0, d1) -> (d1, d0)
  Composed map: (d0, d1) -> (d1, d0)
  Final lgMap: (d0, d1) -> (d1, d0)
=== getLinalgArgMap END ===

  Calling remap_in_affine_dim for input 0

=== remap_in_affine_dim ===
  oldmap: (d0, d1) -> (d1, d0)
  firstNDims: 2
  check_reduction (input): 0
  lower_bound_val: 0
  dimidx: -1
  check_reduction (output): 0
  new map (map2): (d0, d1, d2) -> (d1, d0)
  validDims: 2, validSims: 0
  Created SubmapOp with type: memref<?x?x?xf64>
=== remap_in_affine_dim END ===

  Input 1 indexing map: (d0, d1) -> (d0, d1)

=== getLinalgArgMap ===
  Initial lgMap: (d0, d1) -> (d0, d1)
  Found SubmapOp with map: (d0, d1) -> (d1, d0 + 1)
  Composed map: (d0, d1) -> (d1, d0 + 1)
  Final lgMap: (d0, d1) -> (d1, d0 + 1)
=== getLinalgArgMap END ===

  Calling remap_in_affine_dim for input 1

=== remap_in_affine_dim ===
  oldmap: (d0, d1) -> (d1, d0 + 1)
  firstNDims: 2
  check_reduction (input): 0
  lower_bound_val: 0
  dimidx: -1
  check_reduction (output): 0
  new map (map2): (d0, d1, d2) -> (d1, d0 + 1)
  validDims: 2, validSims: 0
  Created SubmapOp with type: memref<?x?x?xf64>
=== remap_in_affine_dim END ===

  Input 2 indexing map: (d0, d1) -> (d0, d1)

=== getLinalgArgMap ===
  Initial lgMap: (d0, d1) -> (d0, d1)
  Found SubmapOp with map: (d0, d1) -> (d1, d0 + 2)
  Composed map: (d0, d1) -> (d1, d0 + 2)
  Final lgMap: (d0, d1) -> (d1, d0 + 2)
=== getLinalgArgMap END ===

  Calling remap_in_affine_dim for input 2

=== remap_in_affine_dim ===
  oldmap: (d0, d1) -> (d1, d0 + 2)
  firstNDims: 2
  check_reduction (input): 0
  lower_bound_val: 0
  dimidx: -1
  check_reduction (output): 0
  new map (map2): (d0, d1, d2) -> (d1, d0 + 2)
  validDims: 2, validSims: 0
  Created SubmapOp with type: memref<?x?x?xf64>
=== remap_in_affine_dim END ===

  Input 3 indexing map: (d0, d1) -> (d0, d1)

=== getLinalgArgMap ===
  Initial lgMap: (d0, d1) -> (d0, d1)
  Found SubmapOp with map: (d0, d1) -> (d1 + 1, d0)
  Composed map: (d0, d1) -> (d1 + 1, d0)
  Final lgMap: (d0, d1) -> (d1 + 1, d0)
=== getLinalgArgMap END ===

  Calling remap_in_affine_dim for input 3

=== remap_in_affine_dim ===
  oldmap: (d0, d1) -> (d1 + 1, d0)
  firstNDims: 2
  check_reduction (input): 0
  lower_bound_val: 0
  dimidx: -1
  check_reduction (output): 0
  new map (map2): (d0, d1, d2) -> (d1 + 1, d0)
  validDims: 2, validSims: 0
  Created SubmapOp with type: memref<?x?x?xf64>
=== remap_in_affine_dim END ===

  Input 4 indexing map: (d0, d1) -> (d0, d1)

=== getLinalgArgMap ===
  Initial lgMap: (d0, d1) -> (d0, d1)
  Found SubmapOp with map: (d0, d1) -> (d1 + 1, d0 + 2)
  Composed map: (d0, d1) -> (d1 + 1, d0 + 2)
  Final lgMap: (d0, d1) -> (d1 + 1, d0 + 2)
=== getLinalgArgMap END ===

  Calling remap_in_affine_dim for input 4

=== remap_in_affine_dim ===
  oldmap: (d0, d1) -> (d1 + 1, d0 + 2)
  firstNDims: 2
  check_reduction (input): 0
  lower_bound_val: 0
  dimidx: -1
  check_reduction (output): 0
  new map (map2): (d0, d1, d2) -> (d1 + 1, d0 + 2)
  validDims: 2, validSims: 0
  Created SubmapOp with type: memref<?x?x?xf64>
=== remap_in_affine_dim END ===

  Input 5 indexing map: (d0, d1) -> (d0, d1)

=== getLinalgArgMap ===
  Initial lgMap: (d0, d1) -> (d0, d1)
  Found SubmapOp with map: (d0, d1) -> (d1 + 2, d0)
  Composed map: (d0, d1) -> (d1 + 2, d0)
  Final lgMap: (d0, d1) -> (d1 + 2, d0)
=== getLinalgArgMap END ===

  Calling remap_in_affine_dim for input 5

=== remap_in_affine_dim ===
  oldmap: (d0, d1) -> (d1 + 2, d0)
  firstNDims: 2
  check_reduction (input): 0
  lower_bound_val: 0
  dimidx: -1
  check_reduction (output): 0
  new map (map2): (d0, d1, d2) -> (d1 + 2, d0)
  validDims: 2, validSims: 0
  Created SubmapOp with type: memref<?x?x?xf64>
=== remap_in_affine_dim END ===

  Input 6 indexing map: (d0, d1) -> (d0, d1)

=== getLinalgArgMap ===
  Initial lgMap: (d0, d1) -> (d0, d1)
  Found SubmapOp with map: (d0, d1) -> (d1 + 2, d0 + 1)
  Composed map: (d0, d1) -> (d1 + 2, d0 + 1)
  Final lgMap: (d0, d1) -> (d1 + 2, d0 + 1)
=== getLinalgArgMap END ===

  Calling remap_in_affine_dim for input 6

=== remap_in_affine_dim ===
  oldmap: (d0, d1) -> (d1 + 2, d0 + 1)
  firstNDims: 2
  check_reduction (input): 0
  lower_bound_val: 0
  dimidx: -1
  check_reduction (output): 0
  new map (map2): (d0, d1, d2) -> (d1 + 2, d0 + 1)
  validDims: 2, validSims: 0
  Created SubmapOp with type: memref<?x?x?xf64>
=== remap_in_affine_dim END ===

  Input 7 indexing map: (d0, d1) -> (d0, d1)

=== getLinalgArgMap ===
  Initial lgMap: (d0, d1) -> (d0, d1)
  Found SubmapOp with map: (d0, d1) -> (d1 + 2, d0 + 2)
  Composed map: (d0, d1) -> (d1 + 2, d0 + 2)
  Final lgMap: (d0, d1) -> (d1 + 2, d0 + 2)
=== getLinalgArgMap END ===

  Calling remap_in_affine_dim for input 7

=== remap_in_affine_dim ===
  oldmap: (d0, d1) -> (d1 + 2, d0 + 2)
  firstNDims: 2
  check_reduction (input): 0
  lower_bound_val: 0
  dimidx: -1
  check_reduction (output): 0
  new map (map2): (d0, d1, d2) -> (d1 + 2, d0 + 2)
  validDims: 2, validSims: 0
  Created SubmapOp with type: memref<?x?x?xf64>
=== remap_in_affine_dim END ===

  Processing 1 outputs

=== getLinalgArgMap ===
  Initial lgMap: (d0, d1) -> (d0, d1)
  Found SubmapOp with map: (d0, d1) -> (d1 + 1, d0 + 1)
  Composed map: (d0, d1) -> (d1 + 1, d0 + 1)
  Final lgMap: (d0, d1) -> (d1 + 1, d0 + 1)
=== getLinalgArgMap END ===

  Calling remap_in_affine_dim for output 0

=== remap_in_affine_dim ===
  oldmap: (d0, d1) -> (d1 + 1, d0 + 1)
  firstNDims: 2
  check_reduction (input): 1
  lower_bound_val: 0
  dimidx: -1
  check_reduction (output): 1
  new map (map2): (d0, d1, d2) -> (d1 + 1, d0 + 1)
  validDims: 2, validSims: 0
  Created SubmapOp with type: memref<?x?x?xf64>
=== remap_in_affine_dim END ===


--- Processing Loads ---

--- Processing Stores ---

--- Creating linalg.generic ---
Iterator type for this loop: reduction
Extending iterator types from nested linalg.generic
Total iterator types: 3
Total inputs: 8
Total outputs: 1

=== AffineForOpRaising SUCCESS ===
========================================

### Step 3 Complete ###

****************************************
*** RaiseAffineToLinalg END ***
****************************************


****************************************
*** RaiseAffineToLinalgPipeline END ***
****************************************

