
****************************************
*** RaiseAffineToLinalgPipeline START ***
****************************************

Running pipeline...

****************************************
*** RaiseAffineToLinalg START ***
****************************************

### Step 1: Applying AffineParallelFission ###

=== AffineParallelFission ===
Processing affine.parallel:
affine.parallel (%arg9) = (0) to (%arg7 + 1) {
  %2 = affine.load %arg5[%arg9, %arg8] : memref<?x20xf64>
  %3 = arith.mulf %2, %arg2 : f64
  %4 = affine.load %arg6[%arg7, %arg8] : memref<?x20xf64>
  %5 = arith.mulf %3, %4 : f64
  %6 = affine.load %arg6[%arg9, %arg8] : memref<?x20xf64>
  %7 = arith.mulf %6, %arg2 : f64
  %8 = affine.load %arg5[%arg7, %arg8] : memref<?x20xf64>
  %9 = arith.mulf %7, %8 : f64
  %10 = arith.addf %5, %9 : f64
  %11 = affine.load %arg4[%arg7, %arg9] : memref<?x30xf64>
  %12 = arith.addf %11, %10 : f64
  affine.store %12, %arg4[%arg7, %arg9] : memref<?x30xf64>
}

=== AffineParallelFission ===
Processing affine.parallel:
affine.parallel (%arg7) = (0) to (symbol(%1)) {
  affine.parallel (%arg8) = (0) to (%arg7 + 1) {
    %2 = affine.load %arg4[%arg7, %arg8] : memref<?x30xf64>
    %3 = arith.mulf %2, %arg3 : f64
    affine.store %3, %arg4[%arg7, %arg8] : memref<?x30xf64>
  }
  affine.for %arg8 = 0 to %0 {
    affine.parallel (%arg9) = (0) to (%arg7 + 1) {
      %2 = affine.load %arg5[%arg9, %arg8] : memref<?x20xf64>
      %3 = arith.mulf %2, %arg2 : f64
      %4 = affine.load %arg6[%arg7, %arg8] : memref<?x20xf64>
      %5 = arith.mulf %3, %4 : f64
      %6 = affine.load %arg6[%arg9, %arg8] : memref<?x20xf64>
      %7 = arith.mulf %6, %arg2 : f64
      %8 = affine.load %arg5[%arg7, %arg8] : memref<?x20xf64>
      %9 = arith.mulf %7, %8 : f64
      %10 = arith.addf %5, %9 : f64
      %11 = affine.load %arg4[%arg7, %arg9] : memref<?x30xf64>
      %12 = arith.addf %11, %10 : f64
      affine.store %12, %arg4[%arg7, %arg9] : memref<?x30xf64>
    }
  }
}
Found 2 nested loops to fission

=== AffineParallelFission ===
Processing affine.parallel:
affine.parallel (%arg7) = (0) to (symbol(%1)) {
  affine.for %arg8 = 0 to %0 {
    affine.parallel (%arg9) = (0) to (%arg7 + 1) {
      %2 = affine.load %arg5[%arg9, %arg8] : memref<?x20xf64>
      %3 = arith.mulf %2, %arg2 : f64
      %4 = affine.load %arg6[%arg7, %arg8] : memref<?x20xf64>
      %5 = arith.mulf %3, %4 : f64
      %6 = affine.load %arg6[%arg9, %arg8] : memref<?x20xf64>
      %7 = arith.mulf %6, %arg2 : f64
      %8 = affine.load %arg5[%arg7, %arg8] : memref<?x20xf64>
      %9 = arith.mulf %7, %8 : f64
      %10 = arith.addf %5, %9 : f64
      %11 = affine.load %arg4[%arg7, %arg9] : memref<?x30xf64>
      %12 = arith.addf %11, %10 : f64
      affine.store %12, %arg4[%arg7, %arg9] : memref<?x30xf64>
    }
  }
}
REJECTED: Less than 2 nested loops (found 1)


=== AffineParallelFission ===
Processing affine.parallel:
affine.parallel (%arg8) = (0) to (%arg7 + 1) {
  %2 = affine.load %arg4[%arg7, %arg8] : memref<?x30xf64>
  %3 = arith.mulf %2, %arg3 : f64
  affine.store %3, %arg4[%arg7, %arg8] : memref<?x30xf64>
}

=== AffineParallelFission ===
Processing affine.parallel:
affine.parallel (%arg7) = (0) to (symbol(%1)) {
  affine.parallel (%arg8) = (0) to (%arg7 + 1) {
    %2 = affine.load %arg4[%arg7, %arg8] : memref<?x30xf64>
    %3 = arith.mulf %2, %arg3 : f64
    affine.store %3, %arg4[%arg7, %arg8] : memref<?x30xf64>
  }
}
REJECTED: Less than 2 nested loops (found 1)


=== AffineParallelFission ===
Processing affine.parallel:
affine.parallel (%arg7) = (0) to (symbol(%1)) {
  affine.for %arg8 = 0 to %0 {
    affine.parallel (%arg9) = (0) to (%arg7 + 1) {
      %2 = affine.load %arg5[%arg9, %arg8] : memref<?x20xf64>
      %3 = arith.mulf %2, %arg2 : f64
      %4 = affine.load %arg6[%arg7, %arg8] : memref<?x20xf64>
      %5 = arith.mulf %3, %4 : f64
      %6 = affine.load %arg6[%arg9, %arg8] : memref<?x20xf64>
      %7 = arith.mulf %6, %arg2 : f64
      %8 = affine.load %arg5[%arg7, %arg8] : memref<?x20xf64>
      %9 = arith.mulf %7, %8 : f64
      %10 = arith.addf %5, %9 : f64
      %11 = affine.load %arg4[%arg7, %arg9] : memref<?x30xf64>
      %12 = arith.addf %11, %10 : f64
      affine.store %12, %arg4[%arg7, %arg9] : memref<?x30xf64>
    }
  }
}
REJECTED: Less than 2 nested loops (found 1)


=== AffineParallelFission ===
Processing affine.parallel:
affine.parallel (%arg9) = (0) to (%arg7 + 1) {
  %2 = affine.load %arg5[%arg9, %arg8] : memref<?x20xf64>
  %3 = arith.mulf %2, %arg2 : f64
  %4 = affine.load %arg6[%arg7, %arg8] : memref<?x20xf64>
  %5 = arith.mulf %3, %4 : f64
  %6 = affine.load %arg6[%arg9, %arg8] : memref<?x20xf64>
  %7 = arith.mulf %6, %arg2 : f64
  %8 = affine.load %arg5[%arg7, %arg8] : memref<?x20xf64>
  %9 = arith.mulf %7, %8 : f64
  %10 = arith.addf %5, %9 : f64
  %11 = affine.load %arg4[%arg7, %arg9] : memref<?x30xf64>
  %12 = arith.addf %11, %10 : f64
  affine.store %12, %arg4[%arg7, %arg9] : memref<?x30xf64>
}

=== AffineParallelFission ===
Processing affine.parallel:
affine.parallel (%arg7) = (0) to (symbol(%1)) {
  affine.parallel (%arg8) = (0) to (%arg7 + 1) {
    %2 = affine.load %arg4[%arg7, %arg8] : memref<?x30xf64>
    %3 = arith.mulf %2, %arg3 : f64
    affine.store %3, %arg4[%arg7, %arg8] : memref<?x30xf64>
  }
}
REJECTED: Less than 2 nested loops (found 1)


=== AffineParallelFission ===
Processing affine.parallel:
affine.parallel (%arg8) = (0) to (%arg7 + 1) {
  %2 = affine.load %arg4[%arg7, %arg8] : memref<?x30xf64>
  %3 = arith.mulf %2, %arg3 : f64
  affine.store %3, %arg4[%arg7, %arg8] : memref<?x30xf64>
}
### Step 1 Complete ###

### Step 2: Applying AffineParallelToFor ###

=== AffineParallelToFor ===
Processing affine.parallel:
affine.parallel (%arg7) = (0) to (symbol(%1)) {
  affine.for %arg8 = 0 to %0 {
    affine.parallel (%arg9) = (0) to (%arg7 + 1) {
      %2 = affine.load %arg5[%arg9, %arg8] : memref<?x20xf64>
      %3 = arith.mulf %2, %arg2 : f64
      %4 = affine.load %arg6[%arg7, %arg8] : memref<?x20xf64>
      %5 = arith.mulf %3, %4 : f64
      %6 = affine.load %arg6[%arg9, %arg8] : memref<?x20xf64>
      %7 = arith.mulf %6, %arg2 : f64
      %8 = affine.load %arg5[%arg7, %arg8] : memref<?x20xf64>
      %9 = arith.mulf %7, %8 : f64
      %10 = arith.addf %5, %9 : f64
      %11 = affine.load %arg4[%arg7, %arg9] : memref<?x30xf64>
      %12 = arith.addf %11, %10 : f64
      affine.store %12, %arg4[%arg7, %arg9] : memref<?x30xf64>
    }
  }
}
Converting parallel loop with 1 induction variables
=== AffineParallelToFor SUCCESS ===


=== AffineParallelToFor ===
Processing affine.parallel:
affine.parallel (%arg7) = (0) to (symbol(%1)) {
  affine.parallel (%arg8) = (0) to (%arg7 + 1) {
    %2 = affine.load %arg4[%arg7, %arg8] : memref<?x30xf64>
    %3 = arith.mulf %2, %arg3 : f64
    affine.store %3, %arg4[%arg7, %arg8] : memref<?x30xf64>
  }
}
Converting parallel loop with 1 induction variables
=== AffineParallelToFor SUCCESS ===


=== AffineParallelToFor ===
Processing affine.parallel:
affine.parallel (%arg8) = (0) to (%arg7 + 1) {
  %2 = affine.load %arg4[%arg7, %arg8] : memref<?x30xf64>
  %3 = arith.mulf %2, %arg3 : f64
  affine.store %3, %arg4[%arg7, %arg8] : memref<?x30xf64>
}
Converting parallel loop with 1 induction variables
=== AffineParallelToFor SUCCESS ===


=== AffineParallelToFor ===
Processing affine.parallel:
affine.parallel (%arg9) = (0) to (%arg7 + 1) {
  %2 = affine.load %arg5[%arg9, %arg8] : memref<?x20xf64>
  %3 = arith.mulf %2, %arg2 : f64
  %4 = affine.load %arg6[%arg7, %arg8] : memref<?x20xf64>
  %5 = arith.mulf %3, %4 : f64
  %6 = affine.load %arg6[%arg9, %arg8] : memref<?x20xf64>
  %7 = arith.mulf %6, %arg2 : f64
  %8 = affine.load %arg5[%arg7, %arg8] : memref<?x20xf64>
  %9 = arith.mulf %7, %8 : f64
  %10 = arith.addf %5, %9 : f64
  %11 = affine.load %arg4[%arg7, %arg9] : memref<?x30xf64>
  %12 = arith.addf %11, %10 : f64
  affine.store %12, %arg4[%arg7, %arg9] : memref<?x30xf64>
}
Converting parallel loop with 1 induction variables
=== AffineParallelToFor SUCCESS ===

### Step 2 Complete ###

### Step 3: Applying AffineForOpRaising ###

========================================
=== AffineForOpRaising::matchAndRewrite ===
========================================
Processing loop:
affine.for %arg7 = 0 to %1 {
  affine.for %arg8 = 0 to %0 {
    affine.for %arg9 = 0 to affine_map<(d0) -> (d0 + 1)>(%arg7) {
      %2 = affine.load %arg5[%arg9, %arg8] : memref<?x20xf64>
      %3 = arith.mulf %2, %arg2 : f64
      %4 = affine.load %arg6[%arg7, %arg8] : memref<?x20xf64>
      %5 = arith.mulf %3, %4 : f64
      %6 = affine.load %arg6[%arg9, %arg8] : memref<?x20xf64>
      %7 = arith.mulf %6, %arg2 : f64
      %8 = affine.load %arg5[%arg7, %arg8] : memref<?x20xf64>
      %9 = arith.mulf %7, %8 : f64
      %10 = arith.addf %5, %9 : f64
      %11 = affine.load %arg4[%arg7, %arg9] : memref<?x30xf64>
      %12 = arith.addf %11, %10 : f64
      affine.store %12, %arg4[%arg7, %arg9] : memref<?x30xf64>
    }
  }
}

REJECTED: Walk was interrupted (invalid operations found)


========================================
=== AffineForOpRaising::matchAndRewrite ===
========================================
Processing loop:
affine.for %arg8 = 0 to %0 {
  affine.for %arg9 = 0 to affine_map<(d0) -> (d0 + 1)>(%arg7) {
    %2 = affine.load %arg5[%arg9, %arg8] : memref<?x20xf64>
    %3 = arith.mulf %2, %arg2 : f64
    %4 = affine.load %arg6[%arg7, %arg8] : memref<?x20xf64>
    %5 = arith.mulf %3, %4 : f64
    %6 = affine.load %arg6[%arg9, %arg8] : memref<?x20xf64>
    %7 = arith.mulf %6, %arg2 : f64
    %8 = affine.load %arg5[%arg7, %arg8] : memref<?x20xf64>
    %9 = arith.mulf %7, %8 : f64
    %10 = arith.addf %5, %9 : f64
    %11 = affine.load %arg4[%arg7, %arg9] : memref<?x30xf64>
    %12 = arith.addf %11, %10 : f64
    affine.store %12, %arg4[%arg7, %arg9] : memref<?x30xf64>
  }
}

REJECTED: Walk was interrupted (invalid operations found)


========================================
=== AffineForOpRaising::matchAndRewrite ===
========================================
Processing loop:
affine.for %arg9 = 0 to affine_map<(d0) -> (d0 + 1)>(%arg7) {
  %2 = affine.load %arg5[%arg9, %arg8] : memref<?x20xf64>
  %3 = arith.mulf %2, %arg2 : f64
  %4 = affine.load %arg6[%arg7, %arg8] : memref<?x20xf64>
  %5 = arith.mulf %3, %4 : f64
  %6 = affine.load %arg6[%arg9, %arg8] : memref<?x20xf64>
  %7 = arith.mulf %6, %arg2 : f64
  %8 = affine.load %arg5[%arg7, %arg8] : memref<?x20xf64>
  %9 = arith.mulf %7, %8 : f64
  %10 = arith.addf %5, %9 : f64
  %11 = affine.load %arg4[%arg7, %arg9] : memref<?x30xf64>
  %12 = arith.addf %11, %10 : f64
  affine.store %12, %arg4[%arg7, %arg9] : memref<?x30xf64>
}

Pattern recognition complete:
  Loads: 5
  Stores: 1
  LinalgGenerics: 0

Loop bounds:
  lbMap: () -> (0)
  ubMap: (d0) -> (d0 + 1)

--- Processing Linalg Generics ---

--- Processing Loads ---
Processing load: %5 = affine.load %arg5[%arg9, %arg8] : memref<?x20xf64>

=== remap_in_affine_dim ===
  oldmap: (d0, d1) -> (d0, d1)
  firstNDims: 0
  check_reduction (input): 0
  lower_bound_val: 0
  dimidx: 0
  check_reduction (output): 0
  new map (map2): (d0)[s0] -> (d0, s0)
  validDims: 1, validSims: 1
  Created SubmapOp with type: memref<?xf64>
=== remap_in_affine_dim END ===

Processing load: %8 = affine.load %arg6[%arg7, %arg8] : memref<?x20xf64>

=== remap_in_affine_dim ===
  oldmap: (d0, d1) -> (d0, d1)
  firstNDims: 0
  check_reduction (input): 0
  lower_bound_val: 0
  dimidx: -1
  check_reduction (output): 0
  new map (map2): (d0)[s0, s1] -> (s0, s1)
  validDims: 0, validSims: 2
  Created SubmapOp with type: memref<?xf64>
=== remap_in_affine_dim END ===

Processing load: %11 = affine.load %arg6[%arg9, %arg8] : memref<?x20xf64>

=== remap_in_affine_dim ===
  oldmap: (d0, d1) -> (d0, d1)
  firstNDims: 0
  check_reduction (input): 0
  lower_bound_val: 0
  dimidx: 0
  check_reduction (output): 0
  new map (map2): (d0)[s0] -> (d0, s0)
  validDims: 1, validSims: 1
  Created SubmapOp with type: memref<?xf64>
=== remap_in_affine_dim END ===

Processing load: %14 = affine.load %arg5[%arg7, %arg8] : memref<?x20xf64>

=== remap_in_affine_dim ===
  oldmap: (d0, d1) -> (d0, d1)
  firstNDims: 0
  check_reduction (input): 0
  lower_bound_val: 0
  dimidx: -1
  check_reduction (output): 0
  new map (map2): (d0)[s0, s1] -> (s0, s1)
  validDims: 0, validSims: 2
  Created SubmapOp with type: memref<?xf64>
=== remap_in_affine_dim END ===

Processing load: %18 = affine.load %arg4[%arg7, %arg9] : memref<?x30xf64>

--- Processing Stores ---
Processing store: affine.store %19, %arg4[%arg7, %arg9] : memref<?x30xf64>

=== remap_in_affine_dim ===
  oldmap: (d0, d1) -> (d0, d1)
  firstNDims: 0
  check_reduction (input): 1
  lower_bound_val: 0
  dimidx: 1
  check_reduction (output): 0
  new map (map2): (d0)[s0] -> (s0, d0)
  validDims: 1, validSims: 1
  Created SubmapOp with type: memref<?xf64>
=== remap_in_affine_dim END ===


--- Creating linalg.generic ---
Iterator type for this loop: parallel
Total iterator types: 1
Total inputs: 4
Total outputs: 1

=== AffineForOpRaising SUCCESS ===
========================================


========================================
=== AffineForOpRaising::matchAndRewrite ===
========================================
Processing loop:
affine.for %arg7 = 0 to %1 {
  affine.for %arg8 = 0 to %0 {
    %2 = affine.apply affine_map<(d0) -> (d0 + 1)>(%arg7)
    %3 = polygeist.submap(%arg5, %arg8, %2) {map = affine_map<(d0)[s0] -> (d0, s0)>} : (memref<?x20xf64>, index, index) -> memref<?xf64>
    %4 = polygeist.submap(%arg6, %arg7, %arg8, %2) {map = affine_map<(d0)[s0, s1] -> (s0, s1)>} : (memref<?x20xf64>, index, index, index) -> memref<?xf64>
    %5 = polygeist.submap(%arg6, %arg8, %2) {map = affine_map<(d0)[s0] -> (d0, s0)>} : (memref<?x20xf64>, index, index) -> memref<?xf64>
    %6 = polygeist.submap(%arg5, %arg7, %arg8, %2) {map = affine_map<(d0)[s0, s1] -> (s0, s1)>} : (memref<?x20xf64>, index, index, index) -> memref<?xf64>
    %7 = polygeist.submap(%arg4, %arg7, %2) {map = affine_map<(d0)[s0] -> (s0, d0)>} : (memref<?x30xf64>, index, index) -> memref<?xf64>
    linalg.generic {indexing_maps = [affine_map<(d0) -> (d0)>, affine_map<(d0) -> (d0)>, affine_map<(d0) -> (d0)>, affine_map<(d0) -> (d0)>, affine_map<(d0) -> (d0)>], iterator_types = ["parallel"]} ins(%3, %4, %5, %6 : memref<?xf64>, memref<?xf64>, memref<?xf64>, memref<?xf64>) outs(%7 : memref<?xf64>) {
    ^bb0(%in: f64, %in_0: f64, %in_1: f64, %in_2: f64, %out: f64):
      %8 = arith.mulf %in, %arg2 : f64
      %9 = arith.mulf %8, %in_0 : f64
      %10 = arith.mulf %in_1, %arg2 : f64
      %11 = arith.mulf %10, %in_2 : f64
      %12 = arith.addf %9, %11 : f64
      %13 = arith.addf %out, %12 : f64
      linalg.yield %13 : f64
    }
  }
}

REJECTED: Walk was interrupted (invalid operations found)


========================================
=== AffineForOpRaising::matchAndRewrite ===
========================================
Processing loop:
affine.for %arg8 = 0 to %0 {
  %2 = affine.apply affine_map<(d0) -> (d0 + 1)>(%arg7)
  %3 = polygeist.submap(%arg5, %arg8, %2) {map = affine_map<(d0)[s0] -> (d0, s0)>} : (memref<?x20xf64>, index, index) -> memref<?xf64>
  %4 = polygeist.submap(%arg6, %arg7, %arg8, %2) {map = affine_map<(d0)[s0, s1] -> (s0, s1)>} : (memref<?x20xf64>, index, index, index) -> memref<?xf64>
  %5 = polygeist.submap(%arg6, %arg8, %2) {map = affine_map<(d0)[s0] -> (d0, s0)>} : (memref<?x20xf64>, index, index) -> memref<?xf64>
  %6 = polygeist.submap(%arg5, %arg7, %arg8, %2) {map = affine_map<(d0)[s0, s1] -> (s0, s1)>} : (memref<?x20xf64>, index, index, index) -> memref<?xf64>
  %7 = polygeist.submap(%arg4, %arg7, %2) {map = affine_map<(d0)[s0] -> (s0, d0)>} : (memref<?x30xf64>, index, index) -> memref<?xf64>
  linalg.generic {indexing_maps = [affine_map<(d0) -> (d0)>, affine_map<(d0) -> (d0)>, affine_map<(d0) -> (d0)>, affine_map<(d0) -> (d0)>, affine_map<(d0) -> (d0)>], iterator_types = ["parallel"]} ins(%3, %4, %5, %6 : memref<?xf64>, memref<?xf64>, memref<?xf64>, memref<?xf64>) outs(%7 : memref<?xf64>) {
  ^bb0(%in: f64, %in_0: f64, %in_1: f64, %in_2: f64, %out: f64):
    %8 = arith.mulf %in, %arg2 : f64
    %9 = arith.mulf %8, %in_0 : f64
    %10 = arith.mulf %in_1, %arg2 : f64
    %11 = arith.mulf %10, %in_2 : f64
    %12 = arith.addf %9, %11 : f64
    %13 = arith.addf %out, %12 : f64
    linalg.yield %13 : f64
  }
}

Pattern recognition complete:
  Loads: 0
  Stores: 0
  LinalgGenerics: 1

Loop bounds:
  lbMap: () -> (0)
  ubMap: ()[s0] -> (s0)

--- Processing Linalg Generics ---
Processing linalg.generic:
linalg.generic {indexing_maps = [affine_map<(d0) -> (d0)>, affine_map<(d0) -> (d0)>, affine_map<(d0) -> (d0)>, affine_map<(d0) -> (d0)>, affine_map<(d0) -> (d0)>], iterator_types = ["parallel"]} ins(%6, %7, %8, %9 : memref<?xf64>, memref<?xf64>, memref<?xf64>, memref<?xf64>) outs(%10 : memref<?xf64>) {
^bb0(%in: f64, %in_0: f64, %in_1: f64, %in_2: f64, %out: f64):
  %11 = arith.mulf %in, %arg2 : f64
  %12 = arith.mulf %11, %in_0 : f64
  %13 = arith.mulf %in_1, %arg2 : f64
  %14 = arith.mulf %13, %in_2 : f64
  %15 = arith.addf %12, %14 : f64
  %16 = arith.addf %out, %15 : f64
  linalg.yield %16 : f64
}
  Processing 4 inputs
  Input 0 indexing map: (d0) -> (d0)

=== getLinalgArgMap ===
  Initial lgMap: (d0) -> (d0)
  Found SubmapOp with map: (d0)[s0] -> (d0, s0)
  Composed map: (d0)[s0] -> (d0, s0)
  Final lgMap: (d0)[s0] -> (d0, s0)
=== getLinalgArgMap END ===

  Calling remap_in_affine_dim for input 0

=== remap_in_affine_dim ===
  oldmap: (d0)[s0] -> (d0, s0)
  firstNDims: 1
  check_reduction (input): 0
  lower_bound_val: 0
  dimidx: 1
  check_reduction (output): 0
  new map (map2): (d0, d1) -> (d0, d1)
  validDims: 2, validSims: 0
  Created SubmapOp with type: memref<?x?xf64>
=== remap_in_affine_dim END ===

  Input 1 indexing map: (d0) -> (d0)

=== getLinalgArgMap ===
  Initial lgMap: (d0) -> (d0)
  Found SubmapOp with map: (d0)[s0, s1] -> (s0, s1)
  Composed map: (d0)[s0, s1] -> (s0, s1)
  Final lgMap: (d0)[s0, s1] -> (s0, s1)
=== getLinalgArgMap END ===

  Calling remap_in_affine_dim for input 1

=== remap_in_affine_dim ===
  oldmap: (d0)[s0, s1] -> (s0, s1)
  firstNDims: 1
  check_reduction (input): 0
  lower_bound_val: 0
  dimidx: 2
  check_reduction (output): 0
  new map (map2): (d0, d1)[s0] -> (s0, d1)
  validDims: 2, validSims: 1
  Created SubmapOp with type: memref<?x?xf64>
=== remap_in_affine_dim END ===

  Input 2 indexing map: (d0) -> (d0)

=== getLinalgArgMap ===
  Initial lgMap: (d0) -> (d0)
  Found SubmapOp with map: (d0)[s0] -> (d0, s0)
  Composed map: (d0)[s0] -> (d0, s0)
  Final lgMap: (d0)[s0] -> (d0, s0)
=== getLinalgArgMap END ===

  Calling remap_in_affine_dim for input 2

=== remap_in_affine_dim ===
  oldmap: (d0)[s0] -> (d0, s0)
  firstNDims: 1
  check_reduction (input): 0
  lower_bound_val: 0
  dimidx: 1
  check_reduction (output): 0
  new map (map2): (d0, d1) -> (d0, d1)
  validDims: 2, validSims: 0
  Created SubmapOp with type: memref<?x?xf64>
=== remap_in_affine_dim END ===

  Input 3 indexing map: (d0) -> (d0)

=== getLinalgArgMap ===
  Initial lgMap: (d0) -> (d0)
  Found SubmapOp with map: (d0)[s0, s1] -> (s0, s1)
  Composed map: (d0)[s0, s1] -> (s0, s1)
  Final lgMap: (d0)[s0, s1] -> (s0, s1)
=== getLinalgArgMap END ===

  Calling remap_in_affine_dim for input 3

=== remap_in_affine_dim ===
  oldmap: (d0)[s0, s1] -> (s0, s1)
  firstNDims: 1
  check_reduction (input): 0
  lower_bound_val: 0
  dimidx: 2
  check_reduction (output): 0
  new map (map2): (d0, d1)[s0] -> (s0, d1)
  validDims: 2, validSims: 1
  Created SubmapOp with type: memref<?x?xf64>
=== remap_in_affine_dim END ===

  Processing 1 outputs

=== getLinalgArgMap ===
  Initial lgMap: (d0) -> (d0)
  Found SubmapOp with map: (d0)[s0] -> (s0, d0)
  Composed map: (d0)[s0] -> (s0, d0)
  Final lgMap: (d0)[s0] -> (s0, d0)
=== getLinalgArgMap END ===

  Calling remap_in_affine_dim for output 0

=== remap_in_affine_dim ===
  oldmap: (d0)[s0] -> (s0, d0)
  firstNDims: 1
  check_reduction (input): 1
  lower_bound_val: 0
  dimidx: -1
  check_reduction (output): 1
  new map (map2): (d0, d1)[s0] -> (s0, d0)
  validDims: 1, validSims: 1
  Created SubmapOp with type: memref<?x?xf64>
=== remap_in_affine_dim END ===


--- Processing Loads ---

--- Processing Stores ---

--- Creating linalg.generic ---
Iterator type for this loop: reduction
Extending iterator types from nested linalg.generic
Total iterator types: 2
Total inputs: 4
Total outputs: 1

=== AffineForOpRaising SUCCESS ===
========================================


========================================
=== AffineForOpRaising::matchAndRewrite ===
========================================
Processing loop:
affine.for %arg7 = 0 to %1 {
  %2 = affine.apply affine_map<()[s0] -> (s0)>()[%0]
  %3 = affine.apply affine_map<(d0) -> (d0 + 1)>(%arg7)
  %4 = polygeist.submap(%arg5, %3, %2) {map = affine_map<(d0, d1) -> (d0, d1)>} : (memref<?x20xf64>, index, index) -> memref<?x?xf64>
  %5 = affine.apply affine_map<(d0) -> (d0 + 1)>(%arg7)
  %6 = polygeist.submap(%arg6, %arg7, %5, %2) {map = affine_map<(d0, d1)[s0] -> (s0, d1)>} : (memref<?x20xf64>, index, index, index) -> memref<?x?xf64>
  %7 = affine.apply affine_map<(d0) -> (d0 + 1)>(%arg7)
  %8 = polygeist.submap(%arg6, %7, %2) {map = affine_map<(d0, d1) -> (d0, d1)>} : (memref<?x20xf64>, index, index) -> memref<?x?xf64>
  %9 = affine.apply affine_map<(d0) -> (d0 + 1)>(%arg7)
  %10 = polygeist.submap(%arg5, %arg7, %9, %2) {map = affine_map<(d0, d1)[s0] -> (s0, d1)>} : (memref<?x20xf64>, index, index, index) -> memref<?x?xf64>
  %11 = affine.apply affine_map<(d0) -> (d0 + 1)>(%arg7)
  %12 = polygeist.submap(%arg4, %arg7, %11, %2) {map = affine_map<(d0, d1)[s0] -> (s0, d0)>} : (memref<?x30xf64>, index, index, index) -> memref<?x?xf64>
  linalg.generic {indexing_maps = [affine_map<(d0, d1) -> (d0, d1)>, affine_map<(d0, d1) -> (d0, d1)>, affine_map<(d0, d1) -> (d0, d1)>, affine_map<(d0, d1) -> (d0, d1)>, affine_map<(d0, d1) -> (d0, d1)>], iterator_types = ["reduction", "parallel"]} ins(%4, %6, %8, %10 : memref<?x?xf64>, memref<?x?xf64>, memref<?x?xf64>, memref<?x?xf64>) outs(%12 : memref<?x?xf64>) {
  ^bb0(%in: f64, %in_0: f64, %in_1: f64, %in_2: f64, %out: f64):
    %13 = affine.apply affine_map<(d0) -> (d0 + 1)>(%arg7)
    %14 = arith.mulf %in, %arg2 : f64
    %15 = arith.mulf %14, %in_0 : f64
    %16 = arith.mulf %in_1, %arg2 : f64
    %17 = arith.mulf %16, %in_2 : f64
    %18 = arith.addf %15, %17 : f64
    %19 = arith.addf %out, %18 : f64
    linalg.yield %19 : f64
  }
}

Pattern recognition complete:
  Loads: 0
  Stores: 0
  LinalgGenerics: 1

Loop bounds:
  lbMap: () -> (0)
  ubMap: ()[s0] -> (s0)

--- Processing Linalg Generics ---
Processing linalg.generic:
linalg.generic {indexing_maps = [affine_map<(d0, d1) -> (d0, d1)>, affine_map<(d0, d1) -> (d0, d1)>, affine_map<(d0, d1) -> (d0, d1)>, affine_map<(d0, d1) -> (d0, d1)>, affine_map<(d0, d1) -> (d0, d1)>], iterator_types = ["reduction", "parallel"]} ins(%7, %9, %11, %13 : memref<?x?xf64>, memref<?x?xf64>, memref<?x?xf64>, memref<?x?xf64>) outs(%15 : memref<?x?xf64>) {
^bb0(%in: f64, %in_0: f64, %in_1: f64, %in_2: f64, %out: f64):
  %16 = affine.apply affine_map<(d0) -> (d0 + 1)>(%arg7)
  %17 = arith.mulf %in, %arg2 : f64
  %18 = arith.mulf %17, %in_0 : f64
  %19 = arith.mulf %in_1, %arg2 : f64
  %20 = arith.mulf %19, %in_2 : f64
  %21 = arith.addf %18, %20 : f64
  %22 = arith.addf %out, %21 : f64
  linalg.yield %22 : f64
}
  Processing 4 inputs
  Input 0 indexing map: (d0, d1) -> (d0, d1)

=== getLinalgArgMap ===
  Initial lgMap: (d0, d1) -> (d0, d1)
  Found SubmapOp with map: (d0, d1) -> (d0, d1)
  Composed map: (d0, d1) -> (d0, d1)
  Final lgMap: (d0, d1) -> (d0, d1)
=== getLinalgArgMap END ===

  Calling remap_in_affine_dim for input 0

=== remap_in_affine_dim ===
  oldmap: (d0, d1) -> (d0, d1)
  firstNDims: 2
  check_reduction (input): 0
  lower_bound_val: 0
  dimidx: -1
  check_reduction (output): 0
  new map (map2): (d0, d1, d2) -> (d0, d1)
  validDims: 2, validSims: 0
Non-dominating block argument encountered
  REJECTED: remap_in_affine_dim returned illegal for input

========================================
=== AffineForOpRaising::matchAndRewrite ===
========================================
Processing loop:
affine.for %arg7 = 0 to %1 {
  %2 = affine.apply affine_map<(d0) -> (d0 + 1)>(%arg7)
  %3 = polygeist.submap(%arg5, %2, %0) {map = affine_map<(d0, d1) -> (d0, d1)>} : (memref<?x20xf64>, index, index) -> memref<?x?xf64>
  %4 = affine.apply affine_map<(d0) -> (d0 + 1)>(%arg7)
  %5 = polygeist.submap(%arg6, %arg7, %4, %0) {map = affine_map<(d0, d1)[s0] -> (s0, d1)>} : (memref<?x20xf64>, index, index, index) -> memref<?x?xf64>
  %6 = affine.apply affine_map<(d0) -> (d0 + 1)>(%arg7)
  %7 = polygeist.submap(%arg6, %6, %0) {map = affine_map<(d0, d1) -> (d0, d1)>} : (memref<?x20xf64>, index, index) -> memref<?x?xf64>
  %8 = affine.apply affine_map<(d0) -> (d0 + 1)>(%arg7)
  %9 = polygeist.submap(%arg5, %arg7, %8, %0) {map = affine_map<(d0, d1)[s0] -> (s0, d1)>} : (memref<?x20xf64>, index, index, index) -> memref<?x?xf64>
  %10 = affine.apply affine_map<(d0) -> (d0 + 1)>(%arg7)
  %11 = polygeist.submap(%arg4, %arg7, %10, %0) {map = affine_map<(d0, d1)[s0] -> (s0, d0)>} : (memref<?x30xf64>, index, index, index) -> memref<?x?xf64>
  linalg.generic {indexing_maps = [affine_map<(d0, d1) -> (d0, d1)>, affine_map<(d0, d1) -> (d0, d1)>, affine_map<(d0, d1) -> (d0, d1)>, affine_map<(d0, d1) -> (d0, d1)>, affine_map<(d0, d1) -> (d0, d1)>], iterator_types = ["reduction", "parallel"]} ins(%3, %5, %7, %9 : memref<?x?xf64>, memref<?x?xf64>, memref<?x?xf64>, memref<?x?xf64>) outs(%11 : memref<?x?xf64>) {
  ^bb0(%in: f64, %in_0: f64, %in_1: f64, %in_2: f64, %out: f64):
    %12 = affine.apply affine_map<(d0) -> (d0 + 1)>(%arg7)
    %13 = arith.mulf %in, %arg2 : f64
    %14 = arith.mulf %13, %in_0 : f64
    %15 = arith.mulf %in_1, %arg2 : f64
    %16 = arith.mulf %15, %in_2 : f64
    %17 = arith.addf %14, %16 : f64
    %18 = arith.addf %out, %17 : f64
    linalg.yield %18 : f64
  }
}

Pattern recognition complete:
  Loads: 0
  Stores: 0
  LinalgGenerics: 1

Loop bounds:
  lbMap: () -> (0)
  ubMap: ()[s0] -> (s0)

--- Processing Linalg Generics ---
Processing linalg.generic:
linalg.generic {indexing_maps = [affine_map<(d0, d1) -> (d0, d1)>, affine_map<(d0, d1) -> (d0, d1)>, affine_map<(d0, d1) -> (d0, d1)>, affine_map<(d0, d1) -> (d0, d1)>, affine_map<(d0, d1) -> (d0, d1)>], iterator_types = ["reduction", "parallel"]} ins(%6, %8, %10, %12 : memref<?x?xf64>, memref<?x?xf64>, memref<?x?xf64>, memref<?x?xf64>) outs(%14 : memref<?x?xf64>) {
^bb0(%in: f64, %in_0: f64, %in_1: f64, %in_2: f64, %out: f64):
  %15 = affine.apply affine_map<(d0) -> (d0 + 1)>(%arg7)
  %16 = arith.mulf %in, %arg2 : f64
  %17 = arith.mulf %16, %in_0 : f64
  %18 = arith.mulf %in_1, %arg2 : f64
  %19 = arith.mulf %18, %in_2 : f64
  %20 = arith.addf %17, %19 : f64
  %21 = arith.addf %out, %20 : f64
  linalg.yield %21 : f64
}
  Processing 4 inputs
  Input 0 indexing map: (d0, d1) -> (d0, d1)

=== getLinalgArgMap ===
  Initial lgMap: (d0, d1) -> (d0, d1)
  Found SubmapOp with map: (d0, d1) -> (d0, d1)
  Composed map: (d0, d1) -> (d0, d1)
  Final lgMap: (d0, d1) -> (d0, d1)
=== getLinalgArgMap END ===

  Calling remap_in_affine_dim for input 0

=== remap_in_affine_dim ===
  oldmap: (d0, d1) -> (d0, d1)
  firstNDims: 2
  check_reduction (input): 0
  lower_bound_val: 0
  dimidx: -1
  check_reduction (output): 0
  new map (map2): (d0, d1, d2) -> (d0, d1)
  validDims: 2, validSims: 0
Non-dominating block argument encountered
  REJECTED: remap_in_affine_dim returned illegal for input

========================================
=== AffineForOpRaising::matchAndRewrite ===
========================================
Processing loop:
affine.for %arg7 = 0 to %1 {
  affine.for %arg8 = 0 to affine_map<(d0) -> (d0 + 1)>(%arg7) {
    %2 = affine.load %arg4[%arg7, %arg8] : memref<?x30xf64>
    %3 = arith.mulf %2, %arg3 : f64
    affine.store %3, %arg4[%arg7, %arg8] : memref<?x30xf64>
  }
}

REJECTED: Walk was interrupted (invalid operations found)


========================================
=== AffineForOpRaising::matchAndRewrite ===
========================================
Processing loop:
affine.for %arg8 = 0 to affine_map<(d0) -> (d0 + 1)>(%arg7) {
  %2 = affine.load %arg4[%arg7, %arg8] : memref<?x30xf64>
  %3 = arith.mulf %2, %arg3 : f64
  affine.store %3, %arg4[%arg7, %arg8] : memref<?x30xf64>
}

Pattern recognition complete:
  Loads: 1
  Stores: 1
  LinalgGenerics: 0

Loop bounds:
  lbMap: () -> (0)
  ubMap: (d0) -> (d0 + 1)

--- Processing Linalg Generics ---

--- Processing Loads ---
Processing load: %5 = affine.load %arg4[%arg7, %arg8] : memref<?x30xf64>

--- Processing Stores ---
Processing store: affine.store %6, %arg4[%arg7, %arg8] : memref<?x30xf64>

=== remap_in_affine_dim ===
  oldmap: (d0, d1) -> (d0, d1)
  firstNDims: 0
  check_reduction (input): 1
  lower_bound_val: 0
  dimidx: 1
  check_reduction (output): 0
  new map (map2): (d0)[s0] -> (s0, d0)
  validDims: 1, validSims: 1
  Created SubmapOp with type: memref<?xf64>
=== remap_in_affine_dim END ===


--- Creating linalg.generic ---
Iterator type for this loop: parallel
Total iterator types: 1
Total inputs: 0
Total outputs: 1

=== AffineForOpRaising SUCCESS ===
========================================


========================================
=== AffineForOpRaising::matchAndRewrite ===
========================================
Processing loop:
affine.for %arg7 = 0 to %1 {
  %2 = affine.apply affine_map<(d0) -> (d0 + 1)>(%arg7)
  %3 = polygeist.submap(%arg4, %arg7, %2) {map = affine_map<(d0)[s0] -> (s0, d0)>} : (memref<?x30xf64>, index, index) -> memref<?xf64>
  linalg.generic {indexing_maps = [affine_map<(d0) -> (d0)>], iterator_types = ["parallel"]} outs(%3 : memref<?xf64>) {
  ^bb0(%out: f64):
    %4 = arith.mulf %out, %arg3 : f64
    linalg.yield %4 : f64
  }
}

Pattern recognition complete:
  Loads: 0
  Stores: 0
  LinalgGenerics: 1

Loop bounds:
  lbMap: () -> (0)
  ubMap: ()[s0] -> (s0)

--- Processing Linalg Generics ---
Processing linalg.generic:
linalg.generic {indexing_maps = [affine_map<(d0) -> (d0)>], iterator_types = ["parallel"]} outs(%6 : memref<?xf64>) {
^bb0(%out: f64):
  %7 = arith.mulf %out, %arg3 : f64
  linalg.yield %7 : f64
}
  Processing 0 inputs
  Processing 1 outputs

=== getLinalgArgMap ===
  Initial lgMap: (d0) -> (d0)
  Found SubmapOp with map: (d0)[s0] -> (s0, d0)
  Composed map: (d0)[s0] -> (s0, d0)
  Final lgMap: (d0)[s0] -> (s0, d0)
=== getLinalgArgMap END ===

  Calling remap_in_affine_dim for output 0

=== remap_in_affine_dim ===
  oldmap: (d0)[s0] -> (s0, d0)
  firstNDims: 1
  check_reduction (input): 1
  lower_bound_val: 0
  dimidx: 1
  check_reduction (output): 0
  new map (map2): (d0, d1) -> (d1, d0)
  validDims: 2, validSims: 0
Non-dominating block argument encountered
  REJECTED: remap_in_affine_dim returned illegal for output

========================================
=== AffineForOpRaising::matchAndRewrite ===
========================================
Processing loop:
affine.for %arg7 = 0 to %1 {
  %2 = affine.apply affine_map<(d0) -> (d0 + 1)>(%arg7)
  %3 = polygeist.submap(%arg5, %2, %0) {map = affine_map<(d0, d1) -> (d0, d1)>} : (memref<?x20xf64>, index, index) -> memref<?x?xf64>
  %4 = affine.apply affine_map<(d0) -> (d0 + 1)>(%arg7)
  %5 = polygeist.submap(%arg6, %arg7, %4, %0) {map = affine_map<(d0, d1)[s0] -> (s0, d1)>} : (memref<?x20xf64>, index, index, index) -> memref<?x?xf64>
  %6 = affine.apply affine_map<(d0) -> (d0 + 1)>(%arg7)
  %7 = polygeist.submap(%arg6, %6, %0) {map = affine_map<(d0, d1) -> (d0, d1)>} : (memref<?x20xf64>, index, index) -> memref<?x?xf64>
  %8 = affine.apply affine_map<(d0) -> (d0 + 1)>(%arg7)
  %9 = polygeist.submap(%arg5, %arg7, %8, %0) {map = affine_map<(d0, d1)[s0] -> (s0, d1)>} : (memref<?x20xf64>, index, index, index) -> memref<?x?xf64>
  %10 = affine.apply affine_map<(d0) -> (d0 + 1)>(%arg7)
  %11 = polygeist.submap(%arg4, %arg7, %10, %0) {map = affine_map<(d0, d1)[s0] -> (s0, d0)>} : (memref<?x30xf64>, index, index, index) -> memref<?x?xf64>
  linalg.generic {indexing_maps = [affine_map<(d0, d1) -> (d0, d1)>, affine_map<(d0, d1) -> (d0, d1)>, affine_map<(d0, d1) -> (d0, d1)>, affine_map<(d0, d1) -> (d0, d1)>, affine_map<(d0, d1) -> (d0, d1)>], iterator_types = ["reduction", "parallel"]} ins(%3, %5, %7, %9 : memref<?x?xf64>, memref<?x?xf64>, memref<?x?xf64>, memref<?x?xf64>) outs(%11 : memref<?x?xf64>) {
  ^bb0(%in: f64, %in_0: f64, %in_1: f64, %in_2: f64, %out: f64):
    %12 = arith.mulf %in, %arg2 : f64
    %13 = arith.mulf %12, %in_0 : f64
    %14 = arith.mulf %in_1, %arg2 : f64
    %15 = arith.mulf %14, %in_2 : f64
    %16 = arith.addf %13, %15 : f64
    %17 = arith.addf %out, %16 : f64
    linalg.yield %17 : f64
  }
}

Pattern recognition complete:
  Loads: 0
  Stores: 0
  LinalgGenerics: 1

Loop bounds:
  lbMap: () -> (0)
  ubMap: ()[s0] -> (s0)

--- Processing Linalg Generics ---
Processing linalg.generic:
linalg.generic {indexing_maps = [affine_map<(d0, d1) -> (d0, d1)>, affine_map<(d0, d1) -> (d0, d1)>, affine_map<(d0, d1) -> (d0, d1)>, affine_map<(d0, d1) -> (d0, d1)>, affine_map<(d0, d1) -> (d0, d1)>], iterator_types = ["reduction", "parallel"]} ins(%6, %8, %10, %12 : memref<?x?xf64>, memref<?x?xf64>, memref<?x?xf64>, memref<?x?xf64>) outs(%14 : memref<?x?xf64>) {
^bb0(%in: f64, %in_0: f64, %in_1: f64, %in_2: f64, %out: f64):
  %15 = arith.mulf %in, %arg2 : f64
  %16 = arith.mulf %15, %in_0 : f64
  %17 = arith.mulf %in_1, %arg2 : f64
  %18 = arith.mulf %17, %in_2 : f64
  %19 = arith.addf %16, %18 : f64
  %20 = arith.addf %out, %19 : f64
  linalg.yield %20 : f64
}
  Processing 4 inputs
  Input 0 indexing map: (d0, d1) -> (d0, d1)

=== getLinalgArgMap ===
  Initial lgMap: (d0, d1) -> (d0, d1)
  Found SubmapOp with map: (d0, d1) -> (d0, d1)
  Composed map: (d0, d1) -> (d0, d1)
  Final lgMap: (d0, d1) -> (d0, d1)
=== getLinalgArgMap END ===

  Calling remap_in_affine_dim for input 0

=== remap_in_affine_dim ===
  oldmap: (d0, d1) -> (d0, d1)
  firstNDims: 2
  check_reduction (input): 0
  lower_bound_val: 0
  dimidx: -1
  check_reduction (output): 0
  new map (map2): (d0, d1, d2) -> (d0, d1)
  validDims: 2, validSims: 0
Non-dominating block argument encountered
  REJECTED: remap_in_affine_dim returned illegal for input

========================================
=== AffineForOpRaising::matchAndRewrite ===
========================================
Processing loop:
affine.for %arg7 = 0 to %1 {
  %2 = affine.apply affine_map<(d0) -> (d0 + 1)>(%arg7)
  %3 = polygeist.submap(%arg4, %arg7, %2) {map = affine_map<(d0)[s0] -> (s0, d0)>} : (memref<?x30xf64>, index, index) -> memref<?xf64>
  linalg.generic {indexing_maps = [affine_map<(d0) -> (d0)>], iterator_types = ["parallel"]} outs(%3 : memref<?xf64>) {
  ^bb0(%out: f64):
    %4 = arith.mulf %out, %arg3 : f64
    linalg.yield %4 : f64
  }
}

Pattern recognition complete:
  Loads: 0
  Stores: 0
  LinalgGenerics: 1

Loop bounds:
  lbMap: () -> (0)
  ubMap: ()[s0] -> (s0)

--- Processing Linalg Generics ---
Processing linalg.generic:
linalg.generic {indexing_maps = [affine_map<(d0) -> (d0)>], iterator_types = ["parallel"]} outs(%6 : memref<?xf64>) {
^bb0(%out: f64):
  %7 = arith.mulf %out, %arg3 : f64
  linalg.yield %7 : f64
}
  Processing 0 inputs
  Processing 1 outputs

=== getLinalgArgMap ===
  Initial lgMap: (d0) -> (d0)
  Found SubmapOp with map: (d0)[s0] -> (s0, d0)
  Composed map: (d0)[s0] -> (s0, d0)
  Final lgMap: (d0)[s0] -> (s0, d0)
=== getLinalgArgMap END ===

  Calling remap_in_affine_dim for output 0

=== remap_in_affine_dim ===
  oldmap: (d0)[s0] -> (s0, d0)
  firstNDims: 1
  check_reduction (input): 1
  lower_bound_val: 0
  dimidx: 1
  check_reduction (output): 0
  new map (map2): (d0, d1) -> (d1, d0)
  validDims: 2, validSims: 0
Non-dominating block argument encountered
  REJECTED: remap_in_affine_dim returned illegal for output

========================================
=== AffineForOpRaising::matchAndRewrite ===
========================================
Processing loop:
affine.for %arg7 = 0 to %1 {
  %2 = affine.apply affine_map<(d0) -> (d0 + 1)>(%arg7)
  %3 = polygeist.submap(%arg5, %2, %0) {map = affine_map<(d0, d1) -> (d0, d1)>} : (memref<?x20xf64>, index, index) -> memref<?x?xf64>
  %4 = affine.apply affine_map<(d0) -> (d0 + 1)>(%arg7)
  %5 = polygeist.submap(%arg6, %arg7, %4, %0) {map = affine_map<(d0, d1)[s0] -> (s0, d1)>} : (memref<?x20xf64>, index, index, index) -> memref<?x?xf64>
  %6 = affine.apply affine_map<(d0) -> (d0 + 1)>(%arg7)
  %7 = polygeist.submap(%arg6, %6, %0) {map = affine_map<(d0, d1) -> (d0, d1)>} : (memref<?x20xf64>, index, index) -> memref<?x?xf64>
  %8 = affine.apply affine_map<(d0) -> (d0 + 1)>(%arg7)
  %9 = polygeist.submap(%arg5, %arg7, %8, %0) {map = affine_map<(d0, d1)[s0] -> (s0, d1)>} : (memref<?x20xf64>, index, index, index) -> memref<?x?xf64>
  %10 = affine.apply affine_map<(d0) -> (d0 + 1)>(%arg7)
  %11 = polygeist.submap(%arg4, %arg7, %10, %0) {map = affine_map<(d0, d1)[s0] -> (s0, d0)>} : (memref<?x30xf64>, index, index, index) -> memref<?x?xf64>
  linalg.generic {indexing_maps = [affine_map<(d0, d1) -> (d0, d1)>, affine_map<(d0, d1) -> (d0, d1)>, affine_map<(d0, d1) -> (d0, d1)>, affine_map<(d0, d1) -> (d0, d1)>, affine_map<(d0, d1) -> (d0, d1)>], iterator_types = ["reduction", "parallel"]} ins(%3, %5, %7, %9 : memref<?x?xf64>, memref<?x?xf64>, memref<?x?xf64>, memref<?x?xf64>) outs(%11 : memref<?x?xf64>) {
  ^bb0(%in: f64, %in_0: f64, %in_1: f64, %in_2: f64, %out: f64):
    %12 = arith.mulf %in, %arg2 : f64
    %13 = arith.mulf %12, %in_0 : f64
    %14 = arith.mulf %in_1, %arg2 : f64
    %15 = arith.mulf %14, %in_2 : f64
    %16 = arith.addf %13, %15 : f64
    %17 = arith.addf %out, %16 : f64
    linalg.yield %17 : f64
  }
}

Pattern recognition complete:
  Loads: 0
  Stores: 0
  LinalgGenerics: 1

Loop bounds:
  lbMap: () -> (0)
  ubMap: ()[s0] -> (s0)

--- Processing Linalg Generics ---
Processing linalg.generic:
linalg.generic {indexing_maps = [affine_map<(d0, d1) -> (d0, d1)>, affine_map<(d0, d1) -> (d0, d1)>, affine_map<(d0, d1) -> (d0, d1)>, affine_map<(d0, d1) -> (d0, d1)>, affine_map<(d0, d1) -> (d0, d1)>], iterator_types = ["reduction", "parallel"]} ins(%6, %8, %10, %12 : memref<?x?xf64>, memref<?x?xf64>, memref<?x?xf64>, memref<?x?xf64>) outs(%14 : memref<?x?xf64>) {
^bb0(%in: f64, %in_0: f64, %in_1: f64, %in_2: f64, %out: f64):
  %15 = arith.mulf %in, %arg2 : f64
  %16 = arith.mulf %15, %in_0 : f64
  %17 = arith.mulf %in_1, %arg2 : f64
  %18 = arith.mulf %17, %in_2 : f64
  %19 = arith.addf %16, %18 : f64
  %20 = arith.addf %out, %19 : f64
  linalg.yield %20 : f64
}
  Processing 4 inputs
  Input 0 indexing map: (d0, d1) -> (d0, d1)

=== getLinalgArgMap ===
  Initial lgMap: (d0, d1) -> (d0, d1)
  Found SubmapOp with map: (d0, d1) -> (d0, d1)
  Composed map: (d0, d1) -> (d0, d1)
  Final lgMap: (d0, d1) -> (d0, d1)
=== getLinalgArgMap END ===

  Calling remap_in_affine_dim for input 0

=== remap_in_affine_dim ===
  oldmap: (d0, d1) -> (d0, d1)
  firstNDims: 2
  check_reduction (input): 0
  lower_bound_val: 0
  dimidx: -1
  check_reduction (output): 0
  new map (map2): (d0, d1, d2) -> (d0, d1)
  validDims: 2, validSims: 0
Non-dominating block argument encountered
  REJECTED: remap_in_affine_dim returned illegal for input

========================================
=== AffineForOpRaising::matchAndRewrite ===
========================================
Processing loop:
affine.for %arg7 = 0 to %1 {
  %2 = affine.apply affine_map<(d0) -> (d0 + 1)>(%arg7)
  %3 = polygeist.submap(%arg4, %arg7, %2) {map = affine_map<(d0)[s0] -> (s0, d0)>} : (memref<?x30xf64>, index, index) -> memref<?xf64>
  linalg.generic {indexing_maps = [affine_map<(d0) -> (d0)>], iterator_types = ["parallel"]} outs(%3 : memref<?xf64>) {
  ^bb0(%out: f64):
    %4 = arith.mulf %out, %arg3 : f64
    linalg.yield %4 : f64
  }
}

Pattern recognition complete:
  Loads: 0
  Stores: 0
  LinalgGenerics: 1

Loop bounds:
  lbMap: () -> (0)
  ubMap: ()[s0] -> (s0)

--- Processing Linalg Generics ---
Processing linalg.generic:
linalg.generic {indexing_maps = [affine_map<(d0) -> (d0)>], iterator_types = ["parallel"]} outs(%6 : memref<?xf64>) {
^bb0(%out: f64):
  %7 = arith.mulf %out, %arg3 : f64
  linalg.yield %7 : f64
}
  Processing 0 inputs
  Processing 1 outputs

=== getLinalgArgMap ===
  Initial lgMap: (d0) -> (d0)
  Found SubmapOp with map: (d0)[s0] -> (s0, d0)
  Composed map: (d0)[s0] -> (s0, d0)
  Final lgMap: (d0)[s0] -> (s0, d0)
=== getLinalgArgMap END ===

  Calling remap_in_affine_dim for output 0

=== remap_in_affine_dim ===
  oldmap: (d0)[s0] -> (s0, d0)
  firstNDims: 1
  check_reduction (input): 1
  lower_bound_val: 0
  dimidx: 1
  check_reduction (output): 0
  new map (map2): (d0, d1) -> (d1, d0)
  validDims: 2, validSims: 0
Non-dominating block argument encountered
  REJECTED: remap_in_affine_dim returned illegal for output

========================================
=== AffineForOpRaising::matchAndRewrite ===
========================================
Processing loop:
affine.for %arg7 = 0 to %1 {
  %2 = affine.apply affine_map<(d0) -> (d0 + 1)>(%arg7)
  %3 = polygeist.submap(%arg5, %2, %0) {map = affine_map<(d0, d1) -> (d0, d1)>} : (memref<?x20xf64>, index, index) -> memref<?x?xf64>
  %4 = affine.apply affine_map<(d0) -> (d0 + 1)>(%arg7)
  %5 = polygeist.submap(%arg6, %arg7, %4, %0) {map = affine_map<(d0, d1)[s0] -> (s0, d1)>} : (memref<?x20xf64>, index, index, index) -> memref<?x?xf64>
  %6 = affine.apply affine_map<(d0) -> (d0 + 1)>(%arg7)
  %7 = polygeist.submap(%arg6, %6, %0) {map = affine_map<(d0, d1) -> (d0, d1)>} : (memref<?x20xf64>, index, index) -> memref<?x?xf64>
  %8 = affine.apply affine_map<(d0) -> (d0 + 1)>(%arg7)
  %9 = polygeist.submap(%arg5, %arg7, %8, %0) {map = affine_map<(d0, d1)[s0] -> (s0, d1)>} : (memref<?x20xf64>, index, index, index) -> memref<?x?xf64>
  %10 = affine.apply affine_map<(d0) -> (d0 + 1)>(%arg7)
  %11 = polygeist.submap(%arg4, %arg7, %10, %0) {map = affine_map<(d0, d1)[s0] -> (s0, d0)>} : (memref<?x30xf64>, index, index, index) -> memref<?x?xf64>
  linalg.generic {indexing_maps = [affine_map<(d0, d1) -> (d0, d1)>, affine_map<(d0, d1) -> (d0, d1)>, affine_map<(d0, d1) -> (d0, d1)>, affine_map<(d0, d1) -> (d0, d1)>, affine_map<(d0, d1) -> (d0, d1)>], iterator_types = ["reduction", "parallel"]} ins(%3, %5, %7, %9 : memref<?x?xf64>, memref<?x?xf64>, memref<?x?xf64>, memref<?x?xf64>) outs(%11 : memref<?x?xf64>) {
  ^bb0(%in: f64, %in_0: f64, %in_1: f64, %in_2: f64, %out: f64):
    %12 = arith.mulf %in, %arg2 : f64
    %13 = arith.mulf %12, %in_0 : f64
    %14 = arith.mulf %in_1, %arg2 : f64
    %15 = arith.mulf %14, %in_2 : f64
    %16 = arith.addf %13, %15 : f64
    %17 = arith.addf %out, %16 : f64
    linalg.yield %17 : f64
  }
}

Pattern recognition complete:
  Loads: 0
  Stores: 0
  LinalgGenerics: 1

Loop bounds:
  lbMap: () -> (0)
  ubMap: ()[s0] -> (s0)

--- Processing Linalg Generics ---
Processing linalg.generic:
linalg.generic {indexing_maps = [affine_map<(d0, d1) -> (d0, d1)>, affine_map<(d0, d1) -> (d0, d1)>, affine_map<(d0, d1) -> (d0, d1)>, affine_map<(d0, d1) -> (d0, d1)>, affine_map<(d0, d1) -> (d0, d1)>], iterator_types = ["reduction", "parallel"]} ins(%6, %8, %10, %12 : memref<?x?xf64>, memref<?x?xf64>, memref<?x?xf64>, memref<?x?xf64>) outs(%14 : memref<?x?xf64>) {
^bb0(%in: f64, %in_0: f64, %in_1: f64, %in_2: f64, %out: f64):
  %15 = arith.mulf %in, %arg2 : f64
  %16 = arith.mulf %15, %in_0 : f64
  %17 = arith.mulf %in_1, %arg2 : f64
  %18 = arith.mulf %17, %in_2 : f64
  %19 = arith.addf %16, %18 : f64
  %20 = arith.addf %out, %19 : f64
  linalg.yield %20 : f64
}
  Processing 4 inputs
  Input 0 indexing map: (d0, d1) -> (d0, d1)

=== getLinalgArgMap ===
  Initial lgMap: (d0, d1) -> (d0, d1)
  Found SubmapOp with map: (d0, d1) -> (d0, d1)
  Composed map: (d0, d1) -> (d0, d1)
  Final lgMap: (d0, d1) -> (d0, d1)
=== getLinalgArgMap END ===

  Calling remap_in_affine_dim for input 0

=== remap_in_affine_dim ===
  oldmap: (d0, d1) -> (d0, d1)
  firstNDims: 2
  check_reduction (input): 0
  lower_bound_val: 0
  dimidx: -1
  check_reduction (output): 0
  new map (map2): (d0, d1, d2) -> (d0, d1)
  validDims: 2, validSims: 0
Non-dominating block argument encountered
  REJECTED: remap_in_affine_dim returned illegal for input

========================================
=== AffineForOpRaising::matchAndRewrite ===
========================================
Processing loop:
affine.for %arg7 = 0 to %1 {
  %2 = affine.apply affine_map<(d0) -> (d0 + 1)>(%arg7)
  %3 = polygeist.submap(%arg4, %arg7, %2) {map = affine_map<(d0)[s0] -> (s0, d0)>} : (memref<?x30xf64>, index, index) -> memref<?xf64>
  linalg.generic {indexing_maps = [affine_map<(d0) -> (d0)>], iterator_types = ["parallel"]} outs(%3 : memref<?xf64>) {
  ^bb0(%out: f64):
    %4 = arith.mulf %out, %arg3 : f64
    linalg.yield %4 : f64
  }
}

Pattern recognition complete:
  Loads: 0
  Stores: 0
  LinalgGenerics: 1

Loop bounds:
  lbMap: () -> (0)
  ubMap: ()[s0] -> (s0)

--- Processing Linalg Generics ---
Processing linalg.generic:
linalg.generic {indexing_maps = [affine_map<(d0) -> (d0)>], iterator_types = ["parallel"]} outs(%6 : memref<?xf64>) {
^bb0(%out: f64):
  %7 = arith.mulf %out, %arg3 : f64
  linalg.yield %7 : f64
}
  Processing 0 inputs
  Processing 1 outputs

=== getLinalgArgMap ===
  Initial lgMap: (d0) -> (d0)
  Found SubmapOp with map: (d0)[s0] -> (s0, d0)
  Composed map: (d0)[s0] -> (s0, d0)
  Final lgMap: (d0)[s0] -> (s0, d0)
=== getLinalgArgMap END ===

  Calling remap_in_affine_dim for output 0

=== remap_in_affine_dim ===
  oldmap: (d0)[s0] -> (s0, d0)
  firstNDims: 1
  check_reduction (input): 1
  lower_bound_val: 0
  dimidx: 1
  check_reduction (output): 0
  new map (map2): (d0, d1) -> (d1, d0)
  validDims: 2, validSims: 0
Non-dominating block argument encountered
  REJECTED: remap_in_affine_dim returned illegal for output

========================================
=== AffineForOpRaising::matchAndRewrite ===
========================================
Processing loop:
affine.for %arg7 = 0 to %1 {
  %2 = affine.apply affine_map<(d0) -> (d0 + 1)>(%arg7)
  %3 = polygeist.submap(%arg5, %2, %0) {map = affine_map<(d0, d1) -> (d0, d1)>} : (memref<?x20xf64>, index, index) -> memref<?x?xf64>
  %4 = affine.apply affine_map<(d0) -> (d0 + 1)>(%arg7)
  %5 = polygeist.submap(%arg6, %arg7, %4, %0) {map = affine_map<(d0, d1)[s0] -> (s0, d1)>} : (memref<?x20xf64>, index, index, index) -> memref<?x?xf64>
  %6 = affine.apply affine_map<(d0) -> (d0 + 1)>(%arg7)
  %7 = polygeist.submap(%arg6, %6, %0) {map = affine_map<(d0, d1) -> (d0, d1)>} : (memref<?x20xf64>, index, index) -> memref<?x?xf64>
  %8 = affine.apply affine_map<(d0) -> (d0 + 1)>(%arg7)
  %9 = polygeist.submap(%arg5, %arg7, %8, %0) {map = affine_map<(d0, d1)[s0] -> (s0, d1)>} : (memref<?x20xf64>, index, index, index) -> memref<?x?xf64>
  %10 = affine.apply affine_map<(d0) -> (d0 + 1)>(%arg7)
  %11 = polygeist.submap(%arg4, %arg7, %10, %0) {map = affine_map<(d0, d1)[s0] -> (s0, d0)>} : (memref<?x30xf64>, index, index, index) -> memref<?x?xf64>
  linalg.generic {indexing_maps = [affine_map<(d0, d1) -> (d0, d1)>, affine_map<(d0, d1) -> (d0, d1)>, affine_map<(d0, d1) -> (d0, d1)>, affine_map<(d0, d1) -> (d0, d1)>, affine_map<(d0, d1) -> (d0, d1)>], iterator_types = ["reduction", "parallel"]} ins(%3, %5, %7, %9 : memref<?x?xf64>, memref<?x?xf64>, memref<?x?xf64>, memref<?x?xf64>) outs(%11 : memref<?x?xf64>) {
  ^bb0(%in: f64, %in_0: f64, %in_1: f64, %in_2: f64, %out: f64):
    %12 = arith.mulf %in, %arg2 : f64
    %13 = arith.mulf %12, %in_0 : f64
    %14 = arith.mulf %in_1, %arg2 : f64
    %15 = arith.mulf %14, %in_2 : f64
    %16 = arith.addf %13, %15 : f64
    %17 = arith.addf %out, %16 : f64
    linalg.yield %17 : f64
  }
}

Pattern recognition complete:
  Loads: 0
  Stores: 0
  LinalgGenerics: 1

Loop bounds:
  lbMap: () -> (0)
  ubMap: ()[s0] -> (s0)

--- Processing Linalg Generics ---
Processing linalg.generic:
linalg.generic {indexing_maps = [affine_map<(d0, d1) -> (d0, d1)>, affine_map<(d0, d1) -> (d0, d1)>, affine_map<(d0, d1) -> (d0, d1)>, affine_map<(d0, d1) -> (d0, d1)>, affine_map<(d0, d1) -> (d0, d1)>], iterator_types = ["reduction", "parallel"]} ins(%6, %8, %10, %12 : memref<?x?xf64>, memref<?x?xf64>, memref<?x?xf64>, memref<?x?xf64>) outs(%14 : memref<?x?xf64>) {
^bb0(%in: f64, %in_0: f64, %in_1: f64, %in_2: f64, %out: f64):
  %15 = arith.mulf %in, %arg2 : f64
  %16 = arith.mulf %15, %in_0 : f64
  %17 = arith.mulf %in_1, %arg2 : f64
  %18 = arith.mulf %17, %in_2 : f64
  %19 = arith.addf %16, %18 : f64
  %20 = arith.addf %out, %19 : f64
  linalg.yield %20 : f64
}
  Processing 4 inputs
  Input 0 indexing map: (d0, d1) -> (d0, d1)

=== getLinalgArgMap ===
  Initial lgMap: (d0, d1) -> (d0, d1)
  Found SubmapOp with map: (d0, d1) -> (d0, d1)
  Composed map: (d0, d1) -> (d0, d1)
  Final lgMap: (d0, d1) -> (d0, d1)
=== getLinalgArgMap END ===

  Calling remap_in_affine_dim for input 0

=== remap_in_affine_dim ===
  oldmap: (d0, d1) -> (d0, d1)
  firstNDims: 2
  check_reduction (input): 0
  lower_bound_val: 0
  dimidx: -1
  check_reduction (output): 0
  new map (map2): (d0, d1, d2) -> (d0, d1)
  validDims: 2, validSims: 0
Non-dominating block argument encountered
  REJECTED: remap_in_affine_dim returned illegal for input

========================================
=== AffineForOpRaising::matchAndRewrite ===
========================================
Processing loop:
affine.for %arg7 = 0 to %1 {
  %2 = affine.apply affine_map<(d0) -> (d0 + 1)>(%arg7)
  %3 = polygeist.submap(%arg4, %arg7, %2) {map = affine_map<(d0)[s0] -> (s0, d0)>} : (memref<?x30xf64>, index, index) -> memref<?xf64>
  linalg.generic {indexing_maps = [affine_map<(d0) -> (d0)>], iterator_types = ["parallel"]} outs(%3 : memref<?xf64>) {
  ^bb0(%out: f64):
    %4 = arith.mulf %out, %arg3 : f64
    linalg.yield %4 : f64
  }
}

Pattern recognition complete:
  Loads: 0
  Stores: 0
  LinalgGenerics: 1

Loop bounds:
  lbMap: () -> (0)
  ubMap: ()[s0] -> (s0)

--- Processing Linalg Generics ---
Processing linalg.generic:
linalg.generic {indexing_maps = [affine_map<(d0) -> (d0)>], iterator_types = ["parallel"]} outs(%6 : memref<?xf64>) {
^bb0(%out: f64):
  %7 = arith.mulf %out, %arg3 : f64
  linalg.yield %7 : f64
}
  Processing 0 inputs
  Processing 1 outputs

=== getLinalgArgMap ===
  Initial lgMap: (d0) -> (d0)
  Found SubmapOp with map: (d0)[s0] -> (s0, d0)
  Composed map: (d0)[s0] -> (s0, d0)
  Final lgMap: (d0)[s0] -> (s0, d0)
=== getLinalgArgMap END ===

  Calling remap_in_affine_dim for output 0

=== remap_in_affine_dim ===
  oldmap: (d0)[s0] -> (s0, d0)
  firstNDims: 1
  check_reduction (input): 1
  lower_bound_val: 0
  dimidx: 1
  check_reduction (output): 0
  new map (map2): (d0, d1) -> (d1, d0)
  validDims: 2, validSims: 0
Non-dominating block argument encountered
  REJECTED: remap_in_affine_dim returned illegal for output

========================================
=== AffineForOpRaising::matchAndRewrite ===
========================================
Processing loop:
affine.for %arg7 = 0 to %1 {
  %2 = affine.apply affine_map<(d0) -> (d0 + 1)>(%arg7)
  %3 = polygeist.submap(%arg5, %2, %0) {map = affine_map<(d0, d1) -> (d0, d1)>} : (memref<?x20xf64>, index, index) -> memref<?x?xf64>
  %4 = affine.apply affine_map<(d0) -> (d0 + 1)>(%arg7)
  %5 = polygeist.submap(%arg6, %arg7, %4, %0) {map = affine_map<(d0, d1)[s0] -> (s0, d1)>} : (memref<?x20xf64>, index, index, index) -> memref<?x?xf64>
  %6 = affine.apply affine_map<(d0) -> (d0 + 1)>(%arg7)
  %7 = polygeist.submap(%arg6, %6, %0) {map = affine_map<(d0, d1) -> (d0, d1)>} : (memref<?x20xf64>, index, index) -> memref<?x?xf64>
  %8 = affine.apply affine_map<(d0) -> (d0 + 1)>(%arg7)
  %9 = polygeist.submap(%arg5, %arg7, %8, %0) {map = affine_map<(d0, d1)[s0] -> (s0, d1)>} : (memref<?x20xf64>, index, index, index) -> memref<?x?xf64>
  %10 = affine.apply affine_map<(d0) -> (d0 + 1)>(%arg7)
  %11 = polygeist.submap(%arg4, %arg7, %10, %0) {map = affine_map<(d0, d1)[s0] -> (s0, d0)>} : (memref<?x30xf64>, index, index, index) -> memref<?x?xf64>
  linalg.generic {indexing_maps = [affine_map<(d0, d1) -> (d0, d1)>, affine_map<(d0, d1) -> (d0, d1)>, affine_map<(d0, d1) -> (d0, d1)>, affine_map<(d0, d1) -> (d0, d1)>, affine_map<(d0, d1) -> (d0, d1)>], iterator_types = ["reduction", "parallel"]} ins(%3, %5, %7, %9 : memref<?x?xf64>, memref<?x?xf64>, memref<?x?xf64>, memref<?x?xf64>) outs(%11 : memref<?x?xf64>) {
  ^bb0(%in: f64, %in_0: f64, %in_1: f64, %in_2: f64, %out: f64):
    %12 = arith.mulf %in, %arg2 : f64
    %13 = arith.mulf %12, %in_0 : f64
    %14 = arith.mulf %in_1, %arg2 : f64
    %15 = arith.mulf %14, %in_2 : f64
    %16 = arith.addf %13, %15 : f64
    %17 = arith.addf %out, %16 : f64
    linalg.yield %17 : f64
  }
}

Pattern recognition complete:
  Loads: 0
  Stores: 0
  LinalgGenerics: 1

Loop bounds:
  lbMap: () -> (0)
  ubMap: ()[s0] -> (s0)

--- Processing Linalg Generics ---
Processing linalg.generic:
linalg.generic {indexing_maps = [affine_map<(d0, d1) -> (d0, d1)>, affine_map<(d0, d1) -> (d0, d1)>, affine_map<(d0, d1) -> (d0, d1)>, affine_map<(d0, d1) -> (d0, d1)>, affine_map<(d0, d1) -> (d0, d1)>], iterator_types = ["reduction", "parallel"]} ins(%6, %8, %10, %12 : memref<?x?xf64>, memref<?x?xf64>, memref<?x?xf64>, memref<?x?xf64>) outs(%14 : memref<?x?xf64>) {
^bb0(%in: f64, %in_0: f64, %in_1: f64, %in_2: f64, %out: f64):
  %15 = arith.mulf %in, %arg2 : f64
  %16 = arith.mulf %15, %in_0 : f64
  %17 = arith.mulf %in_1, %arg2 : f64
  %18 = arith.mulf %17, %in_2 : f64
  %19 = arith.addf %16, %18 : f64
  %20 = arith.addf %out, %19 : f64
  linalg.yield %20 : f64
}
  Processing 4 inputs
  Input 0 indexing map: (d0, d1) -> (d0, d1)

=== getLinalgArgMap ===
  Initial lgMap: (d0, d1) -> (d0, d1)
  Found SubmapOp with map: (d0, d1) -> (d0, d1)
  Composed map: (d0, d1) -> (d0, d1)
  Final lgMap: (d0, d1) -> (d0, d1)
=== getLinalgArgMap END ===

  Calling remap_in_affine_dim for input 0

=== remap_in_affine_dim ===
  oldmap: (d0, d1) -> (d0, d1)
  firstNDims: 2
  check_reduction (input): 0
  lower_bound_val: 0
  dimidx: -1
  check_reduction (output): 0
  new map (map2): (d0, d1, d2) -> (d0, d1)
  validDims: 2, validSims: 0
Non-dominating block argument encountered
  REJECTED: remap_in_affine_dim returned illegal for input

========================================
=== AffineForOpRaising::matchAndRewrite ===
========================================
Processing loop:
affine.for %arg7 = 0 to %1 {
  %2 = affine.apply affine_map<(d0) -> (d0 + 1)>(%arg7)
  %3 = polygeist.submap(%arg4, %arg7, %2) {map = affine_map<(d0)[s0] -> (s0, d0)>} : (memref<?x30xf64>, index, index) -> memref<?xf64>
  linalg.generic {indexing_maps = [affine_map<(d0) -> (d0)>], iterator_types = ["parallel"]} outs(%3 : memref<?xf64>) {
  ^bb0(%out: f64):
    %4 = arith.mulf %out, %arg3 : f64
    linalg.yield %4 : f64
  }
}

Pattern recognition complete:
  Loads: 0
  Stores: 0
  LinalgGenerics: 1

Loop bounds:
  lbMap: () -> (0)
  ubMap: ()[s0] -> (s0)

--- Processing Linalg Generics ---
Processing linalg.generic:
linalg.generic {indexing_maps = [affine_map<(d0) -> (d0)>], iterator_types = ["parallel"]} outs(%6 : memref<?xf64>) {
^bb0(%out: f64):
  %7 = arith.mulf %out, %arg3 : f64
  linalg.yield %7 : f64
}
  Processing 0 inputs
  Processing 1 outputs

=== getLinalgArgMap ===
  Initial lgMap: (d0) -> (d0)
  Found SubmapOp with map: (d0)[s0] -> (s0, d0)
  Composed map: (d0)[s0] -> (s0, d0)
  Final lgMap: (d0)[s0] -> (s0, d0)
=== getLinalgArgMap END ===

  Calling remap_in_affine_dim for output 0

=== remap_in_affine_dim ===
  oldmap: (d0)[s0] -> (s0, d0)
  firstNDims: 1
  check_reduction (input): 1
  lower_bound_val: 0
  dimidx: 1
  check_reduction (output): 0
  new map (map2): (d0, d1) -> (d1, d0)
  validDims: 2, validSims: 0
Non-dominating block argument encountered
  REJECTED: remap_in_affine_dim returned illegal for output

========================================
=== AffineForOpRaising::matchAndRewrite ===
========================================
Processing loop:
affine.for %arg7 = 0 to %1 {
  %2 = affine.apply affine_map<(d0) -> (d0 + 1)>(%arg7)
  %3 = polygeist.submap(%arg5, %2, %0) {map = affine_map<(d0, d1) -> (d0, d1)>} : (memref<?x20xf64>, index, index) -> memref<?x?xf64>
  %4 = affine.apply affine_map<(d0) -> (d0 + 1)>(%arg7)
  %5 = polygeist.submap(%arg6, %arg7, %4, %0) {map = affine_map<(d0, d1)[s0] -> (s0, d1)>} : (memref<?x20xf64>, index, index, index) -> memref<?x?xf64>
  %6 = affine.apply affine_map<(d0) -> (d0 + 1)>(%arg7)
  %7 = polygeist.submap(%arg6, %6, %0) {map = affine_map<(d0, d1) -> (d0, d1)>} : (memref<?x20xf64>, index, index) -> memref<?x?xf64>
  %8 = affine.apply affine_map<(d0) -> (d0 + 1)>(%arg7)
  %9 = polygeist.submap(%arg5, %arg7, %8, %0) {map = affine_map<(d0, d1)[s0] -> (s0, d1)>} : (memref<?x20xf64>, index, index, index) -> memref<?x?xf64>
  %10 = affine.apply affine_map<(d0) -> (d0 + 1)>(%arg7)
  %11 = polygeist.submap(%arg4, %arg7, %10, %0) {map = affine_map<(d0, d1)[s0] -> (s0, d0)>} : (memref<?x30xf64>, index, index, index) -> memref<?x?xf64>
  linalg.generic {indexing_maps = [affine_map<(d0, d1) -> (d0, d1)>, affine_map<(d0, d1) -> (d0, d1)>, affine_map<(d0, d1) -> (d0, d1)>, affine_map<(d0, d1) -> (d0, d1)>, affine_map<(d0, d1) -> (d0, d1)>], iterator_types = ["reduction", "parallel"]} ins(%3, %5, %7, %9 : memref<?x?xf64>, memref<?x?xf64>, memref<?x?xf64>, memref<?x?xf64>) outs(%11 : memref<?x?xf64>) {
  ^bb0(%in: f64, %in_0: f64, %in_1: f64, %in_2: f64, %out: f64):
    %12 = arith.mulf %in, %arg2 : f64
    %13 = arith.mulf %12, %in_0 : f64
    %14 = arith.mulf %in_1, %arg2 : f64
    %15 = arith.mulf %14, %in_2 : f64
    %16 = arith.addf %13, %15 : f64
    %17 = arith.addf %out, %16 : f64
    linalg.yield %17 : f64
  }
}

Pattern recognition complete:
  Loads: 0
  Stores: 0
  LinalgGenerics: 1

Loop bounds:
  lbMap: () -> (0)
  ubMap: ()[s0] -> (s0)

--- Processing Linalg Generics ---
Processing linalg.generic:
linalg.generic {indexing_maps = [affine_map<(d0, d1) -> (d0, d1)>, affine_map<(d0, d1) -> (d0, d1)>, affine_map<(d0, d1) -> (d0, d1)>, affine_map<(d0, d1) -> (d0, d1)>, affine_map<(d0, d1) -> (d0, d1)>], iterator_types = ["reduction", "parallel"]} ins(%6, %8, %10, %12 : memref<?x?xf64>, memref<?x?xf64>, memref<?x?xf64>, memref<?x?xf64>) outs(%14 : memref<?x?xf64>) {
^bb0(%in: f64, %in_0: f64, %in_1: f64, %in_2: f64, %out: f64):
  %15 = arith.mulf %in, %arg2 : f64
  %16 = arith.mulf %15, %in_0 : f64
  %17 = arith.mulf %in_1, %arg2 : f64
  %18 = arith.mulf %17, %in_2 : f64
  %19 = arith.addf %16, %18 : f64
  %20 = arith.addf %out, %19 : f64
  linalg.yield %20 : f64
}
  Processing 4 inputs
  Input 0 indexing map: (d0, d1) -> (d0, d1)

=== getLinalgArgMap ===
  Initial lgMap: (d0, d1) -> (d0, d1)
  Found SubmapOp with map: (d0, d1) -> (d0, d1)
  Composed map: (d0, d1) -> (d0, d1)
  Final lgMap: (d0, d1) -> (d0, d1)
=== getLinalgArgMap END ===

  Calling remap_in_affine_dim for input 0

=== remap_in_affine_dim ===
  oldmap: (d0, d1) -> (d0, d1)
  firstNDims: 2
  check_reduction (input): 0
  lower_bound_val: 0
  dimidx: -1
  check_reduction (output): 0
  new map (map2): (d0, d1, d2) -> (d0, d1)
  validDims: 2, validSims: 0
Non-dominating block argument encountered
  REJECTED: remap_in_affine_dim returned illegal for input

========================================
=== AffineForOpRaising::matchAndRewrite ===
========================================
Processing loop:
affine.for %arg7 = 0 to %1 {
  %2 = affine.apply affine_map<(d0) -> (d0 + 1)>(%arg7)
  %3 = polygeist.submap(%arg4, %arg7, %2) {map = affine_map<(d0)[s0] -> (s0, d0)>} : (memref<?x30xf64>, index, index) -> memref<?xf64>
  linalg.generic {indexing_maps = [affine_map<(d0) -> (d0)>], iterator_types = ["parallel"]} outs(%3 : memref<?xf64>) {
  ^bb0(%out: f64):
    %4 = arith.mulf %out, %arg3 : f64
    linalg.yield %4 : f64
  }
}

Pattern recognition complete:
  Loads: 0
  Stores: 0
  LinalgGenerics: 1

Loop bounds:
  lbMap: () -> (0)
  ubMap: ()[s0] -> (s0)

--- Processing Linalg Generics ---
Processing linalg.generic:
linalg.generic {indexing_maps = [affine_map<(d0) -> (d0)>], iterator_types = ["parallel"]} outs(%6 : memref<?xf64>) {
^bb0(%out: f64):
  %7 = arith.mulf %out, %arg3 : f64
  linalg.yield %7 : f64
}
  Processing 0 inputs
  Processing 1 outputs

=== getLinalgArgMap ===
  Initial lgMap: (d0) -> (d0)
  Found SubmapOp with map: (d0)[s0] -> (s0, d0)
  Composed map: (d0)[s0] -> (s0, d0)
  Final lgMap: (d0)[s0] -> (s0, d0)
=== getLinalgArgMap END ===

  Calling remap_in_affine_dim for output 0

=== remap_in_affine_dim ===
  oldmap: (d0)[s0] -> (s0, d0)
  firstNDims: 1
  check_reduction (input): 1
  lower_bound_val: 0
  dimidx: 1
  check_reduction (output): 0
  new map (map2): (d0, d1) -> (d1, d0)
  validDims: 2, validSims: 0
Non-dominating block argument encountered
  REJECTED: remap_in_affine_dim returned illegal for output

========================================
=== AffineForOpRaising::matchAndRewrite ===
========================================
Processing loop:
affine.for %arg7 = 0 to %1 {
  %2 = affine.apply affine_map<(d0) -> (d0 + 1)>(%arg7)
  %3 = polygeist.submap(%arg5, %2, %0) {map = affine_map<(d0, d1) -> (d0, d1)>} : (memref<?x20xf64>, index, index) -> memref<?x?xf64>
  %4 = affine.apply affine_map<(d0) -> (d0 + 1)>(%arg7)
  %5 = polygeist.submap(%arg6, %arg7, %4, %0) {map = affine_map<(d0, d1)[s0] -> (s0, d1)>} : (memref<?x20xf64>, index, index, index) -> memref<?x?xf64>
  %6 = affine.apply affine_map<(d0) -> (d0 + 1)>(%arg7)
  %7 = polygeist.submap(%arg6, %6, %0) {map = affine_map<(d0, d1) -> (d0, d1)>} : (memref<?x20xf64>, index, index) -> memref<?x?xf64>
  %8 = affine.apply affine_map<(d0) -> (d0 + 1)>(%arg7)
  %9 = polygeist.submap(%arg5, %arg7, %8, %0) {map = affine_map<(d0, d1)[s0] -> (s0, d1)>} : (memref<?x20xf64>, index, index, index) -> memref<?x?xf64>
  %10 = affine.apply affine_map<(d0) -> (d0 + 1)>(%arg7)
  %11 = polygeist.submap(%arg4, %arg7, %10, %0) {map = affine_map<(d0, d1)[s0] -> (s0, d0)>} : (memref<?x30xf64>, index, index, index) -> memref<?x?xf64>
  linalg.generic {indexing_maps = [affine_map<(d0, d1) -> (d0, d1)>, affine_map<(d0, d1) -> (d0, d1)>, affine_map<(d0, d1) -> (d0, d1)>, affine_map<(d0, d1) -> (d0, d1)>, affine_map<(d0, d1) -> (d0, d1)>], iterator_types = ["reduction", "parallel"]} ins(%3, %5, %7, %9 : memref<?x?xf64>, memref<?x?xf64>, memref<?x?xf64>, memref<?x?xf64>) outs(%11 : memref<?x?xf64>) {
  ^bb0(%in: f64, %in_0: f64, %in_1: f64, %in_2: f64, %out: f64):
    %12 = arith.mulf %in, %arg2 : f64
    %13 = arith.mulf %12, %in_0 : f64
    %14 = arith.mulf %in_1, %arg2 : f64
    %15 = arith.mulf %14, %in_2 : f64
    %16 = arith.addf %13, %15 : f64
    %17 = arith.addf %out, %16 : f64
    linalg.yield %17 : f64
  }
}

Pattern recognition complete:
  Loads: 0
  Stores: 0
  LinalgGenerics: 1

Loop bounds:
  lbMap: () -> (0)
  ubMap: ()[s0] -> (s0)

--- Processing Linalg Generics ---
Processing linalg.generic:
linalg.generic {indexing_maps = [affine_map<(d0, d1) -> (d0, d1)>, affine_map<(d0, d1) -> (d0, d1)>, affine_map<(d0, d1) -> (d0, d1)>, affine_map<(d0, d1) -> (d0, d1)>, affine_map<(d0, d1) -> (d0, d1)>], iterator_types = ["reduction", "parallel"]} ins(%6, %8, %10, %12 : memref<?x?xf64>, memref<?x?xf64>, memref<?x?xf64>, memref<?x?xf64>) outs(%14 : memref<?x?xf64>) {
^bb0(%in: f64, %in_0: f64, %in_1: f64, %in_2: f64, %out: f64):
  %15 = arith.mulf %in, %arg2 : f64
  %16 = arith.mulf %15, %in_0 : f64
  %17 = arith.mulf %in_1, %arg2 : f64
  %18 = arith.mulf %17, %in_2 : f64
  %19 = arith.addf %16, %18 : f64
  %20 = arith.addf %out, %19 : f64
  linalg.yield %20 : f64
}
  Processing 4 inputs
  Input 0 indexing map: (d0, d1) -> (d0, d1)

=== getLinalgArgMap ===
  Initial lgMap: (d0, d1) -> (d0, d1)
  Found SubmapOp with map: (d0, d1) -> (d0, d1)
  Composed map: (d0, d1) -> (d0, d1)
  Final lgMap: (d0, d1) -> (d0, d1)
=== getLinalgArgMap END ===

  Calling remap_in_affine_dim for input 0

=== remap_in_affine_dim ===
  oldmap: (d0, d1) -> (d0, d1)
  firstNDims: 2
  check_reduction (input): 0
  lower_bound_val: 0
  dimidx: -1
  check_reduction (output): 0
  new map (map2): (d0, d1, d2) -> (d0, d1)
  validDims: 2, validSims: 0
Non-dominating block argument encountered
  REJECTED: remap_in_affine_dim returned illegal for input

========================================
=== AffineForOpRaising::matchAndRewrite ===
========================================
Processing loop:
affine.for %arg7 = 0 to %1 {
  %2 = affine.apply affine_map<(d0) -> (d0 + 1)>(%arg7)
  %3 = polygeist.submap(%arg4, %arg7, %2) {map = affine_map<(d0)[s0] -> (s0, d0)>} : (memref<?x30xf64>, index, index) -> memref<?xf64>
  linalg.generic {indexing_maps = [affine_map<(d0) -> (d0)>], iterator_types = ["parallel"]} outs(%3 : memref<?xf64>) {
  ^bb0(%out: f64):
    %4 = arith.mulf %out, %arg3 : f64
    linalg.yield %4 : f64
  }
}

Pattern recognition complete:
  Loads: 0
  Stores: 0
  LinalgGenerics: 1

Loop bounds:
  lbMap: () -> (0)
  ubMap: ()[s0] -> (s0)

--- Processing Linalg Generics ---
Processing linalg.generic:
linalg.generic {indexing_maps = [affine_map<(d0) -> (d0)>], iterator_types = ["parallel"]} outs(%6 : memref<?xf64>) {
^bb0(%out: f64):
  %7 = arith.mulf %out, %arg3 : f64
  linalg.yield %7 : f64
}
  Processing 0 inputs
  Processing 1 outputs

=== getLinalgArgMap ===
  Initial lgMap: (d0) -> (d0)
  Found SubmapOp with map: (d0)[s0] -> (s0, d0)
  Composed map: (d0)[s0] -> (s0, d0)
  Final lgMap: (d0)[s0] -> (s0, d0)
=== getLinalgArgMap END ===

  Calling remap_in_affine_dim for output 0

=== remap_in_affine_dim ===
  oldmap: (d0)[s0] -> (s0, d0)
  firstNDims: 1
  check_reduction (input): 1
  lower_bound_val: 0
  dimidx: 1
  check_reduction (output): 0
  new map (map2): (d0, d1) -> (d1, d0)
  validDims: 2, validSims: 0
Non-dominating block argument encountered
  REJECTED: remap_in_affine_dim returned illegal for output

========================================
=== AffineForOpRaising::matchAndRewrite ===
========================================
Processing loop:
affine.for %arg7 = 0 to %1 {
  %2 = affine.apply affine_map<(d0) -> (d0 + 1)>(%arg7)
  %3 = polygeist.submap(%arg5, %2, %0) {map = affine_map<(d0, d1) -> (d0, d1)>} : (memref<?x20xf64>, index, index) -> memref<?x?xf64>
  %4 = affine.apply affine_map<(d0) -> (d0 + 1)>(%arg7)
  %5 = polygeist.submap(%arg6, %arg7, %4, %0) {map = affine_map<(d0, d1)[s0] -> (s0, d1)>} : (memref<?x20xf64>, index, index, index) -> memref<?x?xf64>
  %6 = affine.apply affine_map<(d0) -> (d0 + 1)>(%arg7)
  %7 = polygeist.submap(%arg6, %6, %0) {map = affine_map<(d0, d1) -> (d0, d1)>} : (memref<?x20xf64>, index, index) -> memref<?x?xf64>
  %8 = affine.apply affine_map<(d0) -> (d0 + 1)>(%arg7)
  %9 = polygeist.submap(%arg5, %arg7, %8, %0) {map = affine_map<(d0, d1)[s0] -> (s0, d1)>} : (memref<?x20xf64>, index, index, index) -> memref<?x?xf64>
  %10 = affine.apply affine_map<(d0) -> (d0 + 1)>(%arg7)
  %11 = polygeist.submap(%arg4, %arg7, %10, %0) {map = affine_map<(d0, d1)[s0] -> (s0, d0)>} : (memref<?x30xf64>, index, index, index) -> memref<?x?xf64>
  linalg.generic {indexing_maps = [affine_map<(d0, d1) -> (d0, d1)>, affine_map<(d0, d1) -> (d0, d1)>, affine_map<(d0, d1) -> (d0, d1)>, affine_map<(d0, d1) -> (d0, d1)>, affine_map<(d0, d1) -> (d0, d1)>], iterator_types = ["reduction", "parallel"]} ins(%3, %5, %7, %9 : memref<?x?xf64>, memref<?x?xf64>, memref<?x?xf64>, memref<?x?xf64>) outs(%11 : memref<?x?xf64>) {
  ^bb0(%in: f64, %in_0: f64, %in_1: f64, %in_2: f64, %out: f64):
    %12 = arith.mulf %in, %arg2 : f64
    %13 = arith.mulf %12, %in_0 : f64
    %14 = arith.mulf %in_1, %arg2 : f64
    %15 = arith.mulf %14, %in_2 : f64
    %16 = arith.addf %13, %15 : f64
    %17 = arith.addf %out, %16 : f64
    linalg.yield %17 : f64
  }
}

Pattern recognition complete:
  Loads: 0
  Stores: 0
  LinalgGenerics: 1

Loop bounds:
  lbMap: () -> (0)
  ubMap: ()[s0] -> (s0)

--- Processing Linalg Generics ---
Processing linalg.generic:
linalg.generic {indexing_maps = [affine_map<(d0, d1) -> (d0, d1)>, affine_map<(d0, d1) -> (d0, d1)>, affine_map<(d0, d1) -> (d0, d1)>, affine_map<(d0, d1) -> (d0, d1)>, affine_map<(d0, d1) -> (d0, d1)>], iterator_types = ["reduction", "parallel"]} ins(%6, %8, %10, %12 : memref<?x?xf64>, memref<?x?xf64>, memref<?x?xf64>, memref<?x?xf64>) outs(%14 : memref<?x?xf64>) {
^bb0(%in: f64, %in_0: f64, %in_1: f64, %in_2: f64, %out: f64):
  %15 = arith.mulf %in, %arg2 : f64
  %16 = arith.mulf %15, %in_0 : f64
  %17 = arith.mulf %in_1, %arg2 : f64
  %18 = arith.mulf %17, %in_2 : f64
  %19 = arith.addf %16, %18 : f64
  %20 = arith.addf %out, %19 : f64
  linalg.yield %20 : f64
}
  Processing 4 inputs
  Input 0 indexing map: (d0, d1) -> (d0, d1)

=== getLinalgArgMap ===
  Initial lgMap: (d0, d1) -> (d0, d1)
  Found SubmapOp with map: (d0, d1) -> (d0, d1)
  Composed map: (d0, d1) -> (d0, d1)
  Final lgMap: (d0, d1) -> (d0, d1)
=== getLinalgArgMap END ===

  Calling remap_in_affine_dim for input 0

=== remap_in_affine_dim ===
  oldmap: (d0, d1) -> (d0, d1)
  firstNDims: 2
  check_reduction (input): 0
  lower_bound_val: 0
  dimidx: -1
  check_reduction (output): 0
  new map (map2): (d0, d1, d2) -> (d0, d1)
  validDims: 2, validSims: 0
Non-dominating block argument encountered
  REJECTED: remap_in_affine_dim returned illegal for input

========================================
=== AffineForOpRaising::matchAndRewrite ===
========================================
Processing loop:
affine.for %arg7 = 0 to %1 {
  %2 = affine.apply affine_map<(d0) -> (d0 + 1)>(%arg7)
  %3 = polygeist.submap(%arg4, %arg7, %2) {map = affine_map<(d0)[s0] -> (s0, d0)>} : (memref<?x30xf64>, index, index) -> memref<?xf64>
  linalg.generic {indexing_maps = [affine_map<(d0) -> (d0)>], iterator_types = ["parallel"]} outs(%3 : memref<?xf64>) {
  ^bb0(%out: f64):
    %4 = arith.mulf %out, %arg3 : f64
    linalg.yield %4 : f64
  }
}

Pattern recognition complete:
  Loads: 0
  Stores: 0
  LinalgGenerics: 1

Loop bounds:
  lbMap: () -> (0)
  ubMap: ()[s0] -> (s0)

--- Processing Linalg Generics ---
Processing linalg.generic:
linalg.generic {indexing_maps = [affine_map<(d0) -> (d0)>], iterator_types = ["parallel"]} outs(%6 : memref<?xf64>) {
^bb0(%out: f64):
  %7 = arith.mulf %out, %arg3 : f64
  linalg.yield %7 : f64
}
  Processing 0 inputs
  Processing 1 outputs

=== getLinalgArgMap ===
  Initial lgMap: (d0) -> (d0)
  Found SubmapOp with map: (d0)[s0] -> (s0, d0)
  Composed map: (d0)[s0] -> (s0, d0)
  Final lgMap: (d0)[s0] -> (s0, d0)
=== getLinalgArgMap END ===

  Calling remap_in_affine_dim for output 0

=== remap_in_affine_dim ===
  oldmap: (d0)[s0] -> (s0, d0)
  firstNDims: 1
  check_reduction (input): 1
  lower_bound_val: 0
  dimidx: 1
  check_reduction (output): 0
  new map (map2): (d0, d1) -> (d1, d0)
  validDims: 2, validSims: 0
Non-dominating block argument encountered
  REJECTED: remap_in_affine_dim returned illegal for output

========================================
=== AffineForOpRaising::matchAndRewrite ===
========================================
Processing loop:
affine.for %arg7 = 0 to %1 {
  %2 = affine.apply affine_map<(d0) -> (d0 + 1)>(%arg7)
  %3 = polygeist.submap(%arg5, %2, %0) {map = affine_map<(d0, d1) -> (d0, d1)>} : (memref<?x20xf64>, index, index) -> memref<?x?xf64>
  %4 = affine.apply affine_map<(d0) -> (d0 + 1)>(%arg7)
  %5 = polygeist.submap(%arg6, %arg7, %4, %0) {map = affine_map<(d0, d1)[s0] -> (s0, d1)>} : (memref<?x20xf64>, index, index, index) -> memref<?x?xf64>
  %6 = affine.apply affine_map<(d0) -> (d0 + 1)>(%arg7)
  %7 = polygeist.submap(%arg6, %6, %0) {map = affine_map<(d0, d1) -> (d0, d1)>} : (memref<?x20xf64>, index, index) -> memref<?x?xf64>
  %8 = affine.apply affine_map<(d0) -> (d0 + 1)>(%arg7)
  %9 = polygeist.submap(%arg5, %arg7, %8, %0) {map = affine_map<(d0, d1)[s0] -> (s0, d1)>} : (memref<?x20xf64>, index, index, index) -> memref<?x?xf64>
  %10 = affine.apply affine_map<(d0) -> (d0 + 1)>(%arg7)
  %11 = polygeist.submap(%arg4, %arg7, %10, %0) {map = affine_map<(d0, d1)[s0] -> (s0, d0)>} : (memref<?x30xf64>, index, index, index) -> memref<?x?xf64>
  linalg.generic {indexing_maps = [affine_map<(d0, d1) -> (d0, d1)>, affine_map<(d0, d1) -> (d0, d1)>, affine_map<(d0, d1) -> (d0, d1)>, affine_map<(d0, d1) -> (d0, d1)>, affine_map<(d0, d1) -> (d0, d1)>], iterator_types = ["reduction", "parallel"]} ins(%3, %5, %7, %9 : memref<?x?xf64>, memref<?x?xf64>, memref<?x?xf64>, memref<?x?xf64>) outs(%11 : memref<?x?xf64>) {
  ^bb0(%in: f64, %in_0: f64, %in_1: f64, %in_2: f64, %out: f64):
    %12 = arith.mulf %in, %arg2 : f64
    %13 = arith.mulf %12, %in_0 : f64
    %14 = arith.mulf %in_1, %arg2 : f64
    %15 = arith.mulf %14, %in_2 : f64
    %16 = arith.addf %13, %15 : f64
    %17 = arith.addf %out, %16 : f64
    linalg.yield %17 : f64
  }
}

Pattern recognition complete:
  Loads: 0
  Stores: 0
  LinalgGenerics: 1

Loop bounds:
  lbMap: () -> (0)
  ubMap: ()[s0] -> (s0)

--- Processing Linalg Generics ---
Processing linalg.generic:
linalg.generic {indexing_maps = [affine_map<(d0, d1) -> (d0, d1)>, affine_map<(d0, d1) -> (d0, d1)>, affine_map<(d0, d1) -> (d0, d1)>, affine_map<(d0, d1) -> (d0, d1)>, affine_map<(d0, d1) -> (d0, d1)>], iterator_types = ["reduction", "parallel"]} ins(%6, %8, %10, %12 : memref<?x?xf64>, memref<?x?xf64>, memref<?x?xf64>, memref<?x?xf64>) outs(%14 : memref<?x?xf64>) {
^bb0(%in: f64, %in_0: f64, %in_1: f64, %in_2: f64, %out: f64):
  %15 = arith.mulf %in, %arg2 : f64
  %16 = arith.mulf %15, %in_0 : f64
  %17 = arith.mulf %in_1, %arg2 : f64
  %18 = arith.mulf %17, %in_2 : f64
  %19 = arith.addf %16, %18 : f64
  %20 = arith.addf %out, %19 : f64
  linalg.yield %20 : f64
}
  Processing 4 inputs
  Input 0 indexing map: (d0, d1) -> (d0, d1)

=== getLinalgArgMap ===
  Initial lgMap: (d0, d1) -> (d0, d1)
  Found SubmapOp with map: (d0, d1) -> (d0, d1)
  Composed map: (d0, d1) -> (d0, d1)
  Final lgMap: (d0, d1) -> (d0, d1)
=== getLinalgArgMap END ===

  Calling remap_in_affine_dim for input 0

=== remap_in_affine_dim ===
  oldmap: (d0, d1) -> (d0, d1)
  firstNDims: 2
  check_reduction (input): 0
  lower_bound_val: 0
  dimidx: -1
  check_reduction (output): 0
  new map (map2): (d0, d1, d2) -> (d0, d1)
  validDims: 2, validSims: 0
Non-dominating block argument encountered
  REJECTED: remap_in_affine_dim returned illegal for input

========================================
=== AffineForOpRaising::matchAndRewrite ===
========================================
Processing loop:
affine.for %arg7 = 0 to %1 {
  %2 = affine.apply affine_map<(d0) -> (d0 + 1)>(%arg7)
  %3 = polygeist.submap(%arg4, %arg7, %2) {map = affine_map<(d0)[s0] -> (s0, d0)>} : (memref<?x30xf64>, index, index) -> memref<?xf64>
  linalg.generic {indexing_maps = [affine_map<(d0) -> (d0)>], iterator_types = ["parallel"]} outs(%3 : memref<?xf64>) {
  ^bb0(%out: f64):
    %4 = arith.mulf %out, %arg3 : f64
    linalg.yield %4 : f64
  }
}

Pattern recognition complete:
  Loads: 0
  Stores: 0
  LinalgGenerics: 1

Loop bounds:
  lbMap: () -> (0)
  ubMap: ()[s0] -> (s0)

--- Processing Linalg Generics ---
Processing linalg.generic:
linalg.generic {indexing_maps = [affine_map<(d0) -> (d0)>], iterator_types = ["parallel"]} outs(%6 : memref<?xf64>) {
^bb0(%out: f64):
  %7 = arith.mulf %out, %arg3 : f64
  linalg.yield %7 : f64
}
  Processing 0 inputs
  Processing 1 outputs

=== getLinalgArgMap ===
  Initial lgMap: (d0) -> (d0)
  Found SubmapOp with map: (d0)[s0] -> (s0, d0)
  Composed map: (d0)[s0] -> (s0, d0)
  Final lgMap: (d0)[s0] -> (s0, d0)
=== getLinalgArgMap END ===

  Calling remap_in_affine_dim for output 0

=== remap_in_affine_dim ===
  oldmap: (d0)[s0] -> (s0, d0)
  firstNDims: 1
  check_reduction (input): 1
  lower_bound_val: 0
  dimidx: 1
  check_reduction (output): 0
  new map (map2): (d0, d1) -> (d1, d0)
  validDims: 2, validSims: 0
Non-dominating block argument encountered
  REJECTED: remap_in_affine_dim returned illegal for output
WARNING: AffineForOpRaising didn't converge
syr2k.mlir:3:3: warning: AffineForOpRaising didn't converge, continuing anyway
  func.func @kernel_syr2k(%arg0: i32, %arg1: i32, %arg2: f64, %arg3: f64, %arg4: memref<?x30xf64>, %arg5: memref<?x20xf64>, %arg6: memref<?x20xf64>) attributes {llvm.linkage = #llvm.linkage<external>} {
  ^
syr2k.mlir:3:3: note: see current operation: 
func.func @kernel_syr2k(%arg0: i32, %arg1: i32, %arg2: f64, %arg3: f64, %arg4: memref<?x30xf64>, %arg5: memref<?x20xf64>, %arg6: memref<?x20xf64>) attributes {llvm.linkage = #llvm.linkage<external>} {
  %0 = arith.index_cast %arg1 : i32 to index
  %1 = arith.index_cast %arg0 : i32 to index
  affine.for %arg7 = 0 to %1 {
    %2 = affine.apply affine_map<(d0) -> (d0 + 1)>(%arg7)
    %3 = polygeist.submap(%arg4, %arg7, %2) {map = affine_map<(d0)[s0] -> (s0, d0)>} : (memref<?x30xf64>, index, index) -> memref<?xf64>
    linalg.generic {indexing_maps = [affine_map<(d0) -> (d0)>], iterator_types = ["parallel"]} outs(%3 : memref<?xf64>) {
    ^bb0(%out: f64):
      %4 = arith.mulf %out, %arg3 : f64
      linalg.yield %4 : f64
    }
  }
  affine.for %arg7 = 0 to %1 {
    %2 = affine.apply affine_map<(d0) -> (d0 + 1)>(%arg7)
    %3 = polygeist.submap(%arg5, %2, %0) {map = affine_map<(d0, d1) -> (d0, d1)>} : (memref<?x20xf64>, index, index) -> memref<?x?xf64>
    %4 = affine.apply affine_map<(d0) -> (d0 + 1)>(%arg7)
    %5 = polygeist.submap(%arg6, %arg7, %4, %0) {map = affine_map<(d0, d1)[s0] -> (s0, d1)>} : (memref<?x20xf64>, index, index, index) -> memref<?x?xf64>
    %6 = affine.apply affine_map<(d0) -> (d0 + 1)>(%arg7)
    %7 = polygeist.submap(%arg6, %6, %0) {map = affine_map<(d0, d1) -> (d0, d1)>} : (memref<?x20xf64>, index, index) -> memref<?x?xf64>
    %8 = affine.apply affine_map<(d0) -> (d0 + 1)>(%arg7)
    %9 = polygeist.submap(%arg5, %arg7, %8, %0) {map = affine_map<(d0, d1)[s0] -> (s0, d1)>} : (memref<?x20xf64>, index, index, index) -> memref<?x?xf64>
    %10 = affine.apply affine_map<(d0) -> (d0 + 1)>(%arg7)
    %11 = polygeist.submap(%arg4, %arg7, %10, %0) {map = affine_map<(d0, d1)[s0] -> (s0, d0)>} : (memref<?x30xf64>, index, index, index) -> memref<?x?xf64>
    linalg.generic {indexing_maps = [affine_map<(d0, d1) -> (d0, d1)>, affine_map<(d0, d1) -> (d0, d1)>, affine_map<(d0, d1) -> (d0, d1)>, affine_map<(d0, d1) -> (d0, d1)>, affine_map<(d0, d1) -> (d0, d1)>], iterator_types = ["reduction", "parallel"]} ins(%3, %5, %7, %9 : memref<?x?xf64>, memref<?x?xf64>, memref<?x?xf64>, memref<?x?xf64>) outs(%11 : memref<?x?xf64>) {
    ^bb0(%in: f64, %in_0: f64, %in_1: f64, %in_2: f64, %out: f64):
      %12 = arith.mulf %in, %arg2 : f64
      %13 = arith.mulf %12, %in_0 : f64
      %14 = arith.mulf %in_1, %arg2 : f64
      %15 = arith.mulf %14, %in_2 : f64
      %16 = arith.addf %13, %15 : f64
      %17 = arith.addf %out, %16 : f64
      linalg.yield %17 : f64
    }
  }
  return
}
### Step 3 Complete ###

****************************************
*** RaiseAffineToLinalg END ***
****************************************


****************************************
*** RaiseAffineToLinalgPipeline END ***
****************************************

