
****************************************
*** RaiseAffineToLinalgPipeline START ***
****************************************

Running pipeline...

****************************************
*** RaiseAffineToLinalg START ***
****************************************

### Step 1: Applying AffineParallelFission ###
### Step 1 Complete ###

### Step 2: Applying AffineParallelToFor ###
### Step 2 Complete ###

### Step 3: Applying AffineForOpRaising ###

========================================
=== AffineForOpRaising::matchAndRewrite ===
========================================
Processing loop:
affine.for %arg5 = 0 to affine_map<(d0) -> (d0)>(%arg4) {
  %5 = affine.load %arg1[%arg4, %arg5] : memref<?x40xf64>
  %6 = affine.load %arg2[%arg5] : memref<?xf64>
  %7 = arith.mulf %5, %6 : f64
  %8 = affine.load %arg2[%arg4] : memref<?xf64>
  %9 = arith.subf %8, %7 : f64
  affine.store %9, %arg2[%arg4] : memref<?xf64>
}

Pattern recognition complete:
  Loads: 3
  Stores: 1
  LinalgGenerics: 0

Loop bounds:
  lbMap: () -> (0)
  ubMap: (d0) -> (d0)

--- Processing Linalg Generics ---

--- Processing Loads ---
Processing load: %8 = affine.load %arg1[%arg4, %arg5] : memref<?x40xf64>

=== remap_in_affine_dim ===
  oldmap: (d0, d1) -> (d0, d1)
  firstNDims: 0
  check_reduction (input): 0
  lower_bound_val: 0
  dimidx: 1
  check_reduction (output): 0
  new map (map2): (d0)[s0] -> (s0, d0)
  validDims: 1, validSims: 1
  Created SubmapOp with type: memref<?xf64>
=== remap_in_affine_dim END ===

Processing load: %10 = affine.load %arg2[%arg5] : memref<?xf64>

=== remap_in_affine_dim ===
  oldmap: (d0) -> (d0)
  firstNDims: 0
  check_reduction (input): 0
  lower_bound_val: 0
  dimidx: 0
  check_reduction (output): 0
  new map (map2): (d0) -> (d0)
  validDims: 1, validSims: 0
  Created SubmapOp with type: memref<?xf64>
=== remap_in_affine_dim END ===

Processing load: %13 = affine.load %arg2[%arg4] : memref<?xf64>

--- Processing Stores ---
Processing store: affine.store %14, %arg2[%arg4] : memref<?xf64>

=== remap_in_affine_dim ===
  oldmap: (d0) -> (d0)
  firstNDims: 0
  check_reduction (input): 1
  lower_bound_val: 0
  dimidx: -1
  check_reduction (output): 1
  new map (map2): (d0)[s0] -> (s0)
  validDims: 0, validSims: 1
  Created SubmapOp with type: memref<?xf64>
=== remap_in_affine_dim END ===


--- Creating linalg.generic ---
Iterator type for this loop: reduction
Total iterator types: 1
Total inputs: 2
Total outputs: 1

=== AffineForOpRaising SUCCESS ===
========================================


========================================
=== AffineForOpRaising::matchAndRewrite ===
========================================
Processing loop:
affine.for %arg4 = 0 to %0 {
  %1 = affine.load %arg3[%arg4] : memref<?xf64>
  affine.store %1, %arg2[%arg4] : memref<?xf64>
  %2 = polygeist.submap(%arg1, %arg4, %arg4) {map = affine_map<(d0)[s0] -> (s0, d0)>} : (memref<?x40xf64>, index, index) -> memref<?xf64>
  %3 = polygeist.submap(%arg2, %arg4) {map = affine_map<(d0) -> (d0)>} : (memref<?xf64>, index) -> memref<?xf64>
  %4 = polygeist.submap(%arg2, %arg4, %arg4) {map = affine_map<(d0)[s0] -> (s0)>} : (memref<?xf64>, index, index) -> memref<?xf64>
  linalg.generic {indexing_maps = [affine_map<(d0) -> (d0)>, affine_map<(d0) -> (d0)>, affine_map<(d0) -> (d0)>], iterator_types = ["reduction"]} ins(%2, %3 : memref<?xf64>, memref<?xf64>) outs(%4 : memref<?xf64>) {
  ^bb0(%in: f64, %in_0: f64, %out: f64):
    %8 = arith.mulf %in, %in_0 : f64
    %9 = arith.subf %out, %8 : f64
    linalg.yield %9 : f64
  }
  %5 = affine.load %arg2[%arg4] : memref<?xf64>
  %6 = affine.load %arg1[%arg4, %arg4] : memref<?x40xf64>
  %7 = arith.divf %5, %6 : f64
  affine.store %7, %arg2[%arg4] : memref<?xf64>
}

Pattern recognition complete:
  Loads: 3
  Stores: 2
  LinalgGenerics: 1


========================================
=== AffineForOpRaising::matchAndRewrite ===
========================================
Processing loop:
affine.for %arg4 = 0 to %0 {
  %1 = affine.load %arg3[%arg4] : memref<?xf64>
  affine.store %1, %arg2[%arg4] : memref<?xf64>
  %2 = polygeist.submap(%arg1, %arg4, %arg4) {map = affine_map<(d0)[s0] -> (s0, d0)>} : (memref<?x40xf64>, index, index) -> memref<?xf64>
  %3 = polygeist.submap(%arg2, %arg4) {map = affine_map<(d0) -> (d0)>} : (memref<?xf64>, index) -> memref<?xf64>
  %4 = polygeist.submap(%arg2, %arg4, %arg4) {map = affine_map<(d0)[s0] -> (s0)>} : (memref<?xf64>, index, index) -> memref<?xf64>
  linalg.generic {indexing_maps = [affine_map<(d0) -> (d0)>, affine_map<(d0) -> (d0)>, affine_map<(d0) -> (d0)>], iterator_types = ["reduction"]} ins(%2, %3 : memref<?xf64>, memref<?xf64>) outs(%4 : memref<?xf64>) {
  ^bb0(%in: f64, %in_0: f64, %out: f64):
    %8 = arith.mulf %in, %in_0 : f64
    %9 = arith.subf %out, %8 : f64
    linalg.yield %9 : f64
  }
  %5 = affine.load %arg2[%arg4] : memref<?xf64>
  %6 = affine.load %arg1[%arg4, %arg4] : memref<?x40xf64>
  %7 = arith.divf %5, %6 : f64
  affine.store %7, %arg2[%arg4] : memref<?xf64>
}

Pattern recognition complete:
  Loads: 3
  Stores: 2
  LinalgGenerics: 1

### Step 3 Complete ###

****************************************
*** RaiseAffineToLinalg END ***
****************************************


****************************************
*** RaiseAffineToLinalgPipeline END ***
****************************************

