/tmp/polybench-section42-residual/e2e_heat-3d_debuf/orig.mlir:3:3: warning: Distribute+Raising didn't converge, continuing anyway
  func.func @kernel_heat_3d(%arg0: i32, %arg1: i32, %arg2: memref<?x?x?xf64>, %arg3: memref<?x?x?xf64>) attributes {llvm.linkage = #llvm.linkage<external>} {
  ^
/tmp/polybench-section42-residual/e2e_heat-3d_debuf/orig.mlir:3:3: note: see current operation: 
func.func @kernel_heat_3d(%arg0: i32, %arg1: i32, %arg2: memref<?x?x?xf64>, %arg3: memref<?x?x?xf64>) attributes {llvm.linkage = #llvm.linkage<external>} {
  %c1 = arith.constant 1 : index
  %cst = arith.constant 1.250000e-01 : f64
  %cst_0 = arith.constant 2.000000e+00 : f64
  %0 = arith.index_cast %arg1 : i32 to index
  %1 = affine.apply affine_map<()[s0] -> (s0 - 1)>()[%0]
  %2 = affine.apply affine_map<()[s0] -> (s0 - 1)>()[%0]
  %3 = arith.subi %2, %c1 : index
  %4 = affine.apply affine_map<()[s0] -> (s0 - 1)>()[%0]
  %5 = arith.subi %4, %c1 : index
  %6 = affine.apply affine_map<()[s0] -> (s0 - 1)>()[%0]
  %7 = arith.subi %6, %c1 : index
  %8 = arith.subi %1, %c1 : index
  %9 = affine.apply affine_map<()[s0] -> (s0 - 1)>()[%0]
  affine.for %arg4 = 1 to 501 {
    %10 = polygeist.submap(%arg2, %7, %5, %3) {map = affine_map<(d0, d1, d2) -> (d0 + 2, d1 + 1, d2 + 1)>} : (memref<?x?x?xf64>, index, index, index) -> memref<?x?x?xf64>
    %11 = polygeist.submap(%arg2, %7, %5, %3) {map = affine_map<(d0, d1, d2) -> (d0 + 1, d1 + 1, d2 + 1)>} : (memref<?x?x?xf64>, index, index, index) -> memref<?x?x?xf64>
    %12 = polygeist.submap(%arg2, %7, %5, %3) {map = affine_map<(d0, d1, d2) -> (d0, d1 + 1, d2 + 1)>} : (memref<?x?x?xf64>, index, index, index) -> memref<?x?x?xf64>
    %13 = polygeist.submap(%arg2, %7, %5, %3) {map = affine_map<(d0, d1, d2) -> (d0 + 1, d1 + 2, d2 + 1)>} : (memref<?x?x?xf64>, index, index, index) -> memref<?x?x?xf64>
    %14 = polygeist.submap(%arg2, %7, %5, %3) {map = affine_map<(d0, d1, d2) -> (d0 + 1, d1, d2 + 1)>} : (memref<?x?x?xf64>, index, index, index) -> memref<?x?x?xf64>
    %15 = polygeist.submap(%arg2, %7, %5, %3) {map = affine_map<(d0, d1, d2) -> (d0 + 1, d1 + 1, d2 + 2)>} : (memref<?x?x?xf64>, index, index, index) -> memref<?x?x?xf64>
    %16 = polygeist.submap(%arg2, %7, %5, %3) {map = affine_map<(d0, d1, d2) -> (d0 + 1, d1 + 1, d2)>} : (memref<?x?x?xf64>, index, index, index) -> memref<?x?x?xf64>
    %17 = polygeist.submap(%arg3, %7, %5, %3) {map = affine_map<(d0, d1, d2) -> (d0 + 1, d1 + 1, d2 + 1)>} : (memref<?x?x?xf64>, index, index, index) -> memref<?x?x?xf64>
    linalg.generic {indexing_maps = [affine_map<(d0, d1, d2) -> (d0, d1, d2)>, affine_map<(d0, d1, d2) -> (d0, d1, d2)>, affine_map<(d0, d1, d2) -> (d0, d1, d2)>, affine_map<(d0, d1, d2) -> (d0, d1, d2)>, affine_map<(d0, d1, d2) -> (d0, d1, d2)>, affine_map<(d0, d1, d2) -> (d0, d1, d2)>, affine_map<(d0, d1, d2) -> (d0, d1, d2)>, affine_map<(d0, d1, d2) -> (d0, d1, d2)>], iterator_types = ["parallel", "parallel", "parallel"]} ins(%10, %11, %12, %13, %14, %15, %16 : memref<?x?x?xf64>, memref<?x?x?xf64>, memref<?x?x?xf64>, memref<?x?x?xf64>, memref<?x?x?xf64>, memref<?x?x?xf64>, memref<?x?x?xf64>) outs(%17 : memref<?x?x?xf64>) {
    ^bb0(%in: f64, %in_1: f64, %in_2: f64, %in_3: f64, %in_4: f64, %in_5: f64, %in_6: f64, %out: f64):
      %29 = arith.mulf %in_1, %cst_0 : f64
      %30 = arith.subf %in, %29 : f64
      %31 = arith.addf %30, %in_2 : f64
      %32 = arith.mulf %31, %cst : f64
      %33 = arith.subf %in_3, %29 : f64
      %34 = arith.addf %33, %in_4 : f64
      %35 = arith.mulf %34, %cst : f64
      %36 = arith.addf %32, %35 : f64
      %37 = arith.subf %in_5, %29 : f64
      %38 = arith.addf %37, %in_6 : f64
      %39 = arith.mulf %38, %cst : f64
      %40 = arith.addf %36, %39 : f64
      %41 = arith.addf %40, %in_1 : f64
      linalg.yield %41 : f64
    }
    %18 = arith.subi %9, %c1 : index
    %19 = affine.apply affine_map<()[s0] -> (s0 - 1)>()[%0]
    %20 = arith.subi %19, %c1 : index
    %21 = polygeist.submap(%arg3, %20, %18, %8) {map = affine_map<(d0, d1, d2) -> (d0 + 2, d1 + 1, d2 + 1)>} : (memref<?x?x?xf64>, index, index, index) -> memref<?x?x?xf64>
    %22 = polygeist.submap(%arg3, %20, %18, %8) {map = affine_map<(d0, d1, d2) -> (d0 + 1, d1 + 1, d2 + 1)>} : (memref<?x?x?xf64>, index, index, index) -> memref<?x?x?xf64>
    %23 = polygeist.submap(%arg3, %20, %18, %8) {map = affine_map<(d0, d1, d2) -> (d0, d1 + 1, d2 + 1)>} : (memref<?x?x?xf64>, index, index, index) -> memref<?x?x?xf64>
    %24 = polygeist.submap(%arg3, %20, %18, %8) {map = affine_map<(d0, d1, d2) -> (d0 + 1, d1 + 2, d2 + 1)>} : (memref<?x?x?xf64>, index, index, index) -> memref<?x?x?xf64>
    %25 = polygeist.submap(%arg3, %20, %18, %8) {map = affine_map<(d0, d1, d2) -> (d0 + 1, d1, d2 + 1)>} : (memref<?x?x?xf64>, index, index, index) -> memref<?x?x?xf64>
    %26 = polygeist.submap(%arg3, %20, %18, %8) {map = affine_map<(d0, d1, d2) -> (d0 + 1, d1 + 1, d2 + 2)>} : (memref<?x?x?xf64>, index, index, index) -> memref<?x?x?xf64>
    %27 = polygeist.submap(%arg3, %20, %18, %8) {map = affine_map<(d0, d1, d2) -> (d0 + 1, d1 + 1, d2)>} : (memref<?x?x?xf64>, index, index, index) -> memref<?x?x?xf64>
    %28 = polygeist.submap(%arg2, %20, %18, %8) {map = affine_map<(d0, d1, d2) -> (d0 + 1, d1 + 1, d2 + 1)>} : (memref<?x?x?xf64>, index, index, index) -> memref<?x?x?xf64>
    linalg.generic {indexing_maps = [affine_map<(d0, d1, d2) -> (d0, d1, d2)>, affine_map<(d0, d1, d2) -> (d0, d1, d2)>, affine_map<(d0, d1, d2) -> (d0, d1, d2)>, affine_map<(d0, d1, d2) -> (d0, d1, d2)>, affine_map<(d0, d1, d2) -> (d0, d1, d2)>, affine_map<(d0, d1, d2) -> (d0, d1, d2)>, affine_map<(d0, d1, d2) -> (d0, d1, d2)>, affine_map<(d0, d1, d2) -> (d0, d1, d2)>], iterator_types = ["parallel", "parallel", "parallel"]} ins(%21, %22, %23, %24, %25, %26, %27 : memref<?x?x?xf64>, memref<?x?x?xf64>, memref<?x?x?xf64>, memref<?x?x?xf64>, memref<?x?x?xf64>, memref<?x?x?xf64>, memref<?x?x?xf64>) outs(%28 : memref<?x?x?xf64>) {
    ^bb0(%in: f64, %in_1: f64, %in_2: f64, %in_3: f64, %in_4: f64, %in_5: f64, %in_6: f64, %out: f64):
      %29 = arith.mulf %in_1, %cst_0 : f64
      %30 = arith.subf %in, %29 : f64
      %31 = arith.addf %30, %in_2 : f64
      %32 = arith.mulf %31, %cst : f64
      %33 = arith.subf %in_3, %29 : f64
      %34 = arith.addf %33, %in_4 : f64
      %35 = arith.mulf %34, %cst : f64
      %36 = arith.addf %32, %35 : f64
      %37 = arith.subf %in_5, %29 : f64
      %38 = arith.addf %37, %in_6 : f64
      %39 = arith.mulf %38, %cst : f64
      %40 = arith.addf %36, %39 : f64
      %41 = arith.addf %40, %in_1 : f64
      linalg.yield %41 : f64
    }
  }
  return
}
