hardware: Jetson Orin, sm87, MAXN, CUDA 12.6 CUB
kernel: aten_cumsum
problem: N=8388608 f32 elements
lowering: loop-carried linalg.generic -> CUB DeviceScan::InclusiveSum
correctness: PASS
warm_us: 16616.819238 (mean of 5 calls after one validation call)
runtime call host_ms: 13.367360 21.355648 13.278656 21.719488 13.241568
note: host-pointer transfers, device allocation, and CUB temporary allocation included

kernel: aten_cumprod_cpu
problem: R=131072 K=64 (8388608 f32 elements)
lowering: rank-1 tensor fill + CUB DeviceScan::InclusiveScanByKey product
correctness: PASS
warm_us: 24094.233594 (mean of 5 calls after one validation call)
fill warm device_ms: approximately 0.6
scan warm host_ms: 21.080160 26.682752 21.338368 26.286464 21.723040
note: row keys and final-per-row values are generated by Thrust companion stages

kernel: aten_nested_batch_offsets_cpu
problem: B=8388608 inputs, 8388609 outputs
lowering: shifted overlapping views -> CUB DeviceScan::ExclusiveSum
correctness: PASS
warm_us: 16858.425586 (mean of 5 calls after one validation call)
runtime host_ms: 13.752672 21.801472 13.515808 21.691680 13.410144
note: output[B] is the final total; host-pointer transfers and allocations included
