Jetson Orin sm87, MAXN, CUDA 12.6, warm mean over 10 calls after 3 warmups

RESULT kernel=aten_sparse_norm_cpu problem=N=16777216 warm_us=15257.635229 errors=0 max_error=0 coverage=full_Euclidean_norm_through_cuBLAS_Snrm2
RESULT kernel=aten_joint_scaling_cpu problem=N=16777216 warm_us=66114.579199 errors=0 max_error=0 coverage=two_max-absolute_reductions_through_cuBLAS_Isamax
RESULT kernel=aten_dropout_feature_noise_cpu problem=B=32_C=64_H=64_W=64 warm_us=483.071948 errors=0 max_error=1.19209e-07 coverage=feature-wise_broadcast_multiply_through_cuDNN_OpTensor
RESULT kernel=aten_conv_transpose2d problem=B=2_IC=16_OC=32_H=128_W=128_K=3 warm_us=659.846411 errors=0 max_error=1.33514e-05 coverage=full_overlap-add_transposed_convolution_through_cuDNN_backward-data
RESULT kernel=aten_depthwise_conv3x3_cpu problem=B=2_C=64_H=256_W=256 warm_us=2239.145630 errors=0 max_error=9.53674e-07 coverage=bias_plus_same-padding_depthwise_convolution_through_grouped_cuDNN
RESULT kernel=aten_kron_impl_cpu problem=A=256_B=128_C=32_D=32 warm_us=7116.742407 errors=0 max_error=0 coverage=full_Kronecker_product_through_mode-based_cuTENSOR_multiply
RESULT kernel=aten_kron_out_cpu problem=A=256_B=128_C=32_D=32 warm_us=6718.950415 errors=0 max_error=0 coverage=full_Kronecker_product_through_mode-based_cuTENSOR_multiply
RESULT kernel=aten_binary_cross_entropy problem=N=8388608 warm_us=9709.884790 errors=0 max_error=6.06775e-05 coverage=cuDNN_pointwise_loss_graph_followed_by_cuDNN_mean_reduction
RESULT kernel=aten_conv_tbc_cpu problem=T=4096_B=16_I=32_O=64_K=3 warm_us=1420.166406 errors=0 max_error=5.72205e-06 coverage=full_TBC_convolution_through_cuDNN_transform_plus_convolution
RESULT kernel=aten_transform_bias_rescale_qkv_cpu problem=B=8_S=512_H=16_D=64 warm_us=73756.111987 errors=0 max_error=0 coverage=three_full_QKV_slice-bias-permute_stages_through_cuDNN_OpTensor
RESULT kernel=aten_fft_conjugate_symmetry_cpu problem=N=8388608 warm_us=25742.976050 errors=0 max_error=0 coverage=full_half-spectrum_reverse_and_conjugate_through_Thrust
RESULT kernel=aten_sobol_initialize_cpu problem=D=262144 warm_us=3551.977563 errors=0 max_error=0 coverage=full_strided_direction-number_gather_through_Thrust
RESULT kernel=aten_sobol_scramble_cpu problem=D=262144 warm_us=11551.567969 errors=0 max_error=0 coverage=full_indexed_direction-number_XOR_scramble_through_Thrust
RESULT kernel=aten_addr_elementwise problem=N=8388608_beta=0_alpha=0.75 warm_us=12629.187280 errors=0 max_error=0 coverage=full_beta-zero_addr_graph_through_cuDNN_pointwise_operations
RESULT kernel=aten_addr_elementwise_nonzero_beta problem=N=8388608_beta=0.5_alpha=0.75 warm_us=16466.972778 errors=0 max_error=0 coverage=full_nonzero-beta_addr_graph_through_cuDNN_pointwise_operations
RESULT kernel=aten_log_sigmoid_cpu problem=N=8388608 warm_us=21288.512012 errors=0 max_error=1.19209e-07 coverage=full_stable_log-sigmoid_and_saved_buffer_through_two_cuDNN_graphs
RESULT kernel=aten_softplus problem=N=8388608_beta=1.25_threshold=0.5 warm_us=8733.343970 errors=0 max_error=8.9407e-08 coverage=full_thresholded_softplus_through_generic_cuDNN_pointwise_graph
RESULT kernel=aten_allany_dims_cpu problem=R=131072_C=64_all=1 warm_us=8966.595190 errors=0 max_error=0 coverage=full_dynamic_CUB_segmented_all-or-any_reduction_memref_route
RESULT kernel=aten_and_reduce_cpu problem=R=131072_K=64 warm_us=9059.449585 errors=0 max_error=0 coverage=full_CUB_segmented_logical-and_reduction_memref_route
RESULT kernel=aten_bf16_dot_cpu problem=K=4194304 warm_us=233.036841 errors=0 max_error=14900 relative_error=0.005755 tolerance=0.01 coverage=full_bufferized_cuBLAS_Sdot_route_reassociation_tolerant
RESULT kernel=aten_argmax_cpu problem=R=131072_K=64 warm_us=9210.684814 errors=0 max_error=0 coverage=full_row-wise_first-index_argmax_through_CUB_segmented_reduction
RESULT kernel=aten_argmin_cpu problem=R=131072_K=64 warm_us=9199.887988 errors=0 max_error=0 coverage=full_row-wise_first-index_argmin_through_CUB_segmented_reduction
RESULT kernel=aten_bf16_gemv_trans_cpu problem=M=4096_K=8192 warm_us=809.430396 errors=0 max_error=0.00127411 coverage=full_scalarized-f32_transposed_GEMV_through_bufferized_cuBLAS_Sgemv
RESULT kernel=aten_nested_to_mask_cpu problem=B=131072_N=64 warm_us=7280.780786 errors=0 max_error=0 coverage=full_length-to-mask_generation_through_indexed_Thrust
RESULT kernel=aten_triu_mask_cpu problem=M=4096_N=4096_diagonal=2 warm_us=19367.087988 errors=0 max_error=0 coverage=full_upper-triangular_integer_mask_through_indexed_Thrust
RESULT kernel=aten_triu_tril_single_cpu problem=M=4096_N=4096_diagonal=-1_upper=1 warm_us=37241.894385 errors=0 max_error=0 coverage=full_triangular_float_select_through_indexed_Thrust
RESULT kernel=aten_triu_tril_batch_cpu problem=B=32_M=1024_N=512_diagonal=1_upper=0 warm_us=37788.249634 errors=0 max_error=0 coverage=full_batched_triangular_float_select_through_indexed_Thrust
RESULT kernel=aten_sinc problem=N=8388608 warm_us=61557.731128 errors=0 max_error=0 coverage=full_normalized_sinc_through_active_cuDNN_pointwise_graph
RESULT kernel=aten_sgn_complex_scalarized problem=N=4194304 warm_us=17178.204785 errors=0 max_error=5.96046e-08 coverage=full_two-output_complex_sign_through_indexed_Thrust
RESULT kernel=aten_copysign problem=N=8388608 warm_us=27218.508740 errors=0 max_error=0 coverage=full_copysign_through_semantic_Thrust
RESULT kernel=aten_entr problem=N=8388608 warm_us=57801.872021 errors=0 max_error=0 coverage=full_piecewise_entropy_through_semantic_Thrust
RESULT kernel=aten_heaviside problem=N=8388608 warm_us=27078.649609 errors=0 max_error=0 coverage=full_heaviside_through_semantic_Thrust
RESULT kernel=aten_isneginf problem=N=8388608_max_finite=4 warm_us=17378.889600 errors=0 max_error=0 coverage=full_negative-infinity_predicate_through_Thrust
RESULT kernel=aten_isposinf problem=N=8388608_max_finite=4 warm_us=17047.299219 errors=0 max_error=0 coverage=full_positive-infinity_predicate_through_Thrust
RESULT kernel=aten_ldexp problem=N=8388608 warm_us=26738.064014 errors=0 max_error=0 coverage=full_mixed_float-integer_ldexp_through_Thrust
RESULT kernel=aten_nan_to_num problem=N=8388608_max_finite=4 warm_us=17023.084839 errors=0 max_error=0 coverage=full_nan-and-infinity_replacement_through_Thrust
RESULT kernel=aten_xlog1py problem=N=8388608 warm_us=26280.185571 errors=0 max_error=2.38419e-07 coverage=full_xlog1py_through_semantic_Thrust
RESULT kernel=aten_xlogy problem=N=8388608 warm_us=26474.486401 errors=0 max_error=9.53674e-07 coverage=full_xlogy_through_semantic_Thrust
RESULT kernel=aten_quant_saturation_cpu problem=N=8388608 warm_us=8934.527979 errors=0 max_error=0 coverage=full_i32-to-i8_saturation_through_typed_Thrust
RESULT kernel=aten_bincount_cpu problem=N=8388608_bins=65536_with_invalid_keys warm_us=58846.039062 errors=0 max_error=0 coverage=full_weighted_indexed_reduction_through_Thrust_sort_reduce_by_key_guarded_scatter
RESULT kernel=aten_embedding_bag_counts_cpu problem=N=8388608_bins=65536_with_invalid_keys warm_us=35426.445312 errors=0 max_error=0 coverage=full_integer_indexed_count_through_Thrust_sort_reduce_by_key_guarded_scatter
RESULT kernel=aten_histogramdd_linear_cpu problem=N=8388608_bins=65536_with_invalid_keys warm_us=58846.039062 errors=0 max_error=0 coverage=full_weighted_linear_histogram_through_Thrust_sort_reduce_by_key_guarded_scatter
RESULT kernel=aten_histogramdd_cpu problem=N=8388608_bins=256x256_with_out_of_range_points warm_us=81291.468750 errors=0 max_error=0 coverage=full_2d_bin_key_transform_plus_Thrust_sort_reduce_by_key_guarded_scatter
RESULT kernel=aten_index_fill_cpu problem=rows=65536_cols=64_output_rows=131072_output_cols=128 warm_us=28294.167969 errors=0 max_error=0 coverage=full_constant_indexed_row_fill_through_Thrust
RESULT kernel=aten_scatter_fill_cpu problem=rows=65536_cols=64_output_cols=128 warm_us=19203.218750 errors=0 max_error=0 coverage=full_constant_indexed_element_fill_through_Thrust
RESULT kernel=aten_lower_bound_cpu problem=N=4194304_Q=4194304_duplicates warm_us=15816.460938 errors=0 max_error=0 coverage=full_batched_lower_bound_through_Thrust
RESULT kernel=aten_searchsorted_cpu problem=N=4194304_Q=4194304_duplicates warm_us=15816.460938 errors=0 max_error=0 coverage=full_batched_searchsorted_lower_bound_through_Thrust
RESULT kernel=aten_upper_bound_cpu problem=N=4194304_Q=4194304_duplicates warm_us=14589.517578 errors=0 max_error=0 coverage=full_batched_upper_bound_through_Thrust
RESULT kernel=aten_binary_search_strided_rightmost_cpu problem=N=4194304_Q=4194304_duplicates warm_us=15678.681641 errors=0 max_error=0 coverage=full_batched_integer_upper_bound_minus_one_through_Thrust
RESULT kernel=aten_index_copy_cpu problem=rows=32768_cols=64_duplicate_destination_factor=2 warm_us=50195.859375 errors=0 max_error=0 coverage=full_indexed_row_copy_through_Thrust_sort_reduce_by_key_latest_ordinal_scatter
RESULT kernel=aten_scatter_cpu problem=rows=32768_cols=64_output_cols=32_duplicate_destination_factor=2 warm_us=53143.328125 errors=0 max_error=0 coverage=full_element_scatter_through_Thrust_sort_reduce_by_key_latest_ordinal_scatter
RESULT kernel=aten_scatter_add_cpu problem=rows=32768_cols=64_output_cols=32_duplicate_destination_factor=2 warm_us=26976.287109 errors=0 max_error=0 coverage=full_scatter_add_through_Thrust_sort_reduce_by_key_apply_to_existing_output
RESULT kernel=aten_scatter_add_expanded_index_cpu problem=rows=32768_cols=64_output_cols=32_duplicate_destination_factor=2 warm_us=26976.287109 errors=0 max_error=0 coverage=full_expanded_index_scatter_add_through_Thrust_sort_reduce_by_key_apply_to_existing_output
RESULT kernel=aten_scatter_reduce_two_cpu problem=rows=32768_cols=64_output_cols=32_duplicate_destination_factor=2 warm_us=26976.287109 errors=0 max_error=0 coverage=full_scatter_add_variant_through_Thrust_sort_reduce_by_key_apply_to_existing_output
RESULT kernel=aten_scatter_reduce_expanded_index_cpu problem=rows=32768_cols=64_output_cols=32_duplicate_destination_factor=2 warm_us=27776.128906 errors=0 max_error=0 coverage=full_scatter_max_through_Thrust_sort_reduce_by_key_apply_to_existing_output
RESULT kernel=aten_scatter_reduce_cpu problem=rows=32768_cols=64_output_cols=32_duplicate_destination_factor=2 warm_us_sum=29027.865234 warm_us_product=28588.373047 warm_us_max=28583.980469 warm_us_min=29049.050781 errors=0 max_error=0 coverage=full_runtime_selected_scatter_reduction_through_shared_Thrust_sort_reduce_by_key_backend
RESULT kernel=aten_scatter_scalar_reduce_cpu problem=rows=32768_cols=64_output_cols=32_duplicate_destination_factor=2 warm_us_sum=5915.664551 warm_us_product=5820.461914 warm_us_max=5804.865723 warm_us_min=5819.518555 errors=0 max_error=0 coverage=full_runtime_selected_scalar_scatter_reduction_through_shared_Thrust_sort_reduce_by_key_backend
RESULT kernel=aten_max_unpool2d_cpu problem=rows=32768_cols=64_output_cols=256_duplicate_indices warm_us=73725.445312 errors=0 max_error=0 coverage=full_zero_plus_latest_ordinal_argmax_scatter_through_Thrust
RESULT kernel=aten_max_unpool3d_cpu problem=rows=32768_cols=64_output_cols=512_duplicate_indices warm_us=90625.992188 errors=0 max_error=0 coverage=full_zero_plus_latest_ordinal_argmax_scatter_through_Thrust
RESULT kernel=aten_masked_select_cpu problem=N=8388608_selected=3595117 warm_us=64615.187500 errors=0 max_error=0 coverage=full_stable_masked_compaction_plus_exclusive_prefix_through_Thrust
RESULT kernel=aten_masked_select_serial_cpu problem=N=8388608_selected=3595117 warm_us=60245.277344 errors=0 max_error=0 coverage=full_stable_masked_compaction_plus_final_count_through_Thrust
RESULT kernel=aten_masked_scatter_cpu problem=N=8388608_selected=3595117 warm_us=59737.011719 errors=0 max_error=0 coverage=full_ordered_masked_scatter_preserving_unmasked_output_through_Thrust
RESULT kernel=aten_masked_scatter_backward_cpu problem=N=8388608_selected=3595117 warm_us=60219.523438 errors=0 max_error=0 coverage=full_stable_masked_gradient_compaction_through_Thrust
RESULT kernel=aten_nonzero_out_cpu problem=rows=32768_cols=256_N=8388608_selected=3479146 warm_us=41465.980469 errors=0 max_error=0 coverage=full_stable_row_major_nonzero_coordinate_compaction_through_Thrust
RESULT kernel=aten_isin_default_cpu problem=N=8388608_test_n=8192_including_NaN_and_signed_zero warm_us=24767.642578 errors=0 max_error=0 coverage=full_set_membership_through_Thrust_filter_sort_and_batched_lookup
RESULT kernel=aten_nested_sum_dim_cpu problem=rows=65536_cols=128_irregular_lengths warm_us=11916.352539 errors=0 max_error=0 coverage=full_length_bounded_segmented_sum_through_CUB
RESULT kernel=aten_nested_all_cpu problem=rows=65536_cols=128_irregular_lengths warm_us=12831.706055 errors=0 max_error=0 coverage=full_length_bounded_segmented_logical_and_through_CUB
RESULT kernel=aten_sum_cpu_backend problem=rows=65536_cols=128 warm_us=11374.604492 errors=0 max_error=0 coverage=full_fixed_width_segmented_sum_through_CUB
RESULT kernel=aten_min_values_cpu problem=rows=65536_cols=128 warm_us=12190.009766 errors=0 max_error=0 coverage=full_fixed_width_segmented_min_through_CUB
RESULT kernel=aten_max_values_cpu problem=rows=65536_cols=128 warm_us=11337.875000 errors=0 max_error=0 coverage=full_fixed_width_segmented_max_through_CUB
RESULT kernel=aten_xor_sum_cpu problem=rows=65536_cols=128 warm_us=11875.987305 errors=0 max_error=0 coverage=full_fixed_width_segmented_bitwise_xor_through_CUB
RESULT kernel=aten_circular_pad_cpu problem=N=8388608_pad=1048576_output_n=10485760 warm_us=25053.394531 errors=0 max_error=0 coverage=full_symmetric_circular_padding_through_Thrust
RESULT kernel=aten_reflection_pad_forward_family problem=outer=64_input=30x31x32_output=38x39x40 warm_us=7884.038574 errors=0 max_error=0 coverage=rank_parameterized_1d_2d_3d_reflection_padding_through_shared_Thrust_backend
RESULT kernel=aten_replication_pad_forward_family problem=outer=64_input=30x31x32_output=38x39x40 warm_us=7853.613281 errors=0 max_error=0 coverage=rank_parameterized_1d_2d_3d_replication_padding_through_shared_Thrust_backend
RESULT kernel=aten_reflection_pad1d_backward_cpu problem=outer=512_input=8192_output=10240 warm_us=65044.421875 errors=0 max_error=0 coverage=full_collision_reducing_reflection_padding_backward_through_Thrust_sort_reduce_by_key
RESULT kernel=aten_replication_pad1d_backward_cpu problem=outer=512_input=8192_output=10240 warm_us=65178.050781 errors=0 max_error=0 coverage=full_collision_reducing_replication_padding_backward_through_Thrust_sort_reduce_by_key
RESULT kernel=aten_reflection_pad2d_backward_cpu problem=outer=256_input=128x128_output=160x160 warm_us=79364.187500 errors=0 max_error=0 coverage=full_collision_reducing_reflection_padding_backward_through_Thrust_sort_reduce_by_key
RESULT kernel=aten_replication_pad2d_backward_cpu problem=outer=256_input=128x128_output=160x160 warm_us=79753.218750 errors=0 max_error=0 coverage=full_collision_reducing_replication_padding_backward_through_Thrust_sort_reduce_by_key
RESULT kernel=aten_reflection_pad3d_backward_cpu problem=outer=64_input=30x31x32_output=38x39x40 warm_us=46062.792969 errors=0 max_error=0 coverage=full_collision_reducing_reflection_padding_backward_through_Thrust_sort_reduce_by_key
RESULT kernel=aten_replication_pad3d_backward_cpu problem=outer=64_input=30x31x32_output=38x39x40 warm_us=46153.218750 errors=0 max_error=0 coverage=full_collision_reducing_replication_padding_backward_through_Thrust_sort_reduce_by_key
RESULT kernel=aten_conv_transpose3d_cpu problem=IC=8_OC=12_D=32_H=32_W=32_K=3 warm_us=23525.369600 errors=0 max_error=0 coverage=full_cudnn_3d_convolution_backward_data
RESULT kernel=aten_slow_conv3d_backward_input_cpu problem=IC=8_OC=12_D=32_H=32_W=32_K=3 warm_us=23525.369600 errors=0 max_error=0 coverage=full_cudnn_3d_convolution_backward_data_shared_route
RESULT kernel=aten_conv_transpose3d_grad_weight_cpu problem=IC=8_OC=12_D=32_H=32_W=32_K=3 warm_us=1304.646400 errors=0 max_error=0 coverage=full_cudnn_3d_convolution_backward_filter
RESULT kernel=aten_slow_conv3d_backward_weight_cpu problem=IC=8_OC=12_D=32_H=32_W=32_K=3 warm_us=1304.646400 errors=0 max_error=0 coverage=full_cudnn_3d_convolution_backward_filter_shared_route
RESULT kernel=aten_conv_tbc_backward_cpu problem=T=4096_B=64_I=64_O=96_K=5 warm_us=148769.376000 sampled=8192 errors=0 max_error=0 coverage=full_cudnn_1d_convolution_backward_data_with_TBC_pack_and_unpack
