[jetson] uname -a: Linux pva-compiler-orin-1.nvidia.com 6.8.12-1021-tegra #1 SMP PREEMPT Tue Jun 9 09:16:45 PDT 2026 aarch64 aarch64 aarch64 GNU/Linux
[jetson] nvcc version:
  (nvcc not found)
[jetson] accelerator status:
[N/A]

[jetson] running /tmp/polygeist_jetson_runs/syrk-native-cpu-timing_20260908_111044/native-cpu-timing run 1 ...
POLYGEIST_BENCHMARK_ITERATION phase=warmup index=0 total=10
0.898647
POLYGEIST_BENCHMARK_ITERATION phase=warmup index=1 total=10
0.896778
POLYGEIST_BENCHMARK_ITERATION phase=warmup index=2 total=10
0.897630
POLYGEIST_BENCHMARK_ITERATION phase=warmup index=3 total=10
0.890968
POLYGEIST_BENCHMARK_ITERATION phase=warmup index=4 total=10
0.889708
POLYGEIST_BENCHMARK_ITERATION phase=sample index=0 total=10
0.889506
POLYGEIST_BENCHMARK_ITERATION phase=sample index=1 total=10
0.890500
POLYGEIST_BENCHMARK_ITERATION phase=sample index=2 total=10
0.890269
POLYGEIST_BENCHMARK_ITERATION phase=sample index=3 total=10
0.890959
POLYGEIST_BENCHMARK_ITERATION phase=sample index=4 total=10
0.890491

[jetson] exit code: 0
[jetson] elapsed_s 9.067
