2mm,0,3,cublasDgemm+cublasDgemm_alpha_only+memset_zero_2D,2026-09-05T13:58:27-07:00,2026-09-05T13:58:28-07:00
3mm,0,3,cutensornetContraction2_f64,2026-09-05T13:58:28-07:00,2026-09-05T13:58:29-07:00
adi,unavailable,0,,residual_not_correct
atax,0,4,cublasDgemv+cublasDgemv_T+memset_zero_1D,2026-09-05T13:58:29-07:00,2026-09-05T13:58:30-07:00
bicg,0,4,cublasDgemv+cublasDgemv_T+memset_zero_1D,2026-09-05T13:58:30-07:00,2026-09-05T13:58:31-07:00
cholesky,0,0,,2026-09-05T13:58:31-07:00,2026-09-05T13:58:31-07:00
correlation,unavailable,0,,residual_not_correct
covariance,0,1,memset_zero_1D,2026-09-05T13:58:31-07:00,2026-09-05T13:58:32-07:00
deriche,0,3,memset_zero_1D,2026-09-05T13:58:32-07:00,2026-09-05T13:58:33-07:00
doitgen,0,2,cublasDgemv_T+memset_zero_1D,2026-09-05T13:58:33-07:00,2026-09-05T13:58:34-07:00
durbin,unavailable,0,,residual_not_correct
fdtd-2d,0,0,,2026-09-05T13:58:34-07:00,2026-09-05T13:58:35-07:00
floyd-warshall,0,0,,2026-09-05T13:58:35-07:00,2026-09-05T13:58:36-07:00
gemm,0,1,cublasDgemm,2026-09-05T13:58:36-07:00,2026-09-05T13:58:37-07:00
gemver,0,4,cublasDaxpby+cublasDgemv_alpha+cublasDger_rank2,2026-09-05T13:58:37-07:00,2026-09-05T13:58:38-07:00
gesummv,0,5,cublasDaxpby+cublasDgemv+memset_zero_1D,2026-09-05T13:58:38-07:00,2026-09-05T13:58:39-07:00
gramschmidt,0,1,cublasDgemv_T,2026-09-05T13:58:39-07:00,2026-09-05T13:58:39-07:00
heat-3d,0,0,,2026-09-05T13:58:39-07:00,2026-09-05T13:58:40-07:00
jacobi-1d,0,0,,2026-09-05T13:58:40-07:00,2026-09-05T13:58:41-07:00
jacobi-2d,0,0,,2026-09-05T13:58:41-07:00,2026-09-05T13:58:42-07:00
lu,0,0,,2026-09-05T13:58:42-07:00,2026-09-05T13:58:43-07:00
ludcmp,unavailable,0,,residual_not_correct
mvt,0,2,cublasDgemv+cublasDgemv_T,2026-09-05T13:58:43-07:00,2026-09-05T13:58:43-07:00
nussinov,unavailable,0,,residual_not_correct
seidel-2d,unavailable,0,,residual_not_correct
symm,0,0,,2026-09-05T13:58:43-07:00,2026-09-05T13:58:44-07:00
syr2k,0,0,,2026-09-05T13:58:44-07:00,2026-09-05T13:58:45-07:00
syrk,0,0,,2026-09-05T13:58:45-07:00,2026-09-05T13:58:46-07:00
trisolv,0,0,,2026-09-05T13:58:46-07:00,2026-09-05T13:58:47-07:00
trmm,0,0,,2026-09-05T13:58:47-07:00,2026-09-05T13:58:47-07:00
