[jetson] uname -a: Linux pva-compiler-orin-1.nvidia.com 6.8.12-1021-tegra #1 SMP PREEMPT Tue Jun 9 09:16:45 PDT 2026 aarch64 aarch64 aarch64 GNU/Linux
[jetson] nvcc version:
  (nvcc not found)
[jetson] accelerator status:
[N/A]

[jetson] running /tmp/polygeist_jetson_runs/mvt-raised-openblas-correctness_20260908_110904/raised-openblas-correctness run 1 ...
==BEGIN DUMP_ARRAYS==
begin dump: x1

0.00 664.67 581.09 553.62 538.93 530.35 525.49 521.91 517.11 516.40 512.45 513.42 511.23 511.17 510.06 508.10 504.71 508.16 506.55 506.55 
501.64 506.09 506.08 507.00 503.22 498.74 505.10 503.38 503.37 506.02 501.46 502.44 499.56 502.85 503.06 501.52 501.86 501.34 502.35 502.57 
492.53 502.21 501.93 500.48 501.42 501.01 502.25 501.76 497.94 501.94 489.23 501.16 500.94 501.63 499.02 500.09 499.49 500.42 501.79 501.89 
496.17 501.03 500.12 502.06 496.94 499.87 500.46 501.04 499.88 506.16 498.30 499.58 498.96 501.51 497.42 494.52 499.95 503.40 500.39 500.51 
480.56 500.55 500.17 499.74 499.61 498.79 499.21 507.22 498.59 500.68 497.76 503.70 499.75 496.49 499.78 497.74 496.59 500.28 499.63 498.43 
475.20 498.77 499.56 499.52 498.14 497.45 500.02 500.31 498.29 499.50 497.42 495.52 496.48 500.57 499.59 499.00 499.34 499.06 501.03 499.65 
490.09 499.69 499.81 499.40 498.50 468.69 500.37 502.28 496.06 494.62 497.49 499.04 498.66 497.75 500.34 498.93 498.01 501.74 502.07 500.17 
494.85 499.31 498.40 505.38 496.42 499.11 499.78 499.17 497.60 500.04 487.30 500.26 497.64 498.03 505.54 499.18 499.03 500.32 500.27 499.99 
479.80 499.63 498.85 499.46 499.09 498.27 497.73 502.95 498.47 497.76 497.32 499.18 498.67 499.41 502.70 493.63 495.67 500.80 499.11 499.11 
494.28 498.65 506.64 499.64 498.26 498.69 497.74 499.62 498.81 499.78 496.74 499.80 495.80 499.89 499.30 497.84 498.02 499.18 498.11 497.53 
449.65 500.37 499.29 499.92 498.38 498.05 499.29 501.21 495.78 500.10 496.64 500.12 498.78 499.47 498.86 498.41 497.33 499.46 498.75 499.25 
494.09 498.79 490.28 502.30 496.70 494.04 499.90 499.68 498.92 498.72 497.26 500.14 497.92 498.15 498.86 496.83 499.31 499.64 498.55 500.27 
479.68 499.91 499.13 500.78 499.37 498.71 499.05 499.06 496.75 497.64 437.13 501.86 499.99 499.93 500.82 498.78 495.95 499.72 496.99 500.59 
494.72 501.73 499.32 499.36 497.58 498.17 498.26 501.35 498.93 498.86 497.10 499.28 495.52 500.81 500.22 493.43 499.90 499.70 499.59 498.21 
489.45 500.25 498.37 498.04 497.06 494.09 511.01 502.52 497.10 500.38 497.96 500.40 499.30 500.79 498.58 498.44 497.45 499.58 499.83 499.13 
474.85 499.47 499.76 494.82 495.78 498.15 498.82 498.61 501.84 500.20 497.62 499.22 497.80 499.87 499.39 498.31 500.79 499.36 499.23 499.35 
479.72 501.39 499.01 499.70 498.45 493.34 499.17 499.58 497.43 498.32 496.29 497.74 495.71 486.05 506.14 501.23 497.43 501.04 499.27 502.87 
495.40 500.01 499.60 500.68 498.10 499.81 499.58 499.46 500.65 500.74 487.50 499.96 495.64 509.33 500.35 498.88 498.98 498.62 499.47 503.69 
489.81 499.33 499.05 497.76 502.54 499.57 499.53 500.25 496.02 499.46 497.12 499.88 498.22 499.71 499.50 468.62 498.37 500.10 499.31 499.81 
494.73 507.35 498.84 502.94 495.66 498.99 500.54 497.92 498.36 500.48 496.94 499.50 497.28 499.19 499.10 497.55 497.47 497.48 496.31 493.23 
399.80 506.07 502.49 502.22 500.33 499.75 500.09 500.50 498.51 499.80 497.85 500.82 499.83 499.77 500.66 498.71 496.11 500.76 499.95 499.95 
495.04 491.49 499.48 499.60 497.82 493.94 499.70 499.98 497.97 501.42 498.06 499.84 496.16 501.45 499.66 500.12 499.26 499.94 499.75 495.97 
489.93 499.61 499.33 499.08 494.82 502.41 500.85 500.37 496.54 503.34 487.82 500.56 499.54 500.23 499.62 499.48 498.09 499.02 499.19 497.29 
494.77 498.43 501.52 500.66 496.34 498.47 499.06 499.64 498.48 499.56 496.90 500.98 498.36 500.11 500.03 493.73 497.35 500.00 499.79 499.91 
479.96 497.95 499.57 500.34 499.01 499.39 499.81 499.82 497.99 500.08 497.17 499.10 498.35 499.09 498.38 497.15 493.99 496.88 495.03 489.83 
375.00 510.17 504.96 504.12 500.74 500.85 500.62 500.91 500.89 500.90 498.82 500.92 497.08 501.17 500.19 499.61 498.74 499.66 500.43 501.05 
490.69 499.09 501.21 500.00 499.90 494.24 498.97 500.88 496.66 500.02 498.08 500.44 499.26 498.35 500.94 499.52 498.61 500.34 499.47 499.57 
495.45 500.71 499.80 499.98 495.82 496.51 502.38 499.76 500.20 497.44 488.10 499.66 499.04 500.63 500.14 498.58 500.43 500.92 499.67 499.39 
480.40 501.03 500.25 500.06 498.49 498.87 498.33 499.55 497.87 499.16 495.93 492.58 505.27 502.01 501.30 495.03 497.07 501.40 500.51 502.51 
495.68 500.05 500.04 500.24 498.86 499.29 500.34 500.22 497.41 501.18 498.14 501.20 496.40 500.49 499.91 499.25 499.42 497.78 499.51 498.93 
450.45 501.77 500.69 500.52 499.78 499.45 497.89 499.80 496.38 501.50 498.05 499.52 499.38 500.07 499.46 497.01 499.93 500.06 500.15 498.65 
495.49 500.19 499.68 500.90 496.10 469.19 500.50 500.28 499.52 500.12 497.86 499.54 499.32 500.75 499.47 499.43 498.71 500.24 499.95 499.67 
480.28 499.31 500.53 501.38 498.77 498.11 499.65 497.67 498.15 499.04 487.43 499.26 498.59 498.53 499.42 498.19 495.35 498.32 498.39 497.99 
493.32 497.13 496.72 495.96 492.18 488.77 472.86 554.94 512.53 507.26 502.70 503.68 499.12 502.41 501.82 495.63 500.30 501.30 501.99 500.61 
491.05 500.65 500.77 501.64 499.46 499.69 500.61 500.12 496.70 500.78 498.37 500.80 498.90 500.39 500.18 498.84 499.05 501.18 500.23 499.53 
475.25 499.87 500.16 500.42 496.18 498.55 504.42 500.20 499.44 500.60 498.02 499.62 498.20 499.47 496.98 499.91 499.19 502.96 501.63 499.75 
480.12 499.79 499.41 499.30 498.85 493.54 498.77 495.19 499.83 500.72 497.88 500.14 499.31 499.65 499.74 498.82 495.83 502.64 499.67 499.27 
495.00 500.41 500.00 500.28 497.70 498.21 499.18 501.06 498.25 497.14 437.50 502.36 497.24 500.93 499.95 499.29 499.38 500.22 499.87 500.09 
490.21 499.73 503.45 499.36 498.94 499.17 501.13 499.85 495.62 495.86 498.72 500.28 499.82 499.31 499.10 493.92 497.97 499.70 501.71 500.21 
495.13 499.75 499.24 500.54 496.06 498.59 500.14 499.52 499.96 500.88 497.34 499.90 497.68 498.79 498.70 497.94 497.87 499.08 496.71 493.63 
400.00 506.47 502.89 501.82 500.73 500.15 501.69 498.11 498.91 502.20 498.25 501.22 499.43 499.37 500.26 500.31 496.51 500.36 498.35 500.35 
495.44 499.89 499.88 499.20 499.42 494.34 499.30 499.59 499.57 499.82 497.66 500.24 495.76 497.05 501.26 499.72 499.66 499.54 500.15 500.37 
490.33 500.01 495.73 500.68 499.22 498.81 498.45 499.96 496.14 499.74 487.62 498.96 499.14 499.83 499.22 497.89 495.69 476.62 503.59 501.69 
496.37 500.83 499.92 500.26 496.74 500.07 500.66 501.24 500.08 499.96 498.50 501.38 498.76 499.71 499.62 469.13 499.75 499.60 498.19 500.31 
480.36 500.35 499.97 499.94 499.41 498.99 499.41 499.42 496.39 518.48 499.56 501.50 499.95 500.69 499.98 499.55 496.39 500.48 501.43 500.23 
475.40 500.57 501.36 499.72 498.34 499.25 500.22 500.50 498.49 485.30 499.22 501.32 496.68 498.77 499.78 499.20 499.14 501.26 498.83 501.45 
490.29 499.49 499.61 487.60 500.30 494.44 500.57 500.48 496.26 500.42 497.68 498.84 498.86 497.95 500.54 499.12 498.21 499.94 499.87 499.97 
495.05 497.11 500.20 499.58 496.22 498.91 499.98 499.37 499.80 499.84 487.70 500.06 497.44 500.23 499.74 498.98 498.83 500.52 500.07 499.79 
480.00 499.43 498.65 505.66 498.89 498.47 499.93 499.14 498.27 499.56 497.53 498.98 498.87 503.61 498.90 493.22 495.47 499.00 498.91 498.91 
494.08 498.45 498.44 497.84 496.46 496.89 497.94 495.83 497.01 495.58 494.54 497.60 492.00 494.09 493.50 491.64 489.82 487.38 479.91 459.33 
250.25 541.17 520.09 513.12 509.18 506.85 506.49 506.41 500.98 502.90 501.45 504.92 501.98 504.67 502.06 501.60 500.53 502.66 501.55 502.05 
496.89 501.59 501.08 501.50 497.50 495.24 501.10 496.88 500.12 501.52 498.46 500.94 498.72 501.35 500.06 500.02 500.11 494.84 501.35 501.07 
480.88 500.71 499.93 499.98 500.17 499.51 500.25 500.26 499.55 500.44 488.22 500.66 499.19 501.13 500.02 499.58 496.75 500.92 499.79 503.39 
495.92 500.53 500.12 500.56 498.78 499.37 499.46 502.54 500.13 501.66 498.30 500.08 496.72 500.01 499.42 494.03 498.70 512.90 500.39 501.01 
490.65 499.05 501.17 499.24 499.86 499.29 500.21 501.72 496.30 499.18 496.76 515.20 500.50 499.99 499.78 499.25 498.65 500.78 498.63 499.93 
475.45 500.27 498.56 500.02 496.58 498.95 500.02 499.80 499.04 499.00 496.42 482.02 500.60 501.07 500.59 499.51 499.59 500.56 500.03 500.15 
480.52 500.19 501.81 500.90 499.25 469.19 500.37 500.78 498.23 499.12 497.49 500.54 498.91 499.25 499.34 498.43 496.23 500.24 500.07 499.67 
494.60 498.81 496.40 523.88 501.30 500.61 500.78 500.67 499.85 501.54 488.30 500.76 496.84 500.53 501.54 499.68 499.78 499.82 504.27 500.49 
490.61 500.13 499.85 500.96 499.34 498.77 498.73 503.45 497.22 500.26 498.32 500.68 499.42 500.91 500.70 494.12 497.57 501.30 500.11 500.61 
495.53 500.15 501.64 500.14 496.46 498.19 499.74 501.12 499.56 499.28 497.74 498.30 498.08 502.39 498.30 498.35 498.27 498.68 497.11 494.03 
400.40 506.87 503.29 501.42 501.13 500.55 501.29 501.70 499.31 500.60 498.65 499.62 499.03 500.97 499.86 499.91 496.91 499.96 500.75 500.75 
495.84 500.29 498.28 500.80 499.02 494.54 500.90 501.18 499.17 500.22 497.26 504.64 497.36 500.65 498.86 499.32 500.06 501.14 496.55 500.77 
490.73 500.41 500.13 500.28 499.62 499.21 500.05 499.56 495.74 498.14 438.13 503.36 500.74 499.43 500.82 500.29 499.29 500.22 499.99 500.09 
495.97 501.23 500.32 497.86 497.14 499.67 500.26 500.85 499.68 500.36 498.10 499.78 497.16 505.31 501.22 494.93 500.15 501.20 500.59 500.71 
480.76 500.75 498.37 497.54 499.81 498.59 503.01 501.02 498.79 500.88 497.96 499.90 499.55 500.29 495.58 499.94 496.79 500.08 499.83 500.63 
475.60 500.97 499.76 499.32 497.94 499.65 499.82 500.11 500.09 499.70 497.62 499.72 496.28 500.37 499.39 498.80 499.54 498.86 499.23 499.85 
489.89 499.89 498.01 499.20 498.70 492.84 498.17 498.09 493.86 496.82 493.29 493.24 486.46 445.55 527.14 509.73 504.81 504.54 503.27 503.37 
497.65 502.51 501.60 502.18 497.62 500.31 500.58 501.96 500.40 501.24 488.50 501.46 498.84 502.83 500.34 500.39 500.23 499.12 499.47 501.19 
480.60 500.83 500.05 500.26 500.29 499.07 500.53 499.75 497.67 500.96 498.12 500.38 499.47 500.21 499.50 469.13 496.87 499.60 500.31 500.31 
495.48 501.85 499.84 500.44 497.06 501.49 500.54 500.43 499.61 500.98 497.94 499.00 496.60 500.69 502.10 499.04 499.22 499.98 499.31 498.73 
450.25 501.57 500.49 502.72 499.58 499.25 500.09 500.00 496.58 499.30 497.85 499.32 501.58 500.27 499.66 499.21 498.13 500.26 499.95 500.45 
495.29 497.99 499.48 499.10 495.90 493.44 498.70 498.49 493.72 507.92 500.06 501.34 499.12 500.95 501.67 499.62 500.51 500.44 499.75 499.47 
480.48 501.11 500.33 499.58 498.57 499.91 499.85 499.87 497.95 500.84 487.82 503.06 498.79 500.73 497.62 501.98 497.15 500.52 500.19 499.79 
495.52 500.93 500.52 500.16 498.38 498.97 499.06 502.14 499.73 500.06 497.90 500.48 496.32 499.61 501.03 494.23 499.10 500.50 498.79 501.41 
490.25 499.45 499.57 500.84 500.26 498.89 499.81 499.32 495.90 499.58 497.17 499.60 498.10 499.59 499.38 497.64 496.25 496.38 495.03 490.33 
375.25 510.67 504.96 503.62 498.98 501.35 501.62 501.40 500.64 501.40 498.82 500.42 499.00 500.67 500.19 499.11 499.99 500.16 500.43 502.55 
480.92 500.59 500.21 500.50 501.65 494.74 499.97 500.38 498.63 499.52 499.09 500.94 500.51 500.85 500.94 500.02 496.63 499.84 498.47 502.07 
496.20 503.21 500.80 501.48 498.90 499.01 500.38 500.26 499.45 499.94 488.10 497.16 496.44 500.13 499.15 496.08 504.18 501.42 500.67 500.89 
491.01 504.53 500.25 500.56 499.74 498.37 500.33 499.04 496.82 500.66 497.93 499.08 501.02 500.51 500.30 494.53 499.17 500.90 500.51 509.01 
495.93 500.55 500.04 499.74 496.86 499.79 499.34 500.72 499.16 499.68 498.14 500.70 498.48 499.99 499.90 498.75 498.67 498.28 497.51 494.43 
400.60 507.27 503.69 503.02 501.53 500.95 500.89 501.30 499.71 501.00 499.05 500.02 500.63 502.57 499.46 499.51 497.31 497.56 501.15 493.15 
496.24 500.69 500.68 500.40 498.62 469.69 500.50 500.78 500.77 500.62 498.86 501.04 496.96 500.25 500.46 498.92 496.46 502.74 500.95 501.17 
491.13 496.81 500.53 501.88 500.02 499.61 499.65 491.17 497.34 500.54 488.43 499.76 498.34 501.03 500.42 498.69 498.89 499.82 500.39 500.49 
495.57 497.63 500.72 499.46 495.54 497.27 493.86 514.44 503.28 502.76 499.70 502.18 499.56 500.91 500.82 495.13 500.55 500.80 500.99 499.11 
481.16 501.15 500.77 501.14 498.21 500.19 500.61 500.62 499.19 501.28 498.37 500.30 497.15 501.89 501.18 500.35 497.19 505.68 500.23 501.03 
476.00 501.37 500.16 500.92 499.54 500.05 501.42 499.70 499.69 500.10 498.02 500.12 495.88 497.97 488.98 504.41 501.94 502.46 501.63 500.25 
491.49 502.29 500.41 500.80 499.10 495.04 499.77 499.69 497.46 501.22 498.88 501.64 500.06 499.15 501.74 500.32 499.41 501.14 500.67 498.77 
496.25 499.91 503.00 500.78 497.02 499.71 499.18 500.57 499.00 498.64 438.50 502.86 500.24 501.43 500.94 499.78 499.63 499.72 500.87 500.59 
481.20 500.23 501.45 500.86 499.69 501.67 501.13 502.35 499.07 500.36 498.73 501.78 500.07 500.81 500.10 494.43 496.27 498.20 509.71 501.71 
496.88 501.25 501.24 501.04 499.66 500.09 501.14 501.02 500.21 500.38 499.34 500.40 497.20 499.29 500.70 500.44 500.62 500.58 500.71 500.13 
451.05 502.97 501.89 501.32 500.98 500.65 500.69 500.60 497.18 500.70 499.25 500.72 500.18 500.87 502.26 499.81 498.73 500.86 493.35 501.85 
496.69 501.39 500.88 499.70 497.30 494.84 497.30 501.08 500.32 501.32 498.66 502.74 498.52 497.55 502.27 500.23 499.91 501.04 501.15 500.87 
481.08 500.51 499.73 500.18 499.97 499.31 494.45 502.46 499.35 500.24 488.62 500.46 501.39 501.33 500.22 499.38 496.55 495.12 501.59 501.19 
496.12 500.33 497.92 498.76 498.98 499.57 499.66 502.75 500.33 501.46 498.50 505.88 496.92 498.21 499.63 469.62 500.50 501.10 500.19 500.81 
490.85 500.85 498.97 501.44 499.66 499.49 500.41 499.92 496.50 504.98 498.56 501.00 500.70 500.19 499.98 501.05 498.85 500.98 500.43 501.73 
475.65 502.07 500.36 500.22 496.38 500.75 500.22 504.01 499.24 496.80 498.22 499.82 498.40 493.27 500.78 499.70 499.39 500.76 499.83 499.95 
480.32 499.99 499.61 497.10 499.05 493.94 502.57 498.99 498.03 500.92 497.69 494.34 499.11 499.45 499.54 498.62 496.03 498.44 499.87 499.47 
494.80 498.61 498.20 500.08 497.50 498.41 500.98 498.87 498.05 499.34 486.70 498.56 495.04 498.73 497.74 497.48 497.58 500.02 498.07 498.29 
488.41 497.93 497.65 499.16 497.14 496.97 496.93 497.64 493.42 498.06 494.52 494.48 495.62 497.11 494.90 489.72 493.77 493.50 493.91 494.41 
489.33 493.95 493.44 492.34 488.26 490.39 489.94 489.33 487.76 487.08 483.54 484.10 479.88 478.59 474.51 468.15 460.07 446.88 418.91 335.83 
end   dump: x1
begin dump: x2

0.00 664.17 580.59 553.13 538.44 529.86 525.00 521.42 516.62 515.92 511.96 512.94 510.76 510.70 509.59 507.63 504.24 507.69 506.09 506.09 
501.18 505.63 505.63 506.55 502.76 498.28 504.65 502.94 502.93 505.58 501.02 502.00 499.12 502.42 502.63 501.09 501.43 500.91 501.92 502.15 
492.10 501.79 501.51 500.07 501.01 500.60 501.84 501.36 497.53 501.54 488.81 500.76 500.55 501.24 498.63 499.69 499.10 500.03 501.41 501.51 
495.79 500.65 499.75 501.69 496.57 499.50 500.09 500.68 499.52 505.80 497.94 499.22 498.60 501.16 497.07 494.17 499.60 503.05 500.04 500.17 
480.20 500.21 499.83 499.41 499.28 498.46 498.88 506.90 498.26 500.36 497.44 503.38 499.44 496.18 499.47 497.43 496.28 499.97 499.33 498.13 
474.88 498.47 499.27 499.23 497.84 497.16 499.73 500.02 498.01 499.22 497.14 495.24 496.20 500.30 499.31 498.73 499.07 498.79 500.76 499.39 
489.82 499.43 499.55 499.15 498.25 468.41 500.12 502.04 495.81 494.38 497.24 498.80 498.43 497.52 500.11 498.69 497.78 501.51 501.85 499.95 
494.63 499.09 498.19 505.17 496.21 498.90 499.57 498.96 497.40 499.84 487.09 500.06 497.44 497.84 505.35 498.99 498.84 500.13 500.08 499.81 
479.60 499.45 498.67 499.29 498.92 498.10 497.56 502.78 498.30 497.60 497.16 499.02 498.52 499.26 502.55 493.47 495.52 500.65 498.97 498.97 
494.14 498.51 506.51 499.51 498.12 498.56 497.61 499.50 498.69 499.66 496.62 499.68 495.68 499.78 499.19 497.73 497.91 499.07 498.00 497.43 
449.50 500.27 499.19 499.83 498.29 497.96 499.20 501.12 495.69 500.02 496.56 500.04 498.71 499.40 498.79 498.33 497.26 499.39 498.69 499.19 
494.03 498.73 490.23 502.25 496.65 493.98 499.85 499.64 498.88 498.68 497.22 500.10 497.88 498.12 498.83 496.79 499.28 499.61 498.52 500.25 
479.64 499.89 499.11 500.77 499.36 498.70 499.04 499.06 496.74 497.64 437.06 501.86 500.00 499.94 500.83 498.79 495.96 499.73 497.01 500.61 
494.74 501.75 499.35 499.39 497.60 498.20 498.29 501.38 498.97 498.90 497.14 499.32 495.56 500.86 500.27 493.47 499.95 499.75 499.64 498.27 
489.50 500.31 498.43 498.11 497.13 494.16 511.08 502.60 497.17 500.46 498.04 500.48 499.39 500.88 498.67 498.53 497.54 499.67 499.93 499.23 
474.93 499.57 499.87 494.93 495.89 498.26 498.93 498.72 501.96 500.32 497.74 499.34 497.92 500.00 499.51 498.43 500.92 499.49 499.36 499.49 
479.84 501.53 499.15 499.85 498.60 493.48 499.32 499.74 497.58 498.48 496.44 497.90 495.88 486.22 506.31 501.39 497.60 501.21 499.45 503.05 
495.58 500.19 499.79 500.87 498.28 500.00 499.77 499.66 500.85 500.94 487.69 500.16 495.84 509.54 500.55 499.09 499.19 498.83 499.68 503.91 
490.02 499.55 499.27 497.99 502.77 499.80 499.76 500.48 496.25 499.70 497.36 500.12 498.47 499.96 499.75 468.84 498.62 500.35 499.57 500.07 
494.99 507.61 499.11 503.21 495.93 499.26 500.81 498.20 498.64 500.76 497.22 499.78 497.56 499.48 499.39 497.83 497.76 497.77 496.60 493.53 
400.00 506.37 502.79 502.53 500.64 500.06 500.40 500.82 498.82 500.12 498.16 501.14 500.16 500.10 500.99 499.03 496.44 501.09 500.29 500.29 
495.38 491.83 499.83 499.95 498.16 494.28 500.05 500.34 498.33 501.78 498.42 500.20 496.52 501.82 500.03 500.49 499.63 500.31 500.12 496.35 
490.30 499.99 499.71 499.47 495.21 502.80 501.24 500.76 496.93 503.74 488.21 500.96 499.95 500.64 500.03 499.89 498.50 499.43 499.61 497.71 
495.19 498.85 501.95 501.09 496.77 498.90 499.49 500.08 498.92 500.00 497.34 501.42 498.80 500.56 500.47 494.17 497.80 500.45 500.24 500.37 
480.40 498.41 500.03 500.81 499.48 499.86 500.28 500.30 498.46 500.56 497.64 499.58 498.84 499.58 498.87 497.63 494.48 497.37 495.53 490.33 
375.38 509.67 504.47 503.63 500.24 500.36 500.13 500.42 500.41 500.42 498.34 500.44 496.60 500.70 499.71 499.13 498.27 499.19 499.96 500.59 
490.22 498.63 500.75 499.55 499.45 493.78 498.52 500.44 496.21 499.58 497.64 500.00 498.83 497.92 500.51 499.09 498.18 499.91 499.05 499.15 
495.03 500.29 499.39 499.57 495.41 496.10 501.97 499.36 499.80 497.04 487.69 499.26 498.64 500.24 499.75 498.19 500.04 500.53 499.28 499.01 
480.00 500.65 499.87 499.69 498.12 498.50 497.96 499.18 497.50 498.80 495.56 492.22 504.92 501.66 500.95 494.67 496.72 501.05 500.17 502.17 
495.34 499.71 499.71 499.91 498.52 498.96 500.01 499.90 497.09 500.86 497.82 500.88 496.08 500.18 499.59 498.93 499.11 497.47 499.20 498.63 
450.10 501.47 500.39 500.23 499.49 499.16 497.60 499.52 496.09 501.22 497.76 499.24 499.11 499.80 499.19 496.73 499.66 499.79 499.89 498.39 
495.23 499.93 499.43 500.65 495.85 468.91 500.25 500.04 499.28 499.88 497.62 499.30 499.08 500.52 499.23 499.19 498.48 500.01 499.72 499.45 
480.04 499.09 500.31 501.17 498.56 497.90 499.44 497.46 497.94 498.84 487.21 499.06 498.40 498.34 499.23 497.99 495.16 498.13 498.21 497.81 
493.14 496.95 496.55 495.79 492.00 488.60 472.69 554.78 512.37 507.10 502.54 503.52 498.96 502.26 501.67 495.47 500.15 501.15 501.84 500.47 
490.90 500.51 500.63 501.51 499.33 499.56 500.48 500.00 496.57 500.66 498.24 500.68 498.79 500.28 500.07 498.73 498.94 501.07 500.13 499.43 
475.13 499.77 500.07 500.33 496.09 498.46 504.33 500.12 499.36 500.52 497.94 499.54 498.12 499.40 496.91 499.83 499.12 502.89 501.56 499.69 
480.04 499.73 499.35 499.25 498.80 493.48 498.72 495.14 499.78 500.68 497.84 500.10 499.28 499.62 499.71 498.79 495.80 502.61 499.65 499.25 
494.98 500.39 499.99 500.27 497.68 498.20 499.17 501.06 498.25 497.14 437.44 502.36 497.24 500.94 499.95 499.29 499.39 500.23 499.88 500.11 
490.22 499.75 503.47 499.39 498.97 499.20 501.16 499.88 495.65 495.90 498.76 500.32 499.87 499.36 499.15 493.97 498.02 499.75 501.77 500.27 
495.19 499.81 499.31 500.61 496.13 498.66 500.21 499.60 500.04 500.96 497.42 499.98 497.76 498.88 498.79 498.03 497.96 499.17 496.80 493.73 
400.00 506.57 502.99 501.93 500.84 500.26 501.80 498.22 499.02 502.32 498.36 501.34 499.56 499.50 500.39 500.43 496.64 500.49 498.49 500.49 
495.58 500.03 500.03 499.35 499.56 494.48 499.45 499.74 499.73 499.98 497.82 500.40 495.92 497.22 501.43 499.89 499.83 499.71 500.32 500.55 
490.50 500.19 495.91 500.87 499.41 499.00 498.64 500.16 496.33 499.94 487.81 499.16 499.35 500.04 499.43 498.09 495.90 476.83 503.81 501.91 
496.59 501.05 500.15 500.49 496.97 500.30 500.89 501.48 500.32 500.20 498.74 501.62 499.00 499.96 499.87 469.34 500.00 499.85 498.44 500.57 
480.60 500.61 500.23 500.21 499.68 499.26 499.68 499.70 496.66 518.76 499.84 501.78 500.24 500.98 500.27 499.83 496.68 500.77 501.73 500.53 
475.68 500.87 501.67 500.03 498.64 499.56 500.53 500.82 498.81 485.62 499.54 501.64 497.00 499.10 500.11 499.53 499.47 501.59 499.16 501.79 
490.62 499.83 499.95 487.95 500.65 494.78 500.92 500.84 496.61 500.78 498.04 499.20 499.23 498.32 500.91 499.49 498.58 500.31 500.25 500.35 
495.43 497.49 500.59 499.97 496.61 499.30 500.37 499.76 500.20 500.24 488.09 500.46 497.84 500.64 500.15 499.39 499.24 500.93 500.48 500.21 
480.40 499.85 499.07 506.09 499.32 498.90 500.36 499.58 498.70 500.00 497.96 499.42 499.32 504.06 499.35 493.67 495.92 499.45 499.37 499.37 
494.54 498.91 498.91 498.31 496.92 497.36 498.41 496.30 497.49 496.06 495.02 498.08 492.48 494.58 493.99 492.13 490.31 487.87 480.40 459.83 
250.50 540.67 519.59 512.63 508.69 506.36 506.00 505.92 500.49 502.42 500.96 504.44 501.51 504.20 501.59 501.13 500.06 502.19 501.09 501.59 
496.43 501.13 500.63 501.05 497.05 494.78 500.65 496.44 499.68 501.08 498.02 500.50 498.28 500.92 499.63 499.59 499.68 494.41 500.92 500.65 
480.44 500.29 499.51 499.57 499.76 499.10 499.84 499.86 499.14 500.04 487.81 500.26 498.80 500.74 499.63 499.19 496.36 500.53 499.41 503.01 
495.54 500.15 499.75 500.19 498.40 499.00 499.09 502.18 499.77 501.30 497.94 499.72 496.36 499.66 499.07 493.67 498.35 512.55 500.04 500.67 
490.30 498.71 500.83 498.91 499.53 498.96 499.88 501.40 495.97 498.86 496.44 514.88 500.19 499.68 499.47 498.93 498.34 500.47 498.33 499.63 
475.13 499.97 498.27 499.73 496.29 498.66 499.73 499.52 498.76 498.72 496.14 481.74 500.32 500.80 500.31 499.23 499.32 500.29 499.76 499.89 
480.24 499.93 501.55 500.65 499.00 468.91 500.12 500.54 497.98 498.88 497.24 500.30 498.68 499.02 499.11 498.19 496.00 500.01 499.85 499.45 
494.38 498.59 496.19 523.67 501.08 500.40 500.57 500.46 499.65 501.34 488.09 500.56 496.64 500.34 501.35 499.49 499.59 499.63 504.08 500.31 
490.42 499.95 499.67 500.79 499.17 498.60 498.56 503.28 497.05 500.10 498.16 500.52 499.27 500.76 500.55 493.97 497.42 501.15 499.97 500.47 
495.39 500.01 501.51 500.01 496.33 498.06 499.61 501.00 499.44 499.16 497.62 498.18 497.96 502.28 498.19 498.23 498.16 498.57 497.00 493.93 
400.20 506.77 503.19 501.33 501.04 500.46 501.20 501.62 499.22 500.52 498.56 499.54 498.96 500.90 499.79 499.83 496.84 499.89 500.69 500.69 
495.78 500.23 498.23 500.75 498.96 494.48 500.85 501.14 499.13 500.18 497.22 504.60 497.32 500.62 498.83 499.29 500.03 501.11 496.52 500.75 
490.70 500.39 500.11 500.27 499.61 499.20 500.04 499.56 495.73 498.14 438.06 503.36 500.75 499.44 500.83 500.29 499.30 500.23 500.01 500.11 
495.99 501.25 500.35 497.89 497.17 499.70 500.29 500.88 499.72 500.40 498.14 499.82 497.20 505.36 501.27 494.97 500.20 501.25 500.64 500.77 
480.80 500.81 498.43 497.61 499.88 498.66 503.08 501.10 498.86 500.96 498.04 499.98 499.64 500.38 495.67 500.03 496.88 500.17 499.93 500.73 
475.68 501.07 499.87 499.43 498.04 499.76 499.93 500.22 500.21 499.82 497.74 499.84 496.40 500.50 499.51 498.93 499.67 498.99 499.36 499.99 
490.02 500.03 498.15 499.35 498.85 492.98 498.32 498.24 494.01 496.98 493.44 493.40 486.63 445.72 527.31 509.89 504.98 504.71 503.45 503.55 
497.83 502.69 501.79 502.37 497.81 500.50 500.77 502.16 500.60 501.44 488.69 501.66 499.04 503.04 500.55 500.59 500.44 499.33 499.68 501.41 
480.80 501.05 500.27 500.49 500.52 499.30 500.76 499.98 497.90 501.20 498.36 500.62 499.72 500.46 499.75 469.34 497.12 499.85 500.57 500.57 
495.74 502.11 500.11 500.71 497.32 501.76 500.81 500.70 499.89 501.26 498.22 499.28 496.88 500.98 502.39 499.33 499.51 500.27 499.60 499.03 
450.50 501.87 500.79 503.03 499.89 499.56 500.40 500.32 496.89 499.62 498.16 499.64 501.91 500.60 499.99 499.53 498.46 500.59 500.29 500.79 
495.63 498.33 499.83 499.45 496.25 493.78 499.05 498.84 494.08 508.28 500.42 501.70 499.48 501.32 502.03 499.99 500.88 500.81 500.12 499.85 
480.84 501.49 500.71 499.97 498.96 500.30 500.24 500.26 498.34 501.24 488.21 503.46 499.20 501.14 498.03 502.39 497.56 500.93 500.61 500.21 
495.94 501.35 500.95 500.59 498.80 499.40 499.49 502.58 500.17 500.50 498.34 500.92 496.76 500.06 501.47 494.67 499.55 500.95 499.24 501.87 
490.70 499.91 500.03 501.31 500.73 499.36 500.28 499.80 496.37 500.06 497.64 500.08 498.59 500.08 499.87 498.13 496.74 496.87 495.53 490.83 
375.63 510.17 504.47 503.13 498.49 500.86 501.13 500.92 500.16 500.92 498.34 499.94 498.52 500.20 499.71 498.63 499.52 499.69 499.96 502.09 
480.44 500.13 499.75 500.05 501.20 494.28 499.52 499.94 498.18 499.08 498.64 500.50 500.08 500.42 500.51 499.59 496.20 499.41 498.05 501.65 
495.78 502.79 500.39 501.07 498.48 498.60 499.97 499.86 499.05 499.54 487.69 496.76 496.04 499.74 498.75 495.69 503.79 501.03 500.28 500.51 
490.62 504.15 499.87 500.19 499.37 498.00 499.96 498.68 496.45 500.30 497.56 498.72 500.67 500.16 499.95 494.17 498.82 500.55 500.17 508.67 
495.59 500.21 499.71 499.41 496.53 499.46 499.01 500.40 498.84 499.36 497.82 500.38 498.16 499.68 499.59 498.43 498.36 497.97 497.20 494.13 
400.20 506.97 503.39 502.73 501.24 500.66 500.60 501.02 499.42 500.72 498.76 499.74 500.36 502.30 499.19 499.23 497.04 497.29 500.89 492.89 
495.98 500.43 500.43 500.15 498.36 469.41 500.25 500.54 500.53 500.38 498.62 500.80 496.72 500.02 500.23 498.69 496.23 502.51 500.72 500.95 
490.90 496.59 500.31 501.67 499.81 499.40 499.44 490.96 497.13 500.34 488.21 499.56 498.15 500.84 500.23 498.49 498.70 499.63 500.21 500.31 
495.39 497.45 500.55 499.29 495.37 497.10 493.69 514.28 503.12 502.60 499.54 502.02 499.40 500.76 500.67 494.97 500.40 500.65 500.84 498.97 
481.00 501.01 500.63 501.01 498.08 500.06 500.48 500.50 499.06 501.16 498.24 500.18 497.04 501.78 501.07 500.23 497.08 505.57 500.13 500.93 
475.88 501.27 500.07 500.83 499.44 499.96 501.33 499.62 499.61 500.02 497.94 500.04 495.80 497.90 488.91 504.33 501.87 502.39 501.56 500.19 
491.42 502.23 500.35 500.75 499.05 494.98 499.72 499.64 497.41 501.18 498.84 501.60 500.03 499.12 501.71 500.29 499.38 501.11 500.65 498.75 
496.23 499.89 502.99 500.77 497.01 499.70 499.17 500.56 499.00 498.64 438.44 502.86 500.24 501.44 500.95 499.79 499.64 499.73 500.88 500.61 
481.20 500.25 501.47 500.89 499.72 501.70 501.16 502.38 499.10 500.40 498.76 501.82 500.12 500.86 500.15 494.47 496.32 498.25 509.77 501.77 
496.94 501.31 501.31 501.11 499.72 500.16 501.21 501.10 500.29 500.46 499.42 500.48 497.28 499.38 500.79 500.53 500.71 500.67 500.80 500.23 
451.10 503.07 501.99 501.43 501.09 500.76 500.80 500.72 497.29 500.82 499.36 500.84 500.31 501.00 502.39 499.93 498.86 500.99 493.49 501.99 
496.83 501.53 501.03 499.85 497.45 494.98 497.45 501.24 500.48 501.48 498.82 502.90 498.68 497.72 502.43 500.39 500.08 501.21 501.32 501.05 
481.24 500.69 499.91 500.37 500.16 499.50 494.64 502.66 499.54 500.44 488.81 500.66 501.60 501.54 500.43 499.59 496.76 495.33 501.81 501.41 
496.34 500.55 498.15 498.99 499.20 499.80 499.89 502.98 500.57 501.70 498.74 506.12 497.16 498.46 499.87 469.84 500.75 501.35 500.44 501.07 
491.10 501.11 499.23 501.71 499.93 499.76 500.68 500.20 496.77 505.26 498.84 501.28 500.99 500.48 500.27 501.33 499.14 501.27 500.73 502.03 
475.93 502.37 500.67 500.53 496.69 501.06 500.53 504.32 499.56 497.12 498.54 500.14 498.72 493.60 501.11 500.03 499.72 501.09 500.16 500.29 
480.64 500.33 499.95 497.45 499.40 494.28 502.92 499.34 498.38 501.28 498.04 494.70 499.48 499.82 499.91 498.99 496.40 498.81 500.25 499.85 
495.18 498.99 498.59 500.47 497.88 498.80 501.37 499.26 498.45 499.74 487.09 498.96 495.44 499.14 498.15 497.89 497.99 500.43 498.48 498.71 
488.82 498.35 498.07 499.59 497.57 497.40 497.36 498.08 493.85 498.50 494.96 494.92 496.07 497.56 495.35 490.17 494.22 493.95 494.37 494.87 
489.79 494.41 493.91 492.81 488.73 490.86 490.41 489.80 488.24 487.56 484.02 484.58 480.36 479.08 474.99 468.63 460.56 447.37 419.40 335.33 
end   dump: x2
==END   DUMP_ARRAYS==
POLYGEIST_RAISED_GPU_E2E_MS 4.901792005

[jetson] exit code: 0
[jetson] elapsed_s 0.030
