date=2026-09-07T10:10:30-07:00
host_arch=x86_64
cpu_model=Intel Xeon Processor (Cascadelake)
compiler=clang 18.0.0 llvm-project 26eb4285b56edd8c897642078d91f16ff0fd3472
binary_sha256=5792318db08496817db20fc465b6e097985fa7d0eac4f2ae923f81fdc0de229a
dataset=LARGE
datatype=double

build_command=/home/arjaiswal/Polygeist/llvm-project/build/bin/clang -O3 -fno-inline -fno-inline-functions -I/home/arjaiswal/Polygeist/tools/cgeist/Test/polybench/utilities -I/home/arjaiswal/Polygeist/tools/cgeist/Test/polybench/linear-algebra/kernels/2mm -DLARGE_DATASET -DDATA_TYPE_IS_DOUBLE -DPOLYBENCH_USE_C99_PROTO -DPOLYBENCH_TIME /home/arjaiswal/Polygeist/tools/cgeist/Test/polybench/linear-algebra/kernels/2mm/2mm.c /home/arjaiswal/Polygeist/tools/cgeist/Test/polybench/utilities/polybench.c -lm -o /tmp/polybench-2mm-native-recheck/native
symbol_audit=PASS: main contains a direct call to kernel_2mm; kernel_2mm is a retained global text symbol
warmup_command=taskset -c 21 timeout 900s /tmp/polybench-2mm-native-recheck/native
sample_command=taskset -c 21 timeout 900s /tmp/polybench-2mm-native-recheck/native

cpu21_protocol_samples_seconds:
2mm,native_clang18_noinline,1,0,2.780385
2mm,native_clang18_noinline,2,0,2.851481
2mm,native_clang18_noinline,3,0,2.764417
2mm,native_clang18_noinline,4,0,2.732293
2mm,native_clang18_noinline,5,0,2.744021
median_ms=2764.417
prior_ledger_median_ms=2780.394
difference_percent=-0.5746
result=PASS: prior x86 native CPU value reproduced within 0.6 percent

cpu20_cross_check_seconds_rejected_diagnostic:
2mm,native_clang18_noinline_cpu20,1,0,3.020300
2mm,native_clang18_noinline_cpu20,2,0,3.139917
2mm,native_clang18_noinline_cpu20,3,0,3.150043
2mm,native_clang18_noinline_cpu20,4,0,3.252067
2mm,native_clang18_noinline_cpu20,5,0,3.040126
median_ms=3139.917
reason_rejected=not the declared CPU-21 protocol; retained only as a core-variation/contention diagnostic

host_observation=Microsoft Defender wdavdaemon was schedulable across CPUs 0-23 during both batches; CPU-21 nevertheless reproduced the retained median closely.
