/home/arjaiswal/Polygeist/issues/aten_c_kernels/results/aten_unfold3d_zero_acc_cpu/orig.mlir:3:3: warning: Distribute+Raising didn't converge, continuing anyway
  func.func @aten_unfold3d_zero_acc_cpu(%arg0: memref<?x3x3x3x8x9x10xf32>, %arg1: memref<?x8x9x10xf32>) attributes {llvm.linkage = #llvm.linkage<external>} {
  ^
/home/arjaiswal/Polygeist/issues/aten_c_kernels/results/aten_unfold3d_zero_acc_cpu/orig.mlir:3:3: note: see current operation: 
func.func @aten_unfold3d_zero_acc_cpu(%arg0: memref<?x3x3x3x8x9x10xf32>, %arg1: memref<?x8x9x10xf32>) attributes {llvm.linkage = #llvm.linkage<external>} {
  %cst = arith.constant 0.000000e+00 : f32
  %0 = "polygeist.memref2pointer"(%arg1) : (memref<?x8x9x10xf32>) -> !llvm.ptr
  affine.for %arg2 = 0 to 1440 {
    %1 = arith.index_cast %arg2 : index to i32
    %2 = llvm.getelementptr %0[%1] : (!llvm.ptr, i32) -> !llvm.ptr, f32
    llvm.store %cst, %2 : f32, !llvm.ptr
  }
  affine.for %arg2 = 0 to 2 {
    affine.for %arg3 = 0 to 8 {
      affine.for %arg4 = 0 to 9 {
        affine.for %arg5 = 0 to 10 {
          affine.for %arg6 = 0 to 3 {
            affine.for %arg7 = 0 to 3 {
              affine.for %arg8 = 0 to 3 {
                affine.if affine_set<(d0, d1, d2, d3, d4, d5) : (-d0 - d1 + 10 >= 0, d0 + d1 - 1 >= 0, -d2 - d3 + 9 >= 0, d2 + d3 - 1 >= 0, d4 + d5 - 1 >= 0, -d4 - d5 + 8 >= 0)>(%arg8, %arg5, %arg7, %arg4, %arg3, %arg6) {
                  %1 = affine.load %arg0[%arg2, %arg6, %arg7, %arg8, %arg3, %arg4, %arg5] : memref<?x3x3x3x8x9x10xf32>
                  %2 = affine.load %arg1[%arg2, %arg3 + %arg6 - 1, %arg4 + %arg7 - 1, %arg5 + %arg8 - 1] : memref<?x8x9x10xf32>
                  %3 = arith.addf %2, %1 : f32
                  affine.store %3, %arg1[%arg2, %arg3 + %arg6 - 1, %arg4 + %arg7 - 1, %arg5 + %arg8 - 1] : memref<?x8x9x10xf32>
                }
              } {polygeist.was_parallel}
            } {polygeist.was_parallel}
          } {polygeist.was_parallel}
        }
      }
    }
  } {polygeist.was_parallel}
  return
}
/home/arjaiswal/Polygeist/issues/aten_c_kernels/results/aten_unfold3d_zero_acc_cpu/orig.mlir:3:3: warning: scalar reduction fusion didn't converge, continuing anyway
  func.func @aten_unfold3d_zero_acc_cpu(%arg0: memref<?x3x3x3x8x9x10xf32>, %arg1: memref<?x8x9x10xf32>) attributes {llvm.linkage = #llvm.linkage<external>} {
  ^
/home/arjaiswal/Polygeist/issues/aten_c_kernels/results/aten_unfold3d_zero_acc_cpu/orig.mlir:3:3: note: see current operation: 
func.func @aten_unfold3d_zero_acc_cpu(%arg0: memref<?x3x3x3x8x9x10xf32>, %arg1: memref<?x8x9x10xf32>) attributes {llvm.linkage = #llvm.linkage<external>} {
  %cst = arith.constant 0.000000e+00 : f32
  %0 = "polygeist.memref2pointer"(%arg1) : (memref<?x8x9x10xf32>) -> !llvm.ptr
  affine.for %arg2 = 0 to 1440 {
    %1 = arith.index_cast %arg2 : index to i32
    %2 = llvm.getelementptr %0[%1] : (!llvm.ptr, i32) -> !llvm.ptr, f32
    llvm.store %cst, %2 : f32, !llvm.ptr
  }
  affine.for %arg2 = 0 to 2 {
    affine.for %arg3 = 0 to 8 {
      affine.for %arg4 = 0 to 9 {
        affine.for %arg5 = 0 to 10 {
          affine.for %arg6 = 0 to 3 {
            affine.for %arg7 = 0 to 3 {
              affine.for %arg8 = 0 to 3 {
                affine.if affine_set<(d0, d1, d2, d3, d4, d5) : (-d0 - d1 + 10 >= 0, d0 + d1 - 1 >= 0, -d2 - d3 + 9 >= 0, d2 + d3 - 1 >= 0, d4 + d5 - 1 >= 0, -d4 - d5 + 8 >= 0)>(%arg8, %arg5, %arg7, %arg4, %arg3, %arg6) {
                  %1 = affine.load %arg0[%arg2, %arg6, %arg7, %arg8, %arg3, %arg4, %arg5] : memref<?x3x3x3x8x9x10xf32>
                  %2 = affine.load %arg1[%arg2, %arg3 + %arg6 - 1, %arg4 + %arg7 - 1, %arg5 + %arg8 - 1] : memref<?x8x9x10xf32>
                  %3 = arith.addf %2, %1 : f32
                  affine.store %3, %arg1[%arg2, %arg3 + %arg6 - 1, %arg4 + %arg7 - 1, %arg5 + %arg8 - 1] : memref<?x8x9x10xf32>
                }
              } {polygeist.was_parallel}
            } {polygeist.was_parallel}
          } {polygeist.was_parallel}
        }
      }
    }
  } {polygeist.was_parallel}
  return
}
