PLEASE submit a bug report to https://github.com/llvm/llvm-project/issues/ and include the crash backtrace.
Stack dump:
0.	Program arguments: polygeist-opt --linalg-debufferize inputs/s06_scf_while.mlir -o after/s06_scf_while.mlir
Stack dump without symbol names (ensure you have llvm-symbolizer in your PATH or set the environment var `LLVM_SYMBOLIZER_PATH` to point to it):
0  polygeist-opt 0x00005652f290ec6a
1  polygeist-opt 0x00005652f290f086
2  polygeist-opt 0x00005652f290c4d3
3  polygeist-opt 0x00005652f290e502
4  libc.so.6     0x00007f6d90556520
5  polygeist-opt 0x00005652f2739fae
6  polygeist-opt 0x00005652f273a034
7  polygeist-opt 0x00005652ed33948d
8  polygeist-opt 0x00005652eef1ebd1
9  polygeist-opt 0x00005652eef28a7a
10 polygeist-opt 0x00005652eef2965a
11 polygeist-opt 0x00005652eef38fdc
12 polygeist-opt 0x00005652f22f4bf6
13 polygeist-opt 0x00005652f22f55bb
14 polygeist-opt 0x00005652f1673146
15 polygeist-opt 0x00005652f22f8963
16 polygeist-opt 0x00005652f22f5368
17 polygeist-opt 0x00005652f211076a
18 polygeist-opt 0x00005652f21119c8
19 polygeist-opt 0x00005652f2112b59
20 polygeist-opt 0x00005652f1673146
21 polygeist-opt 0x00005652f21128e5
22 polygeist-opt 0x00005652f2111c3a
23 polygeist-opt 0x00005652f2111d77
24 polygeist-opt 0x00005652ed29b243
25 polygeist-opt 0x00005652eef20e51
26 polygeist-opt 0x00005652f23db7fd
27 polygeist-opt 0x00005652f23df4da
28 polygeist-opt 0x00005652f1673146
29 polygeist-opt 0x00005652f23e525b
30 polygeist-opt 0x00005652f23dbc1f
31 polygeist-opt 0x00005652f23dbefa
32 polygeist-opt 0x00005652f23dde20
33 polygeist-opt 0x00005652f23ddc78
34 polygeist-opt 0x00005652ef566ffd
35 polygeist-opt 0x00005652ef5675d1
36 polygeist-opt 0x00005652ef56770b
37 polygeist-opt 0x00005652ef56884a
38 polygeist-opt 0x00005652f2785f31
39 polygeist-opt 0x00005652f27857fb
40 polygeist-opt 0x00005652ef5678c0
41 polygeist-opt 0x00005652ef567e7d
42 polygeist-opt 0x00005652ed13690e
43 libc.so.6     0x00007f6d9053dd90
44 libc.so.6     0x00007f6d9053de40 __libc_start_main + 128
45 polygeist-opt 0x00005652ed1362e5
