+ common=(-O3 -fno-inline -fno-inline-functions -fsemantic-interposition -fno-ipa-ra -fno-ipa-cp -fno-ipa-cp-clone -fno-ipa-sra -fgnu89-inline -Dstatic= -DLARGE_DATASET -DDATA_TYPE_IS_DOUBLE -I"$util")
+ aarch64-linux-gnu-gcc -O3 -fno-inline -fno-inline-functions -fsemantic-interposition -fno-ipa-ra -fno-ipa-cp -fno-ipa-cp-clone -fno-ipa-sra -fgnu89-inline -Dstatic= -DLARGE_DATASET -DDATA_TYPE_IS_DOUBLE -Itools/cgeist/Test/polybench/utilities -DPOLYBENCH_DUMP_ARRAYS -c tools/cgeist/Test/polybench/linear-algebra/blas/syr2k/syr2k.c -o /tmp/polybench-publication-orin/syr2k/native-work/harness-full.o
+ aarch64-linux-gnu-objcopy --weaken-symbol=kernel_syr2k /tmp/polybench-publication-orin/syr2k/native-work/harness-full.o /tmp/polybench-publication-orin/syr2k/native-work/harness.o
+ aarch64-linux-gnu-gcc -O3 -DLARGE_DATASET -DDATA_TYPE_IS_DOUBLE -DPOLYBENCH_DUMP_ARRAYS -Itools/cgeist/Test/polybench/utilities -c tools/cgeist/Test/polybench/utilities/polybench.c -o /tmp/polybench-publication-orin/syr2k/native-work/polybench.o
+ /usr/local/cuda-12.6/bin/nvcc -O3 -std=c++17 -arch=sm_87 -ccbin aarch64-linux-gnu-g++ -I/home/arjaiswal/Polygeist-syrk/issues/polybench_section42/polybenchgpu_adapters -c /home/arjaiswal/Polygeist-syrk/issues/polybench_section42/polybenchgpu_adapters/syr2k.cu -o /tmp/polybench-publication-orin/syr2k/native-work/adapter.o
+ aarch64-linux-gnu-g++ -O3 /tmp/polybench-publication-orin/syr2k/native-work/harness.o /tmp/polybench-publication-orin/syr2k/native-work/polybench.o /tmp/polybench-publication-orin/syr2k/native-work/adapter.o -L/usr/local/cuda-12.6/targets/sbsa-linux/lib -L/usr/local/cuda-12.6/targets/sbsa-linux/lib/stubs -lcudart -lm -o /tmp/polybench-publication-orin/syr2k/native-correctness
+ aarch64-linux-gnu-gcc -O3 -fno-inline -fno-inline-functions -fsemantic-interposition -fno-ipa-ra -fno-ipa-cp -fno-ipa-cp-clone -fno-ipa-sra -fgnu89-inline -Dstatic= -DLARGE_DATASET -DDATA_TYPE_IS_DOUBLE -Itools/cgeist/Test/polybench/utilities -Dmain=polygeist_polybench_iteration -DPOLYBENCH_TIME -c tools/cgeist/Test/polybench/linear-algebra/blas/syr2k/syr2k.c -o /tmp/polybench-publication-orin/syr2k/native-work/harness-timing-full.o
+ aarch64-linux-gnu-objcopy --weaken-symbol=kernel_syr2k /tmp/polybench-publication-orin/syr2k/native-work/harness-timing-full.o /tmp/polybench-publication-orin/syr2k/native-work/harness-timing.o
+ aarch64-linux-gnu-gcc -O3 -DLARGE_DATASET -DDATA_TYPE_IS_DOUBLE -DPOLYBENCH_TIME -Itools/cgeist/Test/polybench/utilities -c tools/cgeist/Test/polybench/utilities/polybench.c -o /tmp/polybench-publication-orin/syr2k/native-work/polybench-timing.o
+ aarch64-linux-gnu-gcc -O2 -DPOLYGEIST_WARMUP_RUNS=5 -DPOLYGEIST_TIMED_RUNS=5 -c runtime/polybench_repeat_driver.c -o /tmp/polybench-publication-orin/syr2k/native-work/repeat-driver.o
+ aarch64-linux-gnu-g++ -O3 /tmp/polybench-publication-orin/syr2k/native-work/harness-timing.o /tmp/polybench-publication-orin/syr2k/native-work/polybench-timing.o /tmp/polybench-publication-orin/syr2k/native-work/repeat-driver.o /tmp/polybench-publication-orin/syr2k/native-work/adapter.o -L/usr/local/cuda-12.6/targets/sbsa-linux/lib -L/usr/local/cuda-12.6/targets/sbsa-linux/lib/stubs -lcudart -lm -o /tmp/polybench-publication-orin/syr2k/native-timing
+ aarch64-linux-gnu-gcc -O3 -DCORRECTNESS_RUN -c /tmp/polybench-publication-orin/syr2k/raised_harness.c -o /tmp/polybench-publication-orin/syr2k/raised-harness-correctness.o
+ aarch64-linux-gnu-gcc -O3 -c /tmp/polybench-publication-orin/syr2k/raised_harness.c -o /tmp/polybench-publication-orin/syr2k/raised-harness-timing.o
+ wrapper=/home/arjaiswal/Polygeist-syrk/issues/polybench_section42/ir/syr2k/raised_gpu/wrapper.o
+ for mode in correctness timing
+ aarch64-linux-gnu-gcc -O2 /tmp/polybench-gpu-region-sweep-20260907/syr2k/work/kernel.o /tmp/polybench-gpu-region-sweep-20260907/syr2k/work/rt.o /home/arjaiswal/Polygeist-syrk/issues/polybench_section42/ir/syr2k/raised_gpu/wrapper.o /tmp/polybench-publication-orin/syr2k/raised-harness-correctness.o -L/usr/local/cuda-12.6/targets/sbsa-linux/lib -L/usr/local/cuda-12.6/targets/sbsa-linux/lib/stubs -L/usr/lib/aarch64-linux-gnu -lcudnn -lcublasLt -lcublas -lcufft -lcusparse -lcusolver -lcudart -lm -lpthread -ldl '-Wl,-rpath,$ORIGIN:/usr/local/cuda/lib64:/usr/lib/aarch64-linux-gnu' -o /tmp/polybench-publication-orin/syr2k/raised-correctness
/usr/lib/gcc-cross/aarch64-linux-gnu/11/../../../../aarch64-linux-gnu/bin/ld: warning: libnvJitLink.so.12, needed by /usr/local/cuda-12.6/targets/sbsa-linux/lib/stubs/libcusparse.so, not found (try using -rpath or -rpath-link)
+ for mode in correctness timing
+ aarch64-linux-gnu-gcc -O2 /tmp/polybench-gpu-region-sweep-20260907/syr2k/work/kernel.o /tmp/polybench-gpu-region-sweep-20260907/syr2k/work/rt.o /home/arjaiswal/Polygeist-syrk/issues/polybench_section42/ir/syr2k/raised_gpu/wrapper.o /tmp/polybench-publication-orin/syr2k/raised-harness-timing.o -L/usr/local/cuda-12.6/targets/sbsa-linux/lib -L/usr/local/cuda-12.6/targets/sbsa-linux/lib/stubs -L/usr/lib/aarch64-linux-gnu -lcudnn -lcublasLt -lcublas -lcufft -lcusparse -lcusolver -lcudart -lm -lpthread -ldl '-Wl,-rpath,$ORIGIN:/usr/local/cuda/lib64:/usr/lib/aarch64-linux-gnu' -o /tmp/polybench-publication-orin/syr2k/raised-timing
/usr/lib/gcc-cross/aarch64-linux-gnu/11/../../../../aarch64-linux-gnu/bin/ld: warning: libnvJitLink.so.12, needed by /usr/local/cuda-12.6/targets/sbsa-linux/lib/stubs/libcusparse.so, not found (try using -rpath or -rpath-link)
+ file /tmp/polybench-publication-orin/syr2k/native-correctness /tmp/polybench-publication-orin/syr2k/native-timing /tmp/polybench-publication-orin/syr2k/raised-correctness /tmp/polybench-publication-orin/syr2k/raised-timing
/tmp/polybench-publication-orin/syr2k/native-correctness: ELF 64-bit LSB pie executable, ARM aarch64, version 1 (SYSV), dynamically linked, interpreter /lib/ld-linux-aarch64.so.1, BuildID[sha1]=20bf916ce0b7ece262db1396ea13dab1ebc44ca9, for GNU/Linux 3.7.0, not stripped
/tmp/polybench-publication-orin/syr2k/native-timing:      ELF 64-bit LSB pie executable, ARM aarch64, version 1 (SYSV), dynamically linked, interpreter /lib/ld-linux-aarch64.so.1, BuildID[sha1]=39a6cf1f13902fa2325a59ea9c1ea06b58b50d76, for GNU/Linux 3.7.0, not stripped
/tmp/polybench-publication-orin/syr2k/raised-correctness: ELF 64-bit LSB pie executable, ARM aarch64, version 1 (SYSV), dynamically linked, interpreter /lib/ld-linux-aarch64.so.1, BuildID[sha1]=5fee3552e66f766386c1941d36bb8c3bc3f0923b, for GNU/Linux 3.7.0, not stripped
/tmp/polybench-publication-orin/syr2k/raised-timing:      ELF 64-bit LSB pie executable, ARM aarch64, version 1 (SYSV), dynamically linked, interpreter /lib/ld-linux-aarch64.so.1, BuildID[sha1]=351a6c64fed5460566ff9fba6908453c2c71c6f7, for GNU/Linux 3.7.0, not stripped
