[jetson] uname -a: Linux pva-compiler-orin-1.nvidia.com 6.8.12-1021-tegra #1 SMP PREEMPT Tue Jun 9 09:16:45 PDT 2026 aarch64 aarch64 aarch64 GNU/Linux
[jetson] nvcc version:
  (nvcc not found)
[jetson] accelerator status:
[N/A]

[jetson] running /tmp/polygeist_jetson_runs/3mm-raised-openblas-timing_20260908_110154/raised-openblas-timing run 1 ...
POLYGEIST_BENCHMARK_ITERATION phase=warmup index=0 total=10
POLYGEIST_RAISED_GPU_E2E_MS 334.038719997
POLYGEIST_BENCHMARK_ITERATION phase=warmup index=1 total=10
POLYGEIST_RAISED_GPU_E2E_MS 334.060256004
POLYGEIST_BENCHMARK_ITERATION phase=warmup index=2 total=10
POLYGEIST_RAISED_GPU_E2E_MS 334.021088004
POLYGEIST_BENCHMARK_ITERATION phase=warmup index=3 total=10
POLYGEIST_RAISED_GPU_E2E_MS 334.334912002
POLYGEIST_BENCHMARK_ITERATION phase=warmup index=4 total=10
POLYGEIST_RAISED_GPU_E2E_MS 334.110336006
POLYGEIST_BENCHMARK_ITERATION phase=sample index=0 total=10
POLYGEIST_RAISED_GPU_E2E_MS 334.162688002
POLYGEIST_BENCHMARK_ITERATION phase=sample index=1 total=10
POLYGEIST_RAISED_GPU_E2E_MS 334.077856004
POLYGEIST_BENCHMARK_ITERATION phase=sample index=2 total=10
POLYGEIST_RAISED_GPU_E2E_MS 334.185343996
POLYGEIST_BENCHMARK_ITERATION phase=sample index=3 total=10
POLYGEIST_RAISED_GPU_E2E_MS 333.964000002
POLYGEIST_BENCHMARK_ITERATION phase=sample index=4 total=10
POLYGEIST_RAISED_GPU_E2E_MS 334.173664004

[jetson] exit code: 0
[jetson] elapsed_s 3.492
