[jetson] uname -a: Linux pva-compiler-orin-1.nvidia.com 6.8.12-1021-tegra #1 SMP PREEMPT Tue Jun 9 09:16:45 PDT 2026 aarch64 aarch64 aarch64 GNU/Linux
[jetson] nvcc version:
  (nvcc not found)
[jetson] accelerator status:
[N/A]

[jetson] running /tmp/polygeist_jetson_runs/3mm-native-cpu-timing_20260908_104812/native-cpu-timing run 1 ...
POLYGEIST_BENCHMARK_ITERATION phase=warmup index=0 total=10
5.894045
POLYGEIST_BENCHMARK_ITERATION phase=warmup index=1 total=10
5.937474
POLYGEIST_BENCHMARK_ITERATION phase=warmup index=2 total=10
5.925292
POLYGEIST_BENCHMARK_ITERATION phase=warmup index=3 total=10
5.957339
POLYGEIST_BENCHMARK_ITERATION phase=warmup index=4 total=10
5.918735
POLYGEIST_BENCHMARK_ITERATION phase=sample index=0 total=10
5.949520
POLYGEIST_BENCHMARK_ITERATION phase=sample index=1 total=10
5.889152
POLYGEIST_BENCHMARK_ITERATION phase=sample index=2 total=10
5.910661
POLYGEIST_BENCHMARK_ITERATION phase=sample index=3 total=10
5.903670
POLYGEIST_BENCHMARK_ITERATION phase=sample index=4 total=10
5.979061

[jetson] exit code: 0
[jetson] elapsed_s 59.503
