====run=3 exe=aten_as_complex_cpu
kernel=aten_as_complex_cpu correctness=PASS max_abs=0 max_rel=0
kernel=aten_as_complex_cpu iterations=5 raised_gpu_us=49321.433622
rc=0
====run=3 exe=aten_as_complex_cpu_resident
kernel=aten_as_complex_cpu correctness=PASS max_abs=0 iterations=20 resident_cuda_us=27387.167969
rc=0
====run=3 exe=aten_bf16_dot_cpu
kernel=aten_bf16_dot_cpu correctness=PASS max_abs=0 max_rel=0
kernel=aten_bf16_dot_cpu iterations=5 raised_gpu_us=858.393591
rc=0
====run=3 exe=aten_bf16_dot_cpu_resident
kernel=aten_bf16_dot_cpu correctness=PASS max_abs=0 iterations=20 resident_cuda_us=763.996765
rc=0
====run=3 exe=aten_bf16_gemv_trans_cpu
kernel=aten_bf16_gemv_trans_cpu correctness=PASS max_abs=4.3392181396484375e-05 max_rel=8.6217938438954985e-06
kernel=aten_bf16_gemv_trans_cpu iterations=5 raised_gpu_us=131473.228801
rc=0
====run=3 exe=aten_bf16_gemv_trans_cpu_resident
kernel=aten_bf16_gemv_trans_cpu correctness=PASS max_abs=4.3392181396484375e-05 iterations=20 resident_cuda_us=793.395142
rc=0
====run=3 exe=aten_blas_copy_cpu
kernel=aten_blas_copy_cpu correctness=PASS max_abs=0 max_rel=0
kernel=aten_blas_copy_cpu iterations=5 raised_gpu_us=6789.318426
rc=0
====run=3 exe=aten_blas_copy_cpu_resident
kernel=aten_blas_copy_cpu correctness=PASS max_abs=0 iterations=20 resident_cuda_us=695.982422
rc=0
====run=3 exe=aten_blas_dot_naive_cpu
kernel=aten_blas_dot_naive_cpu correctness=PASS max_abs=0 max_rel=0
kernel=aten_blas_dot_naive_cpu iterations=5 raised_gpu_us=859.955186
rc=0
====run=3 exe=aten_blas_dot_naive_cpu_resident
kernel=aten_blas_dot_naive_cpu correctness=PASS max_abs=0 iterations=20 resident_cuda_us=763.835205
rc=0
====run=3 exe=aten_blas_gemv_generic_cpu
kernel=aten_blas_gemv_generic_cpu correctness=PASS max_abs=0.000843048095703125 max_rel=1.7227638058081928e-05
kernel=aten_blas_gemv_generic_cpu iterations=5 raised_gpu_us=132122.124825
rc=0
====run=3 exe=aten_blas_gemv_generic_cpu_resident
kernel=aten_blas_gemv_generic_cpu correctness=PASS max_abs=0.000843048095703125 iterations=20 resident_cuda_us=758.147156
rc=0
====run=3 exe=aten_cat_serial_cpu
kernel=aten_cat_serial_cpu correctness=PASS max_abs=0 max_rel=0
kernel=aten_cat_serial_cpu iterations=5 raised_gpu_us=6830.624025
rc=0
====run=3 exe=aten_cat_serial_cpu_resident
kernel=aten_cat_serial_cpu correctness=PASS max_abs=0 iterations=20 resident_cuda_us=700.267212
rc=0
====run=3 exe=aten_complex_scalarized
kernel=aten_complex_scalarized correctness=PASS max_abs=0 max_rel=0
kernel=aten_complex_scalarized iterations=5 raised_gpu_us=6823.833613
rc=0
====run=3 exe=aten_complex_scalarized_resident
kernel=aten_complex_scalarized correctness=PASS max_abs=0 iterations=20 resident_cuda_us=700.574402
rc=0
====run=3 exe=aten_conv3d
kernel=aten_conv3d correctness=PASS max_abs=0.00017541646957397461 max_rel=0.00017541646957397461
kernel=aten_conv3d iterations=5 raised_gpu_us=889.433594
rc=0
====run=3 exe=aten_conv3d_resident
kernel=aten_conv3d correctness=PASS max_abs=0.00017541646957397461 iterations=20 resident_cuda_us=447.875183
rc=0
====run=3 exe=aten_conv_transpose3d_backward_cpu
kernel=aten_conv_transpose3d_backward_cpu correctness=PASS max_abs=0.00020104646682739258 max_rel=0.00020104646682739258
kernel=aten_conv_transpose3d_backward_cpu iterations=5 raised_gpu_us=757.100806
rc=0
====run=3 exe=aten_conv_transpose3d_backward_cpu_resident
kernel=aten_conv_transpose3d_backward_cpu correctness=PASS max_abs=0.00020104646682739258 iterations=20 resident_cuda_us=445.305573
rc=0
====run=3 exe=aten_copy_cpu
kernel=aten_copy_cpu correctness=PASS max_abs=0 max_rel=0
kernel=aten_copy_cpu iterations=5 raised_gpu_us=6809.145585
rc=0
====run=3 exe=aten_copy_cpu_resident
kernel=aten_copy_cpu correctness=PASS max_abs=0 iterations=20 resident_cuda_us=695.895996
rc=0
====run=3 exe=aten_copy_tensor_array_cpu
kernel=aten_copy_tensor_array_cpu correctness=PASS max_abs=0 max_rel=0
kernel=aten_copy_tensor_array_cpu iterations=5 raised_gpu_us=6798.252789
rc=0
====run=3 exe=aten_copy_tensor_array_cpu_resident
kernel=aten_copy_tensor_array_cpu correctness=PASS max_abs=0 iterations=20 resident_cuda_us=695.919983
rc=0
====run=3 exe=aten_fast_cat_dim0_cpu
kernel=aten_fast_cat_dim0_cpu correctness=PASS max_abs=0 max_rel=0
kernel=aten_fast_cat_dim0_cpu iterations=5 raised_gpu_us=6817.343971
rc=0
====run=3 exe=aten_fast_cat_dim0_cpu_resident
kernel=aten_fast_cat_dim0_cpu correctness=PASS max_abs=0 iterations=20 resident_cuda_us=696.444763
rc=0
====run=3 exe=aten_flatten_nd_linear_cpu
kernel=aten_flatten_nd_linear_cpu correctness=PASS max_abs=0 max_rel=0
kernel=aten_flatten_nd_linear_cpu iterations=5 raised_gpu_us=5868.844781
rc=0
====run=3 exe=aten_flatten_nd_linear_cpu_resident
kernel=aten_flatten_nd_linear_cpu correctness=PASS max_abs=0 iterations=20 resident_cuda_us=174.992004
rc=0
====run=3 exe=aten_fp16_dot_cpu
kernel=aten_fp16_dot_cpu correctness=PASS max_abs=0 max_rel=0
kernel=aten_fp16_dot_cpu iterations=5 raised_gpu_us=858.105626
rc=0
====run=3 exe=aten_fp16_dot_cpu_resident
kernel=aten_fp16_dot_cpu correctness=PASS max_abs=0 iterations=20 resident_cuda_us=764.278442
rc=0
====run=3 exe=aten_fp16_gemv_f16arith_cpu
kernel=aten_fp16_gemv_f16arith_cpu correctness=PASS max_abs=0.000843048095703125 max_rel=1.7227638058081928e-05
kernel=aten_fp16_gemv_f16arith_cpu iterations=5 raised_gpu_us=132921.286440
rc=0
====run=3 exe=aten_fp16_gemv_f16arith_cpu_resident
kernel=aten_fp16_gemv_f16arith_cpu correctness=PASS max_abs=0.000843048095703125 iterations=20 resident_cuda_us=758.161560
rc=0
====run=3 exe=aten_fp16_gemv_f32arith_cpu
kernel=aten_fp16_gemv_f32arith_cpu correctness=PASS max_abs=0.000843048095703125 max_rel=1.7227638058081928e-05
kernel=aten_fp16_gemv_f32arith_cpu iterations=5 raised_gpu_us=131792.767998
rc=0
====run=3 exe=aten_fp16_gemv_f32arith_cpu_resident
kernel=aten_fp16_gemv_f32arith_cpu correctness=PASS max_abs=0.000843048095703125 iterations=20 resident_cuda_us=758.652771
rc=0
====run=3 exe=aten_fp16_gemv_notrans_cpu
kernel=aten_fp16_gemv_notrans_cpu correctness=PASS max_abs=0.000843048095703125 max_rel=1.7227638058081928e-05
kernel=aten_fp16_gemv_notrans_cpu iterations=5 raised_gpu_us=131711.859209
rc=0
====run=3 exe=aten_fp16_gemv_notrans_cpu_resident
kernel=aten_fp16_gemv_notrans_cpu correctness=PASS max_abs=0.000843048095703125 iterations=20 resident_cuda_us=758.255981
rc=0
====run=3 exe=aten_fp16_gemv_trans_cpu
kernel=aten_fp16_gemv_trans_cpu correctness=PASS max_abs=4.3392181396484375e-05 max_rel=8.6217938438954985e-06
kernel=aten_fp16_gemv_trans_cpu iterations=5 raised_gpu_us=131673.113629
rc=0
====run=3 exe=aten_fp16_gemv_trans_cpu_resident
kernel=aten_fp16_gemv_trans_cpu correctness=PASS max_abs=4.3392181396484375e-05 iterations=20 resident_cuda_us=792.694397
rc=0
====run=3 exe=aten_gelu_cpu_tanh
kernel=aten_gelu_cpu_tanh correctness=PASS max_abs=7.4505805969238281e-09 max_rel=7.4505805969238281e-09
kernel=aten_gelu_cpu_tanh iterations=5 raised_gpu_us=13260.614406
rc=0
====run=3 exe=aten_linear_combination_cpu
kernel=aten_linear_combination_cpu correctness=PASS max_abs=0 max_rel=0
kernel=aten_linear_combination_cpu iterations=5 raised_gpu_us=139820.294408
rc=0
====run=3 exe=aten_linear_combination_cpu_resident
kernel=aten_linear_combination_cpu correctness=PASS max_abs=0 iterations=20 resident_cuda_us=889.011230
rc=0
====run=3 exe=aten_narrow_copy_dense_cpu
kernel=aten_narrow_copy_dense_cpu correctness=PASS max_abs=0 max_rel=0
kernel=aten_narrow_copy_dense_cpu iterations=5 raised_gpu_us=4897.503974
rc=0
====run=3 exe=aten_narrow_copy_dense_cpu_resident
kernel=aten_narrow_copy_dense_cpu correctness=PASS max_abs=0 iterations=20 resident_cuda_us=439.467194
rc=0
====run=3 exe=aten_nested_clone_cpu
kernel=aten_nested_clone_cpu correctness=PASS max_abs=0 max_rel=0
kernel=aten_nested_clone_cpu iterations=5 raised_gpu_us=6792.185595
rc=0
====run=3 exe=aten_nested_clone_cpu_resident
kernel=aten_nested_clone_cpu correctness=PASS max_abs=0 iterations=20 resident_cuda_us=695.862427
rc=0
====run=3 exe=aten_nested_matmul_broadcast_cpu
kernel=aten_nested_matmul_broadcast_cpu correctness=PASS max_abs=0 max_rel=0
kernel=aten_nested_matmul_broadcast_cpu iterations=5 raised_gpu_us=5861.004768
rc=0
====run=3 exe=aten_nested_matmul_broadcast_cpu_resident
kernel=aten_nested_matmul_broadcast_cpu correctness=PASS max_abs=0 iterations=20 resident_cuda_us=175.089600
rc=0
====run=3 exe=aten_nested_squeeze_cpu
kernel=aten_nested_squeeze_cpu correctness=PASS max_abs=0 max_rel=0
kernel=aten_nested_squeeze_cpu iterations=5 raised_gpu_us=6820.204807
rc=0
====run=3 exe=aten_nested_squeeze_cpu_resident
kernel=aten_nested_squeeze_cpu correctness=PASS max_abs=0 iterations=20 resident_cuda_us=696.092773
rc=0
====run=3 exe=aten_outer
kernel=aten_outer correctness=PASS max_abs=0 max_rel=0
kernel=aten_outer iterations=5 raised_gpu_us=95861.388789
rc=0
====run=3 exe=aten_outer_resident
kernel=aten_outer correctness=PASS max_abs=0 iterations=20 resident_cuda_us=3810.022217
rc=0
====run=3 exe=aten_slow_conv3d_forward_cpu
kernel=aten_slow_conv3d_forward_cpu correctness=PASS max_abs=0.0001754462718963623 max_rel=0.0001754462718963623
kernel=aten_slow_conv3d_forward_cpu iterations=5 raised_gpu_us=720.614381
rc=0
====run=3 exe=aten_slow_conv3d_forward_cpu_resident
kernel=aten_slow_conv3d_forward_cpu correctness=PASS max_abs=0.0001754462718963623 iterations=20 resident_cuda_us=363.052795
rc=0
====run=3 exe=aten_unbind_copy_cpu
kernel=aten_unbind_copy_cpu correctness=PASS max_abs=0 max_rel=0
kernel=aten_unbind_copy_cpu iterations=5 raised_gpu_us=6815.814367
rc=0
====run=3 exe=aten_unbind_copy_cpu_resident
kernel=aten_unbind_copy_cpu correctness=PASS max_abs=0 iterations=20 resident_cuda_us=697.712036
rc=0
====run=3 exe=aten_zeros_cpu
kernel=aten_zeros_cpu correctness=PASS max_abs=0 max_rel=0
kernel=aten_zeros_cpu iterations=5 raised_gpu_us=2253.414411
rc=0
====run=3 exe=aten_zeros_cpu_resident
kernel=aten_zeros_cpu correctness=PASS max_abs=0 iterations=20 resident_cuda_us=374.880005
rc=0
