====run=2 exe=aten_as_complex_cpu
kernel=aten_as_complex_cpu correctness=PASS max_abs=0 max_rel=0
kernel=aten_as_complex_cpu iterations=5 raised_gpu_us=49286.361597
rc=0
====run=2 exe=aten_as_complex_cpu_resident
kernel=aten_as_complex_cpu correctness=PASS max_abs=0 iterations=20 resident_cuda_us=27396.021484
rc=0
====run=2 exe=aten_bf16_dot_cpu
kernel=aten_bf16_dot_cpu correctness=PASS max_abs=0 max_rel=0
kernel=aten_bf16_dot_cpu iterations=5 raised_gpu_us=860.857591
rc=0
====run=2 exe=aten_bf16_dot_cpu_resident
kernel=aten_bf16_dot_cpu correctness=PASS max_abs=0 iterations=20 resident_cuda_us=764.019165
rc=0
====run=2 exe=aten_bf16_gemv_trans_cpu
kernel=aten_bf16_gemv_trans_cpu correctness=PASS max_abs=4.3392181396484375e-05 max_rel=8.6217938438954985e-06
kernel=aten_bf16_gemv_trans_cpu iterations=5 raised_gpu_us=131550.726388
rc=0
====run=2 exe=aten_bf16_gemv_trans_cpu_resident
kernel=aten_bf16_gemv_trans_cpu correctness=PASS max_abs=4.3392181396484375e-05 iterations=20 resident_cuda_us=792.595215
rc=0
====run=2 exe=aten_blas_copy_cpu
kernel=aten_blas_copy_cpu correctness=PASS max_abs=0 max_rel=0
kernel=aten_blas_copy_cpu iterations=5 raised_gpu_us=6781.152030
rc=0
====run=2 exe=aten_blas_copy_cpu_resident
kernel=aten_blas_copy_cpu correctness=PASS max_abs=0 iterations=20 resident_cuda_us=697.302368
rc=0
====run=2 exe=aten_blas_dot_naive_cpu
kernel=aten_blas_dot_naive_cpu correctness=PASS max_abs=0 max_rel=0
kernel=aten_blas_dot_naive_cpu iterations=5 raised_gpu_us=858.687982
rc=0
====run=2 exe=aten_blas_dot_naive_cpu_resident
kernel=aten_blas_dot_naive_cpu correctness=PASS max_abs=0 iterations=20 resident_cuda_us=763.783997
rc=0
====run=2 exe=aten_blas_gemv_generic_cpu
kernel=aten_blas_gemv_generic_cpu correctness=PASS max_abs=0.000843048095703125 max_rel=1.7227638058081928e-05
kernel=aten_blas_gemv_generic_cpu iterations=5 raised_gpu_us=131270.528026
rc=0
====run=2 exe=aten_blas_gemv_generic_cpu_resident
kernel=aten_blas_gemv_generic_cpu correctness=PASS max_abs=0.000843048095703125 iterations=20 resident_cuda_us=758.811157
rc=0
====run=2 exe=aten_cat_serial_cpu
kernel=aten_cat_serial_cpu correctness=PASS max_abs=0 max_rel=0
kernel=aten_cat_serial_cpu iterations=5 raised_gpu_us=6858.604774
rc=0
====run=2 exe=aten_cat_serial_cpu_resident
kernel=aten_cat_serial_cpu correctness=PASS max_abs=0 iterations=20 resident_cuda_us=701.761597
rc=0
====run=2 exe=aten_complex_scalarized
kernel=aten_complex_scalarized correctness=PASS max_abs=0 max_rel=0
kernel=aten_complex_scalarized iterations=5 raised_gpu_us=6877.004821
rc=0
====run=2 exe=aten_complex_scalarized_resident
kernel=aten_complex_scalarized correctness=PASS max_abs=0 iterations=20 resident_cuda_us=700.889587
rc=0
====run=2 exe=aten_conv3d
kernel=aten_conv3d correctness=PASS max_abs=0.00017541646957397461 max_rel=0.00017541646957397461
kernel=aten_conv3d iterations=5 raised_gpu_us=880.415970
rc=0
====run=2 exe=aten_conv3d_resident
kernel=aten_conv3d correctness=PASS max_abs=0.00017541646957397461 iterations=20 resident_cuda_us=446.788757
rc=0
====run=2 exe=aten_conv_transpose3d_backward_cpu
kernel=aten_conv_transpose3d_backward_cpu correctness=PASS max_abs=0.00020104646682739258 max_rel=0.00020104646682739258
kernel=aten_conv_transpose3d_backward_cpu iterations=5 raised_gpu_us=759.596797
rc=0
====run=2 exe=aten_conv_transpose3d_backward_cpu_resident
kernel=aten_conv_transpose3d_backward_cpu correctness=PASS max_abs=0.00020104646682739258 iterations=20 resident_cuda_us=449.039978
rc=0
====run=2 exe=aten_copy_cpu
kernel=aten_copy_cpu correctness=PASS max_abs=0 max_rel=0
kernel=aten_copy_cpu iterations=5 raised_gpu_us=6846.035179
rc=0
====run=2 exe=aten_copy_cpu_resident
kernel=aten_copy_cpu correctness=PASS max_abs=0 iterations=20 resident_cuda_us=695.990417
rc=0
====run=2 exe=aten_copy_tensor_array_cpu
kernel=aten_copy_tensor_array_cpu correctness=PASS max_abs=0 max_rel=0
kernel=aten_copy_tensor_array_cpu iterations=5 raised_gpu_us=6855.795207
rc=0
====run=2 exe=aten_copy_tensor_array_cpu_resident
kernel=aten_copy_tensor_array_cpu correctness=PASS max_abs=0 iterations=20 resident_cuda_us=697.036743
rc=0
====run=2 exe=aten_fast_cat_dim0_cpu
kernel=aten_fast_cat_dim0_cpu correctness=PASS max_abs=0 max_rel=0
kernel=aten_fast_cat_dim0_cpu iterations=5 raised_gpu_us=6833.747216
rc=0
====run=2 exe=aten_fast_cat_dim0_cpu_resident
kernel=aten_fast_cat_dim0_cpu correctness=PASS max_abs=0 iterations=20 resident_cuda_us=696.750366
rc=0
====run=2 exe=aten_flatten_nd_linear_cpu
kernel=aten_flatten_nd_linear_cpu correctness=PASS max_abs=0 max_rel=0
kernel=aten_flatten_nd_linear_cpu iterations=5 raised_gpu_us=5835.564760
rc=0
====run=2 exe=aten_flatten_nd_linear_cpu_resident
kernel=aten_flatten_nd_linear_cpu correctness=PASS max_abs=0 iterations=20 resident_cuda_us=177.745605
rc=0
====run=2 exe=aten_fp16_dot_cpu
kernel=aten_fp16_dot_cpu correctness=PASS max_abs=0 max_rel=0
kernel=aten_fp16_dot_cpu iterations=5 raised_gpu_us=858.368026
rc=0
====run=2 exe=aten_fp16_dot_cpu_resident
kernel=aten_fp16_dot_cpu correctness=PASS max_abs=0 iterations=20 resident_cuda_us=763.676819
rc=0
====run=2 exe=aten_fp16_gemv_f16arith_cpu
kernel=aten_fp16_gemv_f16arith_cpu correctness=PASS max_abs=0.000843048095703125 max_rel=1.7227638058081928e-05
kernel=aten_fp16_gemv_f16arith_cpu iterations=5 raised_gpu_us=131869.497616
rc=0
====run=2 exe=aten_fp16_gemv_f16arith_cpu_resident
kernel=aten_fp16_gemv_f16arith_cpu correctness=PASS max_abs=0.000843048095703125 iterations=20 resident_cuda_us=758.612854
rc=0
====run=2 exe=aten_fp16_gemv_f32arith_cpu
kernel=aten_fp16_gemv_f32arith_cpu correctness=PASS max_abs=0.000843048095703125 max_rel=1.7227638058081928e-05
kernel=aten_fp16_gemv_f32arith_cpu iterations=5 raised_gpu_us=131109.555205
rc=0
====run=2 exe=aten_fp16_gemv_f32arith_cpu_resident
kernel=aten_fp16_gemv_f32arith_cpu correctness=PASS max_abs=0.000843048095703125 iterations=20 resident_cuda_us=758.251160
rc=0
====run=2 exe=aten_fp16_gemv_notrans_cpu
kernel=aten_fp16_gemv_notrans_cpu correctness=PASS max_abs=0.000843048095703125 max_rel=1.7227638058081928e-05
kernel=aten_fp16_gemv_notrans_cpu iterations=5 raised_gpu_us=131065.881625
rc=0
====run=2 exe=aten_fp16_gemv_notrans_cpu_resident
kernel=aten_fp16_gemv_notrans_cpu correctness=PASS max_abs=0.000843048095703125 iterations=20 resident_cuda_us=758.198364
rc=0
====run=2 exe=aten_fp16_gemv_trans_cpu
kernel=aten_fp16_gemv_trans_cpu correctness=PASS max_abs=4.3392181396484375e-05 max_rel=8.6217938438954985e-06
kernel=aten_fp16_gemv_trans_cpu iterations=5 raised_gpu_us=131274.880003
rc=0
====run=2 exe=aten_fp16_gemv_trans_cpu_resident
kernel=aten_fp16_gemv_trans_cpu correctness=PASS max_abs=4.3392181396484375e-05 iterations=20 resident_cuda_us=793.486450
rc=0
====run=2 exe=aten_gelu_cpu_tanh
kernel=aten_gelu_cpu_tanh correctness=PASS max_abs=7.4505805969238281e-09 max_rel=7.4505805969238281e-09
kernel=aten_gelu_cpu_tanh iterations=5 raised_gpu_us=13309.574407
rc=0
====run=2 exe=aten_linear_combination_cpu
kernel=aten_linear_combination_cpu correctness=PASS max_abs=0 max_rel=0
kernel=aten_linear_combination_cpu iterations=5 raised_gpu_us=139998.816000
rc=0
====run=2 exe=aten_linear_combination_cpu_resident
kernel=aten_linear_combination_cpu correctness=PASS max_abs=0 iterations=20 resident_cuda_us=892.532837
rc=0
====run=2 exe=aten_narrow_copy_dense_cpu
kernel=aten_narrow_copy_dense_cpu correctness=PASS max_abs=0 max_rel=0
kernel=aten_narrow_copy_dense_cpu iterations=5 raised_gpu_us=4881.964810
rc=0
====run=2 exe=aten_narrow_copy_dense_cpu_resident
kernel=aten_narrow_copy_dense_cpu correctness=PASS max_abs=0 iterations=20 resident_cuda_us=435.326355
rc=0
====run=2 exe=aten_nested_clone_cpu
kernel=aten_nested_clone_cpu correctness=PASS max_abs=0 max_rel=0
kernel=aten_nested_clone_cpu iterations=5 raised_gpu_us=6793.510402
rc=0
====run=2 exe=aten_nested_clone_cpu_resident
kernel=aten_nested_clone_cpu correctness=PASS max_abs=0 iterations=20 resident_cuda_us=695.646362
rc=0
====run=2 exe=aten_nested_matmul_broadcast_cpu
kernel=aten_nested_matmul_broadcast_cpu correctness=PASS max_abs=0 max_rel=0
kernel=aten_nested_matmul_broadcast_cpu iterations=5 raised_gpu_us=5811.590422
rc=0
====run=2 exe=aten_nested_matmul_broadcast_cpu_resident
kernel=aten_nested_matmul_broadcast_cpu correctness=PASS max_abs=0 iterations=20 resident_cuda_us=176.496002
rc=0
====run=2 exe=aten_nested_squeeze_cpu
kernel=aten_nested_squeeze_cpu correctness=PASS max_abs=0 max_rel=0
kernel=aten_nested_squeeze_cpu iterations=5 raised_gpu_us=6794.816023
rc=0
====run=2 exe=aten_nested_squeeze_cpu_resident
kernel=aten_nested_squeeze_cpu correctness=PASS max_abs=0 iterations=20 resident_cuda_us=695.518433
rc=0
====run=2 exe=aten_outer
kernel=aten_outer correctness=PASS max_abs=0 max_rel=0
kernel=aten_outer iterations=5 raised_gpu_us=95524.895983
rc=0
====run=2 exe=aten_outer_resident
kernel=aten_outer correctness=PASS max_abs=0 iterations=20 resident_cuda_us=3809.686279
rc=0
====run=2 exe=aten_slow_conv3d_forward_cpu
kernel=aten_slow_conv3d_forward_cpu correctness=PASS max_abs=0.0001754462718963623 max_rel=0.0001754462718963623
kernel=aten_slow_conv3d_forward_cpu iterations=5 raised_gpu_us=724.435179
rc=0
====run=2 exe=aten_slow_conv3d_forward_cpu_resident
kernel=aten_slow_conv3d_forward_cpu correctness=PASS max_abs=0.0001754462718963623 iterations=20 resident_cuda_us=364.764832
rc=0
====run=2 exe=aten_unbind_copy_cpu
kernel=aten_unbind_copy_cpu correctness=PASS max_abs=0 max_rel=0
kernel=aten_unbind_copy_cpu iterations=5 raised_gpu_us=6789.606391
rc=0
====run=2 exe=aten_unbind_copy_cpu_resident
kernel=aten_unbind_copy_cpu correctness=PASS max_abs=0 iterations=20 resident_cuda_us=702.041626
rc=0
====run=2 exe=aten_zeros_cpu
kernel=aten_zeros_cpu correctness=PASS max_abs=0 max_rel=0
kernel=aten_zeros_cpu iterations=5 raised_gpu_us=2252.172818
rc=0
====run=2 exe=aten_zeros_cpu_resident
kernel=aten_zeros_cpu correctness=PASS max_abs=0 iterations=20 resident_cuda_us=374.724792
rc=0
