====run=4 exe=aten_as_complex_cpu
kernel=aten_as_complex_cpu correctness=PASS max_abs=0 max_rel=0
kernel=aten_as_complex_cpu iterations=5 raised_gpu_us=49374.342384
rc=0
====run=4 exe=aten_as_complex_cpu_resident
kernel=aten_as_complex_cpu correctness=PASS max_abs=0 iterations=20 resident_cuda_us=27376.496094
rc=0
====run=4 exe=aten_bf16_dot_cpu
kernel=aten_bf16_dot_cpu correctness=PASS max_abs=0 max_rel=0
kernel=aten_bf16_dot_cpu iterations=5 raised_gpu_us=857.593631
rc=0
====run=4 exe=aten_bf16_dot_cpu_resident
kernel=aten_bf16_dot_cpu correctness=PASS max_abs=0 iterations=20 resident_cuda_us=765.609619
rc=0
====run=4 exe=aten_bf16_gemv_trans_cpu
kernel=aten_bf16_gemv_trans_cpu correctness=PASS max_abs=4.3392181396484375e-05 max_rel=8.6217938438954985e-06
kernel=aten_bf16_gemv_trans_cpu iterations=5 raised_gpu_us=131067.161635
rc=0
====run=4 exe=aten_bf16_gemv_trans_cpu_resident
kernel=aten_bf16_gemv_trans_cpu correctness=PASS max_abs=4.3392181396484375e-05 iterations=20 resident_cuda_us=793.521606
rc=0
====run=4 exe=aten_blas_copy_cpu
kernel=aten_blas_copy_cpu correctness=PASS max_abs=0 max_rel=0
kernel=aten_blas_copy_cpu iterations=5 raised_gpu_us=6789.798383
rc=0
====run=4 exe=aten_blas_copy_cpu_resident
kernel=aten_blas_copy_cpu correctness=PASS max_abs=0 iterations=20 resident_cuda_us=697.783997
rc=0
====run=4 exe=aten_blas_dot_naive_cpu
kernel=aten_blas_dot_naive_cpu correctness=PASS max_abs=0 max_rel=0
kernel=aten_blas_dot_naive_cpu iterations=5 raised_gpu_us=859.673601
rc=0
====run=4 exe=aten_blas_dot_naive_cpu_resident
kernel=aten_blas_dot_naive_cpu correctness=PASS max_abs=0 iterations=20 resident_cuda_us=767.897583
rc=0
====run=4 exe=aten_blas_gemv_generic_cpu
kernel=aten_blas_gemv_generic_cpu correctness=PASS max_abs=0.000843048095703125 max_rel=1.7227638058081928e-05
kernel=aten_blas_gemv_generic_cpu iterations=5 raised_gpu_us=130748.627195
rc=0
====run=4 exe=aten_blas_gemv_generic_cpu_resident
kernel=aten_blas_gemv_generic_cpu correctness=PASS max_abs=0.000843048095703125 iterations=20 resident_cuda_us=758.670349
rc=0
====run=4 exe=aten_cat_serial_cpu
kernel=aten_cat_serial_cpu correctness=PASS max_abs=0 max_rel=0
kernel=aten_cat_serial_cpu iterations=5 raised_gpu_us=6855.807966
rc=0
====run=4 exe=aten_cat_serial_cpu_resident
kernel=aten_cat_serial_cpu correctness=PASS max_abs=0 iterations=20 resident_cuda_us=703.883179
rc=0
====run=4 exe=aten_complex_scalarized
kernel=aten_complex_scalarized correctness=PASS max_abs=0 max_rel=0
kernel=aten_complex_scalarized iterations=5 raised_gpu_us=6809.024001
rc=0
====run=4 exe=aten_complex_scalarized_resident
kernel=aten_complex_scalarized correctness=PASS max_abs=0 iterations=20 resident_cuda_us=706.017578
rc=0
====run=4 exe=aten_conv3d
kernel=aten_conv3d correctness=PASS max_abs=0.00017541646957397461 max_rel=0.00017541646957397461
kernel=aten_conv3d iterations=5 raised_gpu_us=888.787163
rc=0
====run=4 exe=aten_conv3d_resident
kernel=aten_conv3d correctness=PASS max_abs=0.00017541646957397461 iterations=20 resident_cuda_us=447.262390
rc=0
====run=4 exe=aten_conv_transpose3d_backward_cpu
kernel=aten_conv_transpose3d_backward_cpu correctness=PASS max_abs=0.00020104646682739258 max_rel=0.00020104646682739258
kernel=aten_conv_transpose3d_backward_cpu iterations=5 raised_gpu_us=762.112020
rc=0
====run=4 exe=aten_conv_transpose3d_backward_cpu_resident
kernel=aten_conv_transpose3d_backward_cpu correctness=PASS max_abs=0.00020104646682739258 iterations=20 resident_cuda_us=450.630371
rc=0
====run=4 exe=aten_copy_cpu
kernel=aten_copy_cpu correctness=PASS max_abs=0 max_rel=0
kernel=aten_copy_cpu iterations=5 raised_gpu_us=6793.926423
rc=0
====run=4 exe=aten_copy_cpu_resident
kernel=aten_copy_cpu correctness=PASS max_abs=0 iterations=20 resident_cuda_us=700.593628
rc=0
====run=4 exe=aten_copy_tensor_array_cpu
kernel=aten_copy_tensor_array_cpu correctness=PASS max_abs=0 max_rel=0
kernel=aten_copy_tensor_array_cpu iterations=5 raised_gpu_us=6792.851212
rc=0
====run=4 exe=aten_copy_tensor_array_cpu_resident
kernel=aten_copy_tensor_array_cpu correctness=PASS max_abs=0 iterations=20 resident_cuda_us=701.948792
rc=0
====run=4 exe=aten_fast_cat_dim0_cpu
kernel=aten_fast_cat_dim0_cpu correctness=PASS max_abs=0 max_rel=0
kernel=aten_fast_cat_dim0_cpu iterations=5 raised_gpu_us=6815.904006
rc=0
====run=4 exe=aten_fast_cat_dim0_cpu_resident
kernel=aten_fast_cat_dim0_cpu correctness=PASS max_abs=0 iterations=20 resident_cuda_us=705.291199
rc=0
====run=4 exe=aten_flatten_nd_linear_cpu
kernel=aten_flatten_nd_linear_cpu correctness=PASS max_abs=0 max_rel=0
kernel=aten_flatten_nd_linear_cpu iterations=5 raised_gpu_us=5881.875195
rc=0
====run=4 exe=aten_flatten_nd_linear_cpu_resident
kernel=aten_flatten_nd_linear_cpu correctness=PASS max_abs=0 iterations=20 resident_cuda_us=177.688004
rc=0
====run=4 exe=aten_fp16_dot_cpu
kernel=aten_fp16_dot_cpu correctness=PASS max_abs=0 max_rel=0
kernel=aten_fp16_dot_cpu iterations=5 raised_gpu_us=860.953610
rc=0
====run=4 exe=aten_fp16_dot_cpu_resident
kernel=aten_fp16_dot_cpu correctness=PASS max_abs=0 iterations=20 resident_cuda_us=766.012817
rc=0
====run=4 exe=aten_fp16_gemv_f16arith_cpu
kernel=aten_fp16_gemv_f16arith_cpu correctness=PASS max_abs=0.000843048095703125 max_rel=1.7227638058081928e-05
kernel=aten_fp16_gemv_f16arith_cpu iterations=5 raised_gpu_us=131057.926407
rc=0
====run=4 exe=aten_fp16_gemv_f16arith_cpu_resident
kernel=aten_fp16_gemv_f16arith_cpu correctness=PASS max_abs=0.000843048095703125 iterations=20 resident_cuda_us=759.084839
rc=0
====run=4 exe=aten_fp16_gemv_f32arith_cpu
kernel=aten_fp16_gemv_f32arith_cpu correctness=PASS max_abs=0.000843048095703125 max_rel=1.7227638058081928e-05
kernel=aten_fp16_gemv_f32arith_cpu iterations=5 raised_gpu_us=131485.100789
rc=0
====run=4 exe=aten_fp16_gemv_f32arith_cpu_resident
kernel=aten_fp16_gemv_f32arith_cpu correctness=PASS max_abs=0.000843048095703125 iterations=20 resident_cuda_us=760.508850
rc=0
====run=4 exe=aten_fp16_gemv_notrans_cpu
kernel=aten_fp16_gemv_notrans_cpu correctness=PASS max_abs=0.000843048095703125 max_rel=1.7227638058081928e-05
kernel=aten_fp16_gemv_notrans_cpu iterations=5 raised_gpu_us=131555.417599
rc=0
====run=4 exe=aten_fp16_gemv_notrans_cpu_resident
kernel=aten_fp16_gemv_notrans_cpu correctness=PASS max_abs=0.000843048095703125 iterations=20 resident_cuda_us=758.366394
rc=0
====run=4 exe=aten_fp16_gemv_trans_cpu
kernel=aten_fp16_gemv_trans_cpu correctness=PASS max_abs=4.3392181396484375e-05 max_rel=8.6217938438954985e-06
kernel=aten_fp16_gemv_trans_cpu iterations=5 raised_gpu_us=131346.623972
rc=0
====run=4 exe=aten_fp16_gemv_trans_cpu_resident
kernel=aten_fp16_gemv_trans_cpu correctness=PASS max_abs=4.3392181396484375e-05 iterations=20 resident_cuda_us=794.387207
rc=0
====run=4 exe=aten_gelu_cpu_tanh
kernel=aten_gelu_cpu_tanh correctness=PASS max_abs=7.4505805969238281e-09 max_rel=7.4505805969238281e-09
kernel=aten_gelu_cpu_tanh iterations=5 raised_gpu_us=13367.391983
rc=0
====run=4 exe=aten_linear_combination_cpu
kernel=aten_linear_combination_cpu correctness=PASS max_abs=0 max_rel=0
kernel=aten_linear_combination_cpu iterations=5 raised_gpu_us=140224.940795
rc=0
====run=4 exe=aten_linear_combination_cpu_resident
kernel=aten_linear_combination_cpu correctness=PASS max_abs=0 iterations=20 resident_cuda_us=908.297668
rc=0
====run=4 exe=aten_narrow_copy_dense_cpu
kernel=aten_narrow_copy_dense_cpu correctness=PASS max_abs=0 max_rel=0
kernel=aten_narrow_copy_dense_cpu iterations=5 raised_gpu_us=4890.854377
rc=0
====run=4 exe=aten_narrow_copy_dense_cpu_resident
kernel=aten_narrow_copy_dense_cpu correctness=PASS max_abs=0 iterations=20 resident_cuda_us=440.625641
rc=0
====run=4 exe=aten_nested_clone_cpu
kernel=aten_nested_clone_cpu correctness=PASS max_abs=0 max_rel=0
kernel=aten_nested_clone_cpu iterations=5 raised_gpu_us=6791.392015
rc=0
====run=4 exe=aten_nested_clone_cpu_resident
kernel=aten_nested_clone_cpu correctness=PASS max_abs=0 iterations=20 resident_cuda_us=707.091187
rc=0
====run=4 exe=aten_nested_matmul_broadcast_cpu
kernel=aten_nested_matmul_broadcast_cpu correctness=PASS max_abs=0 max_rel=0
kernel=aten_nested_matmul_broadcast_cpu iterations=5 raised_gpu_us=5949.900812
rc=0
====run=4 exe=aten_nested_matmul_broadcast_cpu_resident
kernel=aten_nested_matmul_broadcast_cpu correctness=PASS max_abs=0 iterations=20 resident_cuda_us=176.012802
rc=0
====run=4 exe=aten_nested_squeeze_cpu
kernel=aten_nested_squeeze_cpu correctness=PASS max_abs=0 max_rel=0
kernel=aten_nested_squeeze_cpu iterations=5 raised_gpu_us=6801.740779
rc=0
====run=4 exe=aten_nested_squeeze_cpu_resident
kernel=aten_nested_squeeze_cpu correctness=PASS max_abs=0 iterations=20 resident_cuda_us=706.105591
rc=0
====run=4 exe=aten_outer
kernel=aten_outer correctness=PASS max_abs=0 max_rel=0
kernel=aten_outer iterations=5 raised_gpu_us=96109.945606
rc=0
====run=4 exe=aten_outer_resident
kernel=aten_outer correctness=PASS max_abs=0 iterations=20 resident_cuda_us=3810.421143
rc=0
====run=4 exe=aten_slow_conv3d_forward_cpu
kernel=aten_slow_conv3d_forward_cpu correctness=PASS max_abs=0.0001754462718963623 max_rel=0.0001754462718963623
kernel=aten_slow_conv3d_forward_cpu iterations=5 raised_gpu_us=718.323234
rc=0
====run=4 exe=aten_slow_conv3d_forward_cpu_resident
kernel=aten_slow_conv3d_forward_cpu correctness=PASS max_abs=0.0001754462718963623 iterations=20 resident_cuda_us=366.329590
rc=0
====run=4 exe=aten_unbind_copy_cpu
kernel=aten_unbind_copy_cpu correctness=PASS max_abs=0 max_rel=0
kernel=aten_unbind_copy_cpu iterations=5 raised_gpu_us=6846.912019
rc=0
====run=4 exe=aten_unbind_copy_cpu_resident
kernel=aten_unbind_copy_cpu correctness=PASS max_abs=0 iterations=20 resident_cuda_us=708.494385
rc=0
====run=4 exe=aten_zeros_cpu
kernel=aten_zeros_cpu correctness=PASS max_abs=0 max_rel=0
kernel=aten_zeros_cpu iterations=5 raised_gpu_us=2254.963201
rc=0
====run=4 exe=aten_zeros_cpu_resident
kernel=aten_zeros_cpu correctness=PASS max_abs=0 iterations=20 resident_cuda_us=375.071991
rc=0
