[jetson] uname -a: Linux pva-compiler-orin-1.nvidia.com 6.8.12-1021-tegra #1 SMP PREEMPT Tue Jun 9 09:16:45 PDT 2026 aarch64 aarch64 aarch64 GNU/Linux
[jetson] nvcc version:
  (nvcc not found)
[jetson] accelerator status:
[N/A]

[jetson] running /tmp/polygeist_jetson_runs/publication_fdtd2d_native_timing_5x5_20260908_092534/native-timing run 1 ...
POLYGEIST_BENCHMARK_ITERATION phase=warmup index=0 total=10
POLYBENCH_NATIVE_GPU_TIMING device_ms=260.998260498
0.326225
POLYGEIST_BENCHMARK_ITERATION phase=warmup index=1 total=10
POLYBENCH_NATIVE_GPU_TIMING device_ms=262.550140381
0.272618
POLYGEIST_BENCHMARK_ITERATION phase=warmup index=2 total=10
POLYBENCH_NATIVE_GPU_TIMING device_ms=261.991333008
0.272131
POLYGEIST_BENCHMARK_ITERATION phase=warmup index=3 total=10
POLYBENCH_NATIVE_GPU_TIMING device_ms=261.492950439
0.271565
POLYGEIST_BENCHMARK_ITERATION phase=warmup index=4 total=10
POLYBENCH_NATIVE_GPU_TIMING device_ms=261.222778320
0.271272
POLYGEIST_BENCHMARK_ITERATION phase=sample index=0 total=10
POLYBENCH_NATIVE_GPU_TIMING device_ms=261.872131348
0.271947
POLYGEIST_BENCHMARK_ITERATION phase=sample index=1 total=10
POLYBENCH_NATIVE_GPU_TIMING device_ms=261.654846191
0.271691
POLYGEIST_BENCHMARK_ITERATION phase=sample index=2 total=10
POLYBENCH_NATIVE_GPU_TIMING device_ms=261.527954102
0.271517
POLYGEIST_BENCHMARK_ITERATION phase=sample index=3 total=10
POLYBENCH_NATIVE_GPU_TIMING device_ms=261.172332764
0.271116
POLYGEIST_BENCHMARK_ITERATION phase=sample index=4 total=10
POLYBENCH_NATIVE_GPU_TIMING device_ms=260.833129883
0.270730

[jetson] exit code: 0
[jetson] elapsed_s 2.941
