[jetson] uname -a: Linux pva-compiler-orin-1.nvidia.com 6.8.12-1021-tegra #1 SMP PREEMPT Tue Jun 9 09:16:45 PDT 2026 aarch64 aarch64 aarch64 GNU/Linux
[jetson] nvcc version:
  (nvcc not found)
[jetson] accelerator status:
[N/A]

[jetson] running /tmp/polygeist_jetson_runs/doitgen-native-cpu-timing-corrected_20260908_115412/native-cpu-timing run 1 ...
POLYGEIST_BENCHMARK_ITERATION phase=warmup index=0 total=10
0.576353
POLYGEIST_BENCHMARK_ITERATION phase=warmup index=1 total=10
0.583176
POLYGEIST_BENCHMARK_ITERATION phase=warmup index=2 total=10
0.583219
POLYGEIST_BENCHMARK_ITERATION phase=warmup index=3 total=10
0.583230
POLYGEIST_BENCHMARK_ITERATION phase=warmup index=4 total=10
0.583099
POLYGEIST_BENCHMARK_ITERATION phase=sample index=0 total=10
0.583210
POLYGEIST_BENCHMARK_ITERATION phase=sample index=1 total=10
0.583116
POLYGEIST_BENCHMARK_ITERATION phase=sample index=2 total=10
0.583282
POLYGEIST_BENCHMARK_ITERATION phase=sample index=3 total=10
0.583105
POLYGEIST_BENCHMARK_ITERATION phase=sample index=4 total=10
0.583238

[jetson] exit code: 0
[jetson] elapsed_s 5.982
