+ common=(-O3 -fno-inline -fno-inline-functions -fsemantic-interposition -fno-ipa-ra -fno-ipa-cp -fno-ipa-cp-clone -fno-ipa-sra -fgnu89-inline -Dstatic= -DLARGE_DATASET -DDATA_TYPE_IS_DOUBLE -I"$util")
+ aarch64-linux-gnu-gcc -O3 -fno-inline -fno-inline-functions -fsemantic-interposition -fno-ipa-ra -fno-ipa-cp -fno-ipa-cp-clone -fno-ipa-sra -fgnu89-inline -Dstatic= -DLARGE_DATASET -DDATA_TYPE_IS_DOUBLE -Itools/cgeist/Test/polybench/utilities -DPOLYBENCH_DUMP_ARRAYS -c tools/cgeist/Test/polybench/linear-algebra/kernels/mvt/mvt.c -o /tmp/polybench-publication-orin/mvt/native-work/harness-full.o
+ aarch64-linux-gnu-objcopy --weaken-symbol=kernel_mvt /tmp/polybench-publication-orin/mvt/native-work/harness-full.o /tmp/polybench-publication-orin/mvt/native-work/harness.o
+ aarch64-linux-gnu-gcc -O3 -DLARGE_DATASET -DDATA_TYPE_IS_DOUBLE -DPOLYBENCH_DUMP_ARRAYS -Itools/cgeist/Test/polybench/utilities -c tools/cgeist/Test/polybench/utilities/polybench.c -o /tmp/polybench-publication-orin/mvt/native-work/polybench.o
+ /usr/local/cuda-12.6/bin/nvcc -O3 -std=c++17 -arch=sm_87 -ccbin aarch64-linux-gnu-g++ -Iissues/polybench_section42/polybenchgpu_adapters -IPolyBenchGPU-1.0 -c issues/polybench_section42/polybenchgpu_adapters/mvt.cu -o /tmp/polybench-publication-orin/mvt/native-work/adapter.o
issues/polybench_section42/polybenchgpu_adapters/mvt.cu:8:10: fatal error: CUDA/MVT/mvt.cu: No such file or directory
    8 | #include "CUDA/MVT/mvt.cu"
      |          ^~~~~~~~~~~~~~~~~
compilation terminated.
+ /usr/local/cuda-12.6/bin/nvcc -O3 -std=c++17 -arch=sm_87 -ccbin aarch64-linux-gnu-g++ -Iissues/polybench_section42/polybenchgpu_adapters -Ithird_party/polybenchGpu -c issues/polybench_section42/polybenchgpu_adapters/mvt.cu -o /tmp/polybench-publication-orin/mvt/native-work/adapter.o
third_party/polybenchGpu/CUDA/MVT/mvt.cu: In function ‘void mvtCuda(int, double (*)[2000], double*, double*, double*, double*, double*, double*)’:
third_party/polybenchGpu/CUDA/MVT/mvt.cu:163:29: warning: ‘cudaError_t cudaThreadSynchronize()’ is deprecated [-Wdeprecated-declarations]
  163 |         cudaThreadSynchronize();
      |         ~~~~~~~~~~~~~~~~~~~~^~
/usr/local/cuda-12.6/bin/../targets/sbsa-linux/include/cuda_runtime_api.h:1169:46: note: declared here
 1169 | extern __CUDA_DEPRECATED __host__ cudaError_t CUDARTAPI cudaThreadSynchronize(void);
      |                                              ^~~~~~~~~~~~~~~~~~~~~
+ aarch64-linux-gnu-g++ -O3 /tmp/polybench-publication-orin/mvt/native-work/harness.o /tmp/polybench-publication-orin/mvt/native-work/polybench.o /tmp/polybench-publication-orin/mvt/native-work/adapter.o -L/usr/local/cuda-12.6/targets/sbsa-linux/lib -L/usr/local/cuda-12.6/targets/sbsa-linux/lib/stubs -lcudart -lm -o /tmp/polybench-publication-orin/mvt/native-correctness
+ common=(-O3 -fno-inline -fno-inline-functions -fsemantic-interposition -fno-ipa-ra -fno-ipa-cp -fno-ipa-cp-clone -fno-ipa-sra -fgnu89-inline -Dstatic= -DLARGE_DATASET -DDATA_TYPE_IS_DOUBLE -I"$util")
+ aarch64-linux-gnu-gcc -O3 -fno-inline -fno-inline-functions -fsemantic-interposition -fno-ipa-ra -fno-ipa-cp -fno-ipa-cp-clone -fno-ipa-sra -fgnu89-inline -Dstatic= -DLARGE_DATASET -DDATA_TYPE_IS_DOUBLE -Itools/cgeist/Test/polybench/utilities -Dmain=polygeist_polybench_iteration -DPOLYBENCH_TIME -c tools/cgeist/Test/polybench/linear-algebra/kernels/mvt/mvt.c -o /tmp/polybench-publication-orin/mvt/native-work/harness-timing-full.o
+ aarch64-linux-gnu-objcopy --weaken-symbol=kernel_mvt /tmp/polybench-publication-orin/mvt/native-work/harness-timing-full.o /tmp/polybench-publication-orin/mvt/native-work/harness-timing.o
+ aarch64-linux-gnu-gcc -O3 -DLARGE_DATASET -DDATA_TYPE_IS_DOUBLE -DPOLYBENCH_TIME -Itools/cgeist/Test/polybench/utilities -c tools/cgeist/Test/polybench/utilities/polybench.c -o /tmp/polybench-publication-orin/mvt/native-work/polybench-timing.o
+ aarch64-linux-gnu-gcc -O2 -DPOLYGEIST_WARMUP_RUNS=5 -DPOLYGEIST_TIMED_RUNS=5 -c runtime/polybench_repeat_driver.c -o /tmp/polybench-publication-orin/mvt/native-work/repeat-driver.o
+ aarch64-linux-gnu-g++ -O3 /tmp/polybench-publication-orin/mvt/native-work/harness-timing.o /tmp/polybench-publication-orin/mvt/native-work/polybench-timing.o /tmp/polybench-publication-orin/mvt/native-work/repeat-driver.o /tmp/polybench-publication-orin/mvt/native-work/adapter.o -L/usr/local/cuda-12.6/targets/sbsa-linux/lib -L/usr/local/cuda-12.6/targets/sbsa-linux/lib/stubs -lcudart -lm -o /tmp/polybench-publication-orin/mvt/native-timing
+ aarch64-linux-gnu-gcc -O3 -DCORRECTNESS_RUN -c /tmp/polybench-publication-orin/mvt/raised_harness.c -o /tmp/polybench-publication-orin/mvt/raised-harness-correctness.o
+ aarch64-linux-gnu-gcc -O3 -c /tmp/polybench-publication-orin/mvt/raised_harness.c -o /tmp/polybench-publication-orin/mvt/raised-harness-timing.o
+ for mode in correctness timing
+ aarch64-linux-gnu-gcc -O2 /tmp/polybench-gpu-region-sweep-20260907/mvt/work/kernel.o /tmp/polybench-gpu-region-sweep-20260907/mvt/work/rt.o issues/polybench_section42/ir/mvt/raised_gpu/wrapper.o /tmp/polybench-publication-orin/mvt/raised-harness-correctness.o -L/usr/local/cuda-12.6/targets/sbsa-linux/lib -L/usr/local/cuda-12.6/targets/sbsa-linux/lib/stubs -L/usr/lib/aarch64-linux-gnu -lcudnn -lcublasLt -lcublas -lcufft -lcusparse -lcusolver -lcudart -lm -lpthread -ldl '-Wl,-rpath,$ORIGIN:/usr/local/cuda/lib64:/usr/lib/aarch64-linux-gnu' -o /tmp/polybench-publication-orin/mvt/raised-correctness
/usr/lib/gcc-cross/aarch64-linux-gnu/11/../../../../aarch64-linux-gnu/bin/ld: warning: libnvJitLink.so.12, needed by /usr/local/cuda-12.6/targets/sbsa-linux/lib/stubs/libcusparse.so, not found (try using -rpath or -rpath-link)
+ for mode in correctness timing
+ aarch64-linux-gnu-gcc -O2 /tmp/polybench-gpu-region-sweep-20260907/mvt/work/kernel.o /tmp/polybench-gpu-region-sweep-20260907/mvt/work/rt.o issues/polybench_section42/ir/mvt/raised_gpu/wrapper.o /tmp/polybench-publication-orin/mvt/raised-harness-timing.o -L/usr/local/cuda-12.6/targets/sbsa-linux/lib -L/usr/local/cuda-12.6/targets/sbsa-linux/lib/stubs -L/usr/lib/aarch64-linux-gnu -lcudnn -lcublasLt -lcublas -lcufft -lcusparse -lcusolver -lcudart -lm -lpthread -ldl '-Wl,-rpath,$ORIGIN:/usr/local/cuda/lib64:/usr/lib/aarch64-linux-gnu' -o /tmp/polybench-publication-orin/mvt/raised-timing
/usr/lib/gcc-cross/aarch64-linux-gnu/11/../../../../aarch64-linux-gnu/bin/ld: warning: libnvJitLink.so.12, needed by /usr/local/cuda-12.6/targets/sbsa-linux/lib/stubs/libcusparse.so, not found (try using -rpath or -rpath-link)
+ file /tmp/polybench-publication-orin/mvt/native-correctness /tmp/polybench-publication-orin/mvt/native-timing /tmp/polybench-publication-orin/mvt/raised-correctness /tmp/polybench-publication-orin/mvt/raised-timing
/tmp/polybench-publication-orin/mvt/native-correctness: ELF 64-bit LSB pie executable, ARM aarch64, version 1 (SYSV), dynamically linked, interpreter /lib/ld-linux-aarch64.so.1, BuildID[sha1]=dcd1438765d82409b067f68fbab2d81d546870ec, for GNU/Linux 3.7.0, not stripped
/tmp/polybench-publication-orin/mvt/native-timing:      ELF 64-bit LSB pie executable, ARM aarch64, version 1 (SYSV), dynamically linked, interpreter /lib/ld-linux-aarch64.so.1, BuildID[sha1]=ba779581a0aa3f1a10cf24fd631448d213e22b70, for GNU/Linux 3.7.0, not stripped
/tmp/polybench-publication-orin/mvt/raised-correctness: ELF 64-bit LSB pie executable, ARM aarch64, version 1 (SYSV), dynamically linked, interpreter /lib/ld-linux-aarch64.so.1, BuildID[sha1]=e0fa313db55455f8f9a284a5d91810dd4dc2bb0e, for GNU/Linux 3.7.0, not stripped
/tmp/polybench-publication-orin/mvt/raised-timing:      ELF 64-bit LSB pie executable, ARM aarch64, version 1 (SYSV), dynamically linked, interpreter /lib/ld-linux-aarch64.so.1, BuildID[sha1]=8ff02a1a98f60e37c3534840aad9b1891957b6cf, for GNU/Linux 3.7.0, not stripped
