[jetson] uname -a: Linux pva-compiler-orin-1.nvidia.com 6.8.12-1021-tegra #1 SMP PREEMPT Tue Jun 9 09:16:45 PDT 2026 aarch64 aarch64 aarch64 GNU/Linux
[jetson] nvcc version:
  (nvcc not found)
[jetson] accelerator status:
[N/A]

[jetson] running /tmp/polygeist_jetson_runs/gemver-native-cpu-timing_20260908_111033/native-cpu-timing run 1 ...
POLYGEIST_BENCHMARK_ITERATION phase=warmup index=0 total=10
0.026693
POLYGEIST_BENCHMARK_ITERATION phase=warmup index=1 total=10
0.026672
POLYGEIST_BENCHMARK_ITERATION phase=warmup index=2 total=10
0.026512
POLYGEIST_BENCHMARK_ITERATION phase=warmup index=3 total=10
0.026640
POLYGEIST_BENCHMARK_ITERATION phase=warmup index=4 total=10
0.026620
POLYGEIST_BENCHMARK_ITERATION phase=sample index=0 total=10
0.026525
POLYGEIST_BENCHMARK_ITERATION phase=sample index=1 total=10
0.026419
POLYGEIST_BENCHMARK_ITERATION phase=sample index=2 total=10
0.026445
POLYGEIST_BENCHMARK_ITERATION phase=sample index=3 total=10
0.026377
POLYGEIST_BENCHMARK_ITERATION phase=sample index=4 total=10
0.026370

[jetson] exit code: 0
[jetson] elapsed_s 0.456
