[jetson] uname -a: Linux pva-compiler-orin-1.nvidia.com 6.8.12-1021-tegra #1 SMP PREEMPT Tue Jun 9 09:16:45 PDT 2026 aarch64 aarch64 aarch64 GNU/Linux
[jetson] nvcc version:
  (nvcc not found)
[jetson] accelerator status:
[N/A]

[jetson] running /tmp/polygeist_jetson_runs/gemver-raised-openblas-correctness_20260908_110859/raised-openblas-correctness run 1 ...
==BEGIN DUMP_ARRAYS==
begin dump: w

2089.91 62663899.14 68930895.50 79410182.33 90848547.34 102745776.46 114922455.40 127194542.78 139375638.25 151863967.50 164108365.50 176722591.27 189099955.75 201636758.38 214094444.66 226488997.25 238775654.89 251575549.66 263996328.57 276537404.36 
288710292.14 301585445.29 314126392.75 326736520.77 338993828.70 351198867.31 364217488.40 376630224.30 389170429.17 401910790.52 414109643.55 426724316.11 439049686.23 451838115.96 464395324.17 476821038.17 489387121.79 501889546.40 514506709.98 527064549.02 
538852411.41 552120205.21 564640368.97 577073043.37 589684682.10 602195139.26 614829864.82 627334629.83 639588498.24 652430444.60 664017270.47 677454121.55 689979467.12 702572534.52 714917577.25 727538912.44 740035540.99 752646398.67 765290977.43 777839483.70 
789951517.19 802857570.35 815330911.83 828017528.30 840174842.48 852935554.12 865521026.93 878106510.92 890560375.00 903573156.85 915524360.50 928161501.10 940656612.17 953389474.76 965623850.87 977947488.66 990895712.32 1003696048.99 1016011421.64 1028561827.51 
1039605783.12 1053647429.07 1066160226.56 1078669391.66 1091200646.86 1103680417.02 1116253574.81 1129396350.81 1141289185.56 1153987769.35 1166310117.43 1179296687.58 1191542047.48 1203838523.39 1216626580.09 1229015128.21 1241469892.10 1254287811.05 1266780711.54 1279231587.79 
1290029346.87 1304339801.15 1316940693.63 1329478802.57 1341916316.26 1354405719.72 1367139921.57 1379702835.90 1392092846.57 1404725121.36 1417110238.09 1429508578.90 1442122244.52 1454970788.91 1467437846.17 1479935668.19 1492501794.61 1505022116.03 1517711380.92 1530149150.20 
1541972983.16 1555234777.95 1567785075.55 1580295699.07 1592769281.84 1603072817.90 1617992449.74 1630677407.48 1642751202.72 1655184701.10 1667941043.80 1680598788.25 1693112050.24 1705585004.87 1718320484.40 1730755551.61 1743228214.40 1756049290.22 1768615740.16 1781014141.04 
1793156228.83 1806032190.96 1818505531.83 1831570557.19 1843439511.11 1856182254.52 1868773806.29 1881269086.38 1893692979.18 1906417530.52 1918002443.10 1931516294.86 1943861373.68 1956431943.74 1969537129.47 1981601052.80 1994130345.71 2006768630.36 2019306211.56 2031826537.04 
2042852485.79 2056882140.41 2069364830.54 2081952110.32 2094465457.37 2106945104.63 2119446229.46 2132378833.33 2144583897.57 2157072292.41 2169580896.41 2182261118.67 2194764749.26 2207361519.27 2220149498.86 2232009633.82 2244704605.20 2257630560.27 2270045445.30 2282586431.95 
2294765296.17 2307634552.44 2320775944.14 2332791525.79 2345229063.75 2357802604.79 2370272498.86 2382955527.85 2395435694.79 2408049824.04 2420362920.55 2433133646.25 2445374948.31 2458223479.59 2470720629.92 2483152305.56 2495706441.87 2508334922.42 2520795895.81 2533293770.09 
2542241108.54 2558589555.33 2571049794.37 2583638492.03 2596063964.91 2608580493.70 2621215205.09 2633900040.68 2646033909.82 2658899818.12 2671181666.87 2683983585.07 2696424849.61 2709017855.64 2721513132.93 2734020315.00 2746480876.61 2759181863.27 2771670314.81 2784248800.35 
2796402950.90 2809296894.91 2821199705.82 2834643092.30 2846764314.56 2859105417.20 2872086547.63 2884611924.16 2897095789.20 2909622193.79 2922053843.93 2934810974.87 2947186107.29 2959744728.71 2972339403.59 2984727630.85 2997455183.76 3010021294.77 3022480833.90 3035151315.51 
3046147202.07 3060206924.63 3072689633.24 3085354912.42 3097790197.86 3110281923.21 3122849027.53 3135391301.33 3147758597.53 3160367040.46 3168365633.93 3185766076.04 3198167503.65 3210704258.77 3223312137.07 3235700654.54 3248029373.91 3260853250.52 3273190027.32 3286001252.71 
3298102111.76 3311169433.85 3323530220.72 3336074275.23 3348481745.40 3361067312.02 3373615290.13 3386388374.30 3398748414.77 3411284565.43 3423693650.11 3436398356.32 3448657708.69 3461596225.28 3474093419.27 3486124297.88 3499151306.36 3511677670.56 3524210795.52 3536648503.92 
3548532468.46 3561884325.16 3574284441.01 3586801131.56 3599268689.20 3611586958.57 3625398702.12 3637302880.22 3649436698.20 3662224579.67 3674584558.49 3687308327.72 3699767638.61 3712420705.97 3724795806.34 3737327038.51 3749793666.76 3762494581.28 3775055120.92 3787543535.07 
3798262420.82 3812651668.34 3825215113.81 3837385306.95 3849999016.50 3862717679.70 3875309184.71 3887834582.38 3900618733.24 3913036995.83 3925384595.99 3938045716.26 3950480803.28 3963177576.96 3975682228.16 3988142428.25 4000870011.89 4013304047.80 4025835601.67 4038385975.18 
4049453993.37 4063621739.99 4075984344.13 4088577587.37 4101024835.39 4113182576.15 4126161815.30 4138734067.83 4151113398.64 4163721821.26 4176110296.69 4188760542.05 4201150031.35 4212966067.12 4227015244.17 4239187593.89 4251444160.07 4264256075.12 4276664921.09 4289476143.31 
4301456871.64 4314344087.04 4326854928.74 4339477077.51 4351824579.72 4364494128.01 4377018133.73 4389551005.19 4402181272.56 4414729412.11 4426276832.19 4439753084.56 4451970422.53 4465539596.54 4477406126.41 4489837878.51 4502386006.53 4514900315.63 4527505504.79 4540363652.08 
4551863208.38 4565118990.77 4577639285.10 4590083803.78 4602983738.54 4615302069.88 4627840657.70 4640435500.25 4652659411.28 4665459236.82 4677825247.26 4690573044.63 4702990290.53 4715643385.07 4728168651.85 4738392293.47 4753166478.29 4765837380.54 4778319747.94 4790898325.96 
4803058469.69 4816546948.79 4828449798.97 4841298646.83 4853293727.43 4866084453.14 4878742073.03 4891087230.76 4903661297.08 4916361783.84 4928637283.85 4941370462.14 4953745545.72 4966430259.00 4978964942.42 4991389168.26 5003924491.76 5016466656.56 5028920193.42 5041230282.25 
5046758336.92 5067276799.60 5079549303.23 5092070458.26 5104469743.45 5116967420.74 5129534562.00 5142106854.74 5154498120.18 5167136653.36 5179531161.34 5192295463.42 5204763019.70 5217299721.17 5229907558.29 5242302152.63 5254648865.79 5267538773.08 5280019680.04 5292560699.67 
5304733550.91 5317008233.39 5330149682.65 5342699748.15 5355107268.28 5367357298.06 5380330842.85 5392893759.81 5405283852.20 5418084154.57 5430373230.91 5443047833.15 5455313177.47 5468251793.49 5480658852.67 5493234672.68 5505710761.06 5518303163.45 5530830250.07 5543087858.18 
5555175996.68 5568443692.37 5580963974.93 5593486664.74 5605707953.47 5618818999.19 5631243512.64 5643748219.33 5656002154.17 5669054272.13 5680430871.42 5693927824.71 5706393142.66 5718986125.83 5731481416.95 5744012564.29 5756449173.87 5769060024.53 5781614553.69 5794012851.90 
5806365219.73 5819181115.65 5831954649.35 5844431198.45 5856648517.20 5869349150.82 5881934702.30 5894520136.25 5906973951.72 5919596431.45 5931938042.53 5944785280.56 5957130359.42 5969803068.05 5982337728.00 5994406167.25 6007219250.96 6019959518.81 6032485128.76 6045035515.01 
6056079456.57 6069970997.42 6082633903.44 6095233086.46 6107674367.66 6120244180.76 6132817284.19 6145359581.25 6157762910.86 6170461412.93 6182783862.16 6195470122.38 6207955659.67 6220552444.80 6233040195.34 6245488781.15 6257793471.97 6270551292.39 6282954130.50 6295104760.16 
6299026246.25 6321714199.23 6333864774.04 6346342755.29 6358630144.97 6371179667.83 6383703631.49 6396266509.64 6408806743.50 6421348863.56 6433733968.42 6446432605.49 6458685990.08 6471534441.23 6484001598.75 6496499379.01 6508975438.01 6521585861.23 6534185020.00 6546772904.28 
6558536747.97 6571708412.34 6584408803.54 6596859442.83 6609393064.73 6621509428.29 6634406109.63 6647090964.77 6659314891.94 6672108755.41 6684504769.74 6697222523.44 6709675816.14 6722148713.17 6734884186.04 6747319306.71 6759791943.22 6772462843.37 6784939291.04 6797487720.71 
6809719951.53 6822655957.47 6835129327.14 6847683868.62 6859913228.67 6872505759.87 6885487595.76 6897832837.16 6910406851.27 6922740992.31 6934581204.08 6947989924.22 6960485092.49 6973145804.49 6985650460.15 6998074659.30 7010754180.26 7023332322.10 7035779827.59 7048300189.08 
7059416229.01 7073505893.05 7085988654.47 7098515802.24 7110939063.51 7123508856.48 7136009949.10 7148642227.19 7161057618.19 7173696079.80 7185994494.20 7198284404.25 7211778845.61 7224075328.90 7236563070.55 7248633408.27 7261328351.36 7274194290.53 7286669211.08 7299360316.89 
7311389115.05 7324258278.62 7336799186.70 7349355249.39 7361792808.23 7374366281.05 7386986382.11 7399519244.07 7411849239.29 7424673631.59 7436986701.64 7449757381.26 7461938696.75 7474787196.53 7487284304.74 7499776087.73 7512330256.79 7524748487.63 7537419709.48 7549917516.62 
7558819830.46 7575213330.66 7587673525.24 7600202186.11 7612687779.84 7625204263.99 7637628765.43 7650313652.15 7662597651.96 7675523571.13 7687805509.52 7700457200.75 7712988546.39 7725581592.55 7738076882.81 7750433862.02 7763194760.76 7775745553.57 7788294041.36 7800722429.16 
7813026733.07 7825920641.98 7838424051.89 7851056675.69 7863237942.66 7873758702.86 7888650252.68 7901175589.62 7913659546.64 7926245935.46 7938617513.71 7951284659.48 7963809902.78 7976458548.78 7988903179.93 8001441490.34 8013928802.49 8026585012.79 8039104595.73 8051624909.58 
8062710975.53 8076680551.47 8089313402.44 8101918643.75 8114263824.33 8126755536.19 8139412743.03 8151804885.44 8164382342.44 8176990802.29 8188660233.10 8202089551.33 8214581162.10 8227117846.47 8239725725.49 8252174339.87 8264503053.66 8277266826.89 8289813829.83 8302324774.97 
8314515687.95 8327342852.98 8339853740.11 8352337705.81 8364595124.51 8376880348.60 8388227255.25 8407005757.41 8416363073.77 8428508798.10 8440707790.74 8453322328.73 8465521611.55 8478310071.81 8490807232.50 8502883140.61 8515775057.75 8528391524.29 8540984638.88 8553422405.95 
8565246305.27 8578508040.54 8591058325.23 8603665064.30 8616042510.24 8628601079.77 8641211725.74 8653716455.87 8666000445.56 8678848339.51 8691208286.65 8703932095.13 8716331335.57 8728984349.11 8741509698.23 8753950785.04 8766507482.87 8779208416.83 8791678858.99 8804167278.00 
8814886192.47 8829275431.06 8841838830.28 8854399424.55 8866622756.90 8879341415.42 8892323311.84 8904548396.68 8917032311.23 8929660754.24 8942008356.55 8954669435.61 8967104611.55 8979741294.97 8992095760.06 9004856284.50 9017343620.19 9030167975.14 9042609504.79 9055009737.37 
9066077708.58 9080095358.19 9092608138.72 9105141276.23 9117648662.37 9129791308.91 9142725471.76 9154997508.85 9167887234.44 9180495681.00 9192824145.37 9205534412.41 9218013956.89 9230580730.61 9243128547.50 9255601149.56 9267917829.39 9280969900.41 9293288659.51 9305799645.41 
9318020623.50 9330967826.55 9343478717.74 9356040788.15 9368388249.68 9380967780.95 9393581854.63 9406264831.74 9418594868.01 9431052899.99 9439117167.49 9456526989.66 9468684285.79 9481502722.94 9493969844.61 9506461623.95 9519009707.88 9531614183.94 9544129276.70 9556687092.44 
9568486995.94 9581742738.92 9594563249.77 9606797646.17 9619307263.51 9631865742.89 9644554550.31 9656999172.54 9669223116.16 9681782749.36 9694539071.11 9707196773.69 9719704122.84 9732207049.63 9744732321.81 9756885244.57 9769730213.59 9782401054.09 9795093712.79 9807522075.72 
9819682214.06 9832570161.29 9845073549.82 9857712147.95 9869917490.88 9882648175.83 9895305747.31 9907801107.35 9920375093.93 9932985520.29 9945261061.70 9957994227.75 9970369282.16 9982993971.44 9995528659.54 10008012889.94 10020548312.98 10033180484.91 10045543899.99 10057854068.38 
10063367086.41 10083900519.12 10096173087.20 10108634189.24 10121093463.87 10133591181.30 10146248380.09 10158520400.51 10171121919.63 10183910519.04 10196154893.83 10208919240.37 10221326714.68 10233863422.09 10246471276.67 10259015988.36 10271272584.23 10284102485.88 10296493341.61 10309184391.65 
10321357369.79 10334232534.64 10346773437.64 10359263455.01 10371821126.15 10383981016.70 10396894557.81 10409457455.87 10421997647.61 10434557811.47 10446936950.37 10459671582.74 10471876926.45 10484515188.24 10497372661.57 10509798381.34 10522334486.17 10534866830.17 10547454025.39 10560011889.27 
10571799710.81 10585067493.08 10597287466.60 10610200479.95 10622632007.05 10635142489.41 10647657067.77 10660311911.61 10672565896.66 10685377723.11 10697009632.41 10710401416.27 10722956826.48 10735549846.91 10748045098.25 10760486191.31 10772862773.46 10783972245.59 10798538500.54 10810936904.04 
10823079042.50 10835954945.87 10848428303.01 10860994876.87 10873272238.88 10886063016.79 10898648555.31 10911233932.92 10923687836.59 10936220179.24 10948651841.54 10961409033.03 10973754114.05 10986366738.91 10998901442.06 11009153233.41 11023993121.32 11036523231.07 11048958762.07 11061659226.08 
11072703237.66 11086744868.68 11099257591.28 11111796808.26 11124298136.32 11136807853.77 11149381015.16 11161923258.77 11174236484.95 11188436388.41 11199557746.56 11212243943.95 11224669512.50 11237266256.41 11249754018.83 11262262713.06 11274567348.45 11287415204.61 11300028286.67 11312479151.94 
11323156791.04 11337587329.30 11350188295.77 11362606195.22 11375043784.33 11387653315.37 11400267360.30 11412830261.68 11425220387.19 11436771546.00 11450357770.02 11463056410.34 11475249696.94 11487948071.77 11500565297.33 11513063088.75 11525599227.38 11538299711.00 11550658640.18 11563396704.27 
11575100505.23 11588332170.21 11600882521.46 11612522332.36 11626016772.02 11638118216.85 11651119957.06 11663654678.83 11675878646.86 11688732535.78 11701068476.24 11713696176.55 11726239562.24 11738712441.26 11751447956.07 11763883014.29 11776355642.33 11789026591.99 11801563042.07 11814111512.06 
11826283716.35 11838979463.54 11851753068.44 11864247586.46 11876537000.40 11889279638.86 11901901246.29 11914396570.84 11926970551.29 11939514932.50 11951144942.91 11964613695.04 11976958762.53 11989709539.97 12002214162.15 12014698492.23 12027227840.03 12039896026.44 12052403644.50 12064923935.79 
12075979951.71 12089979560.93 12102462294.63 12115529927.57 12127562877.71 12140072607.26 12152723772.41 12165205997.58 12177681362.38 12190319823.09 12202708365.57 12215358577.53 12227892161.53 12240789235.73 12252976730.44 12265092031.06 12277802064.06 12290607890.11 12303142874.10 12315683863.81 
12327862787.43 12340731920.04 12353272870.78 12365768860.32 12378206412.13 12390779960.92 12403400001.32 12415782688.14 12428413029.67 12440847016.52 12453310211.31 12466080956.62 12478202191.95 12490900521.46 12503397684.74 12515799370.25 12528203357.17 12540561594.95 12552542166.94 12563538604.73 
12560384860.58 12594839711.30 12605798558.31 12617816721.08 12630062130.22 12642428447.52 12654943040.51 12667477794.57 12679611643.01 12692297359.41 12704729472.39 12717531299.51 12729852457.71 12742595627.89 12754940723.93 12767447856.86 12779908543.21 12792609455.71 12805067854.47 12817646395.99 
12829800526.75 12842694452.22 12855197851.15 12867770425.92 12880011770.90 12892382935.08 12905363994.81 12917589080.30 12930373325.85 12943019738.50 12955331318.12 12968058492.94 12980433592.97 12993172318.45 13005616952.84 13018155210.51 13030702609.67 13042848388.46 13055878430.62 13068398755.10 
13079424739.98 13093454380.24 13105937080.75 13118482289.59 13131037647.35 13143529325.55 13156126563.10 13168668776.06 13181156192.82 13193764620.99 13205388992.46 13218863383.53 13231294936.09 13243981745.19 13256439478.96 13268948178.91 13281276834.56 13294130729.57 13306587656.81 13319398852.49 
13331379597.83 13344266803.97 13356777683.18 13369351724.04 13381759313.01 13394344803.49 13406892769.18 13419665874.77 13432025925.14 13444682139.48 13456971207.45 13469645780.25 13481935188.10 13494723637.20 13507220768.19 13519356749.28 13532248715.37 13545855983.67 13557458203.79 13570046145.82 
13581809968.57 13594981611.76 13607682085.07 13620078605.03 13632666260.01 13645164729.02 13657775427.92 13670430244.26 13682564138.02 13695321905.69 13707681913.67 13721606770.03 13733045100.20 13745548054.35 13758073364.95 13770574502.40 13783071171.01 13795772120.81 13808152429.48 13820790986.73 
13831494936.39 13845899164.09 13858312438.57 13870963111.42 13883246486.51 13895965104.71 13908586706.42 13921112059.62 13933595974.89 13946134372.08 13958481937.13 13969941927.62 13983878470.39 13996455057.26 14008959710.08 14021419964.00 14033967351.06 14046581507.77 14059083133.96 14071633447.35 
14082701454.03 14096719089.95 14109381963.18 14121855084.96 14134272366.06 14144557114.16 14159439283.19 14172011577.12 14184360841.29 14196969283.00 14209387842.15 14222158136.79 14234577650.79 14247144383.11 14259692169.94 14272164800.98 14284541596.07 14297383439.16 14309912422.24 14322423370.16 
14334584271.67 14347441411.98 14359802224.71 14374406070.44 14385252181.88 14397741626.46 14410295627.00 14422828469.12 14435308660.90 14447976899.76 14459524302.96 14473000592.92 14485247938.29 14498066404.42 14510683657.48 14523085328.36 14535633480.33 14548177836.08 14561053258.65 14573310822.95 
14585110762.99 14598366426.76 14610886699.85 14623511485.86 14635931001.22 14648429436.43 14660968063.67 14673863127.79 14685936908.51 14698706733.29 14711102733.32 14723820504.56 14736267839.77 14748920860.16 14761446167.44 14773493949.43 14786293829.19 14799114861.02 14811567287.61 14824145781.39 
14836305944.38 14849193924.38 14861847383.64 14874275830.15 14886541250.72 14899211829.41 14911869448.58 14924514893.94 14936938772.70 14949459075.66 14961884789.87 14974467796.99 14986993035.71 14999857915.52 15012092345.16 15024636636.47 15037172023.51 15049744126.79 15062167638.05 15074477796.91 
15079990807.85 15100524247.65 15112796825.26 15125197831.12 15137717174.40 15150214927.83 15162812065.71 15175384344.59 15187745673.18 15200384088.28 15212778621.99 15225392795.74 15237890393.46 15250577208.68 15263034977.94 15275579641.94 15287896344.08 15300666168.08 15313267175.43 15325808154.74 
15337981100.12 15350856240.30 15363247012.46 15375977261.94 15388384741.75 15400589721.56 15413608403.44 15426171266.40 15438561364.55 15451181542.34 15463500612.59 15476595566.67 15488590718.79 15501379143.48 15513786174.94 15526362074.88 15538958223.87 15551580669.86 15563777475.48 15576635577.11 
15588423477.85 15601691223.59 15614211448.55 15626764132.09 15639255779.50 15651766193.82 15664370880.64 15676875593.09 15689129549.16 15701851326.37 15709887485.70 15727325416.04 15739670619.37 15752113484.29 15764758870.62 15777260036.83 15789726705.66 15802337527.88 15814862007.50 15827410489.48 
15839642690.68 15852578670.62 15865052065.74 15877408415.62 15889896005.57 15902626668.21 15915212177.75 15927797585.42 15940251530.49 15952843903.62 15965215538.32 15977882635.03 15990227720.91 16003380807.18 16015615253.49 16027683657.22 16040616825.01 16053237039.80 16065732586.53 16078282957.84 
16089326983.11 16103368578.66 16115731220.46 16128210340.88 16140921867.19 16153371533.27 16166244965.18 16178637021.06 16191010343.79 16203708880.42 16216031327.14 16228717561.79 16241233176.15 16253829919.35 16266017413.41 16278886402.35 16291191078.05 16303978891.48 16316501894.97 16329102884.97 
16339765534.96 16354211038.03 16366661866.26 16379169899.20 16391607472.47 16404277032.74 16416831027.02 16429393966.92 16441934151.81 16454446220.90 16466831397.04 16479529976.52 16491813389.40 16504661860.16 16517128999.51 16529626738.01 16542222977.14 16554713251.73 16567282400.02 16579870275.49 
16591664168.53 16604955910.08 16617356086.37 16629986791.74 16642490429.63 16654591825.52 16667533492.75 16680068244.22 16692292223.40 16705055987.30 16717331892.96 16729869517.93 16741902413.61 16751372558.62 16770113470.00 16781347469.17 16793519830.84 16806040610.22 16818486985.14 16831035463.05 
16843147626.23 16856053541.05 16868526895.42 16881111489.14 16893310781.29 16906053477.90 16918614999.76 16931260469.56 16943684325.28 16956288764.70 16967873702.26 16981387513.74 16993732612.90 17006573430.59 17018927982.22 17031472281.58 17044001663.05 17056459672.28 17069027322.81 17081697764.56 
17092693716.16 17106753406.45 17119236129.52 17131793303.24 17144336684.89 17156786327.43 17169437545.32 17181919767.25 17194305052.56 17207093656.55 17219422169.98 17232132380.57 17244605940.74 17257202726.41 17269690472.57 17279951644.71 17294575892.30 17307321640.34 17319916673.36 17332457674.05 
17344636581.11 17357655886.87 17370046683.89 17382632762.46 17394920194.58 17407793955.75 17420263842.44 17432796723.48 17445276940.99 17457921115.28 17470234174.17 17482854744.90 17495216183.00 17508064663.88 17520711959.82 17533023553.78 17545577707.55 17558176129.92 17570667200.01 17583164985.37 
17592067334.71 17608460799.41 17620921015.77 17633629828.40 17645935230.59 17658451730.04 17671056420.51 17683591119.50 17695875138.21 17708620934.77 17721052982.05 17733704684.44 17746416248.09 17758859071.96 17771354343.14 17783861536.72 17796322147.12 17809023066.64 17821541538.55 17834120037.41 
17846274199.13 17859017999.14 17871671514.16 17884184025.50 17896485483.59 17908841557.86 17921777654.70 17934302987.13 17946486641.78 17960093911.78 17972045189.49 17984682236.23 17997057337.15 18009736088.84 18022330776.15 18034718961.29 18047326423.88 18059862513.79 18072352070.78 18084872422.98 
18095988462.68 18110078126.95 18122560897.66 18135045993.93 18147511307.13 18160153158.47 18172690265.09 18185232511.54 18197629862.85 18210388391.81 18221952731.28 18235637323.72 18247858636.11 18260545478.87 18272853129.49 18285722057.91 18297900606.29 18310694447.41 18323211398.11 18335722358.56 
18347943362.65 18360890595.32 18373401434.20 18385915472.66 18398323012.13 18410908511.07 18423456539.21 18436229602.86 18448589671.24 18461155792.59 18473534913.95 18486269560.62 18498498943.02 18511287351.26 18523934615.62 18535965537.84 18548872422.65 18561518873.20 18573931921.71 18586669903.69 
18598373725.82 18611605411.75 18624155705.25 18636792454.80 18649290049.37 18661728438.76 18674339126.50 18686843874.80 18699127844.88 18711945710.54 18724305715.28 18737029452.47 18749458743.88 18762111806.39 18774637093.76 18787048149.94 18799484810.38 18812035560.74 18824475951.21 18836664116.80 
18840566826.74 18863273555.87 18875386594.75 18887827023.64 18900020362.99 18912739036.63 18925300529.91 18937825871.23 18950309827.72 18962908193.65 18975255821.53 18987916903.10 19000352044.48 19013018734.78 19025523441.06 19037983637.02 19050591119.72 19063145229.57 19075706821.81 19088407318.61 
19099325235.11 19113342801.02 19125855596.49 19138418797.22 19151046236.42 19163068798.88 19176002997.25 19188575247.98 19200984595.92 19213593035.47 19226101641.16 19238781884.58 19251291535.66 19263858179.78 19276406022.95 19288878666.95 19301165317.76 19313947117.58 19326386075.90 19339197200.38 
19351298094.44 19364365464.13 19376726171.56 19389318291.50 19401665781.47 19414215253.48 19426859308.30 19439392190.20 19451872344.72 19464450491.32 19476103063.94 19489324043.90 19501811680.79 19514630096.70 19527097212.61 19539408818.59 19552557533.92 19564891651.29 19577376750.31 19589934623.66 
19601734477.12 19615290457.85 19627510475.18 19640075152.58 19652554726.32 19664993145.09 19677681872.58 19690126522.54 19702500657.49 19715330482.88 19727666452.78 19740294161.46 19752981635.18 19765484556.22 19778009882.40 19790117668.08 19803007687.06 19815678567.88 19828191042.60 19841370082.64 
19852929763.27 19865817616.36 19878321045.21 19890839542.95 19903164969.17 19915925665.14 19928433166.96 19941078594.86 19953502467.68 19966082852.61 19978508522.35 19991241662.66 20003616835.16 20016271461.29 20028806163.25 20041260397.04 20053795743.94 20066307857.77 20078791422.02 20091101516.43 
20096599557.35 20117148033.78 20129420531.83 20141911659.47 20154340995.63 20166838649.52 20179375782.83 20191948057.03 20204369409.62 20217007853.89 20229402399.84 20242016532.19 20254604190.31 20267291085.27 20279598652.22 20292143364.64 20304520107.53 20317079669.20 20329890926.28 20341831367.24 
20354604844.49 20367479990.07 20380020977.31 20392540935.49 20404948477.05 20415318054.10 20430172073.40 20442734930.96 20455275196.86 20467805271.40 20480214436.44 20492919079.21 20505154423.67 20517942815.78 20530500067.55 20542925747.90 20555281748.84 20568294512.25 20580701440.15 20593259325.26 
20605047265.42 20618014663.95 20630835220.45 20643478000.40 20655879480.85 20668389939.27 20680934598.84 20692838719.49 20705843412.43 20718625231.47 20730257103.18 20743648903.92 20756084214.82 20768827310.84 20781322591.52 20793733689.76 20806290375.62 20818901238.52 20831485796.51 20844034228.99 
20856206442.54 20868902172.72 20881675804.16 20894122240.91 20906369674.89 20919040223.88 20931325481.08 20945412248.91 20957115456.03 20969617773.98 20981929387.01 20994656494.76 21007001556.70 21019644248.20 21032178909.94 21044292389.98 21057240651.99 21069800728.66 21082356381.12 21094756576.04 
21105950698.32 21119992340.85 21132505123.58 21145074268.22 21157395475.49 21170085389.52 21182658497.09 21195200739.07 21207634152.06 21220332599.77 21232655087.71 21245341320.20 21257646754.14 21270543733.65 21283031540.54 21295510138.08 21307814818.46 21320993009.08 21333125611.44 21345726647.69 
21356389306.62 21370834780.96 21383285604.33 21395883734.75 21408321288.58 21420900779.26 21433544918.91 21445957610.06 21458497848.77 21471069988.31 21483455125.20 21496153736.36 21508377136.75 21521075435.81 21532942023.13 21546640859.20 21558996798.18 21571577184.47 21584056284.24 21596493990.87 
21608378005.34 21621729812.11 21634129929.73 21646700645.47 21659114181.02 21671350668.25 21684247305.97 21696782090.75 21709156126.26 21721979959.71 21734346033.59 21747093750.60 21759517072.61 21771989941.73 21784725435.12 21797160505.75 21809633209.94 21822304040.80 21834810504.52 21847208882.18 
21859561202.41 21872377063.32 21885150697.93 21897525065.51 21909784461.05 21922527163.24 21935028588.18 21947674057.26 21960097983.73 21972612239.99 21980639019.26 21998011275.57 22010356357.81 22022987014.70 22035491697.72 22047945894.56 22060475289.53 22073023403.61 22085651092.01 22098171391.40 
22109257489.62 22123227000.52 22135859891.35 22148357021.26 22160810303.63 22173500186.92 22186001321.66 22198633587.32 22210928848.05 22223567341.16 22235985839.76 22248756122.24 22261169698.18 22273766391.87 22286254177.62 22298369548.93 22311049520.39 22323735223.73 22337141019.43 22349081421.12 
22361260363.27 22374129515.68 22386670410.44 22399196452.76 22411634078.73 22424207502.78 22436827592.32 22449360460.39 22461840637.77 22474394730.96 22486858016.82 22499478497.91 22511779925.14 22524478275.35 22537125520.16 22549647324.07 22562201522.47 22574739824.00 22587290930.88 22599788760.70 
22608646056.64 22625084545.94 22637544829.44 22650043393.61 22662559045.52 22675075512.21 22687620095.33 22700154836.44 22712438886.64 22725244669.78 22737676763.14 22750328491.99 22762829792.60 22775422788.18 22788068226.39 22800425212.98 22812885891.59 22825586790.23 22837564781.11 22850743763.59 
22862898018.01 22875791884.08 22888295279.95 22900747755.76 22913109229.76 22925465332.31 22938191226.39 22951016796.76 22963500738.13 22976117197.36 22988458787.28 23001306023.62 23013531057.77 23025999482.70 23038894495.79 23051282713.15 23063800030.01 23076426205.71 23088975894.71 23101496175.62 
23112552205.90 23126551778.99 23139034513.69 23151609685.67 23164135141.67 23176626764.97 23188803595.78 23201946372.29 23214253581.66 23226862021.17 23238531492.27 23251960785.51 23264572508.20 23277109229.65 23289566918.96 23302045563.25 23314374323.84 23326807758.84 23339835193.42 23352346125.07 
23364507085.35 23377364174.99 23389724985.09 23402329025.81 23414886740.94 23427472266.17 23440020240.85 23452793311.16 23465153437.14 23477779527.78 23490098639.89 23503193614.93 23515062632.24 23527700908.55 23540348275.51 23550637529.67 23565496205.54 23578082616.96 23590555649.70 23603143538.08 
23614937490.64 23628229165.83 23640629344.33 23653356200.00 23665763692.77 23678292149.58 23690902879.08 23703407527.12 23715691590.44 23728869737.13 23740929445.60 23753653194.67 23766172640.81 23778675480.13 23791200803.68 23803822098.06 23816198639.09 23828899513.46 23841400031.62 23854038514.88 
23864622380.56 23879146728.24 23891560013.71 23904090504.98 23916343942.85 23929212689.56 23941714145.16 23954539792.64 23966723439.90 23979081628.45 23991729566.26 24004390546.68 24016825769.78 24028981965.22 24042087150.44 24054547400.76 24067064840.52 24079708924.37 24092180498.69 24104730886.96 
24115798908.57 24129816488.52 24142329303.61 24154682267.04 24167369775.06 24179527477.47 24192716874.38 24204988841.27 24217458343.17 24230216814.93 24242515323.19 24254805159.18 24267705112.39 24280271805.11 24292819698.31 24305292263.66 24317638992.48 24330360787.73 24343009813.42 24355520745.68 
24367711796.99 24380538832.33 24393049747.82 24405731917.36 24418079414.36 24430688905.33 24443423148.00 24455805781.51 24468286020.27 24480924194.47 24492516664.90 24505947871.43 24518225336.72 24531043686.20 24543510860.43 24556032678.51 24568580805.28 24581305272.66 24593700356.28 24606258110.82 
24618058062.38 24631313767.01 24643834015.27 24656488769.63 24668878365.59 24681406779.60 24693945401.08 24706540200.07 24718764148.73 24731653999.92 24743930040.14 24756467525.51 24769095058.21 24781748091.73 24794123236.85 24806276098.82 24819121126.64 24831641795.26 24844214332.50 24856792870.74 
24868953022.03 24881840911.67 24894344396.67 24906802766.36 24919038180.06 24931738820.53 24944246280.59 24956741557.65 24969165531.64 24981655724.76 24993931318.19 25006514348.53 25018739317.10 25031183773.25 25043418269.85 25055482041.31 25067416940.05 25078968133.70 25089409829.75 25095714416.89 
end   dump: w
==END   DUMP_ARRAYS==
POLYGEIST_RAISED_GPU_E2E_MS 10.220031992
[jetson] elapsed_s 0.029

[jetson] exit code: 0
