[jetson] uname -a: Linux pva-compiler-orin-1.nvidia.com 6.8.12-1021-tegra #1 SMP PREEMPT Tue Jun 9 09:16:45 PDT 2026 aarch64 aarch64 aarch64 GNU/Linux
[jetson] nvcc version:
  (nvcc not found)
[jetson] accelerator status:
[N/A]

[jetson] running /tmp/polygeist_jetson_runs/gemver-native-cpu-correctness_20260908_110857/native-cpu-correctness run 1 ...
==BEGIN DUMP_ARRAYS==
begin dump: w
2089.91 62663889.76 68935571.28 79416422.95 90855558.67 102753252.10 114930260.87 127202569.11 139383803.30 151872303.94 164116755.68 176731096.07 189108527.22 201645389.83 214103120.19 226497726.62 238784368.70 251584351.64 264005202.26 276546297.26 
288719104.45 301594364.44 314135293.61 326745389.02 339002778.50 351207749.99 364226445.60 376639296.83 389179446.37 401919715.07 414118655.88 426733442.78 439058693.13 451847219.59 464404397.30 476830141.79 489396225.78 501898736.14 514515824.25 527073669.84 
538861364.51 552129346.66 564649507.61 577082282.49 589693812.31 602204273.97 614838986.07 627343797.47 639597599.69 652439602.71 664026223.61 677463324.21 689988625.58 702581710.75 714926881.97 727548101.04 740044706.89 752655644.12 765300126.87 777848646.73 
789960645.22 802866782.15 815340155.99 828026682.44 840184002.91 852944756.93 865530253.14 878115723.03 890569596.49 903582081.40 915533558.55 928170796.61 940665810.94 953398661.68 965633249.29 977956618.26 990904931.67 1003705130.67 1016020654.10 1028571072.15 
1039614666.06 1053656671.82 1066169472.13 1078678680.30 1091209886.81 1103689684.55 1116262875.02 1129405219.06 1141298408.65 1153997006.25 1166319349.53 1179305755.16 1191551280.79 1203847996.76 1216635849.92 1229024456.38 1241479078.64 1254297072.26 1266789990.43 1279240953.42 
1290038159.56 1304349148.01 1316949977.19 1329488107.53 1341925567.71 1354415066.60 1367149180.42 1379712097.53 1392102165.42 1404734428.60 1417119493.54 1429518110.78 1442131440.52 1454980036.61 1467447130.91 1479944929.39 1492511056.17 1505031449.84 1517720585.24 1530158451.11 
1541982089.33 1555244076.97 1567794349.26 1580305014.73 1592778592.14 1603081532.22 1618001692.55 1630686561.62 1642760425.73 1655194286.92 1667950299.54 1680608125.97 1693121352.77 1705594415.21 1718329730.58 1730764821.25 1743237479.35 1756058477.14 1768624889.60 1781023416.62 
1793165446.90 1806041515.32 1818514888.55 1831579540.25 1843448716.56 1856191515.86 1868783086.52 1881278420.05 1893702344.75 1906426815.25 1918011524.28 1931525567.86 1943870662.50 1956441342.27 1969546086.67 1981610311.75 1994139632.59 2006777901.14 2019315466.52 2031835826.70 
2042861427.26 2056891450.69 2069374166.16 2081961430.48 2094474742.34 2106954417.18 2119455628.73 2132387958.20 2144593143.17 2157081709.40 2169590169.03 2182270456.39 2194774059.10 2207370844.07 2220158620.11 2232018833.77 2244713859.27 2257639807.97 2270054769.20 2282595775.07 
2294774554.20 2307643921.81 2320784845.00 2332800839.76 2345238324.20 2357811897.65 2370281901.78 2382964843.51 2395445000.13 2408059131.28 2420372230.03 2433142953.02 2445384198.33 2458232781.32 2470729946.17 2483161647.80 2495715793.47 2508344265.23 2520805280.22 2533303206.07 
2542249499.61 2558598831.85 2571059113.10 2583647794.18 2596073297.72 2608589826.52 2621224524.43 2633909271.36 2646043164.34 2658909111.30 2671190985.64 2683992877.77 2696434161.15 2709027184.94 2721522478.17 2734029629.66 2746490195.59 2759191194.26 2771679666.86 2784258143.47 
2796412227.51 2809306264.29 2821209535.27 2834652264.45 2846773520.01 2859114603.79 2872095836.86 2884621244.32 2897105096.23 2909631568.57 2922063132.03 2934820270.38 2947195396.11 2959754136.24 2972348752.49 2984737038.37 2997464470.64 3010030619.57 3022490201.42 3035160605.16 
3046156166.05 3060216234.91 3072698968.85 3085364174.05 3097799482.83 3110291226.76 3122858368.26 3135400660.33 3147767955.68 3160376479.96 3168373800.13 3185775278.69 3198176754.97 3210713570.06 3223321379.88 3235709955.69 3248038627.98 3260862574.76 3273199486.30 3286010528.30 
3298111360.79 3311178645.64 3323539549.30 3336083620.72 3348491059.88 3361076649.90 3373624679.54 3386397608.91 3398757729.12 3411293940.21 3423702955.08 3436407708.11 3448666990.23 3461605490.99 3474102699.51 3486133528.78 3499160567.92 3511686999.86 3524220112.39 3536657917.38 
3548541642.17 3561893624.18 3574293827.27 3586810555.27 3599278112.06 3611596530.01 3625407377.64 3637312052.37 3649445894.20 3662233872.84 3674593818.72 3687317620.41 3699776936.64 3712429976.75 3724805183.09 3737336366.68 3749802994.75 3762503921.28 3775064427.94 3787552900.71 
3798271292.60 3812661015.20 3825224425.51 3837394915.82 3850008289.48 3862727026.58 3875318550.49 3887843979.07 3900627891.70 3913046303.08 3925393879.58 3938055079.30 3950490114.61 3963186903.45 3975691563.54 3988151768.24 4000879231.25 4013313404.12 4025844946.68 4038395332.37 
4049462970.86 4063630982.74 4075993702.26 4088586925.54 4101034187.89 4113191821.83 4126171165.04 4138743413.32 4151122734.28 4163731238.25 4176119659.35 4188769992.32 4201159539.30 4212976175.31 4227024203.34 4239196773.49 4251453346.61 4264265340.83 4276674267.50 4289485306.34 
4301466098.15 4314353411.39 4326864257.32 4339486364.47 4351833880.70 4364503389.35 4377027464.62 4389560361.37 4402190505.87 4414738696.84 4426285941.51 4439762413.84 4451979713.07 4465548398.52 4477415415.65 4489847193.73 4502395335.63 4514909721.48 4527514844.18 4540372772.90 
4551872377.59 4565128357.33 4577648648.85 4590093259.01 4602992868.75 4615311348.66 4627849995.05 4640444816.47 4652668683.82 4665468597.53 4677834570.53 4690582382.35 4702999665.09 4715652732.38 4728177992.59 4738401060.54 4753175770.26 4765846707.03 4778329099.98 4790907669.08 
4803067741.79 4816555867.94 4828459178.20 4841307814.47 4853303022.92 4866093768.50 4878751357.76 4891096681.49 4903670667.14 4916371091.08 4928646621.47 4941379825.19 4953754902.07 4966439639.52 4978974309.33 4991398566.77 5003933913.71 5016476134.44 5028929718.52 5041239999.62 
5046765814.40 5067285794.72 5079558481.26 5092079670.37 5104479005.91 5116976697.27 5129543875.72 5142116164.21 5154507410.80 5167146002.82 5179540451.97 5192304756.12 5204772311.54 5217309072.99 5229916841.62 5242311489.81 5254658142.37 5267548070.31 5280029003.94 5292570042.79 
5304742813.44 5317018052.99 5330159033.74 5342709111.64 5355116600.77 5367366529.66 5380340182.74 5392903102.48 5405293252.09 5418093416.79 5430382513.38 5443057184.94 5455322454.50 5468261054.70 5480668195.93 5493243933.88 5505720090.15 5518312510.76 5530839589.45 5543097429.23 
5555185174.89 5568453058.93 5580973338.69 5593496061.44 5605717533.90 5618828133.90 5631252791.47 5643757544.56 5656011413.19 5669063430.23 5680439982.15 5693937139.92 5706402458.70 5718995459.64 5731490766.69 5744021865.45 5756458497.36 5769069427.56 5781623928.25 5794022352.60 
5806374505.34 5819190552.56 5831963893.51 5844440510.17 5856657790.18 5869358511.21 5881944086.09 5894529505.93 5906983330.79 5919605806.23 5931947398.16 5944794576.07 5957139670.75 5969812412.55 5982347058.88 5994415420.66 6007228695.43 6019968870.63 6032494473.77 6045044872.20 
6056088452.07 6069980465.28 6082643261.56 6095242420.12 6107683720.16 6120253493.31 6132826629.42 6145368944.74 6157772246.50 6170470762.38 6182793206.82 6195479527.63 6207965050.55 6220561850.64 6233049622.74 6245498221.87 6257802883.62 6270560823.73 6282963747.05 6295114688.57 
6299033259.91 6321722983.31 6333873832.48 6346351880.16 6358639328.88 6371188902.16 6383712935.36 6396275816.29 6408815994.81 6421358170.81 6433743223.87 6446441912.26 6458695231.10 6471543733.95 6484010928.51 6496508685.23 6508984812.12 6521595240.06 6534194336.87 6546782205.19 
6558545899.17 6571717823.93 6584418077.25 6596868803.51 6609402375.03 6621518662.71 6634415510.02 6647100276.49 6659324159.97 6672118116.12 6684514070.50 6697231861.16 6709685163.69 6722158168.53 6734893477.24 6747328621.37 6759801253.19 6772472187.87 6784948665.60 6797497108.86 
6809729214.63 6822665281.82 6835138683.85 6847693234.36 6859922546.68 6872515246.32 6885496808.46 6897842215.85 6910416149.30 6922750502.15 6934590319.03 6947999309.77 6960494381.31 6973155135.48 6985659800.04 6998084030.80 7010763467.14 7023341637.90 7035789195.11 7048309591.29 
7059425215.50 7073515203.33 7085997990.08 7098525167.42 7110948461.03 7123518214.06 7136019393.39 7148651622.19 7161066976.34 7173705496.79 7186003924.40 7198294192.20 7211787862.81 7224084586.16 7236572349.38 7248642608.22 7261337605.44 7274203583.25 7286678534.99 7299369547.45 
7311398373.09 7324267648.00 7336808537.79 7349364608.38 7361802113.70 7374375618.93 7386995717.50 7399528604.75 7411858702.22 7424682938.83 7436996011.12 7449766688.02 7461947991.80 7474796543.28 7487293666.01 7499785429.97 7512339608.40 7524757988.02 7537429093.88 7549926952.60 
7558828255.30 7575222607.17 7587682843.97 7600211533.28 7612697112.64 7625213596.80 7637638242.36 7650323040.41 7662606951.51 7675532864.30 7687814828.28 7700466606.00 7712997902.95 7725590966.88 7738086273.07 7750443334.27 7763204012.21 7775754929.58 7788303393.40 7800731884.84 
7813036009.68 7825930011.35 7838433431.12 7851066005.41 7863247260.67 7873767487.52 7888659586.95 7901184954.80 7913668898.70 7926255310.24 7938626846.83 7951294067.55 7963819191.60 7976467888.77 7988912573.85 8001450830.33 8013938201.93 8026594382.61 8039113963.25 8051634311.80 
8062719984.53 8076689974.31 8089322738.06 8101927950.41 8114273221.86 8126764952.29 8139422128.78 8151814402.01 8164391700.59 8177000241.79 8188669405.73 8202098979.09 8214590571.00 8227127315.35 8239735125.88 8252183753.58 8264512420.29 8277276308.71 8289823288.80 8302334275.67 
8314525094.56 8327352402.45 8339863293.80 8352347321.43 8364604821.68 8376890294.29 8388238152.91 8407011998.03 8416371645.25 8428517722.65 8440716803.07 8453331455.40 8465530713.00 8478319269.99 8490816445.20 8502892270.21 8515784319.31 8528400786.06 8540993843.19 8553431706.87 
8565255411.44 8578517339.57 8591067598.93 8603674307.92 8616051820.54 8628610358.55 8641221009.07 8653725785.59 8666009686.58 8678857632.69 8691217546.89 8703941387.82 8716340678.62 8728993664.91 8741519007.44 8753960113.21 8766516743.32 8779217689.29 8791688166.01 8804176643.63 
8814895064.25 8829284777.93 8841848141.97 8854408740.77 8866632029.89 8879350762.30 8892332384.97 8904557725.85 8917041627.27 8929670061.48 8942017640.15 8954678798.65 8967113922.88 8979750666.49 8992105253.03 9004865556.95 9017352952.10 9030177151.37 9042618737.24 9055019094.56 
9066086686.07 9080104713.49 9092617496.84 9105150659.42 9117658014.88 9129800565.84 9142734866.52 9155007124.47 9167896457.52 9180504985.43 9192833440.50 9205543750.12 9218023284.75 9230590095.93 9243137889.36 9255610486.74 9267927128.48 9280979098.59 9293298005.93 9305809033.55 
9318029895.04 9330977150.90 9343488046.32 9356050120.13 9368397595.68 9380977154.84 9393591230.54 9406274120.39 9418604258.90 9431062409.84 9439125354.79 9456536206.38 9468693508.80 9481512020.16 9493979178.87 9506470939.18 9519019036.97 9531623522.25 9544138616.08 9556696438.38 
9568496165.15 9581752105.48 9594572388.41 9606807033.86 9619316618.83 9631875066.70 9644563820.13 9657008533.79 9669232433.72 9681792335.18 9694548326.84 9707206111.41 9719713429.87 9732216441.97 9744741707.57 9756894489.54 9769739550.58 9782410425.61 9795102952.28 9807531418.85 
9819691486.16 9832579530.66 9845082929.05 9857721473.18 9869926786.37 9882657536.22 9895315077.07 9907810490.54 9920384396.46 9932994827.53 9945270399.32 9958003590.79 9970378638.52 9983003396.98 9995538071.47 10008022288.46 10020557734.94 10033189895.26 10045553425.09 10057863785.75 
10063374575.16 10083909514.25 10096182265.23 10108643446.37 10121102726.33 10133600457.84 10146257626.28 10158529867.55 10171131210.25 10183919755.94 10196164184.45 10208928533.06 10221336051.54 10233872818.93 10246480605.02 10259025258.00 10271281860.82 10284111828.13 10296502778.08 10309193734.77 
10321366632.33 10334241904.01 10346782788.73 10359272863.52 10371830391.11 10383990248.31 10396903942.72 10409466843.56 10422006979.97 10434567186.25 10446946277.86 10459680934.53 10471886248.50 10484524719.59 10497381937.31 10509807687.56 10522343815.26 10534876222.51 10547463364.78 10560021235.20 
10571808889.02 10585076859.64 10597297055.46 10610209809.11 10622641362.37 10635151849.24 10647666504.18 10660321281.86 10672575200.71 10685387106.33 10697018776.90 10710410844.03 10722966187.54 10735559225.74 10748054493.01 10760495605.02 10772872254.53 10783982931.76 10798547649.98 10810946179.63 
10823088260.58 10835964270.22 10848437659.73 10861004233.61 10873281511.87 10886072309.65 10898657871.56 10911243235.07 10923697148.13 10936229554.01 10948661129.63 10961418328.54 10973763425.38 10986376128.43 10998910817.96 11009162014.56 11024002453.23 11036532627.91 11048968219.64 11061668583.27 
11072712233.16 11086754223.98 11099266949.41 11111806186.95 11124307488.83 11136817211.35 11149390405.42 11161932667.28 11174245933.15 11188444724.86 11199566978.66 11212253236.65 11224678835.85 11237275594.72 11249763378.70 11262272041.23 11274576647.54 11287424555.86 11300037565.56 11312488517.57 
11323165693.77 11337596676.16 11350197579.32 11362615590.23 11375053125.83 11387662662.25 11400276709.20 11412839613.35 11425229796.08 11436781753.70 11450367025.48 11463065717.10 11475258982.98 11487957522.08 11500574672.11 11513072439.99 11525608601.49 11538309022.29 11550668069.60 11563406005.18 
11575109701.45 11588341581.79 11600891907.72 11612532413.40 11626026082.31 11638127462.53 11651129289.91 11663664035.57 11675887959.91 11688741896.48 11701077822.02 11713705626.83 11726248954.82 11738721941.65 11751457292.31 11763892373.97 11776364997.33 11789035981.51 11801572416.63 11814120900.20 
11826293024.47 11838989013.00 11851762425.16 11864256997.22 11876546318.40 11889289012.76 11901910616.57 11914405994.55 11926979894.34 11939524329.79 11951154102.88 11964623080.60 11976968163.90 11989718915.98 12002223547.06 12014707863.73 12027237239.47 12039905387.26 12052413012.02 12064933338.00 
12075988983.22 12089988983.77 12102471742.79 12115539000.10 12127572275.24 12140082009.86 12152733149.16 12165215437.62 12177690720.53 12190329240.07 12202717728.23 12215368027.81 12227901561.42 12240798425.46 12252986166.84 12265101354.82 12277811430.69 12290617340.42 12303152310.56 12315693319.49 
12327872158.02 12340741401.97 12353282334.42 12365778376.89 12378215875.19 12390789456.37 12403409494.28 12415792318.96 12428422537.62 12440856661.43 12453319745.90 12466090488.50 12478211757.13 12490910250.90 12503407428.71 12515809162.72 12528213271.55 12540571703.14 12552552676.90 12563550291.83 
12560389541.05 12594846736.69 12605806751.48 12617825325.38 12630070900.24 12642437330.11 12654951999.67 12667486777.62 12679620649.91 12692306540.02 12704738566.04 12717540367.09 12729861634.18 12742604709.57 12754949934.10 12767457036.45 12779917727.12 12792618651.63 12805077093.96 12817655626.56 
12829809690.80 12842703709.04 12855207117.82 12867779688.11 12880020976.35 12892392099.15 12905373261.54 12917598603.06 12930382610.37 12943029000.72 12955340583.71 12968067788.45 12980442881.78 12993181590.91 13005626279.22 13018164482.96 13030711896.55 13042858028.42 13055887685.59 13068408044.76 
13079433681.45 13093463690.53 13105946416.36 13118491641.27 13131046932.32 13143538629.09 13156135881.32 13168678112.54 13181165438.41 13193773947.93 13205398086.30 13218872698.73 13231304277.45 13243991033.98 13256448811.82 13268957480.07 13281286088.64 13294140031.30 13306597003.22 13319408015.52 
13331388824.35 13344276128.32 13356787011.76 13369361047.01 13381768604.98 13394354118.85 13406902136.08 13419675086.87 13432035216.98 13444691401.70 13456980489.92 13469655132.04 13481944447.13 13494732992.95 13507230138.47 13519365991.44 13532258089.48 13545864615.12 13557467520.66 13570055446.73 
13581819119.76 13594991023.34 13607691358.78 13620088006.23 13632675570.30 13645174052.83 13657784756.27 13670439506.45 13682573424.06 13695331311.42 13707691286.46 13721615274.83 13733054375.71 13745557415.17 13758082719.19 13770583830.57 13783080476.48 13795781438.29 13808161849.06 13820800352.36 
13831503819.42 13845908510.95 13858321862.83 13870972472.67 13883255759.50 13895974451.59 13908596049.68 13921121433.81 13933605335.95 13946143791.88 13958491333.28 13969952303.66 13983887669.16 13996464361.24 14008969022.96 14021429281.48 14033976682.96 14046590841.58 14059092478.98 14071642804.54 
14082710431.51 14096728445.26 14109391208.74 14121864400.62 14134281718.57 14144565884.75 14159448610.42 14172020900.09 14184370176.93 14196978699.98 14209397182.31 14222167474.51 14234587023.67 14247153793.45 14259701556.82 14272174183.18 14284550895.17 14297392794.91 14309921768.66 14322432758.30 
14334593588.24 14347450848.89 14359811778.40 14374414096.76 14385261347.79 14397750887.80 14410304935.38 14422837802.79 14435317984.25 14447986184.50 14459533412.28 14473009922.19 14485257206.32 14498075746.67 14510692924.21 14523094643.59 14535642809.42 14548187219.41 14561062372.92 14573320168.88 
14585119932.20 14598375793.32 14610896063.61 14623520806.02 14635940356.53 14648438805.26 14660977491.08 14673872308.94 14685946158.53 14698716094.00 14711112034.08 14723829842.28 14736277191.83 14748930184.96 14761455485.66 14773503205.66 14786303211.20 14799124165.00 14811576639.66 14824155124.51 
14836315216.49 14849203293.75 14861856650.31 14874285200.40 14886550546.22 14899221234.82 14911878823.37 14924524209.60 14936948120.26 14949468495.46 14961894127.48 14974477272.59 14987002392.06 14999867160.97 15012101802.11 15024646034.99 15037181445.46 15049753582.16 15062177163.15 15074487514.28 
15079998296.59 15100533242.77 15112806003.30 15125207133.27 15137726436.86 15150224204.37 15162821356.92 15175393631.54 15187754963.80 15200393437.73 15212787912.62 15225402201.00 15237899775.34 15250586537.98 15263044351.32 15275588956.60 15287905620.67 15300675555.35 15313276499.34 15325817497.86 
15337990362.66 15350865609.68 15363256476.10 15375986602.92 15388394051.73 15400598964.42 15413617720.82 15426180586.56 15438570741.93 15451190917.11 15463509985.10 15476604693.34 15488599973.32 15501388494.74 15513795608.25 15526371426.12 15538967552.97 15551589994.66 15563787039.98 15576644923.05 
15588432656.06 15601700590.15 15614220812.30 15626773506.27 15639265134.82 15651775553.65 15664380249.51 15676885008.36 15689138898.23 15701860822.14 15709895680.03 15727334618.69 15739679912.90 15752122908.14 15764768197.84 15777269337.98 15789736006.64 15802346908.40 15814871382.06 15827419877.62 
15839651953.78 15852587994.97 15865061422.45 15877417929.94 15889905278.55 15902636006.09 15915221539.03 15927806932.59 15940260887.05 15952853278.40 15965224871.43 15977892043.09 15990237144.79 16003389904.06 16015624561.86 16027692888.12 16040626156.92 16053246369.10 16065741931.54 16078292315.03 
16089335978.60 16103377933.97 16115740691.14 16128219877.15 16140931219.70 16153380935.87 16166254175.35 16178646362.04 16191019679.43 16203718229.88 16216040671.79 16228726967.04 16241242544.53 16253839302.68 16266027043.41 16278895730.52 16291200377.15 16303988287.76 16316511286.41 16329112250.60 
16339774448.95 16354220384.89 16366671262.37 16379179339.23 16391616858.99 16404286379.62 16416840420.94 16429403363.61 16441943493.18 16454455640.70 16466840765.05 16479539395.84 16491822720.46 16504671242.93 16517138419.31 16529636134.27 16542232351.26 16554722720.60 16567291829.45 16579879688.95 
16591673409.77 16604965321.66 16617365585.19 16629996242.47 16642499852.48 16654601183.76 16667542983.18 16680077758.54 16692301694.04 16705065573.12 16717341508.87 16729879305.87 16741912526.55 16751385030.50 16770121275.47 16781356198.54 16793528780.63 16806049707.10 16818496134.58 16831044626.08 
16843156754.26 16856062752.85 16868536139.58 16881120719.82 16893319986.74 16906062739.24 16918624302.50 16931269713.18 16943693600.80 16956298049.43 16967882783.44 16981396786.74 16993741901.72 17006582626.51 17018937299.60 17031481540.53 17044010949.93 17056469078.12 17069036690.33 17081707054.22 
17092702680.14 17106762716.73 17119245465.14 17131802645.91 17144345969.86 17156795662.50 17169446854.54 17181929139.75 17194314410.71 17207102960.97 17219431465.11 17232141718.29 17244615273.10 17257212073.73 17269699841.44 17279960411.79 17294585146.37 17307331023.11 17319925997.26 17332467017.17 
17344645839.14 17357665143.68 17370056034.98 17382642098.94 17394929590.10 17407803158.56 17420273155.31 17432806061.64 17445286268.85 17457930422.52 17470243483.65 17482864164.22 17495225455.53 17508073988.12 17520721186.02 17533032896.02 17545587059.15 17558185495.25 17570676584.42 17583174421.35 
17592075759.55 17608470075.93 17620930334.50 17633639040.51 17645944563.40 17658461062.86 17671065762.37 17683600485.24 17695884415.24 17708630340.50 17721062300.82 17733714089.69 17746425469.58 17758868423.78 17771363710.89 17783870873.90 17796331488.61 17809032420.14 17821550890.60 17834129380.53 
17846283475.73 17859027481.07 17871680893.39 17884193445.28 17896494801.60 17908850845.75 17921787079.01 17934312442.36 17946496308.99 17960102836.33 17972054387.54 17984691531.74 17997066625.97 18009745406.33 18022340035.00 18034728278.77 18047335710.76 18059871861.11 18072361438.30 18084881825.19 
18095997449.17 18110087437.23 18122570233.27 18135055390.63 18147520704.65 18160162462.02 18172699628.34 18185241893.04 18197639221.00 18210397718.75 18221961870.15 18235646526.37 18247868022.49 18260554812.68 18272862619.92 18285731246.51 18297909860.36 18310703794.16 18323220744.53 18335731746.70 
18347952634.19 18360899919.67 18373410762.78 18385924840.65 18398332349.12 18410917871.46 18423465951.14 18436238859.99 18448599008.10 18461165167.37 18473544241.44 18486278912.41 18498508247.07 18511296752.04 18523943918.37 18535974791.25 18548881796.77 18561528225.02 18573941351.14 18586679204.60 
18598382922.05 18611614823.33 18624165091.51 18636801788.47 18649299359.67 18661737807.59 18674348499.87 18686853294.58 18699137175.94 18711955116.27 18724315088.07 18737038857.72 18749468176.98 18762121212.23 18774646493.03 18787057590.66 18799494273.43 18812045148.36 18824485595.90 18836674045.21 
18840573854.47 18863282339.95 18875395681.34 18887836204.80 18900029523.42 18912748270.95 18925309805.64 18937835177.88 18950319121.24 18962917500.90 18975265105.12 18987926266.14 19000361355.81 19013028083.78 19025532798.96 19037992999.52 19050600451.63 19063154608.40 19075716166.82 19088416563.24 
19099334212.60 19113352156.32 19125864954.62 19138428157.90 19151055476.37 19163078033.30 19176012369.50 19188584615.97 19200993931.56 19213602452.45 19226110913.78 19238791222.30 19251300841.00 19263867522.59 19276415342.30 19288887981.61 19301174616.86 19313956518.36 19326395534.87 19339206475.96 
19351307343.47 19364374675.93 19376735500.14 19389327600.96 19401675104.95 19414224627.37 19426868661.70 19439401568.89 19451881713.09 19464459888.61 19476112207.03 19489333598.29 19501820993.85 19514639483.97 19527106636.91 19539418358.92 19552566637.90 19564900967.09 19577386089.70 19589943969.59 
19601743646.33 19615299599.30 19627519838.93 19640084517.76 19652564081.64 19665002558.94 19677691232.45 19690135973.83 19702509952.53 19715339843.59 19727675798.56 19740303611.73 19752990919.70 19765493926.04 19778019245.64 19790126924.30 19803017001.54 19815687916.88 19828200394.64 19841378975.54 
19852939035.37 19865826985.74 19878330424.44 19890848958.22 19903174264.66 19915935003.02 19928442586.77 19941087955.54 19953511860.26 19966092272.41 19978517859.97 19991251025.71 20003626191.51 20016280864.32 20028815552.66 20041269795.55 20053805165.89 20066317358.16 20078800947.12 20091111233.80 
20096607057.34 20117157028.90 20129429709.86 20141920894.08 20154350258.09 20166847926.05 20179385119.06 20191957389.00 20204378700.24 20217017203.34 20229411690.47 20242025937.44 20254613504.65 20267300347.04 20279608070.62 20292152724.32 20304529384.11 20317089214.05 20329900250.18 20341841160.59 
20354614107.02 20367489359.45 20380030328.40 20392550321.50 20404957832.05 20415326838.76 20430181435.80 20442744296.14 20455284506.70 20467814646.18 20480223741.41 20492928431.00 20505163723.22 20517952212.06 20530509433.33 20542935144.16 20555291303.04 20568303769.52 20580710779.53 20593268671.20 
20605056443.63 20618024255.63 20630844584.21 20643487307.05 20655888836.17 20668399299.09 20680944012.73 20692848630.00 20705852693.97 20718634614.68 20730266247.67 20743658331.68 20756093665.92 20768836667.15 20781331963.76 20793743103.48 20806299721.62 20818910664.06 20831495171.07 20844043617.13 
20856215750.66 20868911722.19 20881685160.88 20894131687.69 20906379060.43 20919049719.34 20931335225.04 20945420853.21 20957124632.50 20969627036.20 20981938652.59 20994665790.27 21007010868.03 21019653615.21 21032188263.34 21044301632.14 21057249983.90 21069810102.98 21082365726.13 21094766045.79 
21105959693.81 21120001696.16 21132514481.70 21145083624.40 21157404940.55 21170094724.59 21182667864.84 21195210125.08 21207643487.70 21220341949.22 21232664432.36 21245350725.45 21257656280.10 21270553049.45 21283040877.90 21295519466.25 21307824117.56 21321002112.70 21333135002.88 21345736013.33 
21356398220.60 21370844127.82 21383295000.44 21395893107.25 21408330607.56 21420910126.15 21433554245.29 21445967051.78 21458507235.16 21471079408.11 21483464493.21 21496163155.68 21508386512.84 21521084976.16 21532952050.74 21546649962.82 21559006059.74 21571586473.25 21584065601.11 21596503404.34 
21608387179.05 21621739111.14 21634139315.99 21646710028.66 21659123603.87 21671359925.18 21684256728.87 21696791537.53 21709165416.81 21721989320.42 21734355356.86 21747103088.32 21759526442.67 21771999419.61 21784734748.84 21797169842.93 21809642542.43 21822313407.81 21834819879.08 21847218382.88 
21859570488.02 21872386500.23 21885159942.09 21897534453.76 21909793779.06 21922536537.13 21935038048.51 21947683458.46 21960107416.82 21972621749.83 21980647234.69 21998020548.57 22010365646.63 22022996368.20 22035501060.12 22047955266.06 22060484688.97 22073032854.48 22085660459.54 22098180793.61 
22109266498.62 22123236423.36 22135869226.96 22148366408.96 22160819701.16 22173509454.45 22186010675.90 22198642892.29 22210938206.20 22223576758.15 22235995179.91 22248765459.95 22261179075.56 22273775784.21 22286263591.52 22298378850.18 22311058887.02 22323744764.08 22337149893.11 22349090764.24 
22361269621.31 22374138885.06 22386679761.53 22399205834.26 22411643406.72 22424216863.17 22436836950.22 22449369843.58 22461850010.65 22474404150.76 22486867326.30 22499487917.23 22511789242.69 22524487757.17 22537134903.95 22549656666.31 22562210874.08 22574749234.35 22587300315.28 22599798196.68 
22608654515.24 22625093822.45 22637554148.17 22650052763.30 22662568378.32 22675084845.02 22687629482.21 22700164247.20 22712448208.70 22725254075.51 22737686081.90 22750337897.24 22762839171.66 22775432185.02 22788077526.60 22800434595.18 22812895278.11 22825596188.76 22837574583.38 22850753106.72 
22862907294.62 22875801253.45 22888304659.18 22900757220.56 22913118547.77 22925474620.19 22938200808.27 22951026184.46 22963510112.69 22976126572.14 22988468142.91 23001315319.12 23013540459.14 23026009070.32 23038903799.66 23051292075.65 23063809429.45 23076435598.05 23088985262.23 23101505577.84 
23112561237.41 23126561201.83 23139043961.86 23151619127.39 23164144539.20 23176636181.07 23188813341.72 23201955686.26 23214262939.81 23226871460.67 23238540664.90 23251970213.27 23264581827.05 23277118608.48 23289576341.86 23302054976.96 23314383690.47 23326817488.28 23339844539.84 23352355513.21 
23364516401.91 23377373611.90 23389734538.78 23402338551.38 23414896122.96 23427481671.58 23440029697.80 23452802613.31 23465162819.02 23477788902.56 23490108012.40 23503202741.60 23515071981.31 23527710466.90 23540357735.83 23550646367.09 23565505579.66 23578092013.80 23590565079.12 23603152951.55 
23614946731.89 23628238577.42 23640638843.14 23653365578.69 23665773115.62 23678301563.43 23690912297.47 23703416991.92 23715700966.52 23728878917.74 23740938818.40 23753662599.93 23766182006.38 23778684930.99 23791210247.97 23803831426.23 23816208034.61 23828908920.99 23841409451.19 23854047880.51 
23864631353.64 23879156075.11 23891569437.96 23904099956.27 23916353328.39 23929222036.44 23941723578.47 23954549031.76 23966732891.01 23979091273.36 23991738962.41 24004400022.27 24016835193.67 24028991809.47 24042096553.36 24054556808.28 24067074284.98 24079718348.22 24092189956.25 24104740356.70 
24115807998.61 24129825956.38 24142338774.29 24154691897.85 24167379240.13 24179536835.70 24192726179.10 24204998366.84 24217467791.37 24230226231.92 24242524753.39 24254814947.13 24267714575.31 24280281305.50 24292829175.24 24305301735.90 24317648404.13 24330370346.08 24343019272.40 24355530246.38 
24367721203.60 24380548381.79 24393059301.51 24405741384.41 24418088895.42 24430698391.79 24443432546.42 24455815317.78 24468295546.22 24480933704.32 24492525965.56 24505957425.82 24518234807.35 24531053231.05 24543520442.32 24556042218.85 24568590359.49 24581314746.03 24593709920.78 24606267681.87 
24618067456.70 24631323358.69 24643843604.13 24656498292.39 24668887946.02 24681416351.03 24693955031.08 24706549808.94 24718773713.91 24731663585.74 24743939656.05 24756477313.45 24769104725.42 24781757731.69 24794132982.78 24806285703.97 24819130823.82 24831651639.51 24844224134.77 24856802664.09 
24868962744.36 24881850731.27 24894354226.13 24906812676.88 24919048038.34 24931748766.21 24944256308.19 24956751638.69 24969175644.57 24981665932.45 24993941556.26 25006524724.58 25018749799.01 25031194459.42 25043429167.51 25055493240.73 25067428613.12 25078980605.58 25089423857.10 25095733138.76 
end   dump: w
==END   DUMP_ARRAYS==
[jetson] elapsed_s 0.039

[jetson] exit code: 0
