[polygeist] keeping workdir: /tmp/polybench-publication-orin/atax/raised-correctness-work
[polygeist] input=tools/cgeist/Test/polybench/linear-algebra/kernels/atax/atax.c  function=kernel_atax  target=jetson  output=/tmp/polybench-publication-orin/atax/raised-correctness
[polygeist] harness=/tmp/polybench-publication-orin/atax/raised_harness.c
[polygeist] gcc passthrough: -O3 -DCORRECTNESS_RUN -Itools/cgeist/Test/polybench/utilities -Itools/cgeist/Test/polybench/linear-algebra/kernels/atax -DLARGE_DATASET -DDATA_TYPE_IS_DOUBLE -DPOLYBENCH_USE_C99_PROTO
  [1-4/9] reuse stored semantic MLIR: issues/polybench_section42/ir/atax/matched.mlir
  [5/9] polygeist-opt: lower-kernel-launch-to-cublas (kernel.launch → func.call)
         emitted 12 func.call to runtime shim
  [6/9] mlir-opt → LLVM dialect → llvm-translate → kernel.ll
  [7/9] prepare ABI bridge for kernel_atax
  [8/9] compile kernel.ll + wrapper + harness + runtime shim (target=jetson)
         + minimal cuBLAS/CUDA runtime linkage
warning: overriding the module target triple with aarch64-unknown-linux-gnu [-Woverride-module]
1 warning generated.
/home/arjaiswal/Polygeist/runtime/polygeist_cublas_rt_cuda.c: In function ‘polygeist_cudnn_batchnorm_inference’:
/home/arjaiswal/Polygeist/runtime/polygeist_cublas_rt_cuda.c:7259:34: warning: passing argument 1 of ‘pointer_is_device_resident’ discards ‘const’ qualifier from pointer target type [-Wdiscarded-qualifiers]
 7259 |   if (pointer_is_device_resident(inv_std, &inv_std_device)) {
      |                                  ^~~~~~~
/home/arjaiswal/Polygeist/runtime/polygeist_cublas_rt_cuda.c:851:45: note: expected ‘void *’ but argument is of type ‘const float *’
  851 | static int pointer_is_device_resident(void *ptr, void **device_ptr) {
      |                                       ~~~~~~^~~
  [9/9] link → /tmp/polybench-publication-orin/atax/raised-correctness

═══ build complete ═══
/tmp/polybench-publication-orin/atax/raised-correctness: ELF 64-bit LSB pie executable, ARM aarch64, version 1 (SYSV), dynamically linked, interpreter /lib/ld-linux-aarch64.so.1, BuildID[sha1]=76c0063f1f570d37c68d81ffe005bdf89ca81f01, for GNU/Linux 3.7.0, not stripped
