[polygeist] keeping workdir: /tmp/polybench-publication-orin/gemm/raised-cpu-correctness-work
[polygeist] input=tools/cgeist/Test/polybench/linear-algebra/blas/gemm/gemm.c  function=kernel_gemm  target=jetson-cpu  output=/tmp/polybench-publication-orin/gemm/raised-cpu-correctness
[polygeist] integration=whole-program-in-place
[polygeist] gcc passthrough: -O3 -Itools/cgeist/Test/polybench/utilities -Itools/cgeist/Test/polybench/linear-algebra/blas/gemm -DLARGE_DATASET -DDATA_TYPE_IS_DOUBLE -DPOLYBENCH_DUMP_ARRAYS
  [1/9] cgeist → affine MLIR
  [2/9] polygeist-opt: raise + lower-submap + debufferize
         using joint multi-root debufferization
  [3/9] matcher: linalg.generic → kernel.launch
         matched 1 kernel.launch op(s)
  [4/9] inject canonical defns from kernel_library_phase2.mlir
  [5/9] polygeist-opt: lower-kernel-launch-to-cublas (kernel.launch → func.call)
         emitted 1 func.call to runtime shim
  [6/9] mlir-opt → LLVM dialect → llvm-translate → kernel.ll
  [7/9] prepare ABI bridge for kernel_gemm
  [8/9] compile kernel.ll + wrapper + harness + runtime shim (target=jetson-cpu)
         + optimized AArch64 CPU CBLAS runtime enabled
warning: overriding the module target triple with aarch64-unknown-linux-gnu [-Woverride-module]
1 warning generated.
         + polybench utility from tools/cgeist/Test/polybench/utilities/polybench.c
  [9/9] link → /tmp/polybench-publication-orin/gemm/raised-cpu-correctness

═══ build complete ═══
/tmp/polybench-publication-orin/gemm/raised-cpu-correctness: ELF 64-bit LSB pie executable, ARM aarch64, version 1 (SYSV), dynamically linked, interpreter /lib/ld-linux-aarch64.so.1, BuildID[sha1]=6384470f526f6c8373e2e73f7ec9e0e998876157, for GNU/Linux 3.7.0, not stripped
