[jetson] uname -a: Linux pva-compiler-orin-1.nvidia.com 6.8.12-1021-tegra #1 SMP PREEMPT Tue Jun 9 09:16:45 PDT 2026 aarch64 aarch64 aarch64 GNU/Linux
[jetson] nvcc version:
  (nvcc not found)
[jetson] accelerator status:
[N/A]

[jetson] running /tmp/polygeist_jetson_runs/syr2k-native-cpu-timing_20260908_111102/native-cpu-timing run 1 ...
POLYGEIST_BENCHMARK_ITERATION phase=warmup index=0 total=10
2.984384
POLYGEIST_BENCHMARK_ITERATION phase=warmup index=1 total=10
3.014171
POLYGEIST_BENCHMARK_ITERATION phase=warmup index=2 total=10
3.058945
POLYGEIST_BENCHMARK_ITERATION phase=warmup index=3 total=10
3.019483
POLYGEIST_BENCHMARK_ITERATION phase=warmup index=4 total=10
3.015529
POLYGEIST_BENCHMARK_ITERATION phase=sample index=0 total=10
3.010516
POLYGEIST_BENCHMARK_ITERATION phase=sample index=1 total=10
2.987431
POLYGEIST_BENCHMARK_ITERATION phase=sample index=2 total=10
3.018011
POLYGEIST_BENCHMARK_ITERATION phase=sample index=3 total=10
3.017808
POLYGEIST_BENCHMARK_ITERATION phase=sample index=4 total=10
3.029599

[jetson] exit code: 0
[jetson] elapsed_s 30.370
