[jetson] uname -a: Linux pva-compiler-orin-1.nvidia.com 6.8.12-1021-tegra #1 SMP PREEMPT Tue Jun 9 09:16:45 PDT 2026 aarch64 aarch64 aarch64 GNU/Linux
[jetson] nvcc version:
  (nvcc not found)
[jetson] accelerator status:
[N/A]

[jetson] running /tmp/polygeist_jetson_runs/covariance-native-cpu-timing_20260908_105018/native-cpu-timing run 1 ...
POLYGEIST_BENCHMARK_ITERATION phase=warmup index=0 total=10
6.156499
POLYGEIST_BENCHMARK_ITERATION phase=warmup index=1 total=10
6.405006
POLYGEIST_BENCHMARK_ITERATION phase=warmup index=2 total=10
6.400462
POLYGEIST_BENCHMARK_ITERATION phase=warmup index=3 total=10
6.403591
POLYGEIST_BENCHMARK_ITERATION phase=warmup index=4 total=10
6.405185
POLYGEIST_BENCHMARK_ITERATION phase=sample index=0 total=10
6.405020
POLYGEIST_BENCHMARK_ITERATION phase=sample index=1 total=10
6.405823
POLYGEIST_BENCHMARK_ITERATION phase=sample index=2 total=10
6.404684
POLYGEIST_BENCHMARK_ITERATION phase=sample index=3 total=10
6.405555
POLYGEIST_BENCHMARK_ITERATION phase=sample index=4 total=10
6.408396

[jetson] exit code: 0
[jetson] elapsed_s 63.887
