[jetson] uname -a: Linux pva-compiler-orin-1.nvidia.com 6.8.12-1021-tegra #1 SMP PREEMPT Tue Jun 9 09:16:45 PDT 2026 aarch64 aarch64 aarch64 GNU/Linux
[jetson] nvcc version:
  (nvcc not found)
[jetson] accelerator status:
[N/A]

[jetson] running /tmp/polygeist_jetson_runs/atax-raised-openblas-correctness_20260908_102129/raised-openblas-correctness run 1 ...
==BEGIN DUMP_ARRAYS==
begin dump: y
64871.34 64940.33 65009.33 65078.32 65147.31 65216.30 65285.29 65354.29 65423.28 65492.27 65561.26 65630.25 65699.25 65768.24 65837.23 65906.22 65975.21 66044.21 66113.20 66182.19 
66251.18 66320.17 66389.17 66458.16 66527.15 66596.14 66665.13 66734.12 66803.12 66872.11 66941.10 67010.09 67079.08 67148.08 67217.07 67286.06 67355.05 67424.04 67493.04 67562.03 
67631.02 67700.01 67769.00 67838.00 67906.99 67975.98 68044.97 68113.96 68182.96 68251.95 68320.94 68389.93 68458.92 68527.92 68596.91 68665.90 68734.89 68803.88 68872.87 68941.87 
69010.86 69079.85 69148.84 69217.83 69286.83 69355.82 69424.81 69493.80 69562.79 69631.79 69700.78 69769.77 69838.76 69907.75 69976.75 70045.74 70114.73 70183.72 70252.71 70321.71 
70390.70 70459.69 70528.68 70597.67 70666.67 70735.66 70804.65 70873.64 70942.63 71011.62 71080.62 71149.61 71218.60 71287.59 71356.58 71425.58 71494.57 71563.56 71632.55 71701.54 
71770.54 71839.53 71908.52 71977.51 72046.50 72115.50 72184.49 72253.48 72322.47 72391.46 72460.46 72529.45 72598.44 72667.43 72736.42 72805.42 72874.41 72943.40 73012.39 73081.38 
73150.37 73219.37 73288.36 73357.35 73426.34 73495.33 73564.33 73633.32 73702.31 73771.30 73840.29 73909.29 73978.28 74047.27 74116.26 74185.25 74254.25 74323.24 74392.23 74461.22 
74530.21 74599.21 74668.20 74737.19 74806.18 74875.17 74944.17 75013.16 75082.15 75151.14 75220.13 75289.12 75358.12 75427.11 75496.10 75565.09 75634.08 75703.08 75772.07 75841.06 
75910.05 75979.04 76048.04 76117.03 76186.02 76255.01 76324.00 76393.00 76461.99 76530.98 76599.97 76668.96 76737.96 76806.95 76875.94 76944.93 77013.92 77082.92 77151.91 77220.90 
77289.89 77358.88 77427.87 77496.87 77565.86 77634.85 77703.84 77772.83 77841.83 77910.82 77979.81 78048.80 78117.79 78186.79 78255.78 78324.77 78393.76 78462.75 78531.75 78600.74 
78669.73 78657.70 78645.69 78633.70 78621.72 78609.77 78597.84 78585.93 78574.03 78562.16 78550.31 78538.47 78526.66 78514.86 78503.09 78491.33 78479.59 78467.87 78456.18 78444.50 
78432.84 78421.20 78409.58 78397.97 78386.39 78374.83 78363.28 78351.76 78340.25 78328.77 78317.30 78305.85 78294.42 78283.01 78271.62 78260.24 78248.89 78237.56 78226.24 78214.94 
78203.67 78192.41 78181.17 78169.94 78158.74 78147.56 78136.39 78125.24 78114.12 78103.01 78091.92 78080.84 78069.79 78058.76 78047.74 78036.74 78025.76 78014.80 78003.86 77992.93 
77982.03 77971.14 77960.27 77949.42 77938.59 77927.77 77916.98 77906.20 77895.44 77884.70 77873.98 77863.27 77852.58 77841.92 77831.27 77820.63 77810.02 77799.42 77788.84 77778.28 
77767.74 77757.21 77746.71 77736.22 77725.75 77715.29 77704.86 77694.44 77684.04 77673.66 77663.29 77652.94 77642.62 77632.30 77622.01 77611.73 77601.47 77591.23 77581.01 77570.80 
77560.61 77550.44 77540.29 77530.15 77520.03 77509.93 77499.84 77489.78 77479.73 77469.69 77459.68 77449.68 77439.70 77429.73 77419.79 77409.86 77399.94 77390.05 77380.17 77370.31 
77360.46 77350.63 77340.82 77331.03 77321.25 77311.49 77301.75 77292.02 77282.31 77272.62 77262.94 77253.28 77243.64 77234.02 77224.41 77214.81 77205.24 77195.68 77186.14 77176.61 
77167.10 77157.61 77148.13 77138.67 77129.23 77119.80 77110.39 77100.99 77091.62 77082.25 77072.91 77063.58 77054.26 77044.97 77035.69 77026.42 77017.17 77007.94 76998.73 76989.53 
76980.34 76971.17 76962.02 76952.89 76943.77 76934.66 76925.58 76916.50 76907.45 76898.41 76889.38 76880.37 76871.38 76862.40 76853.44 76844.50 76835.57 76826.65 76817.75 76808.87 
76800.00 76791.15 76782.31 76773.49 76764.69 76755.90 76747.12 76738.37 76729.62 76720.89 76712.18 76703.48 76694.80 76686.13 76677.48 76668.85 76660.23 76651.62 76643.03 76634.45 
76625.89 76617.35 76608.82 76600.30 76591.80 76583.32 76574.85 76566.39 76557.95 76549.53 76541.12 76532.72 76524.34 76515.98 76507.63 76499.29 76490.97 76482.66 76474.37 76466.09 
76457.83 76449.58 76441.35 76433.13 76424.93 76416.74 76408.56 76400.40 76392.26 76384.12 76376.01 76367.90 76359.82 76351.74 76343.68 76335.64 76327.61 76319.59 76311.59 76303.60 
76295.63 76287.67 76279.72 76271.79 76263.87 76255.97 76248.08 76240.20 76232.34 76224.50 76216.66 76208.84 76201.04 76193.25 76185.47 76177.71 76169.96 76162.22 76154.50 76146.79 
76139.09 76131.41 76123.75 76116.09 76108.45 76100.83 76093.21 76085.61 76078.03 76070.46 76062.90 76055.35 76047.82 76040.30 76032.80 76025.31 76017.83 76010.36 76002.91 75995.47 
75988.05 75980.64 75973.24 75965.85 75958.48 75951.12 75943.78 75936.45 75929.13 75921.82 75914.53 75907.25 75899.98 75892.72 75885.48 75878.25 75871.04 75863.84 75856.65 75849.47 
75842.31 75835.15 75828.02 75820.89 75813.78 75806.68 75799.59 75792.51 75785.45 75778.40 75771.36 75764.34 75757.33 75750.33 75743.34 75736.36 75729.40 75722.45 75715.51 75708.59 
75701.68 75694.78 75687.89 75681.01 75674.15 75667.30 75660.46 75653.63 75646.81 75640.01 75633.22 75626.44 75619.68 75612.92 75606.18 75599.45 75592.73 75586.02 75579.33 75572.65 
75565.97 75559.32 75552.67 75546.03 75539.41 75532.80 75526.20 75519.61 75513.03 75506.47 75499.91 75493.37 75486.84 75480.32 75473.82 75467.32 75460.84 75454.36 75447.90 75441.45 
75435.02 75428.59 75422.17 75415.77 75409.38 75402.99 75396.62 75390.27 75383.92 75377.58 75371.26 75364.94 75358.64 75352.35 75346.07 75339.80 75333.54 75327.29 75321.05 75314.83 
75308.61 75302.41 75296.22 75290.03 75283.86 75277.70 75271.55 75265.41 75259.28 75253.17 75247.06 75240.96 75234.88 75228.81 75222.74 75216.69 75210.64 75204.61 75198.59 75192.58 
75186.58 75180.59 75174.61 75168.64 75162.68 75156.73 75150.79 75144.87 75138.95 75133.04 75127.14 75121.26 75115.38 75109.51 75103.66 75097.81 75091.97 75086.15 75080.33 75074.53 
75068.73 75062.94 75057.17 75051.40 75045.64 75039.90 75034.16 75028.44 75022.72 75017.01 75011.32 75005.63 74999.95 74994.28 74988.62 74982.98 74977.34 74971.71 74966.09 74960.48 
74954.88 74949.29 74943.70 74938.13 74932.57 74927.02 74921.47 74915.94 74910.41 74904.90 74899.39 74893.90 74888.41 74882.93 74877.46 74872.00 74866.55 74861.11 74855.67 74850.25 
74844.84 74839.43 74834.03 74828.65 74823.27 74817.90 74812.54 74807.19 74801.85 74796.51 74791.19 74785.87 74780.56 74775.27 74769.98 74764.70 74759.42 74754.16 74748.90 74743.66 
74738.42 74733.19 74727.97 74722.76 74717.56 74712.36 74707.18 74702.00 74696.83 74691.67 74686.51 74681.37 74676.23 74671.11 74665.99 74660.88 74655.77 74650.68 74645.59 74640.51 
74635.44 74630.38 74625.33 74620.28 74615.25 74610.22 74605.19 74600.18 74595.18 74590.18 74585.19 74580.21 74575.23 74570.27 74565.31 74560.36 74555.41 74550.48 74545.55 74540.63 
74535.72 74530.82 74525.92 74521.03 74516.15 74511.28 74506.41 74501.55 74496.70 74491.86 74487.02 74482.19 74477.37 74472.56 74467.75 74462.95 74458.16 74453.38 74448.60 74443.83 
74439.07 74434.31 74429.56 74424.82 74420.09 74415.36 74410.64 74405.93 74401.22 74396.52 74391.83 74387.14 74382.47 74377.79 74373.13 74368.47 74363.82 74359.18 74354.54 74349.91 
74345.29 74340.67 74336.06 74331.46 74326.86 74322.27 74317.69 74313.11 74308.54 74303.98 74299.42 74294.87 74290.33 74285.79 74281.26 74276.74 74272.22 74267.71 74263.20 74258.70 
74254.21 74249.72 74245.24 74240.77 74236.30 74231.84 74227.38 74222.93 74218.49 74214.05 74209.62 74205.19 74200.78 74196.36 74191.95 74187.55 74183.16 74178.77 74174.38 74170.01 
74165.64 74161.27 74156.91 74152.55 74148.21 74143.86 74139.52 74135.19 74130.87 74126.55 74122.23 74117.92 74113.62 74109.32 74105.03 74100.74 74096.46 74092.18 74087.91 74083.64 
74079.38 74075.13 74070.88 74066.64 74062.40 74058.16 74053.93 74049.71 74045.49 74041.28 74037.07 74032.87 74028.67 74024.48 74020.29 74016.11 74011.93 74007.76 74003.59 73999.43 
73995.27 73991.12 73986.97 73982.83 73978.69 73974.55 73970.42 73966.30 73962.18 73958.07 73953.96 73949.85 73945.75 73941.65 73937.56 73933.47 73929.39 73925.31 73921.24 73917.17 
73913.10 73909.04 73904.99 73900.94 73896.89 73892.85 73888.81 73884.77 73880.74 73876.72 73872.70 73868.68 73864.66 73860.66 73856.65 73852.65 73848.65 73844.66 73840.67 73836.68 
73832.70 73828.73 73824.75 73820.78 73816.82 73812.86 73808.90 73804.95 73801.00 73797.05 73793.11 73789.17 73785.23 73781.30 73777.37 73773.45 73769.53 73765.61 73761.70 73757.79 
73753.88 73749.98 73746.08 73742.18 73738.29 73734.40 73730.51 73726.63 73722.75 73718.88 73715.00 73711.13 73707.27 73703.40 73699.54 73695.69 73691.83 73687.98 73684.13 73680.29 
73676.45 73672.61 73668.77 73664.94 73661.11 73657.29 73653.46 73649.64 73645.82 73642.01 73638.20 73634.39 73630.58 73626.78 73622.97 73619.18 73615.38 73611.59 73607.80 73604.01 
73600.22 73596.44 73592.66 73588.88 73585.11 73581.33 73577.56 73573.79 73570.03 73566.26 73562.50 73558.74 73554.99 73551.23 73547.48 73543.73 73539.98 73536.24 73532.49 73528.75 
73525.01 73521.28 73517.54 73513.81 73510.08 73506.35 73502.62 73498.90 73495.18 73491.45 73487.74 73484.02 73480.30 73476.59 73472.88 73469.17 73465.46 73461.75 73458.05 73454.34 
73450.64 73446.94 73443.24 73439.54 73435.85 73432.16 73428.46 73424.77 73421.08 73417.39 73413.71 73410.02 73406.34 73402.66 73398.97 73395.29 73391.62 73387.94 73384.26 73380.59 
73376.91 73373.24 73369.57 73365.90 73362.23 73358.56 73354.89 73351.23 73347.56 73343.90 73340.23 73336.57 73332.91 73329.25 73325.59 73321.93 73318.27 73314.61 73310.96 73307.30 
73303.65 73299.99 73296.34 73292.68 73289.03 73285.38 73281.73 73278.08 73274.43 73270.78 73267.13 73263.48 73259.83 73256.18 73252.53 73248.89 73245.24 73241.59 73237.95 73234.30 
73230.65 73227.01 73223.36 73219.72 73216.07 73212.43 73208.78 73205.14 73201.49 73197.85 73194.20 73190.56 73186.91 73183.27 73179.62 73175.98 73172.33 73168.69 73165.04 73161.40 
73157.75 73154.10 73150.46 73146.81 73143.16 73139.52 73135.87 73132.22 73128.57 73124.92 73121.27 73117.62 73113.97 73110.32 73106.67 73103.02 73099.37 73095.71 73092.06 73088.40 
73084.75 73081.09 73077.44 73073.78 73070.12 73066.46 73062.80 73059.14 73055.48 73051.82 73048.15 73044.49 73040.82 73037.16 73033.49 73029.82 73026.15 73022.48 73018.81 73015.14 
73011.46 73007.79 73004.11 73000.43 72996.76 72993.08 72989.39 72985.71 72982.03 72978.34 72974.66 72970.97 72967.28 72963.59 72959.89 72956.20 72952.51 72948.81 72945.11 72941.41 
72937.71 72934.00 72930.30 72926.59 72922.88 72919.17 72915.46 72911.75 72908.03 72904.31 72900.60 72896.87 72893.15 72889.43 72885.70 72881.97 72878.24 72874.51 72870.77 72867.04 
72863.30 72859.55 72855.81 72852.07 72848.32 72844.57 72840.82 72837.06 72833.31 72829.55 72825.79 72822.02 72818.26 72814.49 72810.72 72806.94 72803.17 72799.39 72795.61 72791.83 
72788.04 72784.25 72780.46 72776.67 72772.87 72769.08 72765.27 72761.47 72757.66 72753.85 72750.04 72746.23 72742.41 72738.59 72734.76 72730.94 72727.11 72723.27 72719.44 72715.60 
72711.76 72707.92 72704.07 72700.22 72696.36 72692.51 72688.65 72684.78 72680.92 72677.05 72673.17 72669.30 72665.42 72661.54 72657.65 72653.76 72649.87 72645.97 72642.07 72638.17 
72634.26 72630.35 72626.44 72622.52 72618.60 72614.68 72610.75 72606.82 72602.88 72598.94 72595.00 72591.05 72587.10 72583.15 72579.19 72575.23 72571.27 72567.30 72563.32 72559.35 
72555.36 72551.38 72547.39 72543.40 72539.40 72535.40 72531.39 72527.39 72523.37 72519.35 72515.33 72511.31 72507.28 72503.24 72499.20 72495.16 72491.11 72487.06 72483.01 72478.94 
72474.88 72470.81 72466.74 72462.66 72458.58 72454.49 72450.40 72446.30 72442.20 72438.09 72433.98 72429.87 72425.75 72421.63 72417.50 72413.36 72409.22 72405.08 72400.93 72396.78 
72392.62 72388.46 72384.29 72380.12 72375.94 72371.76 72367.57 72363.38 72359.18 72354.98 72350.77 72346.56 72342.34 72338.12 72333.89 72329.65 72325.41 72321.17 72316.92 72312.67 
72308.41 72304.14 72299.87 72295.59 72291.31 72287.02 72282.73 72278.43 72274.13 72269.82 72265.50 72261.18 72256.86 72252.53 72248.19 72243.84 72239.50 72235.14 72230.78 72226.41 
72222.04 72217.67 72213.28 72208.89 72204.50 72200.10 72195.69 72191.27 72186.86 72182.43 72178.00 72173.56 72169.12 72164.67 72160.21 72155.75 72151.28 72146.81 72142.33 72137.84 
72133.35 72128.85 72124.34 72119.83 72115.31 72110.79 72106.26 72101.72 72097.18 72092.63 72088.07 72083.51 72078.94 72074.36 72069.78 72065.19 72060.59 72055.99 72051.38 72046.76 
72042.14 72037.51 72032.87 72028.23 72023.58 72018.92 72014.26 72009.58 72004.91 72000.22 71995.53 71990.83 71986.12 71981.41 71976.69 71971.96 71967.23 71962.49 71957.74 71952.98 
71948.22 71943.45 71938.67 71933.89 71929.10 71924.30 71919.49 71914.68 71909.86 71905.03 71900.19 71895.35 71890.50 71885.64 71880.77 71875.90 71871.02 71866.13 71861.23 71856.33 
71851.42 71846.50 71841.57 71836.63 71831.69 71826.74 71821.78 71816.82 71811.84 71806.86 71801.87 71796.87 71791.87 71786.86 71781.83 71776.80 71771.77 71766.72 71761.67 71756.60 
71751.53 71746.46 71741.37 71736.28 71731.17 71726.06 71720.94 71715.82 71710.68 71705.54 71700.38 71695.22 71690.05 71684.87 71679.69 71674.49 71669.29 71664.08 71658.86 71653.63 
71648.39 71643.15 71637.89 71632.63 71627.35 71622.07 71616.78 71611.49 71606.18 71600.86 71595.54 71590.20 71584.86 71579.51 71574.15 71568.78 71563.40 71558.01 71552.62 71547.21 
71541.80 71536.38 71530.94 71525.50 71520.05 71514.59 71509.12 71503.64 71498.15 71492.66 71487.15 71481.64 71476.11 71470.58 71465.03 71459.48 71453.92 71448.35 71442.76 71437.17 
71431.57 71425.96 71420.34 71414.71 71409.07 71403.43 71397.77 71392.10 71386.42 71380.73 71375.04 71369.33 71363.61 71357.89 71352.15 71346.40 71340.65 71334.88 71329.11 71323.32 
71317.52 71311.72 71305.90 71300.08 71294.24 71288.39 71282.54 71276.67 71270.79 71264.91 71259.01 71253.10 71247.18 71241.26 71235.32 71229.37 71223.41 71217.44 71211.46 71205.47 
71199.47 71193.46 71187.44 71181.41 71175.36 71169.31 71163.24 71157.17 71151.08 71144.99 71138.88 71132.77 71126.64 71120.50 71114.35 71108.19 71102.02 71095.83 71089.64 71083.44 
71077.22 71071.00 71064.76 71058.51 71052.25 71045.98 71039.70 71033.41 71027.11 71020.79 71014.47 71008.13 71001.78 70995.43 70989.06 70982.67 70976.28 70969.88 70963.46 70957.03 
70950.60 70944.15 70937.69 70931.21 70924.73 70918.23 70911.73 70905.21 70898.68 70892.14 70885.58 70879.02 70872.44 70865.85 70859.25 70852.64 70846.02 70839.38 70832.73 70826.08 
70819.40 70812.72 70806.03 70799.32 70792.60 70785.87 70779.13 70772.37 70765.61 70758.83 70752.04 70745.24 70738.42 70731.59 70724.75 70717.90 70711.04 70704.16 70697.27 70690.37 
70683.46 70676.54 70669.60 70662.65 70655.69 70648.71 70641.72 70634.72 70627.71 70620.69 70613.65 70606.60 70599.54 70592.46 70585.37 70578.27 70571.16 70564.03 70556.90 70549.74 
70542.58 70535.40 70528.21 70521.01 70513.80 70506.57 70499.33 70492.07 70484.80 70477.52 70470.23 70462.92 70455.60 70448.27 70440.93 70433.57 70426.20 70418.81 70411.41 70404.00 
70396.58 70389.14 70381.69 70374.22 70366.74 70359.25 70351.75 70344.23 70336.70 70329.15 70321.59 70314.02 70306.44 70298.84 70291.22 70283.60 70275.96 70268.30 70260.64 70252.96 
70245.26 70237.55 70229.83 70222.09 70214.34 70206.58 70198.80 70191.01 70183.21 70175.39 70167.55 70159.71 70151.85 70143.97 70136.08 70128.18 70120.26 70112.33 70104.38 70096.42 
70088.45 70080.46 70072.46 70064.44 70056.41 70048.37 70040.31 70032.23 70024.15 70016.04 70007.93 69999.79 69991.65 69983.49 69975.31 69967.12 69958.92 69950.70 69942.47 69934.22 
69925.96 69917.68 69909.39 69901.08 69892.76 69884.42 69876.07 69867.71 69859.33 69850.93 69842.52 69834.10 69825.66 69817.20 69808.73 69800.25 69791.75 69783.23 69774.70 69766.16 
69757.60 69749.02 69740.43 69731.82 69723.20 69714.57 69705.92 69697.25 69688.57 69679.87 69671.16 69662.43 69653.68 69644.93 69636.15 69627.36 69618.56 69609.74 69600.90 69592.05 
69583.18 69574.30 69565.40 69556.48 69547.55 69538.61 69529.65 69520.67 69511.68 69502.67 69493.64 69484.60 69475.55 69466.47 69457.39 69448.28 69439.16 69430.03 69420.88 69411.71 
69402.52 69393.32 69384.11 69374.88 69365.63 69356.36 69347.08 69337.78 69328.47 69319.14 69309.80 69300.43 69291.06 69281.66 69272.25 69262.82 69253.38 69243.92 69234.44 69224.95 
69215.44 69205.91 69196.37 69186.81 69177.24 69167.64 69158.03 69148.41 69138.77 69129.11 69119.43 69109.74 69100.03 69090.30 69080.56 69070.80 69061.02 69051.23 69041.42 69031.59 
69021.74 69011.88 69002.00 68992.11 68982.19 68972.26 68962.32 68952.35 68942.37 68932.37 68922.36 68912.32 68902.27 68892.21 68882.12 68872.02 68861.90 68851.76 68841.61 68831.44 
68821.25 68811.04 68800.82 68790.58 68780.32 68770.04 68759.75 68749.43 68739.10 68728.76 68718.39 68708.01 68697.61 68687.19 68676.76 68666.30 68655.83 68645.34 68634.84 68624.31 
68613.77 68603.21 68592.63 68582.03 68571.42 68560.78 68550.13 68539.46 68528.78 68518.07 68507.35 68496.61 68485.85 68475.07 68464.28 68453.46 68442.63 68431.78 68420.91 68410.02 
68399.12 68388.19 68377.25 68366.29 68355.31 68344.31 68333.29 68322.26 68311.21 68300.13 68289.04 68277.93 68266.80 68255.66 68244.49 68233.31 68222.11 68210.88 68199.64 68188.38 
68177.11 68165.81 68154.49 68143.16 68131.81 68120.43 68109.04 68097.63 68086.20 68074.75 68063.28 68051.80 68040.29 68028.77 68017.22 68005.66 67994.08 67982.47 67970.85 67959.21 
67947.55 67935.87 67924.18 67912.46 67900.72 67888.96 67877.19 67865.39 67853.58 67841.74 67829.89 67818.02 67806.12 67794.21 67782.28 67770.33 67758.35 67746.36 67734.35 67722.32 
67710.27 67698.20 67686.11 67674.00 67661.87 67649.72 67637.55 67625.36 67613.15 67600.92 67588.67 67576.40 67564.11 67551.80 67539.47 67527.12 67514.75 67502.36 67489.95 67477.52 
67465.07 67452.60 67440.11 67427.60 67415.06 67402.51 67389.94 67377.35 67364.73 67352.10 67339.44 67326.77 67314.07 67301.36 67288.62 67275.86 67263.09 67250.29 67237.47 67224.63 
67211.77 67198.89 67185.99 67173.06 67160.12 67147.16 67134.17 67121.17 67108.14 67095.09 67082.02 67068.93 67055.82 67042.69 67029.54 67016.36 67003.17 66989.95 66976.72 66963.46 
66950.18 66936.88 66923.56 66910.21 66896.85 66883.47 66870.06 66856.63 66843.18 66829.71 66816.22 66802.70 66789.17 66775.61 66762.04 66748.44 66734.82 66721.17 66707.51 66693.82 
66680.12 66666.39 66652.64 66638.86 66625.07 66611.25 66597.42 66583.56 66569.68 66555.77 66541.85 66527.90 66513.93 66499.94 66485.93 66471.89 66457.84 66443.76 66429.66 66415.54 
66401.39 66387.22 66373.03 66358.82 66344.59 66330.33 66316.06 66301.76 66287.43 66273.09 66258.72 66244.33 66229.92 66215.49 66201.03 66186.55 66172.05 66157.53 66142.98 66128.41 
66113.82 66099.20 66084.57 66069.91 66055.23 66040.52 66025.79 66011.04 65996.27 65981.48 65966.66 65951.82 65936.95 65922.07 65907.16 65892.22 65877.27 65862.29 65847.29 65832.26 
65817.21 65802.14 65787.05 65771.93 65756.79 65741.63 65726.44 65711.23 65696.00 65680.75 65665.47 65650.16 65634.84 65619.49 65604.12 65588.72 65573.30 65557.86 65542.39 65526.90 
65511.39 65495.85 65480.29 65464.71 65449.10 65433.47 65417.82 65402.14 65386.44 65370.71 65354.96 65339.19 65323.39 65307.57 65291.73 65275.86 65259.97 65244.05 65228.11 65212.15 
65196.16 65180.15 65164.12 65148.06 65131.97 65115.86 65099.73 65083.58 65067.40 65051.19 65034.96 65018.71 65002.43 64986.13 64969.81 64953.46 64937.08 64920.68 64904.26 64887.81 
end   dump: y
==END   DUMP_ARRAYS==
[jetson] elapsed_s 0.023

[jetson] exit code: 0
