[jetson] uname -a: Linux pva-compiler-orin-1.nvidia.com 6.8.12-1021-tegra #1 SMP PREEMPT Tue Jun 9 09:16:45 PDT 2026 aarch64 aarch64 aarch64 GNU/Linux
[jetson] nvcc version:
  (nvcc not found)
[jetson] accelerator status:
[N/A]

[jetson] running /tmp/polygeist_jetson_runs/atax-native-cpu-timing_20260908_101736/native-cpu-timing run 1 ...
POLYGEIST_BENCHMARK_ITERATION phase=warmup index=0 total=10
0.006724
POLYGEIST_BENCHMARK_ITERATION phase=warmup index=1 total=10
0.006767
POLYGEIST_BENCHMARK_ITERATION phase=warmup index=2 total=10
0.006769
POLYGEIST_BENCHMARK_ITERATION phase=warmup index=3 total=10
0.006756
POLYGEIST_BENCHMARK_ITERATION phase=warmup index=4 total=10
0.006736
POLYGEIST_BENCHMARK_ITERATION phase=sample index=0 total=10
0.006709
POLYGEIST_BENCHMARK_ITERATION phase=sample index=1 total=10
0.006739
POLYGEIST_BENCHMARK_ITERATION phase=sample index=2 total=10
0.006779
POLYGEIST_BENCHMARK_ITERATION phase=sample index=3 total=10
0.006707
POLYGEIST_BENCHMARK_ITERATION phase=sample index=4 total=10
0.006687

[jetson] exit code: 0
[jetson] elapsed_s 0.234
