+ set -x
+ /usr/local/cuda-12.6/bin/nvcc -O3 -std=c++17 -arch=sm_87 -ccbin aarch64-linux-gnu-g++ -Iissues/polybench_section42/polybenchgpu_adapters -Ithird_party/polybenchGpu -c issues/polybench_section42/polybenchgpu_adapters/correlation.cu -o /tmp/polybench-publication-orin/correlation/native-publication-work/adapter.o
third_party/polybenchGpu/CUDA/CORR/correlation.cu: In function ‘void correlationCuda(int, int, double (*)[1400], double*, double*, double (*)[1400], double (*)[1400])’:
third_party/polybenchGpu/CUDA/CORR/correlation.cu:258:29: warning: ‘cudaError_t cudaThreadSynchronize()’ is deprecated [-Wdeprecated-declarations]
  258 |         cudaThreadSynchronize();
      |         ~~~~~~~~~~~~~~~~~~~~^~
/usr/local/cuda-12.6/bin/../targets/sbsa-linux/include/cuda_runtime_api.h:1169:46: note: declared here
 1169 | extern __CUDA_DEPRECATED __host__ cudaError_t CUDARTAPI cudaThreadSynchronize(void);
      |                                              ^~~~~~~~~~~~~~~~~~~~~
third_party/polybenchGpu/CUDA/CORR/correlation.cu:260:29: warning: ‘cudaError_t cudaThreadSynchronize()’ is deprecated [-Wdeprecated-declarations]
  260 |         cudaThreadSynchronize();
      |         ~~~~~~~~~~~~~~~~~~~~^~
/usr/local/cuda-12.6/bin/../targets/sbsa-linux/include/cuda_runtime_api.h:1169:46: note: declared here
 1169 | extern __CUDA_DEPRECATED __host__ cudaError_t CUDARTAPI cudaThreadSynchronize(void);
      |                                              ^~~~~~~~~~~~~~~~~~~~~
third_party/polybenchGpu/CUDA/CORR/correlation.cu:262:29: warning: ‘cudaError_t cudaThreadSynchronize()’ is deprecated [-Wdeprecated-declarations]
  262 |         cudaThreadSynchronize();
      |         ~~~~~~~~~~~~~~~~~~~~^~
/usr/local/cuda-12.6/bin/../targets/sbsa-linux/include/cuda_runtime_api.h:1169:46: note: declared here
 1169 | extern __CUDA_DEPRECATED __host__ cudaError_t CUDARTAPI cudaThreadSynchronize(void);
      |                                              ^~~~~~~~~~~~~~~~~~~~~
third_party/polybenchGpu/CUDA/CORR/correlation.cu:264:29: warning: ‘cudaError_t cudaThreadSynchronize()’ is deprecated [-Wdeprecated-declarations]
  264 |         cudaThreadSynchronize();
      |         ~~~~~~~~~~~~~~~~~~~~^~
/usr/local/cuda-12.6/bin/../targets/sbsa-linux/include/cuda_runtime_api.h:1169:46: note: declared here
 1169 | extern __CUDA_DEPRECATED __host__ cudaError_t CUDARTAPI cudaThreadSynchronize(void);
      |                                              ^~~~~~~~~~~~~~~~~~~~~
+ aarch64-linux-gnu-gcc -O3 -fno-inline -fno-inline-functions -fsemantic-interposition -fno-ipa-ra -fno-ipa-cp -fno-ipa-cp-clone -fno-ipa-sra -fgnu89-inline -Dstatic= -DLARGE_DATASET -DDATA_TYPE_IS_DOUBLE -DPOLYBENCH_DUMP_ARRAYS -Itools/cgeist/Test/polybench/utilities -Itools/cgeist/Test/polybench/datamining/correlation -c tools/cgeist/Test/polybench/datamining/correlation/correlation.c -o /tmp/polybench-publication-orin/correlation/native-publication-work/harness-full.o
+ aarch64-linux-gnu-objcopy --weaken-symbol=kernel_correlation /tmp/polybench-publication-orin/correlation/native-publication-work/harness-full.o /tmp/polybench-publication-orin/correlation/native-publication-work/harness.o
+ aarch64-linux-gnu-gcc -O3 -Itools/cgeist/Test/polybench/utilities -c tools/cgeist/Test/polybench/utilities/polybench.c -o /tmp/polybench-publication-orin/correlation/native-publication-work/polybench.o
+ aarch64-linux-gnu-g++ -O3 /tmp/polybench-publication-orin/correlation/native-publication-work/harness.o /tmp/polybench-publication-orin/correlation/native-publication-work/polybench.o /tmp/polybench-publication-orin/correlation/native-publication-work/adapter.o -L/usr/local/cuda-12.6/targets/sbsa-linux/lib -L/usr/local/cuda-12.6/targets/sbsa-linux/lib/stubs -lcudart -lm -o /tmp/polybench-publication-orin/correlation/native-correctness
+ file /tmp/polybench-publication-orin/correlation/native-correctness
/tmp/polybench-publication-orin/correlation/native-correctness: ELF 64-bit LSB pie executable, ARM aarch64, version 1 (SYSV), dynamically linked, interpreter /lib/ld-linux-aarch64.so.1, BuildID[sha1]=cc617ac03ef306f4b5c26575d6f33dd563ca4165, for GNU/Linux 3.7.0, not stripped
+ aarch64-linux-gnu-nm /tmp/polybench-publication-orin/correlation/native-correctness
+ rg ' T kernel_correlation$'
0000000000003e54 T kernel_correlation
+ sha256sum tools/cgeist/Test/polybench/datamining/correlation/correlation.c issues/polybench_section42/polybenchgpu_adapters/correlation.cu /tmp/polybench-publication-orin/correlation/native-correctness
89c741ae83f0d996247580d7197d100bf01210b1407240a2d18db41b4d5bd3af  tools/cgeist/Test/polybench/datamining/correlation/correlation.c
3e297e5abbd63b34816bc2326777b5c679ce2541d728720cc1e3c6c29038049c  issues/polybench_section42/polybenchgpu_adapters/correlation.cu
7d37697872b520c68b99240a5308eb822a149508209ae351655cf145e11fd2e5  /tmp/polybench-publication-orin/correlation/native-correctness
