+ common=(-O3 -fno-inline -fno-inline-functions -fsemantic-interposition -fno-ipa-ra -fno-ipa-cp -fno-ipa-cp-clone -fno-ipa-sra -fgnu89-inline -Dstatic= -DLARGE_DATASET -DDATA_TYPE_IS_DOUBLE -I"$util")
+ aarch64-linux-gnu-gcc -O3 -fno-inline -fno-inline-functions -fsemantic-interposition -fno-ipa-ra -fno-ipa-cp -fno-ipa-cp-clone -fno-ipa-sra -fgnu89-inline -Dstatic= -DLARGE_DATASET -DDATA_TYPE_IS_DOUBLE -Itools/cgeist/Test/polybench/utilities -DPOLYBENCH_DUMP_ARRAYS -c tools/cgeist/Test/polybench/linear-algebra/blas/gesummv/gesummv.c -o /tmp/polybench-publication-orin/gesummv/native-work/harness-full.o
+ aarch64-linux-gnu-objcopy --weaken-symbol=kernel_gesummv /tmp/polybench-publication-orin/gesummv/native-work/harness-full.o /tmp/polybench-publication-orin/gesummv/native-work/harness.o
+ aarch64-linux-gnu-gcc -O3 -DLARGE_DATASET -DDATA_TYPE_IS_DOUBLE -DPOLYBENCH_DUMP_ARRAYS -Itools/cgeist/Test/polybench/utilities -c tools/cgeist/Test/polybench/utilities/polybench.c -o /tmp/polybench-publication-orin/gesummv/native-work/polybench.o
+ /usr/local/cuda-12.6/bin/nvcc -O3 -std=c++17 -arch=sm_87 -ccbin aarch64-linux-gnu-g++ -c issues/polybench_section42/polybenchgpu_adapters/gesummv.cu -o /tmp/polybench-publication-orin/gesummv/native-work/adapter.o
+ aarch64-linux-gnu-g++ -O3 /tmp/polybench-publication-orin/gesummv/native-work/harness.o /tmp/polybench-publication-orin/gesummv/native-work/polybench.o /tmp/polybench-publication-orin/gesummv/native-work/adapter.o -L/usr/local/cuda-12.6/targets/sbsa-linux/lib -L/usr/local/cuda-12.6/targets/sbsa-linux/lib/stubs -lcudart -lm -o /tmp/polybench-publication-orin/gesummv/native-correctness
+ aarch64-linux-gnu-gcc -O3 -fno-inline -fno-inline-functions -fsemantic-interposition -fno-ipa-ra -fno-ipa-cp -fno-ipa-cp-clone -fno-ipa-sra -fgnu89-inline -Dstatic= -DLARGE_DATASET -DDATA_TYPE_IS_DOUBLE -Itools/cgeist/Test/polybench/utilities -Dmain=polygeist_polybench_iteration -DPOLYBENCH_TIME -c tools/cgeist/Test/polybench/linear-algebra/blas/gesummv/gesummv.c -o /tmp/polybench-publication-orin/gesummv/native-work/harness-timing-full.o
+ aarch64-linux-gnu-objcopy --weaken-symbol=kernel_gesummv /tmp/polybench-publication-orin/gesummv/native-work/harness-timing-full.o /tmp/polybench-publication-orin/gesummv/native-work/harness-timing.o
+ aarch64-linux-gnu-gcc -O3 -DLARGE_DATASET -DDATA_TYPE_IS_DOUBLE -DPOLYBENCH_TIME -Itools/cgeist/Test/polybench/utilities -c tools/cgeist/Test/polybench/utilities/polybench.c -o /tmp/polybench-publication-orin/gesummv/native-work/polybench-timing.o
+ aarch64-linux-gnu-gcc -O2 -DPOLYGEIST_WARMUP_RUNS=5 -DPOLYGEIST_TIMED_RUNS=5 -c runtime/polybench_repeat_driver.c -o /tmp/polybench-publication-orin/gesummv/native-work/repeat-driver.o
+ aarch64-linux-gnu-g++ -O3 /tmp/polybench-publication-orin/gesummv/native-work/harness-timing.o /tmp/polybench-publication-orin/gesummv/native-work/polybench-timing.o /tmp/polybench-publication-orin/gesummv/native-work/repeat-driver.o /tmp/polybench-publication-orin/gesummv/native-work/adapter.o -L/usr/local/cuda-12.6/targets/sbsa-linux/lib -L/usr/local/cuda-12.6/targets/sbsa-linux/lib/stubs -lcudart -lm -o /tmp/polybench-publication-orin/gesummv/native-timing
+ aarch64-linux-gnu-gcc -O3 -DCORRECTNESS_RUN -c /tmp/polybench-publication-orin/gesummv/raised_harness.c -o /tmp/polybench-publication-orin/gesummv/raised-harness-correctness.o
+ aarch64-linux-gnu-gcc -O3 -c /tmp/polybench-publication-orin/gesummv/raised_harness.c -o /tmp/polybench-publication-orin/gesummv/raised-harness-timing.o
+ for mode in correctness timing
+ aarch64-linux-gnu-gcc -O2 /tmp/polybench-gpu-region-sweep-20260907/gesummv/work/kernel.o /tmp/polybench-gpu-region-sweep-20260907/gesummv/work/rt.o issues/polybench_section42/ir/gesummv/raised_gpu/wrapper.o /tmp/polybench-publication-orin/gesummv/raised-harness-correctness.o -L/usr/local/cuda-12.6/targets/sbsa-linux/lib -L/usr/local/cuda-12.6/targets/sbsa-linux/lib/stubs -L/usr/lib/aarch64-linux-gnu -lcudnn -lcublasLt -lcublas -lcufft -lcusparse -lcusolver -lcudart -lm -lpthread -ldl '-Wl,-rpath,$ORIGIN:/usr/local/cuda/lib64:/usr/lib/aarch64-linux-gnu' -o /tmp/polybench-publication-orin/gesummv/raised-correctness
/usr/lib/gcc-cross/aarch64-linux-gnu/11/../../../../aarch64-linux-gnu/bin/ld: warning: libnvJitLink.so.12, needed by /usr/local/cuda-12.6/targets/sbsa-linux/lib/stubs/libcusparse.so, not found (try using -rpath or -rpath-link)
+ for mode in correctness timing
+ aarch64-linux-gnu-gcc -O2 /tmp/polybench-gpu-region-sweep-20260907/gesummv/work/kernel.o /tmp/polybench-gpu-region-sweep-20260907/gesummv/work/rt.o issues/polybench_section42/ir/gesummv/raised_gpu/wrapper.o /tmp/polybench-publication-orin/gesummv/raised-harness-timing.o -L/usr/local/cuda-12.6/targets/sbsa-linux/lib -L/usr/local/cuda-12.6/targets/sbsa-linux/lib/stubs -L/usr/lib/aarch64-linux-gnu -lcudnn -lcublasLt -lcublas -lcufft -lcusparse -lcusolver -lcudart -lm -lpthread -ldl '-Wl,-rpath,$ORIGIN:/usr/local/cuda/lib64:/usr/lib/aarch64-linux-gnu' -o /tmp/polybench-publication-orin/gesummv/raised-timing
/usr/lib/gcc-cross/aarch64-linux-gnu/11/../../../../aarch64-linux-gnu/bin/ld: warning: libnvJitLink.so.12, needed by /usr/local/cuda-12.6/targets/sbsa-linux/lib/stubs/libcusparse.so, not found (try using -rpath or -rpath-link)
+ file /tmp/polybench-publication-orin/gesummv/native-correctness /tmp/polybench-publication-orin/gesummv/native-timing /tmp/polybench-publication-orin/gesummv/raised-correctness /tmp/polybench-publication-orin/gesummv/raised-timing
/tmp/polybench-publication-orin/gesummv/native-correctness: ELF 64-bit LSB pie executable, ARM aarch64, version 1 (SYSV), dynamically linked, interpreter /lib/ld-linux-aarch64.so.1, BuildID[sha1]=747c589b6e7725a3552d1b5a5c645e8cdc2c65c6, for GNU/Linux 3.7.0, not stripped
/tmp/polybench-publication-orin/gesummv/native-timing:      ELF 64-bit LSB pie executable, ARM aarch64, version 1 (SYSV), dynamically linked, interpreter /lib/ld-linux-aarch64.so.1, BuildID[sha1]=d59c994b4be7686ac2407e913b36040f97f39a1b, for GNU/Linux 3.7.0, not stripped
/tmp/polybench-publication-orin/gesummv/raised-correctness: ELF 64-bit LSB pie executable, ARM aarch64, version 1 (SYSV), dynamically linked, interpreter /lib/ld-linux-aarch64.so.1, BuildID[sha1]=9f7f385a589943ae9055d72cee46a6dcdd97aa58, for GNU/Linux 3.7.0, not stripped
/tmp/polybench-publication-orin/gesummv/raised-timing:      ELF 64-bit LSB pie executable, ARM aarch64, version 1 (SYSV), dynamically linked, interpreter /lib/ld-linux-aarch64.so.1, BuildID[sha1]=338a6aea90c69f533363d5d04aa31b27d5df2772, for GNU/Linux 3.7.0, not stripped
