[jetson] uname -a: Linux pva-compiler-orin-1.nvidia.com 6.8.12-1021-tegra #1 SMP PREEMPT Tue Jun 9 09:16:45 PDT 2026 aarch64 aarch64 aarch64 GNU/Linux
[jetson] nvcc version:
  (nvcc not found)
[jetson] accelerator status:
[N/A]

[jetson] running /tmp/polygeist_jetson_runs/publication_gesummv_native_timing_5x5_20260908_091224/native-timing run 1 ...
POLYGEIST_BENCHMARK_ITERATION phase=warmup index=0 total=10
POLYBENCH_NATIVE_GPU_TIMING device_ms=0.972159982
0.060897
POLYGEIST_BENCHMARK_ITERATION phase=warmup index=1 total=10
POLYBENCH_NATIVE_GPU_TIMING device_ms=0.874656022
0.006767
POLYGEIST_BENCHMARK_ITERATION phase=warmup index=2 total=10
POLYBENCH_NATIVE_GPU_TIMING device_ms=0.874112010
0.006877
POLYGEIST_BENCHMARK_ITERATION phase=warmup index=3 total=10
POLYBENCH_NATIVE_GPU_TIMING device_ms=0.877439976
0.006809
POLYGEIST_BENCHMARK_ITERATION phase=warmup index=4 total=10
POLYBENCH_NATIVE_GPU_TIMING device_ms=0.878656030
0.006831
POLYGEIST_BENCHMARK_ITERATION phase=sample index=0 total=10
POLYBENCH_NATIVE_GPU_TIMING device_ms=0.873120010
0.006832
POLYGEIST_BENCHMARK_ITERATION phase=sample index=1 total=10
POLYBENCH_NATIVE_GPU_TIMING device_ms=0.888448000
0.006888
POLYGEIST_BENCHMARK_ITERATION phase=sample index=2 total=10
POLYBENCH_NATIVE_GPU_TIMING device_ms=0.872575998
0.006792
POLYGEIST_BENCHMARK_ITERATION phase=sample index=3 total=10
POLYBENCH_NATIVE_GPU_TIMING device_ms=0.888064027
0.006777
POLYGEIST_BENCHMARK_ITERATION phase=sample index=4 total=10
POLYBENCH_NATIVE_GPU_TIMING device_ms=0.883328021
0.006724

[jetson] exit code: 0
[jetson] elapsed_s 0.314
