[jetson] uname -a: Linux pva-compiler-orin-1.nvidia.com 6.8.12-1021-tegra #1 SMP PREEMPT Tue Jun 9 09:16:45 PDT 2026 aarch64 aarch64 aarch64 GNU/Linux
[jetson] nvcc version:
  (nvcc not found)
[jetson] accelerator status:
[N/A]

[jetson] running /tmp/polygeist_jetson_runs/2mm-raised-openblas-timing_20260908_110150/raised-openblas-timing run 1 ...
POLYGEIST_BENCHMARK_ITERATION phase=warmup index=0 total=10
POLYGEIST_RAISED_GPU_E2E_MS 205.006816000
POLYGEIST_BENCHMARK_ITERATION phase=warmup index=1 total=10
POLYGEIST_RAISED_GPU_E2E_MS 204.874880001
POLYGEIST_BENCHMARK_ITERATION phase=warmup index=2 total=10
POLYGEIST_RAISED_GPU_E2E_MS 204.643968001
POLYGEIST_BENCHMARK_ITERATION phase=warmup index=3 total=10
POLYGEIST_RAISED_GPU_E2E_MS 204.630303994
POLYGEIST_BENCHMARK_ITERATION phase=warmup index=4 total=10
POLYGEIST_RAISED_GPU_E2E_MS 204.656992003
POLYGEIST_BENCHMARK_ITERATION phase=sample index=0 total=10
POLYGEIST_RAISED_GPU_E2E_MS 204.829216003
POLYGEIST_BENCHMARK_ITERATION phase=sample index=1 total=10
POLYGEIST_RAISED_GPU_E2E_MS 204.639647990
POLYGEIST_BENCHMARK_ITERATION phase=sample index=2 total=10
POLYGEIST_RAISED_GPU_E2E_MS 204.656576008
POLYGEIST_BENCHMARK_ITERATION phase=sample index=3 total=10
POLYGEIST_RAISED_GPU_E2E_MS 204.716447994
POLYGEIST_BENCHMARK_ITERATION phase=sample index=4 total=10
POLYGEIST_RAISED_GPU_E2E_MS 204.695039988

[jetson] exit code: 0
[jetson] elapsed_s 2.187
