[jetson] uname -a: Linux pva-compiler-orin-1.nvidia.com 6.8.12-1021-tegra #1 SMP PREEMPT Tue Jun 9 09:16:45 PDT 2026 aarch64 aarch64 aarch64 GNU/Linux
[jetson] nvcc version:
  (nvcc not found)
[jetson] accelerator status:
[N/A]

[jetson] running /tmp/polygeist_jetson_runs/symm-raised-openblas-timing_20260908_111215/raised-openblas-timing run 1 ...
POLYGEIST_BENCHMARK_ITERATION phase=warmup index=0 total=10
POLYGEIST_RAISED_GPU_E2E_MS 148.485247999
POLYGEIST_BENCHMARK_ITERATION phase=warmup index=1 total=10
POLYGEIST_RAISED_GPU_E2E_MS 148.437056005
POLYGEIST_BENCHMARK_ITERATION phase=warmup index=2 total=10
POLYGEIST_RAISED_GPU_E2E_MS 148.585920006
POLYGEIST_BENCHMARK_ITERATION phase=warmup index=3 total=10
POLYGEIST_RAISED_GPU_E2E_MS 148.392031997
POLYGEIST_BENCHMARK_ITERATION phase=warmup index=4 total=10
POLYGEIST_RAISED_GPU_E2E_MS 148.601760000
POLYGEIST_BENCHMARK_ITERATION phase=sample index=0 total=10
POLYGEIST_RAISED_GPU_E2E_MS 148.522655994
POLYGEIST_BENCHMARK_ITERATION phase=sample index=1 total=10
POLYGEIST_RAISED_GPU_E2E_MS 148.681024000
POLYGEIST_BENCHMARK_ITERATION phase=sample index=2 total=10
POLYGEIST_RAISED_GPU_E2E_MS 148.566368014
POLYGEIST_BENCHMARK_ITERATION phase=sample index=3 total=10
POLYGEIST_RAISED_GPU_E2E_MS 148.627296001
POLYGEIST_BENCHMARK_ITERATION phase=sample index=4 total=10
POLYGEIST_RAISED_GPU_E2E_MS 148.436736003

[jetson] exit code: 0
[jetson] elapsed_s 1.593
