[jetson] uname -a: Linux pva-compiler-orin-1.nvidia.com 6.8.12-1021-tegra #1 SMP PREEMPT Tue Jun 9 09:16:45 PDT 2026 aarch64 aarch64 aarch64 GNU/Linux
[jetson] nvcc version:
  (nvcc not found)
[jetson] accelerator status:
[N/A]

[jetson] running /tmp/polygeist_jetson_runs/symm-native-cpu-timing_20260908_111135/native-cpu-timing run 1 ...
POLYGEIST_BENCHMARK_ITERATION phase=warmup index=0 total=10
4.442164
POLYGEIST_BENCHMARK_ITERATION phase=warmup index=1 total=10
3.679301
POLYGEIST_BENCHMARK_ITERATION phase=warmup index=2 total=10
3.641670
POLYGEIST_BENCHMARK_ITERATION phase=warmup index=3 total=10
3.656338
POLYGEIST_BENCHMARK_ITERATION phase=warmup index=4 total=10
3.676402
POLYGEIST_BENCHMARK_ITERATION phase=sample index=0 total=10
3.650811
POLYGEIST_BENCHMARK_ITERATION phase=sample index=1 total=10
3.728775
POLYGEIST_BENCHMARK_ITERATION phase=sample index=2 total=10
3.662878
POLYGEIST_BENCHMARK_ITERATION phase=sample index=3 total=10
3.731804
POLYGEIST_BENCHMARK_ITERATION phase=sample index=4 total=10
3.665165

[jetson] exit code: 0
[jetson] elapsed_s 37.687
